
> urateam@ test /home/ura/data/runs/B7TEaqaYubzZqR2vcvyha/worktree
> turbo test

• turbo 2.9.6

   • Packages in scope: @urateam/cli, @urateam/core, @urateam/dashboard, @urateam/observers, create-urateam
   • Running test in 5 packages
   • Remote caching disabled, using shared worktree cache

create-urateam:test: cache hit, replaying logs 8a5a0f5cc3d5364a
@urateam/observers:test: cache hit, replaying logs b3f5c3e671dbad49
@urateam/observers:test: 
@urateam/observers:test: > @urateam/observers@0.1.0 test /home/ura/data/runs/B7TEaqaYubzZqR2vcvyha/worktree/packages/observers
@urateam/observers:test: > vitest run
@urateam/observers:test: 
@urateam/observers:test: 
@urateam/observers:test:  RUN  v3.2.4 /home/ura/data/runs/B7TEaqaYubzZqR2vcvyha/worktree/packages/observers
@urateam/observers:test: 
@urateam/observers:test:  ✓ src/__tests__/run-patterns.test.ts (7 tests) 20ms
@urateam/observers:test: {"level":30,"time":1779833986820,"pid":16648,"hostname":"95cf947da62c","name":"QualityObserver:engine","msg":"first-tick seed: 5 findings registered for dedup; not filed (observer is fresh-installed)"}
@urateam/observers:test: {"level":30,"time":1779833986847,"pid":16648,"hostname":"95cf947da62c","name":"QualityObserver:scheduler","filed":0,"skipped":5,"msg":"observer tick complete"}
@urateam/observers:test: {"level":30,"time":1779833986841,"pid":16648,"hostname":"95cf947da62c","name":"QualityObserver:engine","msg":"first-tick seed: 5 findings registered for dedup; not filed (observer is fresh-installed)"}
@urateam/observers:test: {"level":30,"time":1779833986849,"pid":16648,"hostname":"95cf947da62c","name":"QualityObserver:engine","msg":"first-tick seed: 5 findings registered for dedup; not filed (observer is fresh-installed)"}
@urateam/observers:test: {"level":30,"time":1779833986875,"pid":16648,"hostname":"95cf947da62c","name":"QualityObserver:engine","msg":"first-tick seed: 5 findings registered for dedup; not filed (observer is fresh-installed)"}
@urateam/observers:test: {"level":30,"time":1779833986849,"pid":16648,"hostname":"95cf947da62c","name":"QualityObserver:scheduler","filed":0,"skipped":5,"msg":"observer tick complete"}
@urateam/observers:test: {"level":30,"time":1779833986853,"pid":16648,"hostname":"95cf947da62c","name":"QualityObserver:scheduler","filed":1,"skipped":5,"msg":"observer tick complete"}
@urateam/observers:test: {"level":30,"time":1779833986875,"pid":16648,"hostname":"95cf947da62c","name":"QualityObserver:scheduler","filed":0,"skipped":5,"msg":"observer tick complete"}
@urateam/observers:test: {"level":30,"time":1779833986876,"pid":16648,"hostname":"95cf947da62c","name":"QualityObserver:scheduler","filed":1,"skipped":5,"msg":"observer tick complete"}
@urateam/observers:test: {"level":30,"time":1779833986884,"pid":16648,"hostname":"95cf947da62c","name":"QualityObserver:scheduler","filed":5,"skipped":0,"msg":"observer tick complete"}
@urateam/observers:test: {"level":30,"time":1779833986890,"pid":16648,"hostname":"95cf947da62c","name":"QualityObserver:scheduler","filed":5,"skipped":0,"msg":"observer tick complete"}
@urateam/observers:test:  ✓ src/__tests__/observer-scheduler.test.ts (6 tests) 114ms
@urateam/observers:test: {"level":30,"time":1779833987682,"pid":16781,"hostname":"95cf947da62c","name":"QualityObserver:engine","msg":"first-tick seed: 5 findings registered for dedup; not filed (observer is fresh-installed)"}
@urateam/observers:test: {"level":30,"time":1779833987688,"pid":16781,"hostname":"95cf947da62c","name":"QualityObserver:engine","msg":"first-tick seed: 5 findings registered for dedup; not filed (observer is fresh-installed)"}
@urateam/observers:test: {"level":30,"time":1779833987692,"pid":16781,"hostname":"95cf947da62c","name":"QualityObserver:engine","msg":"first-tick seed: 5 findings registered for dedup; not filed (observer is fresh-installed)"}
@urateam/observers:test: {"level":30,"time":1779833987693,"pid":16781,"hostname":"95cf947da62c","name":"QualityObserver:engine","msg":"first-tick seed: 0 findings registered for dedup; not filed (observer is fresh-installed)"}
@urateam/observers:test:  ✓ src/__tests__/seed-dedup.test.ts (7 tests) 34ms
@urateam/observers:test: 
@urateam/observers:test:  Test Files  3 passed (3)
@urateam/observers:test:       Tests  20 passed (20)
@urateam/observers:test:    Start at  22:19:45
@urateam/observers:test:    Duration  2.19s (transform 371ms, setup 0ms, collect 922ms, tests 168ms, environment 3ms, prepare 1.01s)
@urateam/observers:test: 
@urateam/core:test: cache miss, executing a4020b403d1cec70
create-urateam:test: 
create-urateam:test: > create-urateam@0.1.72 test /home/ura/data/runs/B7TEaqaYubzZqR2vcvyha/worktree/packages/create-urateam
create-urateam:test: > vitest run
create-urateam:test: 
create-urateam:test: 
create-urateam:test:  RUN  v3.2.4 /home/ura/data/runs/B7TEaqaYubzZqR2vcvyha/worktree/packages/create-urateam
create-urateam:test: 
create-urateam:test:  ✓ src/__tests__/scaffold.test.ts (48 tests) 610ms
create-urateam:test: 
create-urateam:test:  Test Files  1 passed (1)
create-urateam:test:       Tests  48 passed (48)
create-urateam:test:    Start at  22:19:45
create-urateam:test:    Duration  1.86s (transform 394ms, setup 0ms, collect 382ms, tests 610ms, environment 8ms, prepare 407ms)
create-urateam:test: 
@urateam/core:build: cache hit, replaying logs ce7f671565bcf7eb
@urateam/core:build: 
@urateam/core:build: > @urateam/core@0.1.69 build /home/ura/data/runs/B7TEaqaYubzZqR2vcvyha/worktree/packages/core
@urateam/core:build: > tsc && node --input-type=module -e "import{cpSync}from'node:fs';cpSync('src/db/migrations','dist/db/migrations',{recursive:true})"
@urateam/core:build: 
@urateam/dashboard:test: cache miss, executing 11d6e8a7b1f61617
@urateam/dashboard:build: cache hit, replaying logs 9622d5cceb4bf2e3
@urateam/dashboard:build: 
@urateam/dashboard:build: > @urateam/dashboard@0.1.69 build /home/ura/data/runs/B7TEaqaYubzZqR2vcvyha/worktree/packages/dashboard
@urateam/dashboard:build: > tsc && node --input-type=module -e "import{cpSync}from'node:fs';cpSync('src/static','dist/static',{recursive:true})"
@urateam/dashboard:build: 
@urateam/cli:test: cache miss, executing 323b435e23ec9d52
@urateam/core:test: 
@urateam/core:test: > @urateam/core@0.1.69 test /home/ura/data/runs/B7TEaqaYubzZqR2vcvyha/worktree/packages/core
@urateam/core:test: > vitest run
@urateam/core:test: 
@urateam/cli:test: 
@urateam/cli:test: > @urateam/cli@0.1.71 test /home/ura/data/runs/B7TEaqaYubzZqR2vcvyha/worktree/packages/cli
@urateam/cli:test: > vitest run
@urateam/cli:test: 
@urateam/dashboard:test: 
@urateam/dashboard:test: > @urateam/dashboard@0.1.69 test /home/ura/data/runs/B7TEaqaYubzZqR2vcvyha/worktree/packages/dashboard
@urateam/dashboard:test: > vitest run
@urateam/dashboard:test: 
@urateam/core:test: 
@urateam/core:test:  RUN  v3.2.4 /home/ura/data/runs/B7TEaqaYubzZqR2vcvyha/worktree/packages/core
@urateam/core:test: 
@urateam/cli:test: 
@urateam/cli:test:  RUN  v3.2.4 /home/ura/data/runs/B7TEaqaYubzZqR2vcvyha/worktree/packages/cli
@urateam/cli:test: 
@urateam/dashboard:test: 
@urateam/dashboard:test:  RUN  v3.2.4 /home/ura/data/runs/B7TEaqaYubzZqR2vcvyha/worktree/packages/dashboard
@urateam/dashboard:test: 
@urateam/core:test:  ✓ src/__tests__/pr-description.test.ts (51 tests) 106ms
@urateam/core:test: hint: Using 'master' as the name for the initial branch. This default branch name
@urateam/core:test: hint: will change to "main" in Git 3.0. To configure the initial branch name
@urateam/core:test: hint: to use in all of your new repositories, which will suppress this warning,
@urateam/core:test: hint: call:
@urateam/core:test: hint:
@urateam/core:test: hint: 	git config --global init.defaultBranch <name>
@urateam/core:test: hint:
@urateam/core:test: hint: Names commonly chosen instead of 'master' are 'main', 'trunk' and
@urateam/core:test: hint: 'development'. The just-created branch can be renamed via this command:
@urateam/core:test: hint:
@urateam/core:test: hint: 	git branch -m <name>
@urateam/core:test: hint:
@urateam/core:test: hint: Disable this message with "git config set advice.defaultBranchName false"
@urateam/core:test: {"level":30,"time":"2026-05-26T22:47:00.580Z","pid":36699,"hostname":"95cf947da62c","name":"urateam","component":"ExtractHandoff","stage":"implement","msg":"building handoff from git diff"}
@urateam/core:test: {"level":30,"time":"2026-05-26T22:47:00.606Z","pid":36699,"hostname":"95cf947da62c","name":"urateam","component":"ExtractHandoff","stage":"implement","filesChanged":1,"msg":"handoff built"}
@urateam/core:test: hint: Using 'master' as the name for the initial branch. This default branch name
@urateam/core:test: hint: will change to "main" in Git 3.0. To configure the initial branch name
@urateam/core:test: hint: to use in all of your new repositories, which will suppress this warning,
@urateam/core:test: hint: call:
@urateam/core:test: hint:
@urateam/core:test: hint: 	git config --global init.defaultBranch <name>
@urateam/core:test: hint:
@urateam/core:test: hint: Names commonly chosen instead of 'master' are 'main', 'trunk' and
@urateam/core:test: hint: 'development'. The just-created branch can be renamed via this command:
@urateam/core:test: hint:
@urateam/core:test: hint: 	git branch -m <name>
@urateam/core:test: hint:
@urateam/core:test: hint: Disable this message with "git config set advice.defaultBranchName false"
@urateam/core:test: {"level":30,"time":"2026-05-26T22:47:00.651Z","pid":36699,"hostname":"95cf947da62c","name":"urateam","component":"ExtractHandoff","stage":"implement","msg":"building handoff from git diff"}
@urateam/core:test: {"level":30,"time":"2026-05-26T22:47:00.665Z","pid":36699,"hostname":"95cf947da62c","name":"urateam","component":"ExtractHandoff","stage":"implement","filesChanged":2,"msg":"handoff built"}
@urateam/core:test: hint: Using 'master' as the name for the initial branch. This default branch name
@urateam/core:test: hint: will change to "main" in Git 3.0. To configure the initial branch name
@urateam/core:test: hint: to use in all of your new repositories, which will suppress this warning,
@urateam/core:test: hint: call:
@urateam/core:test: hint:
@urateam/core:test: hint: 	git config --global init.defaultBranch <name>
@urateam/core:test: hint:
@urateam/core:test: hint: Names commonly chosen instead of 'master' are 'main', 'trunk' and
@urateam/core:test: hint: 'development'. The just-created branch can be renamed via this command:
@urateam/core:test: hint:
@urateam/core:test: hint: 	git branch -m <name>
@urateam/core:test: hint:
@urateam/core:test: hint: Disable this message with "git config set advice.defaultBranchName false"
@urateam/core:test: {"level":30,"time":"2026-05-26T22:47:00.723Z","pid":36699,"hostname":"95cf947da62c","name":"urateam","component":"ExtractHandoff","stage":"review","msg":"building handoff from git diff"}
@urateam/core:test: {"level":30,"time":"2026-05-26T22:47:00.740Z","pid":36699,"hostname":"95cf947da62c","name":"urateam","component":"ExtractHandoff","stage":"review","filesChanged":0,"msg":"handoff built"}
@urateam/core:test: hint: Using 'master' as the name for the initial branch. This default branch name
@urateam/core:test: hint: will change to "main" in Git 3.0. To configure the initial branch name
@urateam/core:test: hint: to use in all of your new repositories, which will suppress this warning,
@urateam/core:test: hint: call:
@urateam/core:test: hint:
@urateam/core:test: hint: 	git config --global init.defaultBranch <name>
@urateam/core:test: hint:
@urateam/core:test: hint: Names commonly chosen instead of 'master' are 'main', 'trunk' and
@urateam/core:test: hint: 'development'. The just-created branch can be renamed via this command:
@urateam/core:test: hint:
@urateam/core:test: hint: 	git branch -m <name>
@urateam/core:test: hint:
@urateam/core:test: hint: Disable this message with "git config set advice.defaultBranchName false"
@urateam/core:test: {"level":30,"time":"2026-05-26T22:47:00.801Z","pid":36699,"hostname":"95cf947da62c","name":"urateam","component":"ExtractHandoff","stage":"implement","msg":"building handoff from git diff"}
@urateam/core:test: {"level":30,"time":"2026-05-26T22:47:00.831Z","pid":36699,"hostname":"95cf947da62c","name":"urateam","component":"ExtractHandoff","stage":"implement","filesChanged":1,"msg":"handoff built"}
@urateam/core:test: hint: Using 'master' as the name for the initial branch. This default branch name
@urateam/core:test: hint: will change to "main" in Git 3.0. To configure the initial branch name
@urateam/core:test: hint: to use in all of your new repositories, which will suppress this warning,
@urateam/core:test: hint: call:
@urateam/core:test: hint:
@urateam/core:test: hint: 	git config --global init.defaultBranch <name>
@urateam/core:test: hint:
@urateam/core:test: hint: Names commonly chosen instead of 'master' are 'main', 'trunk' and
@urateam/core:test: hint: 'development'. The just-created branch can be renamed via this command:
@urateam/core:test: hint:
@urateam/core:test: hint: 	git branch -m <name>
@urateam/core:test: hint:
@urateam/core:test: hint: Disable this message with "git config set advice.defaultBranchName false"
@urateam/core:test: {"level":40,"time":"2026-05-26T22:47:00.905Z","pid":36699,"hostname":"95cf947da62c","name":"urateam","component":"ExtractHandoff","stage":"implement","gitFilesChanged":1,"baseRef":"(worktree only)","msg":"agent reported empty filesChanged but git shows real changes — overriding (urateam#35)"}
@urateam/core:test: hint: Using 'master' as the name for the initial branch. This default branch name
@urateam/core:test: hint: will change to "main" in Git 3.0. To configure the initial branch name
@urateam/core:test: hint: to use in all of your new repositories, which will suppress this warning,
@urateam/core:test: hint: call:
@urateam/core:test: hint:
@urateam/core:test: hint: 	git config --global init.defaultBranch <name>
@urateam/core:test: hint:
@urateam/core:test: hint: Names commonly chosen instead of 'master' are 'main', 'trunk' and
@urateam/core:test: hint: 'development'. The just-created branch can be renamed via this command:
@urateam/core:test: hint:
@urateam/core:test: hint: 	git branch -m <name>
@urateam/core:test: hint:
@urateam/core:test: hint: Disable this message with "git config set advice.defaultBranchName false"
@urateam/core:test: hint: Using 'master' as the name for the initial branch. This default branch name
@urateam/core:test: hint: will change to "main" in Git 3.0. To configure the initial branch name
@urateam/core:test: hint: to use in all of your new repositories, which will suppress this warning,
@urateam/core:test: hint: call:
@urateam/core:test: hint:
@urateam/core:test: hint: 	git config --global init.defaultBranch <name>
@urateam/core:test: hint:
@urateam/core:test: hint: Names commonly chosen instead of 'master' are 'main', 'trunk' and
@urateam/core:test: hint: 'development'. The just-created branch can be renamed via this command:
@urateam/core:test: hint:
@urateam/core:test: hint: 	git branch -m <name>
@urateam/core:test: hint:
@urateam/core:test: hint: Disable this message with "git config set advice.defaultBranchName false"
@urateam/core:test: {"level":40,"time":"2026-05-26T22:47:01.009Z","pid":36699,"hostname":"95cf947da62c","name":"urateam","component":"git","args":"status","err":"Command failed: git status --porcelain\nfatal: not a git repository (or any of the parent directories): .git\n","msg":"git command failed (non-fatal)"}
@urateam/core:test: Switched to a new branch 'agent/iss-1'
@urateam/core:test: {"level":40,"time":"2026-05-26T22:47:01.117Z","pid":36699,"hostname":"95cf947da62c","name":"urateam","component":"ExtractHandoff","stage":"review","gitFilesChanged":2,"baseRef":"origin/main","msg":"agent reported empty filesChanged but git shows real changes — overriding (urateam#35)"}
@urateam/core:test: Switched to a new branch 'agent/iss-2'
@urateam/core:test: {"level":40,"time":"2026-05-26T22:47:01.264Z","pid":36699,"hostname":"95cf947da62c","name":"urateam","component":"ExtractHandoff","stage":"review","gitFilesChanged":1,"baseRef":"origin/main","msg":"agent reported empty filesChanged but git shows real changes — overriding (urateam#35)"}
@urateam/core:test: hint: Using 'master' as the name for the initial branch. This default branch name
@urateam/core:test: hint: will change to "main" in Git 3.0. To configure the initial branch name
@urateam/core:test: hint: to use in all of your new repositories, which will suppress this warning,
@urateam/core:test: hint: call:
@urateam/core:test: hint:
@urateam/core:test: hint: 	git config --global init.defaultBranch <name>
@urateam/core:test: hint:
@urateam/core:test: hint: Names commonly chosen instead of 'master' are 'main', 'trunk' and
@urateam/core:test: hint: 'development'. The just-created branch can be renamed via this command:
@urateam/core:test: hint:
@urateam/core:test: hint: 	git branch -m <name>
@urateam/core:test: hint:
@urateam/core:test: hint: Disable this message with "git config set advice.defaultBranchName false"
@urateam/core:test: {"level":40,"time":"2026-05-26T22:47:01.323Z","pid":36699,"hostname":"95cf947da62c","name":"urateam","component":"ExtractHandoff","stage":"implement","gitFilesChanged":1,"baseRef":"(worktree only)","msg":"agent reported empty filesChanged but git shows real changes — overriding (urateam#35)"}
@urateam/core:test: hint: Using 'master' as the name for the initial branch. This default branch name
@urateam/core:test: hint: will change to "main" in Git 3.0. To configure the initial branch name
@urateam/core:test: hint: to use in all of your new repositories, which will suppress this warning,
@urateam/core:test: hint: call:
@urateam/core:test: hint:
@urateam/core:test: hint: 	git config --global init.defaultBranch <name>
@urateam/core:test: hint:
@urateam/core:test: hint: Names commonly chosen instead of 'master' are 'main', 'trunk' and
@urateam/core:test: hint: 'development'. The just-created branch can be renamed via this command:
@urateam/core:test: hint:
@urateam/core:test: hint: 	git branch -m <name>
@urateam/core:test: hint:
@urateam/core:test: hint: Disable this message with "git config set advice.defaultBranchName false"
@urateam/core:test: {"level":40,"time":"2026-05-26T22:47:01.422Z","pid":36699,"hostname":"95cf947da62c","name":"urateam","component":"ExtractHandoff","stage":"implement","gitFilesChanged":1,"baseRef":"(worktree only)","msg":"agent reported empty filesChanged but git shows real changes — overriding (urateam#35)"}
@urateam/core:test: hint: Using 'master' as the name for the initial branch. This default branch name
@urateam/core:test: hint: will change to "main" in Git 3.0. To configure the initial branch name
@urateam/core:test: hint: to use in all of your new repositories, which will suppress this warning,
@urateam/core:test: hint: call:
@urateam/core:test: hint:
@urateam/core:test: hint: 	git config --global init.defaultBranch <name>
@urateam/core:test: hint:
@urateam/core:test: hint: Names commonly chosen instead of 'master' are 'main', 'trunk' and
@urateam/core:test: hint: 'development'. The just-created branch can be renamed via this command:
@urateam/core:test: hint:
@urateam/core:test: hint: 	git branch -m <name>
@urateam/core:test: hint:
@urateam/core:test: hint: Disable this message with "git config set advice.defaultBranchName false"
@urateam/core:test: {"level":30,"time":"2026-05-26T22:47:01.483Z","pid":36699,"hostname":"95cf947da62c","name":"urateam","component":"ExtractHandoff","stage":"review","msg":"building handoff from git diff"}
@urateam/core:test: {"level":30,"time":"2026-05-26T22:47:01.501Z","pid":36699,"hostname":"95cf947da62c","name":"urateam","component":"ExtractHandoff","stage":"review","filesChanged":1,"msg":"handoff built"}
@urateam/core:test: hint: Using 'master' as the name for the initial branch. This default branch name
@urateam/core:test: hint: will change to "main" in Git 3.0. To configure the initial branch name
@urateam/core:test: hint: to use in all of your new repositories, which will suppress this warning,
@urateam/core:test: hint: call:
@urateam/core:test: hint:
@urateam/core:test: hint: 	git config --global init.defaultBranch <name>
@urateam/core:test: hint:
@urateam/core:test: hint: Names commonly chosen instead of 'master' are 'main', 'trunk' and
@urateam/core:test: hint: 'development'. The just-created branch can be renamed via this command:
@urateam/core:test: hint:
@urateam/core:test: hint: 	git branch -m <name>
@urateam/core:test: hint:
@urateam/core:test: hint: Disable this message with "git config set advice.defaultBranchName false"
@urateam/core:test: {"level":30,"time":"2026-05-26T22:47:01.558Z","pid":36699,"hostname":"95cf947da62c","name":"urateam","component":"ExtractHandoff","stage":"implement","msg":"building handoff from git diff"}
@urateam/core:test: {"level":30,"time":"2026-05-26T22:47:01.571Z","pid":36699,"hostname":"95cf947da62c","name":"urateam","component":"ExtractHandoff","stage":"implement","filesChanged":1,"msg":"handoff built"}
@urateam/core:test: hint: Using 'master' as the name for the initial branch. This default branch name
@urateam/core:test: hint: will change to "main" in Git 3.0. To configure the initial branch name
@urateam/core:test: hint: to use in all of your new repositories, which will suppress this warning,
@urateam/core:test: hint: call:
@urateam/core:test: hint:
@urateam/core:test: hint: 	git config --global init.defaultBranch <name>
@urateam/core:test: hint:
@urateam/core:test: hint: Names commonly chosen instead of 'master' are 'main', 'trunk' and
@urateam/core:test: hint: 'development'. The just-created branch can be renamed via this command:
@urateam/core:test: hint:
@urateam/core:test: hint: 	git branch -m <name>
@urateam/core:test: hint:
@urateam/core:test: hint: Disable this message with "git config set advice.defaultBranchName false"
@urateam/core:test: {"level":30,"time":"2026-05-26T22:47:01.615Z","pid":36699,"hostname":"95cf947da62c","name":"urateam","component":"ExtractHandoff","stage":"implement","msg":"building handoff from git diff"}
@urateam/core:test: {"level":30,"time":"2026-05-26T22:47:01.633Z","pid":36699,"hostname":"95cf947da62c","name":"urateam","component":"ExtractHandoff","stage":"implement","filesChanged":1,"msg":"handoff built"}
@urateam/core:test: hint: Using 'master' as the name for the initial branch. This default branch name
@urateam/core:test: hint: will change to "main" in Git 3.0. To configure the initial branch name
@urateam/core:test: hint: to use in all of your new repositories, which will suppress this warning,
@urateam/core:test: hint: call:
@urateam/core:test: hint:
@urateam/core:test: hint: 	git config --global init.defaultBranch <name>
@urateam/core:test: hint:
@urateam/core:test: hint: Names commonly chosen instead of 'master' are 'main', 'trunk' and
@urateam/core:test: hint: 'development'. The just-created branch can be renamed via this command:
@urateam/core:test: hint:
@urateam/core:test: hint: 	git branch -m <name>
@urateam/core:test: hint:
@urateam/core:test: hint: Disable this message with "git config set advice.defaultBranchName false"
@urateam/core:test: {"level":30,"time":"2026-05-26T22:47:01.725Z","pid":36699,"hostname":"95cf947da62c","name":"urateam","component":"ExtractHandoff","stage":"test","msg":"building handoff from git diff"}
@urateam/core:test: {"level":30,"time":"2026-05-26T22:47:01.737Z","pid":36699,"hostname":"95cf947da62c","name":"urateam","component":"ExtractHandoff","stage":"test","filesChanged":1,"msg":"handoff built"}
@urateam/core:test: hint: Using 'master' as the name for the initial branch. This default branch name
@urateam/core:test: hint: will change to "main" in Git 3.0. To configure the initial branch name
@urateam/core:test: hint: to use in all of your new repositories, which will suppress this warning,
@urateam/core:test: hint: call:
@urateam/core:test: hint:
@urateam/core:test: hint: 	git config --global init.defaultBranch <name>
@urateam/core:test: hint:
@urateam/core:test: hint: Names commonly chosen instead of 'master' are 'main', 'trunk' and
@urateam/core:test: hint: 'development'. The just-created branch can be renamed via this command:
@urateam/core:test: hint:
@urateam/core:test: hint: 	git branch -m <name>
@urateam/core:test: hint:
@urateam/core:test: hint: Disable this message with "git config set advice.defaultBranchName false"
@urateam/core:test: {"level":30,"time":"2026-05-26T22:47:01.809Z","pid":36699,"hostname":"95cf947da62c","name":"urateam","component":"ExtractHandoff","stage":"implement","msg":"building handoff from git diff"}
@urateam/core:test: {"level":30,"time":"2026-05-26T22:47:01.826Z","pid":36699,"hostname":"95cf947da62c","name":"urateam","component":"ExtractHandoff","stage":"implement","filesChanged":1,"msg":"handoff built"}
@urateam/core:test: hint: Using 'master' as the name for the initial branch. This default branch name
@urateam/core:test: hint: will change to "main" in Git 3.0. To configure the initial branch name
@urateam/core:test: hint: to use in all of your new repositories, which will suppress this warning,
@urateam/core:test: hint: call:
@urateam/core:test: hint:
@urateam/core:test: hint: 	git config --global init.defaultBranch <name>
@urateam/core:test: hint:
@urateam/core:test: hint: Names commonly chosen instead of 'master' are 'main', 'trunk' and
@urateam/core:test: hint: 'development'. The just-created branch can be renamed via this command:
@urateam/core:test: hint:
@urateam/core:test: hint: 	git branch -m <name>
@urateam/core:test: hint:
@urateam/core:test: hint: Disable this message with "git config set advice.defaultBranchName false"
@urateam/core:test: {"level":30,"time":"2026-05-26T22:47:01.892Z","pid":36699,"hostname":"95cf947da62c","name":"urateam","component":"ExtractHandoff","stage":"review","msg":"building handoff from git diff"}
@urateam/core:test: {"level":40,"time":"2026-05-26T22:47:01.910Z","pid":36699,"hostname":"95cf947da62c","name":"urateam","component":"git","args":"diff","err":"Command failed: git diff --name-only origin/main...HEAD\nfatal: ambiguous argument 'origin/main...HEAD': unknown revision or path not in the working tree.\nUse '--' to separate paths from revisions, like this:\n'git <command> [<revision>...] -- [<file>...]'\n","msg":"git command failed (non-fatal)"}
@urateam/core:test: {"level":50,"time":"2026-05-26T22:47:01.912Z","pid":36699,"hostname":"95cf947da62c","name":"urateam","component":"git","args":["diff","--stat","origin/main...HEAD"],"cwd":"/tmp/extract-test-dCbcpf","stderr":"fatal: ambiguous argument 'origin/main...HEAD': unknown revision or path not in the working tree.\nUse '--' to separate paths from revisions, like this:\n'git <command> [<revision>...] -- [<file>...]'\n","msg":"git diff failed"}
@urateam/core:test: {"level":30,"time":"2026-05-26T22:47:01.912Z","pid":36699,"hostname":"95cf947da62c","name":"urateam","component":"ExtractHandoff","stage":"review","filesChanged":1,"msg":"handoff built"}
@urateam/core:test: {"level":30,"time":"2026-05-26T22:47:01.929Z","pid":36699,"hostname":"95cf947da62c","name":"urateam","component":"ExtractHandoff","stage":"implement","msg":"building handoff from git diff"}
@urateam/core:test: {"level":40,"time":"2026-05-26T22:47:01.937Z","pid":36699,"hostname":"95cf947da62c","name":"urateam","component":"git","args":"status","err":"Command failed: git status --porcelain\nfatal: not a git repository (or any of the parent directories): .git\n","msg":"git command failed (non-fatal)"}
@urateam/core:test: {"level":50,"time":"2026-05-26T22:47:01.942Z","pid":36699,"hostname":"95cf947da62c","name":"urateam","component":"git","args":["diff","--stat","HEAD"],"cwd":"/tmp/extract-test-jkEIPi","stderr":"warning: Not a git repository. Use --no-index to compare two paths outside a working tree\nusage: git diff --no-index [<options>] <path> <path> [<pathspec>...]\n\nDiff output format options\n    -p, --pat","msg":"git diff failed"}
@urateam/core:test: {"level":30,"time":"2026-05-26T22:47:01.942Z","pid":36699,"hostname":"95cf947da62c","name":"urateam","component":"ExtractHandoff","stage":"implement","filesChanged":0,"msg":"handoff built"}
@urateam/core:test:  ✓ src/__tests__/extract-handoff.test.ts (23 tests) 1441ms
@urateam/core:test: {"level":40,"time":"2026-05-26T22:47:02.137Z","pid":36519,"hostname":"95cf947da62c","name":"urateam","component":"ReleaseManager:scheduler","repoUrl":"https://github.com/org/repo","branch":"main","msg":"release-manager unlicensed — skipping ticks"}
@urateam/core:test: {"level":30,"time":"2026-05-26T22:47:02.224Z","pid":36519,"hostname":"95cf947da62c","name":"urateam","component":"ReleaseManager:scheduler","repoUrl":"https://github.com/org/repo","branch":"main","tag":"v1.0.1","sha":"head_sha","mergedPrCount":2,"releaseUrl":"https://github.com/org/repo/releases/tag/v1.0.1","msg":"tick fire"}
@urateam/core:test: {"level":30,"time":"2026-05-26T22:47:02.263Z","pid":36519,"hostname":"95cf947da62c","name":"urateam","component":"ReleaseManager:scheduler","repoUrl":"https://github.com/org/repo","branch":"main","reason":"mergedPRsSince not met (2/100)","mergedCommitsSinceLastTag":2,"lastTag":"v1.0.0","proposedVersion":"v1.0.1","msg":"tick skip"}
@urateam/core:test: {"level":30,"time":"2026-05-26T22:47:02.298Z","pid":36519,"hostname":"95cf947da62c","name":"urateam","component":"ReleaseManager:scheduler","repoUrl":"https://github.com/org/repo","branch":"main","reason":"mergedPRsSince not met (2/100)","mergedCommitsSinceLastTag":2,"lastTag":"v1.0.0","proposedVersion":"v1.0.1","msg":"tick skip"}
@urateam/core:test: {"level":30,"time":"2026-05-26T22:47:02.332Z","pid":36519,"hostname":"95cf947da62c","name":"urateam","component":"ReleaseManager:scheduler","repoUrl":"https://github.com/org/repo","branch":"main","tag":"v1.0.1","sha":"head_sha","mergedPrCount":2,"releaseUrl":"https://github.com/org/repo/releases/tag/v1.0.1","msg":"tick fire"}
@urateam/core:test: {"level":30,"time":"2026-05-26T22:47:02.393Z","pid":36519,"hostname":"95cf947da62c","name":"urateam","component":"ReleaseManager:scheduler","repoUrl":"https://github.com/org/repo","branch":"main","reason":"awaiting-approval","proposedVersion":"v1.0.1","msg":"tick skip"}
@urateam/core:test: {"level":30,"time":"2026-05-26T22:47:02.428Z","pid":36519,"hostname":"95cf947da62c","name":"urateam","component":"ReleaseManager:scheduler","repoUrl":"https://github.com/org/repo","branch":"main","tag":"v1.0.1","sha":"head_sha","mergedPrCount":2,"releaseUrl":"https://github.com/org/repo/releases/tag/v1.0.1","msg":"tick fire"}
@urateam/core:test: {"level":30,"time":"2026-05-26T22:47:02.456Z","pid":36519,"hostname":"95cf947da62c","name":"urateam","component":"ReleaseManager:scheduler","repoUrl":"https://github.com/org/repo","branch":"main","msg":"manual tag detected — re-baselining"}
@urateam/core:test: {"level":30,"time":"2026-05-26T22:47:02.504Z","pid":36519,"hostname":"95cf947da62c","name":"urateam","component":"ReleaseManager:scheduler","repoUrl":"https://github.com/org/repo","branch":"main","reason":"tag_exists","proposedVersion":"v1.0.1","msg":"tick skip"}
@urateam/core:test: {"level":30,"time":"2026-05-26T22:47:02.620Z","pid":36519,"hostname":"95cf947da62c","name":"urateam","component":"ReleaseManager:scheduler","repoUrl":"https://github.com/org/repo","branch":"main","reason":"qa_needs_trigger","mergedCommitsSinceLastTag":1,"lastTag":"v1.0.0","proposedVersion":"v1.0.1","msg":"tick skip"}
@urateam/core:test: {"level":30,"time":"2026-05-26T22:47:02.707Z","pid":36519,"hostname":"95cf947da62c","name":"urateam","component":"ReleaseManager:scheduler","repoUrl":"https://github.com/org/repo","branch":"main","reason":"qa_running","mergedCommitsSinceLastTag":1,"lastTag":"v1.0.0","proposedVersion":"v1.0.1","msg":"tick skip"}
@urateam/core:test: {"level":30,"time":"2026-05-26T22:47:02.785Z","pid":36519,"hostname":"95cf947da62c","name":"urateam","component":"ReleaseManager:scheduler","repoUrl":"https://github.com/org/repo","branch":"main","reason":"qa_no_workflow","mergedCommitsSinceLastTag":1,"lastTag":"v1.0.0","proposedVersion":"v1.0.1","msg":"tick skip"}
@urateam/core:test: {"level":30,"time":"2026-05-26T22:47:02.842Z","pid":36519,"hostname":"95cf947da62c","name":"urateam","component":"ReleaseManager:scheduler","repoUrl":"https://github.com/org/repo","branch":"main","reason":"qa_needs_trigger","mergedCommitsSinceLastTag":1,"lastTag":"v1.0.0","proposedVersion":"v1.0.1","msg":"tick skip"}
@urateam/core:test: {"level":30,"time":"2026-05-26T22:47:02.867Z","pid":36519,"hostname":"95cf947da62c","name":"urateam","component":"ReleaseManager:scheduler","repoUrl":"https://github.com/org/repo","branch":"main","reason":"qa_needs_trigger","mergedCommitsSinceLastTag":1,"lastTag":"v1.0.0","proposedVersion":"v1.0.1","msg":"tick skip"}
@urateam/core:test: {"level":30,"time":"2026-05-26T22:47:02.869Z","pid":36519,"hostname":"95cf947da62c","name":"urateam","component":"ReleaseManager:scheduler","repoUrl":"https://github.com/org/repo","branch":"main","reason":"qa_needs_trigger","mergedCommitsSinceLastTag":1,"lastTag":"v1.0.0","proposedVersion":"v1.0.1","msg":"tick skip"}
@urateam/core:test: {"level":30,"time":"2026-05-26T22:47:02.882Z","pid":36519,"hostname":"95cf947da62c","name":"urateam","component":"ReleaseManager:scheduler","repoUrl":"https://github.com/org/repo","branch":"main","reason":"qa_needs_trigger","mergedCommitsSinceLastTag":1,"lastTag":"v1.0.0","proposedVersion":"v1.0.1","msg":"tick skip"}
@urateam/core:test: {"level":30,"time":"2026-05-26T22:47:02.918Z","pid":36519,"hostname":"95cf947da62c","name":"urateam","component":"ReleaseManager:scheduler","repoUrl":"https://github.com/org/repo","branch":"main","reason":"qa_needs_trigger","mergedCommitsSinceLastTag":1,"lastTag":"v1.0.0","proposedVersion":"v1.0.1","msg":"tick skip"}
@urateam/core:test: {"level":30,"time":"2026-05-26T22:47:02.923Z","pid":36519,"hostname":"95cf947da62c","name":"urateam","component":"ReleaseManager:scheduler","repoUrl":"https://github.com/org/repo","branch":"main","reason":"qa_needs_trigger","mergedCommitsSinceLastTag":1,"lastTag":"v1.0.0","proposedVersion":"v1.0.1","msg":"tick skip"}
@urateam/core:test: {"level":30,"time":"2026-05-26T22:47:02.928Z","pid":36519,"hostname":"95cf947da62c","name":"urateam","component":"ReleaseManager:scheduler","repoUrl":"https://github.com/org/repo","branch":"main","reason":"qa_dispatch_error","mergedCommitsSinceLastTag":1,"lastTag":"v1.0.0","proposedVersion":"v1.0.1","msg":"tick skip"}
@urateam/core:test: {"level":40,"time":"2026-05-26T22:47:02.974Z","pid":36519,"hostname":"95cf947da62c","name":"urateam","component":"ReleaseManager:scheduler","repoUrl":"https://github.com/org/repo","branch":"main","tag":"v1.0.1","msg":"GitHub 500","msg":"release create failed after tag was created — will retry release creation next tick"}
@urateam/core:test: {"level":40,"time":"2026-05-26T22:47:03.012Z","pid":36519,"hostname":"95cf947da62c","name":"urateam","component":"ReleaseManager:scheduler","repoUrl":"https://github.com/org/repo","branch":"main","tag":"v1.0.1","attemptCount":2,"err":"createRelease failed","msg":"fire-pending: createRelease retry failed — will retry next tick"}
@urateam/core:test: {"level":30,"time":"2026-05-26T22:47:03.019Z","pid":36519,"hostname":"95cf947da62c","name":"urateam","component":"ReleaseManager:scheduler","repoUrl":"https://github.com/org/repo","branch":"main","reason":"mergedPRsSince not met (0/100)","mergedCommitsSinceLastTag":0,"lastTag":"v1.0.1","proposedVersion":"v1.0.2","msg":"tick skip"}
@urateam/core:test: {"level":50,"time":"2026-05-26T22:47:03.022Z","pid":36519,"hostname":"95cf947da62c","name":"urateam","component":"ReleaseManager:scheduler","repoUrl":"https://github.com/org/repo","branch":"main","tag":"v1.0.1","attemptCount":3,"msg":"fire-pending: release creation exhausted retries — manual cleanup required"}
@urateam/core:test: {"level":30,"time":"2026-05-26T22:47:03.027Z","pid":36519,"hostname":"95cf947da62c","name":"urateam","component":"ReleaseManager:scheduler","repoUrl":"https://github.com/org/repo","branch":"main","reason":"mergedPRsSince not met (0/100)","mergedCommitsSinceLastTag":0,"lastTag":"v1.0.1","proposedVersion":"v1.0.2","msg":"tick skip"}
@urateam/core:test: {"level":30,"time":"2026-05-26T22:47:03.035Z","pid":36519,"hostname":"95cf947da62c","name":"urateam","component":"ReleaseManager:scheduler","repoUrl":"https://github.com/org/repo","branch":"main","reason":"mergedPRsSince not met (0/100)","mergedCommitsSinceLastTag":0,"lastTag":"v1.0.1","proposedVersion":"v1.0.2","msg":"tick skip"}
@urateam/core:test: {"level":30,"time":"2026-05-26T22:47:03.067Z","pid":36519,"hostname":"95cf947da62c","name":"urateam","component":"ReleaseManager:scheduler","repoUrl":"https://github.com/org/repo","branch":"main","tag":"v1.0.1","releaseUrl":"https://github.com/org/repo/releases/tag/v1.0.1","msg":"fire-pending: retry succeeded"}
@urateam/core:test: {"level":30,"time":"2026-05-26T22:47:03.071Z","pid":36519,"hostname":"95cf947da62c","name":"urateam","component":"ReleaseManager:scheduler","repoUrl":"https://github.com/org/repo","branch":"main","reason":"mergedPRsSince not met (0/100)","mergedCommitsSinceLastTag":0,"lastTag":"v1.0.1","proposedVersion":"v1.0.2","msg":"tick skip"}
@urateam/core:test: {"level":40,"time":"2026-05-26T22:47:03.110Z","pid":36519,"hostname":"95cf947da62c","name":"urateam","component":"ReleaseManager:scheduler","repoUrl":"https://github.com/org/repo","branch":"main","tag":"v1.0.1","attemptCount":2,"err":"createRelease failed","msg":"fire-pending: createRelease retry failed — will retry next tick"}
@urateam/core:test: {"level":30,"time":"2026-05-26T22:47:03.111Z","pid":36519,"hostname":"95cf947da62c","name":"urateam","component":"ReleaseManager:scheduler","repoUrl":"https://github.com/org/repo","branch":"main","reason":"mergedPRsSince not met (0/100)","mergedCommitsSinceLastTag":0,"lastTag":"v1.0.1","proposedVersion":"v1.0.2","msg":"tick skip"}
@urateam/core:test:  ✓ src/__tests__/release-manager-scheduler.test.ts (18 tests) 1063ms
@urateam/core:test: {"level":30,"time":"2026-05-26T22:47:05.370Z","pid":36988,"hostname":"95cf947da62c","name":"urateam","component":"automerge","owner":"test","repo":"repo","prNumber":1,"msg":"checking PR for automerge eligibility"}
@urateam/core:test: {"level":30,"time":"2026-05-26T22:47:05.374Z","pid":36988,"hostname":"95cf947da62c","name":"urateam","component":"automerge","owner":"test","repo":"repo","prNumber":1,"mergeMethod":"squash","msg":"PR eligible — attempting automerge"}
@urateam/core:test: {"level":30,"time":"2026-05-26T22:47:05.376Z","pid":36988,"hostname":"95cf947da62c","name":"urateam","component":"automerge","owner":"test","repo":"repo","prNumber":1,"msg":"PR auto-merged successfully"}
@urateam/core:test: {"level":30,"time":"2026-05-26T22:47:05.378Z","pid":36988,"hostname":"95cf947da62c","name":"urateam","component":"GitHubWebhookHandler","runId":"run-001","prNumber":1,"merged":true,"message":"PR auto-merged successfully","msg":"automerge: decision recorded"}
@urateam/core:test: {"level":30,"time":"2026-05-26T22:47:05.434Z","pid":36988,"hostname":"95cf947da62c","name":"urateam","component":"automerge","owner":"test","repo":"repo","prNumber":2,"msg":"checking PR for automerge eligibility"}
@urateam/core:test: {"level":30,"time":"2026-05-26T22:47:05.437Z","pid":36988,"hostname":"95cf947da62c","name":"urateam","component":"automerge","owner":"test","repo":"repo","prNumber":2,"reason":"PR is a draft","msg":"PR not eligible for automerge"}
@urateam/core:test: {"level":30,"time":"2026-05-26T22:47:05.439Z","pid":36988,"hostname":"95cf947da62c","name":"urateam","component":"GitHubWebhookHandler","runId":"run-002","prNumber":2,"merged":false,"message":"PR is a draft","msg":"automerge: decision recorded"}
@urateam/core:test: {"level":30,"time":"2026-05-26T22:47:05.479Z","pid":36988,"hostname":"95cf947da62c","name":"urateam","component":"automerge","owner":"test","repo":"repo","prNumber":3,"msg":"checking PR for automerge eligibility"}
@urateam/core:test: {"level":30,"time":"2026-05-26T22:47:05.480Z","pid":36988,"hostname":"95cf947da62c","name":"urateam","component":"automerge","owner":"test","repo":"repo","prNumber":3,"reason":"Required status check 'ci/tests' has not passed (status: not found)","msg":"PR not eligible for automerge"}
@urateam/core:test: {"level":30,"time":"2026-05-26T22:47:05.480Z","pid":36988,"hostname":"95cf947da62c","name":"urateam","component":"GitHubWebhookHandler","runId":"run-003","prNumber":3,"merged":false,"message":"Required status check 'ci/tests' has not passed (status: not found)","msg":"automerge: decision recorded"}
@urateam/core:test: {"level":30,"time":"2026-05-26T22:47:05.507Z","pid":36988,"hostname":"95cf947da62c","name":"urateam","component":"automerge","owner":"test","repo":"repo","prNumber":4,"msg":"checking PR for automerge eligibility"}
@urateam/core:test: {"level":30,"time":"2026-05-26T22:47:05.507Z","pid":36988,"hostname":"95cf947da62c","name":"urateam","component":"automerge","owner":"test","repo":"repo","prNumber":4,"reason":"PR has 0 approving review(s), need 2","msg":"PR not eligible for automerge"}
@urateam/core:test: {"level":30,"time":"2026-05-26T22:47:05.508Z","pid":36988,"hostname":"95cf947da62c","name":"urateam","component":"GitHubWebhookHandler","runId":"run-004","prNumber":4,"merged":false,"message":"PR has 0 approving review(s), need 2","msg":"automerge: decision recorded"}
@urateam/core:test: {"level":30,"time":"2026-05-26T22:47:05.534Z","pid":36988,"hostname":"95cf947da62c","name":"urateam","component":"automerge","owner":"test","repo":"repo","prNumber":5,"msg":"checking PR for automerge eligibility"}
@urateam/core:test: {"level":30,"time":"2026-05-26T22:47:05.534Z","pid":36988,"hostname":"95cf947da62c","name":"urateam","component":"automerge","owner":"test","repo":"repo","prNumber":5,"reason":"PR is missing required labels: ready-to-merge","msg":"PR not eligible for automerge"}
@urateam/core:test: {"level":30,"time":"2026-05-26T22:47:05.536Z","pid":36988,"hostname":"95cf947da62c","name":"urateam","component":"GitHubWebhookHandler","runId":"run-005","prNumber":5,"merged":false,"message":"PR is missing required labels: ready-to-merge","msg":"automerge: decision recorded"}
@urateam/core:test: {"level":30,"time":"2026-05-26T22:47:05.570Z","pid":36988,"hostname":"95cf947da62c","name":"urateam","component":"automerge","owner":"test","repo":"repo","prNumber":6,"msg":"checking PR for automerge eligibility"}
@urateam/core:test: {"level":30,"time":"2026-05-26T22:47:05.570Z","pid":36988,"hostname":"95cf947da62c","name":"urateam","component":"automerge","owner":"test","repo":"repo","prNumber":6,"reason":"Base branch 'develop' is not in allowedBranches: [main, release]","msg":"PR not eligible for automerge"}
@urateam/core:test: {"level":30,"time":"2026-05-26T22:47:05.570Z","pid":36988,"hostname":"95cf947da62c","name":"urateam","component":"GitHubWebhookHandler","runId":"run-006","prNumber":6,"merged":false,"message":"Base branch 'develop' is not in allowedBranches: [main, release]","msg":"automerge: decision recorded"}
@urateam/core:test: {"level":30,"time":"2026-05-26T22:47:05.638Z","pid":36988,"hostname":"95cf947da62c","name":"urateam","component":"automerge","owner":"test","repo":"repo","prNumber":9,"msg":"checking PR for automerge eligibility"}
@urateam/core:test: {"level":30,"time":"2026-05-26T22:47:05.638Z","pid":36988,"hostname":"95cf947da62c","name":"urateam","component":"automerge","owner":"test","repo":"repo","prNumber":9,"mergeMethod":"squash","msg":"PR eligible — attempting automerge"}
@urateam/core:test: {"level":30,"time":"2026-05-26T22:47:05.638Z","pid":36988,"hostname":"95cf947da62c","name":"urateam","component":"automerge","owner":"test","repo":"repo","prNumber":9,"msg":"PR auto-merged successfully"}
@urateam/core:test: {"level":30,"time":"2026-05-26T22:47:05.638Z","pid":36988,"hostname":"95cf947da62c","name":"urateam","component":"GitHubWebhookHandler","runId":"run-009","prNumber":9,"merged":true,"message":"PR auto-merged successfully","msg":"automerge: decision recorded"}
@urateam/core:test: {"level":30,"time":"2026-05-26T22:47:05.660Z","pid":36988,"hostname":"95cf947da62c","name":"urateam","component":"automerge","owner":"test","repo":"repo","prNumber":10,"msg":"checking PR for automerge eligibility"}
@urateam/core:test: {"level":30,"time":"2026-05-26T22:47:05.660Z","pid":36988,"hostname":"95cf947da62c","name":"urateam","component":"automerge","owner":"test","repo":"repo","prNumber":10,"mergeMethod":"squash","msg":"PR eligible — attempting automerge"}
@urateam/core:test: {"level":40,"time":"2026-05-26T22:47:05.660Z","pid":36988,"hostname":"95cf947da62c","name":"urateam","component":"automerge","owner":"test","repo":"repo","prNumber":10,"message":"Branch protection prevented merge: Required status check failed","msg":"automerge API call failed"}
@urateam/core:test: {"level":30,"time":"2026-05-26T22:47:05.665Z","pid":36988,"hostname":"95cf947da62c","name":"urateam","component":"GitHubWebhookHandler","runId":"run-010","prNumber":10,"merged":false,"message":"Branch protection prevented merge: Required status check failed","msg":"automerge: decision recorded"}
@urateam/core:test:  ✓ src/__tests__/pr-automerge.test.ts (19 tests) 399ms
@urateam/cli:test:  ✓ src/__tests__/load-env-config.test.ts (22 tests) 75ms
@urateam/dashboard:test: {"level":30,"time":"2026-05-26T22:47:06.815Z","pid":36622,"hostname":"95cf947da62c","name":"urateam","component":"license","tier":"enterprise","customerId":"cust_test","expiresAt":"2026-05-27T22:47:06.000Z","msg":"license key validated"}
@urateam/dashboard:test: {"level":30,"time":"2026-05-26T22:47:06.863Z","pid":36622,"hostname":"95cf947da62c","name":"urateam","component":"license","tier":"enterprise","customerId":"cust_test","expiresAt":"2026-05-27T22:47:06.000Z","msg":"license key validated"}
@urateam/core:test: {"level":30,"time":"2026-05-26T22:47:06.875Z","pid":36948,"hostname":"95cf947da62c","name":"urateam","component":"PipelineRunner","issueId":"RG-1","pipeline":"auto-implement","msg":"start() called"}
@urateam/core:test: {"level":30,"time":"2026-05-26T22:47:06.883Z","pid":36948,"hostname":"95cf947da62c","name":"urateam","component":"PipelineRunner","runId":"K1Z8l13vlP8QVrlyV3qbK","issueId":"RG-1","branch":"agent/RG-1-ralph-gate-test-issue","msg":"inserting run into DB"}
@urateam/dashboard:test: {"level":30,"time":"2026-05-26T22:47:06.888Z","pid":36622,"hostname":"95cf947da62c","name":"urateam","component":"license","tier":"enterprise","customerId":"cust_test","expiresAt":"2026-05-27T22:47:06.000Z","msg":"license key validated"}
@urateam/core:test: {"level":30,"time":"2026-05-26T22:47:06.890Z","pid":36948,"hostname":"95cf947da62c","name":"urateam","component":"PipelineRunner","runId":"K1Z8l13vlP8QVrlyV3qbK","issueId":"RG-1","branch":"agent/RG-1-ralph-gate-test-issue","msg":"run queued"}
@urateam/core:test: {"level":30,"time":"2026-05-26T22:47:06.891Z","pid":36948,"hostname":"95cf947da62c","name":"urateam","component":"PipelineRunner","runId":"K1Z8l13vlP8QVrlyV3qbK","issueId":"RG-1","msg":"executing pipeline"}
@urateam/core:test: {"level":30,"time":"2026-05-26T22:47:06.903Z","pid":36948,"hostname":"95cf947da62c","name":"urateam","component":"PipelineRunner","runId":"K1Z8l13vlP8QVrlyV3qbK","issueId":"RG-1","msg":"notifying pipeline start"}
@urateam/core:test: {"level":30,"time":"2026-05-26T22:47:06.903Z","pid":36948,"hostname":"95cf947da62c","name":"urateam","component":"PipelineRunner","runId":"K1Z8l13vlP8QVrlyV3qbK","issueId":"RG-1","repoUrl":"https://github.com/test/test-repo.git","repoDir":"/tmp/ralph-gate-repos/ralph-gate-test-issue","msg":"cloning repository"}
@urateam/core:test: {"level":30,"time":"2026-05-26T22:47:06.904Z","pid":36948,"hostname":"95cf947da62c","name":"urateam","component":"PipelineRunner","runId":"K1Z8l13vlP8QVrlyV3qbK","issueId":"RG-1","msg":"clone complete, creating worktree"}
@urateam/core:test: {"level":30,"time":"2026-05-26T22:47:06.906Z","pid":36948,"hostname":"95cf947da62c","name":"urateam","component":"license","tier":"pro","customerId":"cust_test","expiresAt":"2026-05-27T22:47:06.000Z","msg":"license key validated"}
@urateam/core:test: {"level":30,"time":"2026-05-26T22:47:06.906Z","pid":36948,"hostname":"95cf947da62c","name":"urateam","component":"PipelineRunner","runId":"K1Z8l13vlP8QVrlyV3qbK","issueId":"RG-1","worktreePath":"/tmp/ralph-gate-test-worktree","msg":"worktree created"}
@urateam/dashboard:test:  ✓ src/__tests__/auth-routes.test.ts (5 tests) 255ms
@urateam/core:test: {"level":40,"time":"2026-05-26T22:47:06.910Z","pid":36948,"hostname":"95cf947da62c","name":"urateam","component":"PipelineRunner","err":{"type":"Error","message":"ENOENT: no such file or directory, open '/tmp/ralph-gate-test-worktree/CLAUDE.md'","stack":"Error: ENOENT: no such file or directory, open '/tmp/ralph-gate-test-worktree/CLAUDE.md'\n    at open (node:internal/fs/promises:639:25)\n    at writeFile (node:internal/fs/promises:1219:14)\n    at PipelineRunner.injectAgentConfig (/home/ura/data/runs/B7TEaqaYubzZqR2vcvyha/worktree/packages/core/src/pipeline/runner.ts:857:7)\n    at PipelineRunner.executePipeline (/home/ura/data/runs/B7TEaqaYubzZqR2vcvyha/worktree/packages/core/src/pipeline/runner.ts:1014:9)\n    at /home/ura/data/runs/B7TEaqaYubzZqR2vcvyha/worktree/packages/core/src/pipeline/runner.ts:409:9\n    at Object.enqueue (/home/ura/data/runs/B7TEaqaYubzZqR2vcvyha/worktree/packages/core/src/pipeline/queue.ts:33:16)","errno":-2,"code":"ENOENT","syscall":"open","path":"/tmp/ralph-gate-test-worktree/CLAUDE.md"},"msg":"failed to inject CLAUDE.md — agent will run without it"}
@urateam/core:test: {"level":30,"time":"2026-05-26T22:47:06.923Z","pid":36948,"hostname":"95cf947da62c","name":"urateam","component":"PipelineRunner","runId":"K1Z8l13vlP8QVrlyV3qbK","issueId":"RG-1","languages":["typescript"],"frameworks":[],"buildSystems":["pnpm"],"msg":"tech stack detected"}
@urateam/core:test: {"level":30,"time":"2026-05-26T22:47:06.924Z","pid":36948,"hostname":"95cf947da62c","name":"urateam","component":"PipelineRunner","runId":"K1Z8l13vlP8QVrlyV3qbK","issueId":"RG-1","stages":["implement"],"msg":"starting pipeline stages"}
@urateam/core:test: {"level":30,"time":"2026-05-26T22:47:06.924Z","pid":36948,"hostname":"95cf947da62c","name":"urateam","component":"PipelineRunner","runId":"K1Z8l13vlP8QVrlyV3qbK","issueId":"RG-1","stage":"implement","msg":"executing stage"}
@urateam/core:test: {"level":30,"time":"2026-05-26T22:47:06.930Z","pid":36948,"hostname":"95cf947da62c","name":"urateam","component":"ExtractHandoff","stage":"implement","msg":"building handoff from git diff"}
@urateam/core:test: {"level":30,"time":"2026-05-26T22:47:06.932Z","pid":36948,"hostname":"95cf947da62c","name":"urateam","component":"ExtractHandoff","stage":"implement","filesChanged":0,"msg":"handoff built"}
@urateam/core:test: {"level":30,"time":"2026-05-26T22:47:06.932Z","pid":36948,"hostname":"95cf947da62c","name":"urateam","component":"PipelineRunner","runId":"K1Z8l13vlP8QVrlyV3qbK","issueId":"RG-1","iteration":1,"maxIterations":2,"msg":"RALPH: checking requirements"}
@urateam/core:test: {"level":30,"time":"2026-05-26T22:47:06.932Z","pid":36948,"hostname":"95cf947da62c","name":"urateam","component":"PipelineRunner","runId":"K1Z8l13vlP8QVrlyV3qbK","issueId":"RG-1","iteration":1,"msg":"RALPH: all requirements satisfied"}
@urateam/core:test: {"level":30,"time":"2026-05-26T22:47:06.933Z","pid":36948,"hostname":"95cf947da62c","name":"urateam","component":"PipelineRunner","runId":"K1Z8l13vlP8QVrlyV3qbK","issueId":"RG-1","msg":"typecheck-gate: passed"}
@urateam/core:test: {"level":30,"time":"2026-05-26T22:47:06.938Z","pid":36948,"hostname":"95cf947da62c","name":"urateam","component":"PipelineRunner","runId":"K1Z8l13vlP8QVrlyV3qbK","issueId":"RG-1","defaultBranch":"main","msg":"push queue: rebasing before push"}
@urateam/core:test: {"level":30,"time":"2026-05-26T22:47:06.940Z","pid":36948,"hostname":"95cf947da62c","name":"urateam","component":"PipelineRunner","runId":"K1Z8l13vlP8QVrlyV3qbK","issueId":"RG-1","msg":"creating PR via gh CLI"}
@urateam/core:test: {"level":30,"time":"2026-05-26T22:47:06.941Z","pid":36948,"hostname":"95cf947da62c","name":"urateam","component":"PipelineRunner","runId":"K1Z8l13vlP8QVrlyV3qbK","issueId":"RG-1","prUrl":"https://github.com/test/repo/pull/42","msg":"PR created"}
@urateam/core:test: {"level":30,"time":"2026-05-26T22:47:06.942Z","pid":36948,"hostname":"95cf947da62c","name":"urateam","component":"PipelineRunner","runId":"K1Z8l13vlP8QVrlyV3qbK","issueId":"RG-1","prUrl":"https://github.com/test/repo/pull/42","autoMerged":false,"autoCommitted":false,"totalInputTokens":200,"totalOutputTokens":100,"msg":"pipeline completed"}
@urateam/core:test: {"level":30,"time":"2026-05-26T22:47:07.011Z","pid":36948,"hostname":"95cf947da62c","name":"urateam","component":"PipelineRunner","issueId":"RG-2","pipeline":"auto-implement","msg":"start() called"}
@urateam/core:test: {"level":30,"time":"2026-05-26T22:47:07.011Z","pid":36948,"hostname":"95cf947da62c","name":"urateam","component":"PipelineRunner","runId":"jd2gTOFPPTUvh8tlhycS9","issueId":"RG-2","branch":"agent/RG-2-ralph-gate-test-issue","msg":"inserting run into DB"}
@urateam/core:test: {"level":30,"time":"2026-05-26T22:47:07.016Z","pid":36948,"hostname":"95cf947da62c","name":"urateam","component":"PipelineRunner","runId":"jd2gTOFPPTUvh8tlhycS9","issueId":"RG-2","branch":"agent/RG-2-ralph-gate-test-issue","msg":"run queued"}
@urateam/core:test: {"level":30,"time":"2026-05-26T22:47:07.017Z","pid":36948,"hostname":"95cf947da62c","name":"urateam","component":"PipelineRunner","runId":"jd2gTOFPPTUvh8tlhycS9","issueId":"RG-2","msg":"executing pipeline"}
@urateam/core:test: {"level":30,"time":"2026-05-26T22:47:07.018Z","pid":36948,"hostname":"95cf947da62c","name":"urateam","component":"PipelineRunner","runId":"jd2gTOFPPTUvh8tlhycS9","issueId":"RG-2","msg":"notifying pipeline start"}
@urateam/core:test: {"level":30,"time":"2026-05-26T22:47:07.019Z","pid":36948,"hostname":"95cf947da62c","name":"urateam","component":"PipelineRunner","runId":"jd2gTOFPPTUvh8tlhycS9","issueId":"RG-2","repoUrl":"https://github.com/test/test-repo.git","repoDir":"/tmp/ralph-gate-repos/ralph-gate-test-issue","msg":"cloning repository"}
@urateam/core:test: {"level":30,"time":"2026-05-26T22:47:07.019Z","pid":36948,"hostname":"95cf947da62c","name":"urateam","component":"PipelineRunner","runId":"jd2gTOFPPTUvh8tlhycS9","issueId":"RG-2","msg":"clone complete, creating worktree"}
@urateam/core:test: {"level":30,"time":"2026-05-26T22:47:07.021Z","pid":36948,"hostname":"95cf947da62c","name":"urateam","component":"license","tier":"pro","customerId":"cust_test","expiresAt":"2026-05-27T22:47:06.000Z","msg":"license key validated"}
@urateam/core:test: {"level":30,"time":"2026-05-26T22:47:07.021Z","pid":36948,"hostname":"95cf947da62c","name":"urateam","component":"PipelineRunner","runId":"jd2gTOFPPTUvh8tlhycS9","issueId":"RG-2","worktreePath":"/tmp/ralph-gate-test-worktree","msg":"worktree created"}
@urateam/core:test: {"level":40,"time":"2026-05-26T22:47:07.025Z","pid":36948,"hostname":"95cf947da62c","name":"urateam","component":"PipelineRunner","err":{"type":"Error","message":"ENOENT: no such file or directory, open '/tmp/ralph-gate-test-worktree/CLAUDE.md'","stack":"Error: ENOENT: no such file or directory, open '/tmp/ralph-gate-test-worktree/CLAUDE.md'\n    at open (node:internal/fs/promises:639:25)\n    at writeFile (node:internal/fs/promises:1219:14)\n    at PipelineRunner.injectAgentConfig (/home/ura/data/runs/B7TEaqaYubzZqR2vcvyha/worktree/packages/core/src/pipeline/runner.ts:857:7)\n    at PipelineRunner.executePipeline (/home/ura/data/runs/B7TEaqaYubzZqR2vcvyha/worktree/packages/core/src/pipeline/runner.ts:1014:9)\n    at /home/ura/data/runs/B7TEaqaYubzZqR2vcvyha/worktree/packages/core/src/pipeline/runner.ts:409:9\n    at Object.enqueue (/home/ura/data/runs/B7TEaqaYubzZqR2vcvyha/worktree/packages/core/src/pipeline/queue.ts:33:16)","errno":-2,"code":"ENOENT","syscall":"open","path":"/tmp/ralph-gate-test-worktree/CLAUDE.md"},"msg":"failed to inject CLAUDE.md — agent will run without it"}
@urateam/core:test: {"level":30,"time":"2026-05-26T22:47:07.026Z","pid":36948,"hostname":"95cf947da62c","name":"urateam","component":"PipelineRunner","runId":"jd2gTOFPPTUvh8tlhycS9","issueId":"RG-2","languages":["typescript"],"frameworks":[],"buildSystems":["pnpm"],"msg":"tech stack detected"}
@urateam/core:test: {"level":30,"time":"2026-05-26T22:47:07.027Z","pid":36948,"hostname":"95cf947da62c","name":"urateam","component":"PipelineRunner","runId":"jd2gTOFPPTUvh8tlhycS9","issueId":"RG-2","stages":["implement"],"msg":"starting pipeline stages"}
@urateam/core:test: {"level":30,"time":"2026-05-26T22:47:07.027Z","pid":36948,"hostname":"95cf947da62c","name":"urateam","component":"PipelineRunner","runId":"jd2gTOFPPTUvh8tlhycS9","issueId":"RG-2","stage":"implement","msg":"executing stage"}
@urateam/core:test: {"level":30,"time":"2026-05-26T22:47:07.031Z","pid":36948,"hostname":"95cf947da62c","name":"urateam","component":"ExtractHandoff","stage":"implement","msg":"building handoff from git diff"}
@urateam/core:test: {"level":30,"time":"2026-05-26T22:47:07.031Z","pid":36948,"hostname":"95cf947da62c","name":"urateam","component":"ExtractHandoff","stage":"implement","filesChanged":0,"msg":"handoff built"}
@urateam/core:test: {"level":30,"time":"2026-05-26T22:47:07.031Z","pid":36948,"hostname":"95cf947da62c","name":"urateam","component":"PipelineRunner","runId":"jd2gTOFPPTUvh8tlhycS9","issueId":"RG-2","iteration":1,"maxIterations":2,"msg":"RALPH: checking requirements"}
@urateam/core:test: {"level":30,"time":"2026-05-26T22:47:07.031Z","pid":36948,"hostname":"95cf947da62c","name":"urateam","component":"PipelineRunner","runId":"jd2gTOFPPTUvh8tlhycS9","issueId":"RG-2","iteration":1,"gaps":1,"suggestions":1,"msg":"RALPH: gaps found, re-running implement"}
@urateam/core:test: {"level":30,"time":"2026-05-26T22:47:07.036Z","pid":36948,"hostname":"95cf947da62c","name":"urateam","component":"ExtractHandoff","stage":"implement","msg":"building handoff from git diff"}
@urateam/core:test: {"level":30,"time":"2026-05-26T22:47:07.036Z","pid":36948,"hostname":"95cf947da62c","name":"urateam","component":"ExtractHandoff","stage":"implement","filesChanged":0,"msg":"handoff built"}
@urateam/core:test: {"level":30,"time":"2026-05-26T22:47:07.036Z","pid":36948,"hostname":"95cf947da62c","name":"urateam","component":"PipelineRunner","runId":"jd2gTOFPPTUvh8tlhycS9","issueId":"RG-2","iteration":2,"maxIterations":2,"msg":"RALPH: checking requirements"}
@urateam/core:test: {"level":30,"time":"2026-05-26T22:47:07.036Z","pid":36948,"hostname":"95cf947da62c","name":"urateam","component":"PipelineRunner","runId":"jd2gTOFPPTUvh8tlhycS9","issueId":"RG-2","iteration":2,"msg":"RALPH: all requirements satisfied"}
@urateam/core:test: {"level":30,"time":"2026-05-26T22:47:07.036Z","pid":36948,"hostname":"95cf947da62c","name":"urateam","component":"PipelineRunner","runId":"jd2gTOFPPTUvh8tlhycS9","issueId":"RG-2","msg":"typecheck-gate: passed"}
@urateam/core:test: {"level":30,"time":"2026-05-26T22:47:07.041Z","pid":36948,"hostname":"95cf947da62c","name":"urateam","component":"PipelineRunner","runId":"jd2gTOFPPTUvh8tlhycS9","issueId":"RG-2","defaultBranch":"main","msg":"push queue: rebasing before push"}
@urateam/core:test: {"level":30,"time":"2026-05-26T22:47:07.042Z","pid":36948,"hostname":"95cf947da62c","name":"urateam","component":"PipelineRunner","runId":"jd2gTOFPPTUvh8tlhycS9","issueId":"RG-2","msg":"creating PR via gh CLI"}
@urateam/core:test: {"level":30,"time":"2026-05-26T22:47:07.044Z","pid":36948,"hostname":"95cf947da62c","name":"urateam","component":"PipelineRunner","runId":"jd2gTOFPPTUvh8tlhycS9","issueId":"RG-2","prUrl":"https://github.com/test/repo/pull/42","msg":"PR created"}
@urateam/core:test: {"level":30,"time":"2026-05-26T22:47:07.045Z","pid":36948,"hostname":"95cf947da62c","name":"urateam","component":"PipelineRunner","runId":"jd2gTOFPPTUvh8tlhycS9","issueId":"RG-2","prUrl":"https://github.com/test/repo/pull/42","autoMerged":false,"autoCommitted":false,"totalInputTokens":400,"totalOutputTokens":200,"msg":"pipeline completed"}
@urateam/core:test: {"level":30,"time":"2026-05-26T22:47:07.109Z","pid":36948,"hostname":"95cf947da62c","name":"urateam","component":"PipelineRunner","issueId":"RG-3","pipeline":"auto-implement","msg":"start() called"}
@urateam/core:test: {"level":30,"time":"2026-05-26T22:47:07.112Z","pid":36948,"hostname":"95cf947da62c","name":"urateam","component":"PipelineRunner","runId":"0fauf0c3NCu3ZCw5PEfEU","issueId":"RG-3","branch":"agent/RG-3-ralph-gate-test-issue","msg":"inserting run into DB"}
@urateam/core:test: {"level":30,"time":"2026-05-26T22:47:07.112Z","pid":36948,"hostname":"95cf947da62c","name":"urateam","component":"PipelineRunner","runId":"0fauf0c3NCu3ZCw5PEfEU","issueId":"RG-3","branch":"agent/RG-3-ralph-gate-test-issue","msg":"run queued"}
@urateam/core:test: {"level":30,"time":"2026-05-26T22:47:07.112Z","pid":36948,"hostname":"95cf947da62c","name":"urateam","component":"PipelineRunner","runId":"0fauf0c3NCu3ZCw5PEfEU","issueId":"RG-3","msg":"executing pipeline"}
@urateam/core:test: {"level":30,"time":"2026-05-26T22:47:07.113Z","pid":36948,"hostname":"95cf947da62c","name":"urateam","component":"PipelineRunner","runId":"0fauf0c3NCu3ZCw5PEfEU","issueId":"RG-3","msg":"notifying pipeline start"}
@urateam/core:test: {"level":30,"time":"2026-05-26T22:47:07.113Z","pid":36948,"hostname":"95cf947da62c","name":"urateam","component":"PipelineRunner","runId":"0fauf0c3NCu3ZCw5PEfEU","issueId":"RG-3","repoUrl":"https://github.com/test/test-repo.git","repoDir":"/tmp/ralph-gate-repos/ralph-gate-test-issue","msg":"cloning repository"}
@urateam/core:test: {"level":30,"time":"2026-05-26T22:47:07.113Z","pid":36948,"hostname":"95cf947da62c","name":"urateam","component":"PipelineRunner","runId":"0fauf0c3NCu3ZCw5PEfEU","issueId":"RG-3","msg":"clone complete, creating worktree"}
@urateam/core:test: {"level":30,"time":"2026-05-26T22:47:07.121Z","pid":36948,"hostname":"95cf947da62c","name":"urateam","component":"license","tier":"pro","customerId":"cust_test","expiresAt":"2026-05-27T22:47:07.000Z","msg":"license key validated"}
@urateam/core:test: {"level":30,"time":"2026-05-26T22:47:07.121Z","pid":36948,"hostname":"95cf947da62c","name":"urateam","component":"PipelineRunner","runId":"0fauf0c3NCu3ZCw5PEfEU","issueId":"RG-3","worktreePath":"/tmp/ralph-gate-test-worktree","msg":"worktree created"}
@urateam/core:test: {"level":40,"time":"2026-05-26T22:47:07.127Z","pid":36948,"hostname":"95cf947da62c","name":"urateam","component":"PipelineRunner","err":{"type":"Error","message":"ENOENT: no such file or directory, open '/tmp/ralph-gate-test-worktree/CLAUDE.md'","stack":"Error: ENOENT: no such file or directory, open '/tmp/ralph-gate-test-worktree/CLAUDE.md'\n    at open (node:internal/fs/promises:639:25)\n    at writeFile (node:internal/fs/promises:1219:14)\n    at PipelineRunner.injectAgentConfig (/home/ura/data/runs/B7TEaqaYubzZqR2vcvyha/worktree/packages/core/src/pipeline/runner.ts:857:7)\n    at PipelineRunner.executePipeline (/home/ura/data/runs/B7TEaqaYubzZqR2vcvyha/worktree/packages/core/src/pipeline/runner.ts:1014:9)\n    at /home/ura/data/runs/B7TEaqaYubzZqR2vcvyha/worktree/packages/core/src/pipeline/runner.ts:409:9\n    at Object.enqueue (/home/ura/data/runs/B7TEaqaYubzZqR2vcvyha/worktree/packages/core/src/pipeline/queue.ts:33:16)","errno":-2,"code":"ENOENT","syscall":"open","path":"/tmp/ralph-gate-test-worktree/CLAUDE.md"},"msg":"failed to inject CLAUDE.md — agent will run without it"}
@urateam/core:test: {"level":30,"time":"2026-05-26T22:47:07.128Z","pid":36948,"hostname":"95cf947da62c","name":"urateam","component":"PipelineRunner","runId":"0fauf0c3NCu3ZCw5PEfEU","issueId":"RG-3","languages":["typescript"],"frameworks":[],"buildSystems":["pnpm"],"msg":"tech stack detected"}
@urateam/core:test: {"level":30,"time":"2026-05-26T22:47:07.128Z","pid":36948,"hostname":"95cf947da62c","name":"urateam","component":"PipelineRunner","runId":"0fauf0c3NCu3ZCw5PEfEU","issueId":"RG-3","stages":["implement"],"msg":"starting pipeline stages"}
@urateam/core:test: {"level":30,"time":"2026-05-26T22:47:07.128Z","pid":36948,"hostname":"95cf947da62c","name":"urateam","component":"PipelineRunner","runId":"0fauf0c3NCu3ZCw5PEfEU","issueId":"RG-3","stage":"implement","msg":"executing stage"}
@urateam/core:test: {"level":30,"time":"2026-05-26T22:47:07.138Z","pid":36948,"hostname":"95cf947da62c","name":"urateam","component":"ExtractHandoff","stage":"implement","msg":"building handoff from git diff"}
@urateam/core:test: {"level":30,"time":"2026-05-26T22:47:07.138Z","pid":36948,"hostname":"95cf947da62c","name":"urateam","component":"ExtractHandoff","stage":"implement","filesChanged":0,"msg":"handoff built"}
@urateam/core:test: {"level":30,"time":"2026-05-26T22:47:07.139Z","pid":36948,"hostname":"95cf947da62c","name":"urateam","component":"PipelineRunner","runId":"0fauf0c3NCu3ZCw5PEfEU","issueId":"RG-3","iteration":1,"maxIterations":2,"msg":"RALPH: checking requirements"}
@urateam/core:test: {"level":30,"time":"2026-05-26T22:47:07.139Z","pid":36948,"hostname":"95cf947da62c","name":"urateam","component":"PipelineRunner","runId":"0fauf0c3NCu3ZCw5PEfEU","issueId":"RG-3","iteration":1,"gaps":2,"suggestions":2,"msg":"RALPH: gaps found, re-running implement"}
@urateam/dashboard:test: {"level":40,"time":"2026-05-26T22:47:07.136Z","pid":36623,"hostname":"95cf947da62c","name":"urateam","component":"dashboard","msg":"DASHBOARD_BASE_PATH is not set. Navigation links will use root paths. Set DASHBOARD_BASE_PATH=/ateam (no trailing slash) if the dashboard is served under a path prefix via a reverse proxy."}
@urateam/dashboard:test: {"level":30,"time":"2026-05-26T22:47:07.140Z","pid":36623,"hostname":"95cf947da62c","name":"urateam","component":"license","tier":"oss","msg":"no license key set — running in OSS mode"}
@urateam/core:test: {"level":30,"time":"2026-05-26T22:47:07.145Z","pid":36948,"hostname":"95cf947da62c","name":"urateam","component":"ExtractHandoff","stage":"implement","msg":"building handoff from git diff"}
@urateam/core:test: {"level":30,"time":"2026-05-26T22:47:07.145Z","pid":36948,"hostname":"95cf947da62c","name":"urateam","component":"ExtractHandoff","stage":"implement","filesChanged":0,"msg":"handoff built"}
@urateam/core:test: {"level":30,"time":"2026-05-26T22:47:07.145Z","pid":36948,"hostname":"95cf947da62c","name":"urateam","component":"PipelineRunner","runId":"0fauf0c3NCu3ZCw5PEfEU","issueId":"RG-3","iteration":2,"maxIterations":2,"msg":"RALPH: checking requirements"}
@urateam/core:test: {"level":40,"time":"2026-05-26T22:47:07.145Z","pid":36948,"hostname":"95cf947da62c","name":"urateam","component":"PipelineRunner","runId":"0fauf0c3NCu3ZCw5PEfEU","issueId":"RG-3","iteration":2,"gaps":2,"msg":"RALPH: gaps remain after final check — skipping re-implement (no verification slot)"}
@urateam/core:test: {"level":40,"time":"2026-05-26T22:47:07.145Z","pid":36948,"hostname":"95cf947da62c","name":"urateam","component":"PipelineRunner","runId":"0fauf0c3NCu3ZCw5PEfEU","issueId":"RG-3","gaps":2,"iterations":2,"msg":"RALPH: requirements NOT satisfied after all iterations — PR will be created as draft"}
@urateam/core:test: {"level":30,"time":"2026-05-26T22:47:07.145Z","pid":36948,"hostname":"95cf947da62c","name":"urateam","component":"PipelineRunner","runId":"0fauf0c3NCu3ZCw5PEfEU","issueId":"RG-3","msg":"typecheck-gate: passed"}
@urateam/core:test: {"level":30,"time":"2026-05-26T22:47:07.145Z","pid":36948,"hostname":"95cf947da62c","name":"urateam","component":"PipelineRunner","runId":"0fauf0c3NCu3ZCw5PEfEU","issueId":"RG-3","defaultBranch":"main","msg":"push queue: rebasing before push"}
@urateam/core:test: {"level":30,"time":"2026-05-26T22:47:07.146Z","pid":36948,"hostname":"95cf947da62c","name":"urateam","component":"PipelineRunner","runId":"0fauf0c3NCu3ZCw5PEfEU","issueId":"RG-3","msg":"creating PR via gh CLI"}
@urateam/core:test: {"level":30,"time":"2026-05-26T22:47:07.146Z","pid":36948,"hostname":"95cf947da62c","name":"urateam","component":"PipelineRunner","runId":"0fauf0c3NCu3ZCw5PEfEU","issueId":"RG-3","prUrl":"https://github.com/test/repo/pull/42","msg":"PR created"}
@urateam/core:test: {"level":30,"time":"2026-05-26T22:47:07.146Z","pid":36948,"hostname":"95cf947da62c","name":"urateam","component":"PipelineRunner","runId":"0fauf0c3NCu3ZCw5PEfEU","issueId":"RG-3","prUrl":"https://github.com/test/repo/pull/42","msg":"draft PR: adding review comments with gaps and next steps"}
@urateam/core:test: {"level":30,"time":"2026-05-26T22:47:07.152Z","pid":36948,"hostname":"95cf947da62c","name":"urateam","component":"PipelineRunner","runId":"0fauf0c3NCu3ZCw5PEfEU","issueId":"RG-3","prUrl":"https://github.com/test/repo/pull/42","autoMerged":false,"autoCommitted":false,"totalInputTokens":400,"totalOutputTokens":200,"msg":"pipeline completed"}
@urateam/dashboard:test: {"level":40,"time":"2026-05-26T22:47:07.176Z","pid":36623,"hostname":"95cf947da62c","name":"urateam","component":"dashboard","msg":"DASHBOARD_BASE_PATH is not set. Navigation links will use root paths. Set DASHBOARD_BASE_PATH=/ateam (no trailing slash) if the dashboard is served under a path prefix via a reverse proxy."}
@urateam/dashboard:test: {"level":40,"time":"2026-05-26T22:47:07.184Z","pid":36623,"hostname":"95cf947da62c","name":"urateam","component":"dashboard","msg":"DASHBOARD_BASE_PATH is not set. Navigation links will use root paths. Set DASHBOARD_BASE_PATH=/ateam (no trailing slash) if the dashboard is served under a path prefix via a reverse proxy."}
@urateam/dashboard:test: {"level":40,"time":"2026-05-26T22:47:07.199Z","pid":36623,"hostname":"95cf947da62c","name":"urateam","component":"dashboard","msg":"DASHBOARD_BASE_PATH is not set. Navigation links will use root paths. Set DASHBOARD_BASE_PATH=/ateam (no trailing slash) if the dashboard is served under a path prefix via a reverse proxy."}
@urateam/core:test: {"level":30,"time":"2026-05-26T22:47:07.210Z","pid":36948,"hostname":"95cf947da62c","name":"urateam","component":"PipelineRunner","issueId":"RG-4","pipeline":"auto-implement","msg":"start() called"}
@urateam/core:test: {"level":30,"time":"2026-05-26T22:47:07.210Z","pid":36948,"hostname":"95cf947da62c","name":"urateam","component":"PipelineRunner","runId":"53-gtuEWhr8X1EEGXXO0f","issueId":"RG-4","branch":"agent/RG-4-ralph-gate-test-issue","msg":"inserting run into DB"}
@urateam/dashboard:test: {"level":40,"time":"2026-05-26T22:47:07.212Z","pid":36623,"hostname":"95cf947da62c","name":"urateam","component":"dashboard","msg":"DASHBOARD_BASE_PATH is not set. Navigation links will use root paths. Set DASHBOARD_BASE_PATH=/ateam (no trailing slash) if the dashboard is served under a path prefix via a reverse proxy."}
@urateam/core:test: {"level":30,"time":"2026-05-26T22:47:07.214Z","pid":36948,"hostname":"95cf947da62c","name":"urateam","component":"PipelineRunner","runId":"53-gtuEWhr8X1EEGXXO0f","issueId":"RG-4","branch":"agent/RG-4-ralph-gate-test-issue","msg":"run queued"}
@urateam/core:test: {"level":30,"time":"2026-05-26T22:47:07.214Z","pid":36948,"hostname":"95cf947da62c","name":"urateam","component":"PipelineRunner","runId":"53-gtuEWhr8X1EEGXXO0f","issueId":"RG-4","msg":"executing pipeline"}
@urateam/core:test: {"level":30,"time":"2026-05-26T22:47:07.215Z","pid":36948,"hostname":"95cf947da62c","name":"urateam","component":"PipelineRunner","runId":"53-gtuEWhr8X1EEGXXO0f","issueId":"RG-4","msg":"notifying pipeline start"}
@urateam/core:test: {"level":30,"time":"2026-05-26T22:47:07.215Z","pid":36948,"hostname":"95cf947da62c","name":"urateam","component":"PipelineRunner","runId":"53-gtuEWhr8X1EEGXXO0f","issueId":"RG-4","repoUrl":"https://github.com/test/test-repo.git","repoDir":"/tmp/ralph-gate-repos/ralph-gate-test-issue","msg":"cloning repository"}
@urateam/core:test: {"level":30,"time":"2026-05-26T22:47:07.215Z","pid":36948,"hostname":"95cf947da62c","name":"urateam","component":"PipelineRunner","runId":"53-gtuEWhr8X1EEGXXO0f","issueId":"RG-4","msg":"clone complete, creating worktree"}
@urateam/core:test: {"level":30,"time":"2026-05-26T22:47:07.218Z","pid":36948,"hostname":"95cf947da62c","name":"urateam","component":"license","tier":"pro","customerId":"cust_test","expiresAt":"2026-05-27T22:47:07.000Z","msg":"license key validated"}
@urateam/core:test: {"level":30,"time":"2026-05-26T22:47:07.219Z","pid":36948,"hostname":"95cf947da62c","name":"urateam","component":"PipelineRunner","runId":"53-gtuEWhr8X1EEGXXO0f","issueId":"RG-4","worktreePath":"/tmp/ralph-gate-test-worktree","msg":"worktree created"}
@urateam/core:test: {"level":40,"time":"2026-05-26T22:47:07.226Z","pid":36948,"hostname":"95cf947da62c","name":"urateam","component":"PipelineRunner","err":{"type":"Error","message":"ENOENT: no such file or directory, open '/tmp/ralph-gate-test-worktree/CLAUDE.md'","stack":"Error: ENOENT: no such file or directory, open '/tmp/ralph-gate-test-worktree/CLAUDE.md'\n    at open (node:internal/fs/promises:639:25)\n    at writeFile (node:internal/fs/promises:1219:14)\n    at PipelineRunner.injectAgentConfig (/home/ura/data/runs/B7TEaqaYubzZqR2vcvyha/worktree/packages/core/src/pipeline/runner.ts:857:7)\n    at PipelineRunner.executePipeline (/home/ura/data/runs/B7TEaqaYubzZqR2vcvyha/worktree/packages/core/src/pipeline/runner.ts:1014:9)\n    at /home/ura/data/runs/B7TEaqaYubzZqR2vcvyha/worktree/packages/core/src/pipeline/runner.ts:409:9\n    at Object.enqueue (/home/ura/data/runs/B7TEaqaYubzZqR2vcvyha/worktree/packages/core/src/pipeline/queue.ts:33:16)","errno":-2,"code":"ENOENT","syscall":"open","path":"/tmp/ralph-gate-test-worktree/CLAUDE.md"},"msg":"failed to inject CLAUDE.md — agent will run without it"}
@urateam/core:test: {"level":30,"time":"2026-05-26T22:47:07.226Z","pid":36948,"hostname":"95cf947da62c","name":"urateam","component":"PipelineRunner","runId":"53-gtuEWhr8X1EEGXXO0f","issueId":"RG-4","languages":["typescript"],"frameworks":[],"buildSystems":["pnpm"],"msg":"tech stack detected"}
@urateam/core:test: {"level":30,"time":"2026-05-26T22:47:07.226Z","pid":36948,"hostname":"95cf947da62c","name":"urateam","component":"PipelineRunner","runId":"53-gtuEWhr8X1EEGXXO0f","issueId":"RG-4","stages":["implement","test","review"],"msg":"starting pipeline stages"}
@urateam/core:test: {"level":30,"time":"2026-05-26T22:47:07.226Z","pid":36948,"hostname":"95cf947da62c","name":"urateam","component":"PipelineRunner","runId":"53-gtuEWhr8X1EEGXXO0f","issueId":"RG-4","stage":"implement","msg":"executing stage"}
@urateam/dashboard:test: {"level":40,"time":"2026-05-26T22:47:07.225Z","pid":36623,"hostname":"95cf947da62c","name":"urateam","component":"dashboard","msg":"DASHBOARD_BASE_PATH is not set. Navigation links will use root paths. Set DASHBOARD_BASE_PATH=/ateam (no trailing slash) if the dashboard is served under a path prefix via a reverse proxy."}
@urateam/core:test: {"level":30,"time":"2026-05-26T22:47:07.234Z","pid":36948,"hostname":"95cf947da62c","name":"urateam","component":"PipelineRunner","runId":"53-gtuEWhr8X1EEGXXO0f","issueId":"RG-4","stage":"test","msg":"executing stage"}
@urateam/dashboard:test: {"level":40,"time":"2026-05-26T22:47:07.236Z","pid":36623,"hostname":"95cf947da62c","name":"urateam","component":"dashboard","msg":"DASHBOARD_BASE_PATH is not set. Navigation links will use root paths. Set DASHBOARD_BASE_PATH=/ateam (no trailing slash) if the dashboard is served under a path prefix via a reverse proxy."}
@urateam/dashboard:test: {"level":40,"time":"2026-05-26T22:47:07.258Z","pid":36623,"hostname":"95cf947da62c","name":"urateam","component":"dashboard","msg":"DASHBOARD_BASE_PATH is not set. Navigation links will use root paths. Set DASHBOARD_BASE_PATH=/ateam (no trailing slash) if the dashboard is served under a path prefix via a reverse proxy."}
@urateam/core:test: {"level":30,"time":"2026-05-26T22:47:07.263Z","pid":36948,"hostname":"95cf947da62c","name":"urateam","component":"PipelineRunner","runId":"53-gtuEWhr8X1EEGXXO0f","issueId":"RG-4","stage":"review","msg":"executing stage"}
@urateam/dashboard:test: {"level":40,"time":"2026-05-26T22:47:07.278Z","pid":36623,"hostname":"95cf947da62c","name":"urateam","component":"dashboard","msg":"DASHBOARD_BASE_PATH is not set. Navigation links will use root paths. Set DASHBOARD_BASE_PATH=/ateam (no trailing slash) if the dashboard is served under a path prefix via a reverse proxy."}
@urateam/core:test: {"level":30,"time":"2026-05-26T22:47:07.288Z","pid":36948,"hostname":"95cf947da62c","name":"urateam","component":"PipelineRunner","runId":"53-gtuEWhr8X1EEGXXO0f","issueId":"RG-4","rfIteration":1,"maxIterations":1,"blockingFindings":1,"msg":"review-fix loop: re-running stages to address blocking findings"}
@urateam/core:test: {"level":30,"time":"2026-05-26T22:47:07.288Z","pid":36948,"hostname":"95cf947da62c","name":"urateam","component":"PipelineRunner","runId":"53-gtuEWhr8X1EEGXXO0f","issueId":"RG-4","stage":"implement","rfIteration":1,"msg":"review-fix: executing stage"}
@urateam/dashboard:test: {"level":30,"time":"2026-05-26T22:47:07.294Z","pid":36623,"hostname":"95cf947da62c","name":"urateam","component":"dashboard","basePath":"/ateam","msg":"Dashboard base path configured"}
@urateam/dashboard:test: {"level":30,"time":"2026-05-26T22:47:07.309Z","pid":36623,"hostname":"95cf947da62c","name":"urateam","component":"dashboard","basePath":"/ateam","msg":"Dashboard base path configured"}
@urateam/core:test: {"level":30,"time":"2026-05-26T22:47:07.317Z","pid":36948,"hostname":"95cf947da62c","name":"urateam","component":"PipelineRunner","runId":"53-gtuEWhr8X1EEGXXO0f","issueId":"RG-4","stage":"test","rfIteration":1,"msg":"review-fix: executing stage"}
@urateam/dashboard:test: {"level":30,"time":"2026-05-26T22:47:07.321Z","pid":36623,"hostname":"95cf947da62c","name":"urateam","component":"dashboard","basePath":"/ateam","msg":"Dashboard base path configured"}
@urateam/core:test: {"level":30,"time":"2026-05-26T22:47:07.327Z","pid":36948,"hostname":"95cf947da62c","name":"urateam","component":"PipelineRunner","runId":"53-gtuEWhr8X1EEGXXO0f","issueId":"RG-4","stage":"review","rfIteration":1,"msg":"review-fix: executing stage"}
@urateam/core:test: {"level":30,"time":"2026-05-26T22:47:07.335Z","pid":36948,"hostname":"95cf947da62c","name":"urateam","component":"PipelineRunner","runId":"53-gtuEWhr8X1EEGXXO0f","issueId":"RG-4","rfIteration":1,"msg":"review-fix loop: all blocking findings resolved"}
@urateam/core:test: {"level":30,"time":"2026-05-26T22:47:07.336Z","pid":36948,"hostname":"95cf947da62c","name":"urateam","component":"PipelineRunner","runId":"53-gtuEWhr8X1EEGXXO0f","issueId":"RG-4","msg":"typecheck-gate: passed"}
@urateam/core:test: {"level":30,"time":"2026-05-26T22:47:07.336Z","pid":36948,"hostname":"95cf947da62c","name":"urateam","component":"PipelineRunner","runId":"53-gtuEWhr8X1EEGXXO0f","issueId":"RG-4","defaultBranch":"main","msg":"push queue: rebasing before push"}
@urateam/core:test: {"level":30,"time":"2026-05-26T22:47:07.337Z","pid":36948,"hostname":"95cf947da62c","name":"urateam","component":"PipelineRunner","runId":"53-gtuEWhr8X1EEGXXO0f","issueId":"RG-4","msg":"creating PR via gh CLI"}
@urateam/core:test: {"level":30,"time":"2026-05-26T22:47:07.337Z","pid":36948,"hostname":"95cf947da62c","name":"urateam","component":"PipelineRunner","runId":"53-gtuEWhr8X1EEGXXO0f","issueId":"RG-4","prUrl":"https://github.com/test/repo/pull/42","msg":"PR created"}
@urateam/core:test: {"level":30,"time":"2026-05-26T22:47:07.342Z","pid":36948,"hostname":"95cf947da62c","name":"urateam","component":"PipelineRunner","runId":"53-gtuEWhr8X1EEGXXO0f","issueId":"RG-4","prUrl":"https://github.com/test/repo/pull/42","autoMerged":false,"autoCommitted":false,"totalInputTokens":1200,"totalOutputTokens":600,"msg":"pipeline completed"}
@urateam/dashboard:test: {"level":30,"time":"2026-05-26T22:47:07.351Z","pid":36623,"hostname":"95cf947da62c","name":"urateam","component":"dashboard","basePath":"/ateam","msg":"Dashboard base path configured"}
@urateam/dashboard:test: {"level":30,"time":"2026-05-26T22:47:07.364Z","pid":36623,"hostname":"95cf947da62c","name":"urateam","component":"dashboard","basePath":"/ateam","msg":"Dashboard base path configured"}
@urateam/dashboard:test: {"level":30,"time":"2026-05-26T22:47:07.384Z","pid":36623,"hostname":"95cf947da62c","name":"urateam","component":"dashboard","basePath":"/ateam","msg":"Dashboard base path configured"}
@urateam/dashboard:test: {"level":30,"time":"2026-05-26T22:47:07.395Z","pid":36623,"hostname":"95cf947da62c","name":"urateam","component":"dashboard","basePath":"/ateam","msg":"Dashboard base path configured"}
@urateam/core:test: {"level":30,"time":"2026-05-26T22:47:07.409Z","pid":36948,"hostname":"95cf947da62c","name":"urateam","component":"PipelineRunner","issueId":"RG-5","pipeline":"auto-implement","msg":"start() called"}
@urateam/core:test: {"level":30,"time":"2026-05-26T22:47:07.413Z","pid":36948,"hostname":"95cf947da62c","name":"urateam","component":"PipelineRunner","runId":"4hL0HrqxVxY0kSw27Omdd","issueId":"RG-5","branch":"agent/RG-5-ralph-gate-test-issue","msg":"inserting run into DB"}
@urateam/core:test: {"level":30,"time":"2026-05-26T22:47:07.413Z","pid":36948,"hostname":"95cf947da62c","name":"urateam","component":"PipelineRunner","runId":"4hL0HrqxVxY0kSw27Omdd","issueId":"RG-5","branch":"agent/RG-5-ralph-gate-test-issue","msg":"run queued"}
@urateam/core:test: {"level":30,"time":"2026-05-26T22:47:07.414Z","pid":36948,"hostname":"95cf947da62c","name":"urateam","component":"PipelineRunner","runId":"4hL0HrqxVxY0kSw27Omdd","issueId":"RG-5","msg":"executing pipeline"}
@urateam/core:test: {"level":30,"time":"2026-05-26T22:47:07.414Z","pid":36948,"hostname":"95cf947da62c","name":"urateam","component":"PipelineRunner","runId":"4hL0HrqxVxY0kSw27Omdd","issueId":"RG-5","msg":"notifying pipeline start"}
@urateam/core:test: {"level":30,"time":"2026-05-26T22:47:07.414Z","pid":36948,"hostname":"95cf947da62c","name":"urateam","component":"PipelineRunner","runId":"4hL0HrqxVxY0kSw27Omdd","issueId":"RG-5","repoUrl":"https://github.com/test/test-repo.git","repoDir":"/tmp/ralph-gate-repos/ralph-gate-test-issue","msg":"cloning repository"}
@urateam/core:test: {"level":30,"time":"2026-05-26T22:47:07.414Z","pid":36948,"hostname":"95cf947da62c","name":"urateam","component":"PipelineRunner","runId":"4hL0HrqxVxY0kSw27Omdd","issueId":"RG-5","msg":"clone complete, creating worktree"}
@urateam/core:test: {"level":30,"time":"2026-05-26T22:47:07.423Z","pid":36948,"hostname":"95cf947da62c","name":"urateam","component":"license","tier":"pro","customerId":"cust_test","expiresAt":"2026-05-27T22:47:07.000Z","msg":"license key validated"}
@urateam/core:test: {"level":30,"time":"2026-05-26T22:47:07.423Z","pid":36948,"hostname":"95cf947da62c","name":"urateam","component":"PipelineRunner","runId":"4hL0HrqxVxY0kSw27Omdd","issueId":"RG-5","worktreePath":"/tmp/ralph-gate-test-worktree","msg":"worktree created"}
@urateam/dashboard:test: {"level":40,"time":"2026-05-26T22:47:07.415Z","pid":36623,"hostname":"95cf947da62c","name":"urateam","component":"dashboard","msg":"DASHBOARD_BASE_PATH is not set. Navigation links will use root paths. Set DASHBOARD_BASE_PATH=/ateam (no trailing slash) if the dashboard is served under a path prefix via a reverse proxy."}
@urateam/core:test: {"level":40,"time":"2026-05-26T22:47:07.426Z","pid":36948,"hostname":"95cf947da62c","name":"urateam","component":"PipelineRunner","err":{"type":"Error","message":"ENOENT: no such file or directory, open '/tmp/ralph-gate-test-worktree/CLAUDE.md'","stack":"Error: ENOENT: no such file or directory, open '/tmp/ralph-gate-test-worktree/CLAUDE.md'\n    at open (node:internal/fs/promises:639:25)\n    at writeFile (node:internal/fs/promises:1219:14)\n    at PipelineRunner.injectAgentConfig (/home/ura/data/runs/B7TEaqaYubzZqR2vcvyha/worktree/packages/core/src/pipeline/runner.ts:857:7)\n    at PipelineRunner.executePipeline (/home/ura/data/runs/B7TEaqaYubzZqR2vcvyha/worktree/packages/core/src/pipeline/runner.ts:1014:9)\n    at /home/ura/data/runs/B7TEaqaYubzZqR2vcvyha/worktree/packages/core/src/pipeline/runner.ts:409:9\n    at Object.enqueue (/home/ura/data/runs/B7TEaqaYubzZqR2vcvyha/worktree/packages/core/src/pipeline/queue.ts:33:16)","errno":-2,"code":"ENOENT","syscall":"open","path":"/tmp/ralph-gate-test-worktree/CLAUDE.md"},"msg":"failed to inject CLAUDE.md — agent will run without it"}
@urateam/core:test: {"level":30,"time":"2026-05-26T22:47:07.426Z","pid":36948,"hostname":"95cf947da62c","name":"urateam","component":"PipelineRunner","runId":"4hL0HrqxVxY0kSw27Omdd","issueId":"RG-5","languages":["typescript"],"frameworks":[],"buildSystems":["pnpm"],"msg":"tech stack detected"}
@urateam/core:test: {"level":30,"time":"2026-05-26T22:47:07.426Z","pid":36948,"hostname":"95cf947da62c","name":"urateam","component":"PipelineRunner","runId":"4hL0HrqxVxY0kSw27Omdd","issueId":"RG-5","stages":["implement","test","review"],"msg":"starting pipeline stages"}
@urateam/core:test: {"level":30,"time":"2026-05-26T22:47:07.426Z","pid":36948,"hostname":"95cf947da62c","name":"urateam","component":"PipelineRunner","runId":"4hL0HrqxVxY0kSw27Omdd","issueId":"RG-5","stage":"implement","msg":"executing stage"}
@urateam/core:test: {"level":30,"time":"2026-05-26T22:47:07.435Z","pid":36948,"hostname":"95cf947da62c","name":"urateam","component":"PipelineRunner","runId":"4hL0HrqxVxY0kSw27Omdd","issueId":"RG-5","stage":"test","msg":"executing stage"}
@urateam/dashboard:test: {"level":40,"time":"2026-05-26T22:47:07.431Z","pid":36623,"hostname":"95cf947da62c","name":"urateam","component":"dashboard","msg":"DASHBOARD_BASE_PATH is not set. Navigation links will use root paths. Set DASHBOARD_BASE_PATH=/ateam (no trailing slash) if the dashboard is served under a path prefix via a reverse proxy."}
@urateam/dashboard:test: {"level":40,"time":"2026-05-26T22:47:07.437Z","pid":36623,"hostname":"95cf947da62c","name":"urateam","component":"dashboard","msg":"DASHBOARD_BASE_PATH is not set. Navigation links will use root paths. Set DASHBOARD_BASE_PATH=/ateam (no trailing slash) if the dashboard is served under a path prefix via a reverse proxy."}
@urateam/core:test: {"level":30,"time":"2026-05-26T22:47:07.445Z","pid":36948,"hostname":"95cf947da62c","name":"urateam","component":"PipelineRunner","runId":"4hL0HrqxVxY0kSw27Omdd","issueId":"RG-5","stage":"review","msg":"executing stage"}
@urateam/core:test: {"level":30,"time":"2026-05-26T22:47:07.453Z","pid":36948,"hostname":"95cf947da62c","name":"urateam","component":"PipelineRunner","runId":"4hL0HrqxVxY0kSw27Omdd","issueId":"RG-5","rfIteration":1,"maxIterations":1,"blockingFindings":1,"msg":"review-fix loop: re-running stages to address blocking findings"}
@urateam/core:test: {"level":30,"time":"2026-05-26T22:47:07.453Z","pid":36948,"hostname":"95cf947da62c","name":"urateam","component":"PipelineRunner","runId":"4hL0HrqxVxY0kSw27Omdd","issueId":"RG-5","stage":"implement","rfIteration":1,"msg":"review-fix: executing stage"}
@urateam/dashboard:test: {"level":40,"time":"2026-05-26T22:47:07.457Z","pid":36623,"hostname":"95cf947da62c","name":"urateam","component":"dashboard","msg":"DASHBOARD_BASE_PATH is not set. Navigation links will use root paths. Set DASHBOARD_BASE_PATH=/ateam (no trailing slash) if the dashboard is served under a path prefix via a reverse proxy."}
@urateam/core:test: {"level":30,"time":"2026-05-26T22:47:07.463Z","pid":36948,"hostname":"95cf947da62c","name":"urateam","component":"PipelineRunner","runId":"4hL0HrqxVxY0kSw27Omdd","issueId":"RG-5","stage":"test","rfIteration":1,"msg":"review-fix: executing stage"}
@urateam/dashboard:test: {"level":40,"time":"2026-05-26T22:47:07.465Z","pid":36623,"hostname":"95cf947da62c","name":"urateam","component":"dashboard","msg":"DASHBOARD_BASE_PATH is not set. Navigation links will use root paths. Set DASHBOARD_BASE_PATH=/ateam (no trailing slash) if the dashboard is served under a path prefix via a reverse proxy."}
@urateam/core:test: {"level":30,"time":"2026-05-26T22:47:07.471Z","pid":36948,"hostname":"95cf947da62c","name":"urateam","component":"PipelineRunner","runId":"4hL0HrqxVxY0kSw27Omdd","issueId":"RG-5","stage":"review","rfIteration":1,"msg":"review-fix: executing stage"}
@urateam/core:test: {"level":40,"time":"2026-05-26T22:47:07.477Z","pid":36948,"hostname":"95cf947da62c","name":"urateam","component":"PipelineRunner","runId":"4hL0HrqxVxY0kSw27Omdd","issueId":"RG-5","rfIteration":1,"blockingFindings":1,"msg":"review-fix loop: max iterations reached — PR will be created as draft with remaining findings"}
@urateam/dashboard:test: {"level":30,"time":"2026-05-26T22:47:07.475Z","pid":36623,"hostname":"95cf947da62c","name":"urateam","component":"dashboard","basePath":"/ateam","msg":"Dashboard base path configured"}
@urateam/core:test: {"level":30,"time":"2026-05-26T22:47:07.480Z","pid":36948,"hostname":"95cf947da62c","name":"urateam","component":"PipelineRunner","runId":"4hL0HrqxVxY0kSw27Omdd","issueId":"RG-5","msg":"typecheck-gate: passed"}
@urateam/core:test: {"level":30,"time":"2026-05-26T22:47:07.480Z","pid":36948,"hostname":"95cf947da62c","name":"urateam","component":"PipelineRunner","runId":"4hL0HrqxVxY0kSw27Omdd","issueId":"RG-5","defaultBranch":"main","msg":"push queue: rebasing before push"}
@urateam/core:test: {"level":30,"time":"2026-05-26T22:47:07.484Z","pid":36948,"hostname":"95cf947da62c","name":"urateam","component":"PipelineRunner","runId":"4hL0HrqxVxY0kSw27Omdd","issueId":"RG-5","msg":"creating PR via gh CLI"}
@urateam/core:test: {"level":30,"time":"2026-05-26T22:47:07.485Z","pid":36948,"hostname":"95cf947da62c","name":"urateam","component":"PipelineRunner","runId":"4hL0HrqxVxY0kSw27Omdd","issueId":"RG-5","prUrl":"https://github.com/test/repo/pull/42","msg":"PR created"}
@urateam/core:test: {"level":30,"time":"2026-05-26T22:47:07.485Z","pid":36948,"hostname":"95cf947da62c","name":"urateam","component":"PipelineRunner","runId":"4hL0HrqxVxY0kSw27Omdd","issueId":"RG-5","prUrl":"https://github.com/test/repo/pull/42","msg":"draft PR: adding review comments with gaps and next steps"}
@urateam/core:test: {"level":30,"time":"2026-05-26T22:47:07.486Z","pid":36948,"hostname":"95cf947da62c","name":"urateam","component":"PipelineRunner","runId":"4hL0HrqxVxY0kSw27Omdd","issueId":"RG-5","prUrl":"https://github.com/test/repo/pull/42","autoMerged":false,"autoCommitted":false,"totalInputTokens":1200,"totalOutputTokens":600,"msg":"pipeline completed"}
@urateam/dashboard:test: {"level":30,"time":"2026-05-26T22:47:07.489Z","pid":36623,"hostname":"95cf947da62c","name":"urateam","component":"dashboard","basePath":"/ateam","msg":"Dashboard base path configured"}
@urateam/dashboard:test: {"level":30,"time":"2026-05-26T22:47:07.498Z","pid":36623,"hostname":"95cf947da62c","name":"urateam","component":"dashboard","basePath":"/ateam","msg":"Dashboard base path configured"}
@urateam/dashboard:test: {"level":40,"time":"2026-05-26T22:47:07.517Z","pid":36623,"hostname":"95cf947da62c","name":"urateam","component":"dashboard","msg":"DASHBOARD_BASE_PATH is not set. Navigation links will use root paths. Set DASHBOARD_BASE_PATH=/ateam (no trailing slash) if the dashboard is served under a path prefix via a reverse proxy."}
@urateam/dashboard:test: {"level":40,"time":"2026-05-26T22:47:07.520Z","pid":36623,"hostname":"95cf947da62c","name":"urateam","component":"dashboard","msg":"DASHBOARD_BASE_PATH is not set. Navigation links will use root paths. Set DASHBOARD_BASE_PATH=/ateam (no trailing slash) if the dashboard is served under a path prefix via a reverse proxy."}
@urateam/dashboard:test: {"level":30,"time":"2026-05-26T22:47:07.523Z","pid":36623,"hostname":"95cf947da62c","name":"urateam","component":"dashboard","basePath":"/ateam","msg":"Dashboard base path configured"}
@urateam/dashboard:test: {"level":40,"time":"2026-05-26T22:47:07.541Z","pid":36623,"hostname":"95cf947da62c","name":"urateam","component":"dashboard","msg":"DASHBOARD_BASE_PATH is not set. Navigation links will use root paths. Set DASHBOARD_BASE_PATH=/ateam (no trailing slash) if the dashboard is served under a path prefix via a reverse proxy."}
@urateam/core:test: {"level":30,"time":"2026-05-26T22:47:07.545Z","pid":36948,"hostname":"95cf947da62c","name":"urateam","component":"PipelineRunner","issueId":"RG-6","pipeline":"auto-implement","msg":"start() called"}
@urateam/dashboard:test: {"level":30,"time":"2026-05-26T22:47:07.548Z","pid":36623,"hostname":"95cf947da62c","name":"urateam","component":"license","tier":"enterprise","customerId":"cust_test","expiresAt":"2026-05-27T22:47:07.000Z","msg":"license key validated"}
@urateam/core:test: {"level":30,"time":"2026-05-26T22:47:07.553Z","pid":36948,"hostname":"95cf947da62c","name":"urateam","component":"PipelineRunner","runId":"qrS3rmVhi7YeMDivrqkgc","issueId":"RG-6","branch":"agent/RG-6-ralph-gate-test-issue","msg":"inserting run into DB"}
@urateam/core:test: {"level":30,"time":"2026-05-26T22:47:07.555Z","pid":36948,"hostname":"95cf947da62c","name":"urateam","component":"PipelineRunner","runId":"qrS3rmVhi7YeMDivrqkgc","issueId":"RG-6","branch":"agent/RG-6-ralph-gate-test-issue","msg":"run queued"}
@urateam/core:test: {"level":30,"time":"2026-05-26T22:47:07.555Z","pid":36948,"hostname":"95cf947da62c","name":"urateam","component":"PipelineRunner","runId":"qrS3rmVhi7YeMDivrqkgc","issueId":"RG-6","msg":"executing pipeline"}
@urateam/core:test: {"level":30,"time":"2026-05-26T22:47:07.555Z","pid":36948,"hostname":"95cf947da62c","name":"urateam","component":"PipelineRunner","runId":"qrS3rmVhi7YeMDivrqkgc","issueId":"RG-6","msg":"notifying pipeline start"}
@urateam/core:test: {"level":30,"time":"2026-05-26T22:47:07.561Z","pid":36948,"hostname":"95cf947da62c","name":"urateam","component":"PipelineRunner","runId":"qrS3rmVhi7YeMDivrqkgc","issueId":"RG-6","repoUrl":"https://github.com/test/test-repo.git","repoDir":"/tmp/ralph-gate-repos/ralph-gate-test-issue","msg":"cloning repository"}
@urateam/core:test: {"level":30,"time":"2026-05-26T22:47:07.561Z","pid":36948,"hostname":"95cf947da62c","name":"urateam","component":"PipelineRunner","runId":"qrS3rmVhi7YeMDivrqkgc","issueId":"RG-6","msg":"clone complete, creating worktree"}
@urateam/core:test: {"level":30,"time":"2026-05-26T22:47:07.562Z","pid":36948,"hostname":"95cf947da62c","name":"urateam","component":"license","tier":"pro","customerId":"cust_test","expiresAt":"2026-05-27T22:47:07.000Z","msg":"license key validated"}
@urateam/core:test: {"level":30,"time":"2026-05-26T22:47:07.562Z","pid":36948,"hostname":"95cf947da62c","name":"urateam","component":"PipelineRunner","runId":"qrS3rmVhi7YeMDivrqkgc","issueId":"RG-6","worktreePath":"/tmp/ralph-gate-test-worktree","msg":"worktree created"}
@urateam/dashboard:test: {"level":40,"time":"2026-05-26T22:47:07.563Z","pid":36623,"hostname":"95cf947da62c","name":"urateam","component":"dashboard","msg":"DASHBOARD_BASE_PATH is not set. Navigation links will use root paths. Set DASHBOARD_BASE_PATH=/ateam (no trailing slash) if the dashboard is served under a path prefix via a reverse proxy."}
@urateam/dashboard:test: {"level":30,"time":"2026-05-26T22:47:07.564Z","pid":36623,"hostname":"95cf947da62c","name":"urateam","component":"license","tier":"enterprise","customerId":"cust_test","expiresAt":"2026-05-27T22:47:07.000Z","msg":"license key validated"}
@urateam/core:test: {"level":40,"time":"2026-05-26T22:47:07.568Z","pid":36948,"hostname":"95cf947da62c","name":"urateam","component":"PipelineRunner","err":{"type":"Error","message":"ENOENT: no such file or directory, open '/tmp/ralph-gate-test-worktree/CLAUDE.md'","stack":"Error: ENOENT: no such file or directory, open '/tmp/ralph-gate-test-worktree/CLAUDE.md'\n    at open (node:internal/fs/promises:639:25)\n    at writeFile (node:internal/fs/promises:1219:14)\n    at PipelineRunner.injectAgentConfig (/home/ura/data/runs/B7TEaqaYubzZqR2vcvyha/worktree/packages/core/src/pipeline/runner.ts:857:7)\n    at PipelineRunner.executePipeline (/home/ura/data/runs/B7TEaqaYubzZqR2vcvyha/worktree/packages/core/src/pipeline/runner.ts:1014:9)\n    at /home/ura/data/runs/B7TEaqaYubzZqR2vcvyha/worktree/packages/core/src/pipeline/runner.ts:409:9\n    at Object.enqueue (/home/ura/data/runs/B7TEaqaYubzZqR2vcvyha/worktree/packages/core/src/pipeline/queue.ts:33:16)","errno":-2,"code":"ENOENT","syscall":"open","path":"/tmp/ralph-gate-test-worktree/CLAUDE.md"},"msg":"failed to inject CLAUDE.md — agent will run without it"}
@urateam/core:test: {"level":30,"time":"2026-05-26T22:47:07.569Z","pid":36948,"hostname":"95cf947da62c","name":"urateam","component":"PipelineRunner","runId":"qrS3rmVhi7YeMDivrqkgc","issueId":"RG-6","languages":["typescript"],"frameworks":[],"buildSystems":["pnpm"],"msg":"tech stack detected"}
@urateam/core:test: {"level":30,"time":"2026-05-26T22:47:07.569Z","pid":36948,"hostname":"95cf947da62c","name":"urateam","component":"PipelineRunner","runId":"qrS3rmVhi7YeMDivrqkgc","issueId":"RG-6","stages":["implement","review"],"msg":"starting pipeline stages"}
@urateam/core:test: {"level":30,"time":"2026-05-26T22:47:07.569Z","pid":36948,"hostname":"95cf947da62c","name":"urateam","component":"PipelineRunner","runId":"qrS3rmVhi7YeMDivrqkgc","issueId":"RG-6","stage":"implement","msg":"executing stage"}
@urateam/dashboard:test: {"level":40,"time":"2026-05-26T22:47:07.572Z","pid":36623,"hostname":"95cf947da62c","name":"urateam","component":"dashboard","msg":"DASHBOARD_BASE_PATH is not set. Navigation links will use root paths. Set DASHBOARD_BASE_PATH=/ateam (no trailing slash) if the dashboard is served under a path prefix via a reverse proxy."}
@urateam/dashboard:test: {"level":30,"time":"2026-05-26T22:47:07.572Z","pid":36623,"hostname":"95cf947da62c","name":"urateam","component":"license","tier":"enterprise","customerId":"cust_test","expiresAt":"2026-05-27T22:47:07.000Z","msg":"license key validated"}
@urateam/core:test: {"level":30,"time":"2026-05-26T22:47:07.575Z","pid":36948,"hostname":"95cf947da62c","name":"urateam","component":"PipelineRunner","runId":"qrS3rmVhi7YeMDivrqkgc","issueId":"RG-6","stage":"review","msg":"executing stage"}
@urateam/dashboard:test: {"level":40,"time":"2026-05-26T22:47:07.575Z","pid":36623,"hostname":"95cf947da62c","name":"urateam","component":"dashboard","msg":"DASHBOARD_BASE_PATH is not set. Navigation links will use root paths. Set DASHBOARD_BASE_PATH=/ateam (no trailing slash) if the dashboard is served under a path prefix via a reverse proxy."}
@urateam/dashboard:test: {"level":30,"time":"2026-05-26T22:47:07.575Z","pid":36623,"hostname":"95cf947da62c","name":"urateam","component":"license","tier":"enterprise","customerId":"cust_test","expiresAt":"2026-05-27T22:47:07.000Z","msg":"license key validated"}
@urateam/dashboard:test: {"level":40,"time":"2026-05-26T22:47:07.580Z","pid":36623,"hostname":"95cf947da62c","name":"urateam","component":"dashboard","msg":"DASHBOARD_BASE_PATH is not set. Navigation links will use root paths. Set DASHBOARD_BASE_PATH=/ateam (no trailing slash) if the dashboard is served under a path prefix via a reverse proxy."}
@urateam/dashboard:test: {"level":30,"time":"2026-05-26T22:47:07.582Z","pid":36623,"hostname":"95cf947da62c","name":"urateam","component":"license","tier":"enterprise","customerId":"cust_test","expiresAt":"2026-05-27T22:47:07.000Z","msg":"license key validated"}
@urateam/core:test: {"level":30,"time":"2026-05-26T22:47:07.583Z","pid":36948,"hostname":"95cf947da62c","name":"urateam","component":"PipelineRunner","runId":"qrS3rmVhi7YeMDivrqkgc","issueId":"RG-6","drPass":1,"passLimit":1,"msg":"deep review: running review providers"}
@urateam/dashboard:test: {"level":40,"time":"2026-05-26T22:47:07.587Z","pid":36623,"hostname":"95cf947da62c","name":"urateam","component":"dashboard","msg":"DASHBOARD_BASE_PATH is not set. Navigation links will use root paths. Set DASHBOARD_BASE_PATH=/ateam (no trailing slash) if the dashboard is served under a path prefix via a reverse proxy."}
@urateam/core:test: {"level":40,"time":"2026-05-26T22:47:07.589Z","pid":36948,"hostname":"95cf947da62c","name":"urateam","component":"ReviewProvidersRunner","msg":"runReviewProviders called without stageRunId; skipping per-model persistence"}
@urateam/core:test: {"level":30,"time":"2026-05-26T22:47:07.589Z","pid":36948,"hostname":"95cf947da62c","name":"urateam","component":"PipelineRunner","runId":"qrS3rmVhi7YeMDivrqkgc","issueId":"RG-6","drPass":1,"findings":1,"previousFindings":null,"msg":"deep review: sub-agents complete"}
@urateam/core:test: {"level":30,"time":"2026-05-26T22:47:07.590Z","pid":36948,"hostname":"95cf947da62c","name":"urateam","component":"PipelineRunner","runId":"qrS3rmVhi7YeMDivrqkgc","issueId":"RG-6","drPass":1,"msg":"deep review: re-running implement stage"}
@urateam/dashboard:test: {"level":30,"time":"2026-05-26T22:47:07.591Z","pid":36623,"hostname":"95cf947da62c","name":"urateam","component":"license","tier":"enterprise","customerId":"cust_test","expiresAt":"2026-05-27T22:47:07.000Z","msg":"license key validated"}
@urateam/core:test: {"level":30,"time":"2026-05-26T22:47:07.596Z","pid":36948,"hostname":"95cf947da62c","name":"urateam","component":"PipelineRunner","runId":"qrS3rmVhi7YeMDivrqkgc","issueId":"RG-6","drPass":1,"msg":"deep review: re-running review stage"}
@urateam/core:test: {"level":30,"time":"2026-05-26T22:47:07.602Z","pid":36948,"hostname":"95cf947da62c","name":"urateam","component":"PipelineRunner","runId":"qrS3rmVhi7YeMDivrqkgc","issueId":"RG-6","drPass":1,"upgraded":1,"msg":"deep review: findings upgraded to blocking (Tier 3 deepReviewFindingsAreBlocking)"}
@urateam/core:test: {"level":40,"time":"2026-05-26T22:47:07.602Z","pid":36948,"hostname":"95cf947da62c","name":"urateam","component":"PipelineRunner","runId":"qrS3rmVhi7YeMDivrqkgc","issueId":"RG-6","diagnostic":{"passLimit":1,"finalPass":1,"finalFindingsCount":1,"reason":"pass-limit","findingsDiff":{"added":["src/feature.ts:25:quality:stringly-typed:Magic string used for status filter"],"removed":[],"common":[]},"diffStat":""},"runId":"qrS3rmVhi7YeMDivrqkgc","passLimit":1,"finalFindingsCount":1,"msg":"deep review: pass limit reached without convergence — review findings remain unresolved; consider increasing deepReviewPasses or investigating contradictory requirements"}
@urateam/core:test: {"level":30,"time":"2026-05-26T22:47:07.602Z","pid":36948,"hostname":"95cf947da62c","name":"urateam","component":"PipelineRunner","runId":"qrS3rmVhi7YeMDivrqkgc","issueId":"RG-6","msg":"typecheck-gate: passed"}
@urateam/core:test: {"level":30,"time":"2026-05-26T22:47:07.602Z","pid":36948,"hostname":"95cf947da62c","name":"urateam","component":"PipelineRunner","runId":"qrS3rmVhi7YeMDivrqkgc","issueId":"RG-6","defaultBranch":"main","msg":"push queue: rebasing before push"}
@urateam/core:test: {"level":30,"time":"2026-05-26T22:47:07.603Z","pid":36948,"hostname":"95cf947da62c","name":"urateam","component":"PipelineRunner","runId":"qrS3rmVhi7YeMDivrqkgc","issueId":"RG-6","msg":"creating PR via gh CLI"}
@urateam/core:test: {"level":30,"time":"2026-05-26T22:47:07.603Z","pid":36948,"hostname":"95cf947da62c","name":"urateam","component":"PipelineRunner","runId":"qrS3rmVhi7YeMDivrqkgc","issueId":"RG-6","prUrl":"https://github.com/test/repo/pull/42","msg":"PR created"}
@urateam/core:test: {"level":30,"time":"2026-05-26T22:47:07.603Z","pid":36948,"hostname":"95cf947da62c","name":"urateam","component":"PipelineRunner","runId":"qrS3rmVhi7YeMDivrqkgc","issueId":"RG-6","prUrl":"https://github.com/test/repo/pull/42","msg":"draft PR: adding review comments with gaps and next steps"}
@urateam/core:test: {"level":30,"time":"2026-05-26T22:47:07.608Z","pid":36948,"hostname":"95cf947da62c","name":"urateam","component":"PipelineRunner","runId":"qrS3rmVhi7YeMDivrqkgc","issueId":"RG-6","prUrl":"https://github.com/test/repo/pull/42","autoMerged":false,"autoCommitted":false,"totalInputTokens":1000,"totalOutputTokens":500,"msg":"pipeline completed"}
@urateam/dashboard:test:  ✓ src/__tests__/server.test.ts (35 tests) 468ms
@urateam/core:test: {"level":30,"time":"2026-05-26T22:47:07.653Z","pid":36948,"hostname":"95cf947da62c","name":"urateam","component":"PipelineRunner","issueId":"RG-7","pipeline":"auto-implement","msg":"start() called"}
@urateam/core:test: {"level":30,"time":"2026-05-26T22:47:07.653Z","pid":36948,"hostname":"95cf947da62c","name":"urateam","component":"PipelineRunner","runId":"4NJO_gH65o3s_KOBFBVq5","issueId":"RG-7","branch":"agent/RG-7-ralph-gate-test-issue","msg":"inserting run into DB"}
@urateam/core:test: {"level":30,"time":"2026-05-26T22:47:07.654Z","pid":36948,"hostname":"95cf947da62c","name":"urateam","component":"PipelineRunner","runId":"4NJO_gH65o3s_KOBFBVq5","issueId":"RG-7","branch":"agent/RG-7-ralph-gate-test-issue","msg":"run queued"}
@urateam/core:test: {"level":30,"time":"2026-05-26T22:47:07.654Z","pid":36948,"hostname":"95cf947da62c","name":"urateam","component":"PipelineRunner","runId":"4NJO_gH65o3s_KOBFBVq5","issueId":"RG-7","msg":"executing pipeline"}
@urateam/core:test: {"level":30,"time":"2026-05-26T22:47:07.661Z","pid":36948,"hostname":"95cf947da62c","name":"urateam","component":"PipelineRunner","runId":"4NJO_gH65o3s_KOBFBVq5","issueId":"RG-7","msg":"notifying pipeline start"}
@urateam/core:test: {"level":30,"time":"2026-05-26T22:47:07.661Z","pid":36948,"hostname":"95cf947da62c","name":"urateam","component":"PipelineRunner","runId":"4NJO_gH65o3s_KOBFBVq5","issueId":"RG-7","repoUrl":"https://github.com/test/test-repo.git","repoDir":"/tmp/ralph-gate-repos/ralph-gate-test-issue","msg":"cloning repository"}
@urateam/core:test: {"level":30,"time":"2026-05-26T22:47:07.661Z","pid":36948,"hostname":"95cf947da62c","name":"urateam","component":"PipelineRunner","runId":"4NJO_gH65o3s_KOBFBVq5","issueId":"RG-7","msg":"clone complete, creating worktree"}
@urateam/core:test: {"level":30,"time":"2026-05-26T22:47:07.661Z","pid":36948,"hostname":"95cf947da62c","name":"urateam","component":"license","tier":"pro","customerId":"cust_test","expiresAt":"2026-05-27T22:47:07.000Z","msg":"license key validated"}
@urateam/core:test: {"level":30,"time":"2026-05-26T22:47:07.661Z","pid":36948,"hostname":"95cf947da62c","name":"urateam","component":"PipelineRunner","runId":"4NJO_gH65o3s_KOBFBVq5","issueId":"RG-7","worktreePath":"/tmp/ralph-gate-test-worktree","msg":"worktree created"}
@urateam/core:test: {"level":40,"time":"2026-05-26T22:47:07.670Z","pid":36948,"hostname":"95cf947da62c","name":"urateam","component":"PipelineRunner","err":{"type":"Error","message":"ENOENT: no such file or directory, open '/tmp/ralph-gate-test-worktree/CLAUDE.md'","stack":"Error: ENOENT: no such file or directory, open '/tmp/ralph-gate-test-worktree/CLAUDE.md'\n    at open (node:internal/fs/promises:639:25)\n    at writeFile (node:internal/fs/promises:1219:14)\n    at PipelineRunner.injectAgentConfig (/home/ura/data/runs/B7TEaqaYubzZqR2vcvyha/worktree/packages/core/src/pipeline/runner.ts:857:7)\n    at PipelineRunner.executePipeline (/home/ura/data/runs/B7TEaqaYubzZqR2vcvyha/worktree/packages/core/src/pipeline/runner.ts:1014:9)\n    at /home/ura/data/runs/B7TEaqaYubzZqR2vcvyha/worktree/packages/core/src/pipeline/runner.ts:409:9\n    at Object.enqueue (/home/ura/data/runs/B7TEaqaYubzZqR2vcvyha/worktree/packages/core/src/pipeline/queue.ts:33:16)","errno":-2,"code":"ENOENT","syscall":"open","path":"/tmp/ralph-gate-test-worktree/CLAUDE.md"},"msg":"failed to inject CLAUDE.md — agent will run without it"}
@urateam/core:test: {"level":30,"time":"2026-05-26T22:47:07.671Z","pid":36948,"hostname":"95cf947da62c","name":"urateam","component":"PipelineRunner","runId":"4NJO_gH65o3s_KOBFBVq5","issueId":"RG-7","languages":["typescript"],"frameworks":[],"buildSystems":["pnpm"],"msg":"tech stack detected"}
@urateam/core:test: {"level":30,"time":"2026-05-26T22:47:07.671Z","pid":36948,"hostname":"95cf947da62c","name":"urateam","component":"PipelineRunner","runId":"4NJO_gH65o3s_KOBFBVq5","issueId":"RG-7","stages":["implement"],"msg":"starting pipeline stages"}
@urateam/core:test: {"level":30,"time":"2026-05-26T22:47:07.671Z","pid":36948,"hostname":"95cf947da62c","name":"urateam","component":"PipelineRunner","runId":"4NJO_gH65o3s_KOBFBVq5","issueId":"RG-7","stage":"implement","msg":"executing stage"}
@urateam/core:test: {"level":30,"time":"2026-05-26T22:47:07.679Z","pid":36948,"hostname":"95cf947da62c","name":"urateam","component":"ExtractHandoff","stage":"implement","msg":"building handoff from git diff"}
@urateam/core:test: {"level":30,"time":"2026-05-26T22:47:07.679Z","pid":36948,"hostname":"95cf947da62c","name":"urateam","component":"ExtractHandoff","stage":"implement","filesChanged":0,"msg":"handoff built"}
@urateam/core:test: {"level":30,"time":"2026-05-26T22:47:07.679Z","pid":36948,"hostname":"95cf947da62c","name":"urateam","component":"PipelineRunner","runId":"4NJO_gH65o3s_KOBFBVq5","issueId":"RG-7","iteration":1,"maxIterations":2,"msg":"RALPH: checking requirements"}
@urateam/core:test: {"level":30,"time":"2026-05-26T22:47:07.679Z","pid":36948,"hostname":"95cf947da62c","name":"urateam","component":"PipelineRunner","runId":"4NJO_gH65o3s_KOBFBVq5","issueId":"RG-7","iteration":1,"gaps":1,"suggestions":1,"msg":"RALPH: gaps found, re-running implement"}
@urateam/core:test: {"level":30,"time":"2026-05-26T22:47:07.682Z","pid":36948,"hostname":"95cf947da62c","name":"urateam","component":"ExtractHandoff","stage":"implement","msg":"building handoff from git diff"}
@urateam/core:test: {"level":30,"time":"2026-05-26T22:47:07.682Z","pid":36948,"hostname":"95cf947da62c","name":"urateam","component":"ExtractHandoff","stage":"implement","filesChanged":0,"msg":"handoff built"}
@urateam/core:test: {"level":30,"time":"2026-05-26T22:47:07.682Z","pid":36948,"hostname":"95cf947da62c","name":"urateam","component":"PipelineRunner","runId":"4NJO_gH65o3s_KOBFBVq5","issueId":"RG-7","iteration":2,"maxIterations":2,"msg":"RALPH: checking requirements"}
@urateam/core:test: {"level":40,"time":"2026-05-26T22:47:07.682Z","pid":36948,"hostname":"95cf947da62c","name":"urateam","component":"PipelineRunner","runId":"4NJO_gH65o3s_KOBFBVq5","issueId":"RG-7","iteration":2,"gaps":1,"msg":"RALPH: gaps remain after final check — skipping re-implement (no verification slot)"}
@urateam/core:test: {"level":40,"time":"2026-05-26T22:47:07.682Z","pid":36948,"hostname":"95cf947da62c","name":"urateam","component":"PipelineRunner","runId":"4NJO_gH65o3s_KOBFBVq5","issueId":"RG-7","gaps":1,"iterations":2,"msg":"RALPH: requirements NOT satisfied after all iterations — PR will be created as draft"}
@urateam/core:test: {"level":30,"time":"2026-05-26T22:47:07.683Z","pid":36948,"hostname":"95cf947da62c","name":"urateam","component":"PipelineRunner","runId":"4NJO_gH65o3s_KOBFBVq5","issueId":"RG-7","msg":"typecheck-gate: passed"}
@urateam/core:test: {"level":30,"time":"2026-05-26T22:47:07.683Z","pid":36948,"hostname":"95cf947da62c","name":"urateam","component":"PipelineRunner","runId":"4NJO_gH65o3s_KOBFBVq5","issueId":"RG-7","defaultBranch":"main","msg":"push queue: rebasing before push"}
@urateam/core:test: {"level":30,"time":"2026-05-26T22:47:07.685Z","pid":36948,"hostname":"95cf947da62c","name":"urateam","component":"PipelineRunner","runId":"4NJO_gH65o3s_KOBFBVq5","issueId":"RG-7","msg":"creating PR via gh CLI"}
@urateam/core:test: {"level":30,"time":"2026-05-26T22:47:07.685Z","pid":36948,"hostname":"95cf947da62c","name":"urateam","component":"PipelineRunner","runId":"4NJO_gH65o3s_KOBFBVq5","issueId":"RG-7","prUrl":"https://github.com/test/repo/pull/42","msg":"PR created"}
@urateam/core:test: {"level":30,"time":"2026-05-26T22:47:07.685Z","pid":36948,"hostname":"95cf947da62c","name":"urateam","component":"PipelineRunner","runId":"4NJO_gH65o3s_KOBFBVq5","issueId":"RG-7","prUrl":"https://github.com/test/repo/pull/42","msg":"draft PR: adding review comments with gaps and next steps"}
@urateam/core:test: {"level":30,"time":"2026-05-26T22:47:07.686Z","pid":36948,"hostname":"95cf947da62c","name":"urateam","component":"PipelineRunner","runId":"4NJO_gH65o3s_KOBFBVq5","issueId":"RG-7","prUrl":"https://github.com/test/repo/pull/42","autoMerged":false,"autoCommitted":false,"totalInputTokens":400,"totalOutputTokens":200,"msg":"pipeline completed"}
@urateam/core:test: {"level":30,"time":"2026-05-26T22:47:07.739Z","pid":36948,"hostname":"95cf947da62c","name":"urateam","component":"PipelineRunner","issueId":"RG-8","pipeline":"auto-implement","msg":"start() called"}
@urateam/core:test: {"level":30,"time":"2026-05-26T22:47:07.740Z","pid":36948,"hostname":"95cf947da62c","name":"urateam","component":"PipelineRunner","runId":"Nap-lrfrLQvQpMS33h2QZ","issueId":"RG-8","branch":"agent/RG-8-ralph-gate-test-issue","msg":"inserting run into DB"}
@urateam/core:test: {"level":30,"time":"2026-05-26T22:47:07.741Z","pid":36948,"hostname":"95cf947da62c","name":"urateam","component":"PipelineRunner","runId":"Nap-lrfrLQvQpMS33h2QZ","issueId":"RG-8","branch":"agent/RG-8-ralph-gate-test-issue","msg":"run queued"}
@urateam/core:test: {"level":30,"time":"2026-05-26T22:47:07.741Z","pid":36948,"hostname":"95cf947da62c","name":"urateam","component":"PipelineRunner","runId":"Nap-lrfrLQvQpMS33h2QZ","issueId":"RG-8","msg":"executing pipeline"}
@urateam/core:test: {"level":30,"time":"2026-05-26T22:47:07.741Z","pid":36948,"hostname":"95cf947da62c","name":"urateam","component":"PipelineRunner","runId":"Nap-lrfrLQvQpMS33h2QZ","issueId":"RG-8","msg":"notifying pipeline start"}
@urateam/core:test: {"level":30,"time":"2026-05-26T22:47:07.741Z","pid":36948,"hostname":"95cf947da62c","name":"urateam","component":"PipelineRunner","runId":"Nap-lrfrLQvQpMS33h2QZ","issueId":"RG-8","repoUrl":"https://github.com/test/test-repo.git","repoDir":"/tmp/ralph-gate-repos/ralph-gate-test-issue","msg":"cloning repository"}
@urateam/core:test: {"level":30,"time":"2026-05-26T22:47:07.741Z","pid":36948,"hostname":"95cf947da62c","name":"urateam","component":"PipelineRunner","runId":"Nap-lrfrLQvQpMS33h2QZ","issueId":"RG-8","msg":"clone complete, creating worktree"}
@urateam/core:test: {"level":30,"time":"2026-05-26T22:47:07.742Z","pid":36948,"hostname":"95cf947da62c","name":"urateam","component":"license","tier":"pro","customerId":"cust_test","expiresAt":"2026-05-27T22:47:07.000Z","msg":"license key validated"}
@urateam/core:test: {"level":30,"time":"2026-05-26T22:47:07.742Z","pid":36948,"hostname":"95cf947da62c","name":"urateam","component":"PipelineRunner","runId":"Nap-lrfrLQvQpMS33h2QZ","issueId":"RG-8","worktreePath":"/tmp/ralph-gate-test-worktree","msg":"worktree created"}
@urateam/core:test: {"level":40,"time":"2026-05-26T22:47:07.745Z","pid":36948,"hostname":"95cf947da62c","name":"urateam","component":"PipelineRunner","err":{"type":"Error","message":"ENOENT: no such file or directory, open '/tmp/ralph-gate-test-worktree/CLAUDE.md'","stack":"Error: ENOENT: no such file or directory, open '/tmp/ralph-gate-test-worktree/CLAUDE.md'\n    at open (node:internal/fs/promises:639:25)\n    at writeFile (node:internal/fs/promises:1219:14)\n    at PipelineRunner.injectAgentConfig (/home/ura/data/runs/B7TEaqaYubzZqR2vcvyha/worktree/packages/core/src/pipeline/runner.ts:857:7)\n    at PipelineRunner.executePipeline (/home/ura/data/runs/B7TEaqaYubzZqR2vcvyha/worktree/packages/core/src/pipeline/runner.ts:1014:9)\n    at /home/ura/data/runs/B7TEaqaYubzZqR2vcvyha/worktree/packages/core/src/pipeline/runner.ts:409:9\n    at Object.enqueue (/home/ura/data/runs/B7TEaqaYubzZqR2vcvyha/worktree/packages/core/src/pipeline/queue.ts:33:16)","errno":-2,"code":"ENOENT","syscall":"open","path":"/tmp/ralph-gate-test-worktree/CLAUDE.md"},"msg":"failed to inject CLAUDE.md — agent will run without it"}
@urateam/core:test: {"level":30,"time":"2026-05-26T22:47:07.746Z","pid":36948,"hostname":"95cf947da62c","name":"urateam","component":"PipelineRunner","runId":"Nap-lrfrLQvQpMS33h2QZ","issueId":"RG-8","languages":["typescript"],"frameworks":[],"buildSystems":["pnpm"],"msg":"tech stack detected"}
@urateam/core:test: {"level":30,"time":"2026-05-26T22:47:07.746Z","pid":36948,"hostname":"95cf947da62c","name":"urateam","component":"PipelineRunner","runId":"Nap-lrfrLQvQpMS33h2QZ","issueId":"RG-8","stages":["implement"],"msg":"starting pipeline stages"}
@urateam/core:test: {"level":30,"time":"2026-05-26T22:47:07.746Z","pid":36948,"hostname":"95cf947da62c","name":"urateam","component":"PipelineRunner","runId":"Nap-lrfrLQvQpMS33h2QZ","issueId":"RG-8","stage":"implement","msg":"executing stage"}
@urateam/core:test: {"level":30,"time":"2026-05-26T22:47:07.750Z","pid":36948,"hostname":"95cf947da62c","name":"urateam","component":"ExtractHandoff","stage":"implement","msg":"building handoff from git diff"}
@urateam/core:test: {"level":30,"time":"2026-05-26T22:47:07.750Z","pid":36948,"hostname":"95cf947da62c","name":"urateam","component":"ExtractHandoff","stage":"implement","filesChanged":0,"msg":"handoff built"}
@urateam/core:test: {"level":30,"time":"2026-05-26T22:47:07.750Z","pid":36948,"hostname":"95cf947da62c","name":"urateam","component":"PipelineRunner","runId":"Nap-lrfrLQvQpMS33h2QZ","issueId":"RG-8","iteration":1,"maxIterations":2,"msg":"RALPH: checking requirements"}
@urateam/core:test: {"level":30,"time":"2026-05-26T22:47:07.751Z","pid":36948,"hostname":"95cf947da62c","name":"urateam","component":"PipelineRunner","runId":"Nap-lrfrLQvQpMS33h2QZ","issueId":"RG-8","iteration":1,"gaps":2,"suggestions":2,"msg":"RALPH: gaps found, re-running implement"}
@urateam/core:test: {"level":30,"time":"2026-05-26T22:47:07.762Z","pid":36948,"hostname":"95cf947da62c","name":"urateam","component":"ExtractHandoff","stage":"implement","msg":"building handoff from git diff"}
@urateam/core:test: {"level":30,"time":"2026-05-26T22:47:07.762Z","pid":36948,"hostname":"95cf947da62c","name":"urateam","component":"ExtractHandoff","stage":"implement","filesChanged":0,"msg":"handoff built"}
@urateam/core:test: {"level":30,"time":"2026-05-26T22:47:07.763Z","pid":36948,"hostname":"95cf947da62c","name":"urateam","component":"PipelineRunner","runId":"Nap-lrfrLQvQpMS33h2QZ","issueId":"RG-8","iteration":2,"maxIterations":2,"msg":"RALPH: checking requirements"}
@urateam/core:test: {"level":40,"time":"2026-05-26T22:47:07.763Z","pid":36948,"hostname":"95cf947da62c","name":"urateam","component":"PipelineRunner","runId":"Nap-lrfrLQvQpMS33h2QZ","issueId":"RG-8","iteration":2,"gaps":2,"msg":"RALPH: gaps remain after final check — skipping re-implement (no verification slot)"}
@urateam/core:test: {"level":40,"time":"2026-05-26T22:47:07.763Z","pid":36948,"hostname":"95cf947da62c","name":"urateam","component":"PipelineRunner","runId":"Nap-lrfrLQvQpMS33h2QZ","issueId":"RG-8","gaps":2,"iterations":2,"msg":"RALPH: requirements NOT satisfied after all iterations — PR will be created as draft"}
@urateam/core:test: {"level":30,"time":"2026-05-26T22:47:07.763Z","pid":36948,"hostname":"95cf947da62c","name":"urateam","component":"PipelineRunner","runId":"Nap-lrfrLQvQpMS33h2QZ","issueId":"RG-8","msg":"typecheck-gate: passed"}
@urateam/core:test: {"level":30,"time":"2026-05-26T22:47:07.763Z","pid":36948,"hostname":"95cf947da62c","name":"urateam","component":"PipelineRunner","runId":"Nap-lrfrLQvQpMS33h2QZ","issueId":"RG-8","defaultBranch":"main","msg":"push queue: rebasing before push"}
@urateam/core:test: {"level":30,"time":"2026-05-26T22:47:07.765Z","pid":36948,"hostname":"95cf947da62c","name":"urateam","component":"PipelineRunner","runId":"Nap-lrfrLQvQpMS33h2QZ","issueId":"RG-8","msg":"creating PR via gh CLI"}
@urateam/core:test: {"level":30,"time":"2026-05-26T22:47:07.766Z","pid":36948,"hostname":"95cf947da62c","name":"urateam","component":"PipelineRunner","runId":"Nap-lrfrLQvQpMS33h2QZ","issueId":"RG-8","prUrl":"https://github.com/test/repo/pull/42","msg":"PR created"}
@urateam/core:test: {"level":30,"time":"2026-05-26T22:47:07.766Z","pid":36948,"hostname":"95cf947da62c","name":"urateam","component":"PipelineRunner","runId":"Nap-lrfrLQvQpMS33h2QZ","issueId":"RG-8","prUrl":"https://github.com/test/repo/pull/42","msg":"draft PR: adding review comments with gaps and next steps"}
@urateam/core:test: {"level":30,"time":"2026-05-26T22:47:07.766Z","pid":36948,"hostname":"95cf947da62c","name":"urateam","component":"PipelineRunner","runId":"Nap-lrfrLQvQpMS33h2QZ","issueId":"RG-8","prUrl":"https://github.com/test/repo/pull/42","autoMerged":false,"autoCommitted":false,"totalInputTokens":400,"totalOutputTokens":200,"msg":"pipeline completed"}
@urateam/core:test:  ✓ src/__tests__/ralph-gate.test.ts (8 tests) 990ms
@urateam/core:test: {"level":30,"time":"2026-05-26T22:47:09.028Z","pid":37054,"hostname":"95cf947da62c","name":"urateam","component":"PipelineRunner","issueId":"E2E-1","pipeline":"auto-implement","msg":"start() called"}
@urateam/core:test: {"level":30,"time":"2026-05-26T22:47:09.038Z","pid":37054,"hostname":"95cf947da62c","name":"urateam","component":"PipelineRunner","runId":"K55TXnanXVK_4O_6zseKx","issueId":"E2E-1","branch":"agent/E2E-1-add-user-search","msg":"inserting run into DB"}
@urateam/core:test: {"level":30,"time":"2026-05-26T22:47:09.046Z","pid":37054,"hostname":"95cf947da62c","name":"urateam","component":"PipelineRunner","runId":"K55TXnanXVK_4O_6zseKx","issueId":"E2E-1","branch":"agent/E2E-1-add-user-search","msg":"run queued"}
@urateam/core:test: {"level":30,"time":"2026-05-26T22:47:09.049Z","pid":37054,"hostname":"95cf947da62c","name":"urateam","component":"PipelineRunner","runId":"K55TXnanXVK_4O_6zseKx","issueId":"E2E-1","msg":"executing pipeline"}
@urateam/core:test: {"level":30,"time":"2026-05-26T22:47:09.062Z","pid":37054,"hostname":"95cf947da62c","name":"urateam","component":"PipelineRunner","runId":"K55TXnanXVK_4O_6zseKx","issueId":"E2E-1","msg":"notifying pipeline start"}
@urateam/core:test: {"level":30,"time":"2026-05-26T22:47:09.063Z","pid":37054,"hostname":"95cf947da62c","name":"urateam","component":"PipelineRunner","runId":"K55TXnanXVK_4O_6zseKx","issueId":"E2E-1","repoUrl":"https://github.com/test/test-repo.git","repoDir":"/tmp/e2e-repos/add-user-search","msg":"cloning repository"}
@urateam/core:test: {"level":30,"time":"2026-05-26T22:47:09.066Z","pid":37054,"hostname":"95cf947da62c","name":"urateam","component":"PipelineRunner","runId":"K55TXnanXVK_4O_6zseKx","issueId":"E2E-1","msg":"clone complete, creating worktree"}
@urateam/core:test: {"level":30,"time":"2026-05-26T22:47:09.068Z","pid":37054,"hostname":"95cf947da62c","name":"urateam","component":"license","tier":"oss","msg":"no license key set — running in OSS mode"}
@urateam/core:test: {"level":30,"time":"2026-05-26T22:47:09.070Z","pid":37054,"hostname":"95cf947da62c","name":"urateam","component":"PipelineRunner","runId":"K55TXnanXVK_4O_6zseKx","issueId":"E2E-1","worktreePath":"/tmp/e2e-test-worktree","msg":"worktree created"}
@urateam/core:test: {"level":40,"time":"2026-05-26T22:47:09.082Z","pid":37054,"hostname":"95cf947da62c","name":"urateam","component":"PipelineRunner","err":{"type":"Error","message":"ENOENT: no such file or directory, open '/tmp/e2e-test-worktree/CLAUDE.md'","stack":"Error: ENOENT: no such file or directory, open '/tmp/e2e-test-worktree/CLAUDE.md'\n    at open (node:internal/fs/promises:639:25)\n    at writeFile (node:internal/fs/promises:1219:14)\n    at PipelineRunner.injectAgentConfig (/home/ura/data/runs/B7TEaqaYubzZqR2vcvyha/worktree/packages/core/src/pipeline/runner.ts:857:7)\n    at PipelineRunner.executePipeline (/home/ura/data/runs/B7TEaqaYubzZqR2vcvyha/worktree/packages/core/src/pipeline/runner.ts:1014:9)\n    at /home/ura/data/runs/B7TEaqaYubzZqR2vcvyha/worktree/packages/core/src/pipeline/runner.ts:409:9\n    at Object.enqueue (/home/ura/data/runs/B7TEaqaYubzZqR2vcvyha/worktree/packages/core/src/pipeline/queue.ts:33:16)","errno":-2,"code":"ENOENT","syscall":"open","path":"/tmp/e2e-test-worktree/CLAUDE.md"},"msg":"failed to inject CLAUDE.md — agent will run without it"}
@urateam/core:test: {"level":30,"time":"2026-05-26T22:47:09.112Z","pid":37054,"hostname":"95cf947da62c","name":"urateam","component":"PipelineRunner","runId":"K55TXnanXVK_4O_6zseKx","issueId":"E2E-1","languages":["typescript"],"frameworks":[],"buildSystems":["pnpm"],"msg":"tech stack detected"}
@urateam/core:test: {"level":30,"time":"2026-05-26T22:47:09.113Z","pid":37054,"hostname":"95cf947da62c","name":"urateam","component":"PipelineRunner","runId":"K55TXnanXVK_4O_6zseKx","issueId":"E2E-1","stages":["triage","implement"],"msg":"starting pipeline stages"}
@urateam/core:test: {"level":30,"time":"2026-05-26T22:47:09.113Z","pid":37054,"hostname":"95cf947da62c","name":"urateam","component":"PipelineRunner","runId":"K55TXnanXVK_4O_6zseKx","issueId":"E2E-1","stage":"triage","msg":"executing stage"}
@urateam/core:test: {"level":30,"time":"2026-05-26T22:47:09.120Z","pid":37054,"hostname":"95cf947da62c","name":"urateam","component":"PipelineRunner","runId":"K55TXnanXVK_4O_6zseKx","issueId":"E2E-1","stage":"implement","msg":"executing stage"}
@urateam/core:test: {"level":40,"time":"2026-05-26T22:47:09.138Z","pid":37054,"hostname":"95cf947da62c","name":"urateam","component":"PipelineRunner","runId":"K55TXnanXVK_4O_6zseKx","issueId":"E2E-1","excerpt":[],"outputPrefix":"","msg":"typecheck-gate: non-zero exit with no parseable TS errors — treating as setup issue and continuing"}
@urateam/core:test: {"level":30,"time":"2026-05-26T22:47:09.143Z","pid":37054,"hostname":"95cf947da62c","name":"urateam","component":"PipelineRunner","runId":"K55TXnanXVK_4O_6zseKx","issueId":"E2E-1","defaultBranch":"main","msg":"push queue: rebasing before push"}
@urateam/core:test: {"level":30,"time":"2026-05-26T22:47:09.143Z","pid":37054,"hostname":"95cf947da62c","name":"urateam","component":"PipelineRunner","runId":"K55TXnanXVK_4O_6zseKx","issueId":"E2E-1","branch":"agent/E2E-1-add-user-search","rebaseConflict":false,"msg":"push queue: force-with-lease push (agent branch or rebase conflict)"}
@urateam/core:test: {"level":30,"time":"2026-05-26T22:47:09.147Z","pid":37054,"hostname":"95cf947da62c","name":"urateam","component":"PipelineRunner","runId":"K55TXnanXVK_4O_6zseKx","issueId":"E2E-1","msg":"creating PR via gh CLI"}
@urateam/core:test: {"level":30,"time":"2026-05-26T22:47:09.147Z","pid":37054,"hostname":"95cf947da62c","name":"urateam","component":"PipelineRunner","runId":"K55TXnanXVK_4O_6zseKx","issueId":"E2E-1","prUrl":"https://github.com/test/repo/pull/42","msg":"PR created"}
@urateam/core:test: {"level":30,"time":"2026-05-26T22:47:09.151Z","pid":37054,"hostname":"95cf947da62c","name":"urateam","component":"PipelineRunner","runId":"K55TXnanXVK_4O_6zseKx","issueId":"E2E-1","prUrl":"https://github.com/test/repo/pull/42","autoMerged":false,"autoCommitted":false,"totalInputTokens":400,"totalOutputTokens":200,"msg":"pipeline completed"}
@urateam/core:test: {"level":50,"time":"2026-05-26T22:47:09.234Z","pid":37054,"hostname":"95cf947da62c","name":"urateam","component":"WebhookHandler","teamId":"team-unknown","projectId":"none","issueId":"E2E-99","msg":"no repo mapping for team — set REPO_TEAM_ID + REPO_URL in .env (ura dev / ura start) or check repos.config.ts (ura run); the team UUID logged here must match"}
@urateam/core:test: {"level":30,"time":"2026-05-26T22:47:09.271Z","pid":37054,"hostname":"95cf947da62c","name":"urateam","component":"PipelineRunner","issueId":"E2E-1","pipeline":"auto-implement","msg":"start() called"}
@urateam/core:test: {"level":30,"time":"2026-05-26T22:47:09.272Z","pid":37054,"hostname":"95cf947da62c","name":"urateam","component":"PipelineRunner","runId":"bcAKqjn9MCFXPUAACjjW3","issueId":"E2E-1","branch":"agent/E2E-1-add-user-search","msg":"inserting run into DB"}
@urateam/core:test: {"level":30,"time":"2026-05-26T22:47:09.277Z","pid":37054,"hostname":"95cf947da62c","name":"urateam","component":"PipelineRunner","runId":"bcAKqjn9MCFXPUAACjjW3","issueId":"E2E-1","branch":"agent/E2E-1-add-user-search","msg":"run queued"}
@urateam/core:test: {"level":30,"time":"2026-05-26T22:47:09.277Z","pid":37054,"hostname":"95cf947da62c","name":"urateam","component":"PipelineRunner","runId":"bcAKqjn9MCFXPUAACjjW3","issueId":"E2E-1","msg":"executing pipeline"}
@urateam/core:test: {"level":30,"time":"2026-05-26T22:47:09.277Z","pid":37054,"hostname":"95cf947da62c","name":"urateam","component":"PipelineRunner","runId":"bcAKqjn9MCFXPUAACjjW3","issueId":"E2E-1","msg":"notifying pipeline start"}
@urateam/core:test: {"level":30,"time":"2026-05-26T22:47:09.277Z","pid":37054,"hostname":"95cf947da62c","name":"urateam","component":"PipelineRunner","runId":"bcAKqjn9MCFXPUAACjjW3","issueId":"E2E-1","repoUrl":"https://github.com/test/test-repo.git","repoDir":"/tmp/e2e-repos/add-user-search","msg":"cloning repository"}
@urateam/core:test: {"level":30,"time":"2026-05-26T22:47:09.277Z","pid":37054,"hostname":"95cf947da62c","name":"urateam","component":"PipelineRunner","runId":"bcAKqjn9MCFXPUAACjjW3","issueId":"E2E-1","msg":"clone complete, creating worktree"}
@urateam/core:test: {"level":30,"time":"2026-05-26T22:47:09.278Z","pid":37054,"hostname":"95cf947da62c","name":"urateam","component":"PipelineRunner","runId":"bcAKqjn9MCFXPUAACjjW3","issueId":"E2E-1","worktreePath":"/tmp/e2e-test-worktree","msg":"worktree created"}
@urateam/core:test: {"level":40,"time":"2026-05-26T22:47:09.292Z","pid":37054,"hostname":"95cf947da62c","name":"urateam","component":"PipelineRunner","err":{"type":"Error","message":"ENOENT: no such file or directory, open '/tmp/e2e-test-worktree/CLAUDE.md'","stack":"Error: ENOENT: no such file or directory, open '/tmp/e2e-test-worktree/CLAUDE.md'\n    at open (node:internal/fs/promises:639:25)\n    at writeFile (node:internal/fs/promises:1219:14)\n    at PipelineRunner.injectAgentConfig (/home/ura/data/runs/B7TEaqaYubzZqR2vcvyha/worktree/packages/core/src/pipeline/runner.ts:857:7)\n    at PipelineRunner.executePipeline (/home/ura/data/runs/B7TEaqaYubzZqR2vcvyha/worktree/packages/core/src/pipeline/runner.ts:1014:9)\n    at /home/ura/data/runs/B7TEaqaYubzZqR2vcvyha/worktree/packages/core/src/pipeline/runner.ts:409:9\n    at Object.enqueue (/home/ura/data/runs/B7TEaqaYubzZqR2vcvyha/worktree/packages/core/src/pipeline/queue.ts:33:16)","errno":-2,"code":"ENOENT","syscall":"open","path":"/tmp/e2e-test-worktree/CLAUDE.md"},"msg":"failed to inject CLAUDE.md — agent will run without it"}
@urateam/core:test: {"level":30,"time":"2026-05-26T22:47:09.297Z","pid":37054,"hostname":"95cf947da62c","name":"urateam","component":"PipelineRunner","runId":"bcAKqjn9MCFXPUAACjjW3","issueId":"E2E-1","languages":["typescript"],"frameworks":[],"buildSystems":["pnpm"],"msg":"tech stack detected"}
@urateam/core:test: {"level":30,"time":"2026-05-26T22:47:09.297Z","pid":37054,"hostname":"95cf947da62c","name":"urateam","component":"PipelineRunner","runId":"bcAKqjn9MCFXPUAACjjW3","issueId":"E2E-1","stages":["triage","implement"],"msg":"starting pipeline stages"}
@urateam/core:test: {"level":30,"time":"2026-05-26T22:47:09.298Z","pid":37054,"hostname":"95cf947da62c","name":"urateam","component":"PipelineRunner","runId":"bcAKqjn9MCFXPUAACjjW3","issueId":"E2E-1","stage":"triage","msg":"executing stage"}
@urateam/core:test: {"level":30,"time":"2026-05-26T22:47:09.302Z","pid":37054,"hostname":"95cf947da62c","name":"urateam","component":"PipelineRunner","runId":"bcAKqjn9MCFXPUAACjjW3","issueId":"E2E-1","stage":"implement","msg":"executing stage"}
@urateam/core:test: {"level":40,"time":"2026-05-26T22:47:09.314Z","pid":37054,"hostname":"95cf947da62c","name":"urateam","component":"PipelineRunner","runId":"bcAKqjn9MCFXPUAACjjW3","issueId":"E2E-1","excerpt":[],"outputPrefix":"","msg":"typecheck-gate: non-zero exit with no parseable TS errors — treating as setup issue and continuing"}
@urateam/core:test: {"level":30,"time":"2026-05-26T22:47:09.316Z","pid":37054,"hostname":"95cf947da62c","name":"urateam","component":"PipelineRunner","runId":"bcAKqjn9MCFXPUAACjjW3","issueId":"E2E-1","defaultBranch":"main","msg":"push queue: rebasing before push"}
@urateam/core:test: {"level":30,"time":"2026-05-26T22:47:09.316Z","pid":37054,"hostname":"95cf947da62c","name":"urateam","component":"PipelineRunner","runId":"bcAKqjn9MCFXPUAACjjW3","issueId":"E2E-1","branch":"agent/E2E-1-add-user-search","rebaseConflict":false,"msg":"push queue: force-with-lease push (agent branch or rebase conflict)"}
@urateam/core:test: {"level":30,"time":"2026-05-26T22:47:09.317Z","pid":37054,"hostname":"95cf947da62c","name":"urateam","component":"PipelineRunner","runId":"bcAKqjn9MCFXPUAACjjW3","issueId":"E2E-1","msg":"creating PR via gh CLI"}
@urateam/core:test: {"level":30,"time":"2026-05-26T22:47:09.317Z","pid":37054,"hostname":"95cf947da62c","name":"urateam","component":"PipelineRunner","runId":"bcAKqjn9MCFXPUAACjjW3","issueId":"E2E-1","prUrl":"https://github.com/test/repo/pull/42","msg":"PR created"}
@urateam/core:test: {"level":30,"time":"2026-05-26T22:47:09.319Z","pid":37054,"hostname":"95cf947da62c","name":"urateam","component":"PipelineRunner","runId":"bcAKqjn9MCFXPUAACjjW3","issueId":"E2E-1","prUrl":"https://github.com/test/repo/pull/42","autoMerged":false,"autoCommitted":false,"totalInputTokens":400,"totalOutputTokens":200,"msg":"pipeline completed"}
@urateam/core:test: {"level":30,"time":"2026-05-26T22:47:09.366Z","pid":37054,"hostname":"95cf947da62c","name":"urateam","component":"PipelineRunner","issueId":"E2E-1","pipeline":"auto-implement","msg":"start() called"}
@urateam/core:test: {"level":30,"time":"2026-05-26T22:47:09.366Z","pid":37054,"hostname":"95cf947da62c","name":"urateam","component":"PipelineRunner","runId":"0oDoRc9ayCOwyu2nqE-rZ","issueId":"E2E-1","branch":"agent/E2E-1-add-user-search","msg":"inserting run into DB"}
@urateam/core:test: {"level":30,"time":"2026-05-26T22:47:09.367Z","pid":37054,"hostname":"95cf947da62c","name":"urateam","component":"PipelineRunner","runId":"0oDoRc9ayCOwyu2nqE-rZ","issueId":"E2E-1","branch":"agent/E2E-1-add-user-search","msg":"run queued"}
@urateam/core:test: {"level":30,"time":"2026-05-26T22:47:09.367Z","pid":37054,"hostname":"95cf947da62c","name":"urateam","component":"PipelineRunner","runId":"0oDoRc9ayCOwyu2nqE-rZ","issueId":"E2E-1","msg":"executing pipeline"}
@urateam/core:test: {"level":30,"time":"2026-05-26T22:47:09.372Z","pid":37054,"hostname":"95cf947da62c","name":"urateam","component":"PipelineRunner","runId":"0oDoRc9ayCOwyu2nqE-rZ","issueId":"E2E-1","msg":"notifying pipeline start"}
@urateam/core:test: {"level":30,"time":"2026-05-26T22:47:09.372Z","pid":37054,"hostname":"95cf947da62c","name":"urateam","component":"PipelineRunner","runId":"0oDoRc9ayCOwyu2nqE-rZ","issueId":"E2E-1","repoUrl":"https://github.com/test/test-repo.git","repoDir":"/tmp/e2e-repos/add-user-search","msg":"cloning repository"}
@urateam/core:test: {"level":30,"time":"2026-05-26T22:47:09.372Z","pid":37054,"hostname":"95cf947da62c","name":"urateam","component":"PipelineRunner","runId":"0oDoRc9ayCOwyu2nqE-rZ","issueId":"E2E-1","msg":"clone complete, creating worktree"}
@urateam/core:test: {"level":30,"time":"2026-05-26T22:47:09.372Z","pid":37054,"hostname":"95cf947da62c","name":"urateam","component":"PipelineRunner","runId":"0oDoRc9ayCOwyu2nqE-rZ","issueId":"E2E-1","worktreePath":"/tmp/e2e-test-worktree","msg":"worktree created"}
@urateam/core:test: {"level":40,"time":"2026-05-26T22:47:09.373Z","pid":37054,"hostname":"95cf947da62c","name":"urateam","component":"PipelineRunner","err":{"type":"Error","message":"ENOENT: no such file or directory, open '/tmp/e2e-test-worktree/CLAUDE.md'","stack":"Error: ENOENT: no such file or directory, open '/tmp/e2e-test-worktree/CLAUDE.md'\n    at open (node:internal/fs/promises:639:25)\n    at writeFile (node:internal/fs/promises:1219:14)\n    at PipelineRunner.injectAgentConfig (/home/ura/data/runs/B7TEaqaYubzZqR2vcvyha/worktree/packages/core/src/pipeline/runner.ts:857:7)\n    at PipelineRunner.executePipeline (/home/ura/data/runs/B7TEaqaYubzZqR2vcvyha/worktree/packages/core/src/pipeline/runner.ts:1014:9)\n    at /home/ura/data/runs/B7TEaqaYubzZqR2vcvyha/worktree/packages/core/src/pipeline/runner.ts:409:9\n    at Object.enqueue (/home/ura/data/runs/B7TEaqaYubzZqR2vcvyha/worktree/packages/core/src/pipeline/queue.ts:33:16)","errno":-2,"code":"ENOENT","syscall":"open","path":"/tmp/e2e-test-worktree/CLAUDE.md"},"msg":"failed to inject CLAUDE.md — agent will run without it"}
@urateam/core:test: {"level":30,"time":"2026-05-26T22:47:09.375Z","pid":37054,"hostname":"95cf947da62c","name":"urateam","component":"PipelineRunner","runId":"0oDoRc9ayCOwyu2nqE-rZ","issueId":"E2E-1","languages":["typescript"],"frameworks":[],"buildSystems":["pnpm"],"msg":"tech stack detected"}
@urateam/core:test: {"level":30,"time":"2026-05-26T22:47:09.376Z","pid":37054,"hostname":"95cf947da62c","name":"urateam","component":"PipelineRunner","runId":"0oDoRc9ayCOwyu2nqE-rZ","issueId":"E2E-1","stages":["triage","implement"],"msg":"starting pipeline stages"}
@urateam/core:test: {"level":30,"time":"2026-05-26T22:47:09.376Z","pid":37054,"hostname":"95cf947da62c","name":"urateam","component":"PipelineRunner","runId":"0oDoRc9ayCOwyu2nqE-rZ","issueId":"E2E-1","stage":"triage","msg":"executing stage"}
@urateam/core:test: {"level":30,"time":"2026-05-26T22:47:09.383Z","pid":37054,"hostname":"95cf947da62c","name":"urateam","component":"PipelineRunner","runId":"0oDoRc9ayCOwyu2nqE-rZ","issueId":"E2E-1","stage":"implement","msg":"executing stage"}
@urateam/core:test: {"level":40,"time":"2026-05-26T22:47:09.397Z","pid":37054,"hostname":"95cf947da62c","name":"urateam","component":"PipelineRunner","runId":"0oDoRc9ayCOwyu2nqE-rZ","issueId":"E2E-1","excerpt":[],"outputPrefix":"","msg":"typecheck-gate: non-zero exit with no parseable TS errors — treating as setup issue and continuing"}
@urateam/core:test: {"level":30,"time":"2026-05-26T22:47:09.398Z","pid":37054,"hostname":"95cf947da62c","name":"urateam","component":"PipelineRunner","runId":"0oDoRc9ayCOwyu2nqE-rZ","issueId":"E2E-1","defaultBranch":"main","msg":"push queue: rebasing before push"}
@urateam/core:test: {"level":30,"time":"2026-05-26T22:47:09.398Z","pid":37054,"hostname":"95cf947da62c","name":"urateam","component":"PipelineRunner","runId":"0oDoRc9ayCOwyu2nqE-rZ","issueId":"E2E-1","branch":"agent/E2E-1-add-user-search","rebaseConflict":false,"msg":"push queue: force-with-lease push (agent branch or rebase conflict)"}
@urateam/core:test: {"level":30,"time":"2026-05-26T22:47:09.402Z","pid":37054,"hostname":"95cf947da62c","name":"urateam","component":"PipelineRunner","runId":"0oDoRc9ayCOwyu2nqE-rZ","issueId":"E2E-1","msg":"creating PR via gh CLI"}
@urateam/core:test: {"level":30,"time":"2026-05-26T22:47:09.403Z","pid":37054,"hostname":"95cf947da62c","name":"urateam","component":"PipelineRunner","runId":"0oDoRc9ayCOwyu2nqE-rZ","issueId":"E2E-1","prUrl":"https://github.com/test/repo/pull/42","msg":"PR created"}
@urateam/core:test: {"level":30,"time":"2026-05-26T22:47:09.403Z","pid":37054,"hostname":"95cf947da62c","name":"urateam","component":"PipelineRunner","runId":"0oDoRc9ayCOwyu2nqE-rZ","issueId":"E2E-1","prUrl":"https://github.com/test/repo/pull/42","autoMerged":false,"autoCommitted":false,"totalInputTokens":400,"totalOutputTokens":200,"msg":"pipeline completed"}
@urateam/core:test: {"level":30,"time":"2026-05-26T22:47:09.452Z","pid":37054,"hostname":"95cf947da62c","name":"urateam","component":"PipelineRunner","issueId":"E2E-1","pipeline":"auto-implement","msg":"start() called"}
@urateam/core:test: {"level":30,"time":"2026-05-26T22:47:09.454Z","pid":37054,"hostname":"95cf947da62c","name":"urateam","component":"PipelineRunner","runId":"64zGw99E3Xkabq0DPwlrU","issueId":"E2E-1","branch":"agent/E2E-1-add-user-search","msg":"inserting run into DB"}
@urateam/core:test: {"level":30,"time":"2026-05-26T22:47:09.455Z","pid":37054,"hostname":"95cf947da62c","name":"urateam","component":"PipelineRunner","runId":"64zGw99E3Xkabq0DPwlrU","issueId":"E2E-1","branch":"agent/E2E-1-add-user-search","msg":"run queued"}
@urateam/core:test: {"level":30,"time":"2026-05-26T22:47:09.455Z","pid":37054,"hostname":"95cf947da62c","name":"urateam","component":"PipelineRunner","runId":"64zGw99E3Xkabq0DPwlrU","issueId":"E2E-1","msg":"executing pipeline"}
@urateam/core:test: {"level":30,"time":"2026-05-26T22:47:09.455Z","pid":37054,"hostname":"95cf947da62c","name":"urateam","component":"PipelineRunner","runId":"64zGw99E3Xkabq0DPwlrU","issueId":"E2E-1","msg":"notifying pipeline start"}
@urateam/core:test: {"level":30,"time":"2026-05-26T22:47:09.455Z","pid":37054,"hostname":"95cf947da62c","name":"urateam","component":"PipelineRunner","runId":"64zGw99E3Xkabq0DPwlrU","issueId":"E2E-1","repoUrl":"https://github.com/test/test-repo.git","repoDir":"/tmp/e2e-repos/add-user-search","msg":"cloning repository"}
@urateam/core:test: {"level":30,"time":"2026-05-26T22:47:09.455Z","pid":37054,"hostname":"95cf947da62c","name":"urateam","component":"PipelineRunner","runId":"64zGw99E3Xkabq0DPwlrU","issueId":"E2E-1","msg":"clone complete, creating worktree"}
@urateam/core:test: {"level":30,"time":"2026-05-26T22:47:09.455Z","pid":37054,"hostname":"95cf947da62c","name":"urateam","component":"PipelineRunner","runId":"64zGw99E3Xkabq0DPwlrU","issueId":"E2E-1","worktreePath":"/tmp/e2e-test-worktree","msg":"worktree created"}
@urateam/core:test: {"level":40,"time":"2026-05-26T22:47:09.461Z","pid":37054,"hostname":"95cf947da62c","name":"urateam","component":"PipelineRunner","err":{"type":"Error","message":"ENOENT: no such file or directory, open '/tmp/e2e-test-worktree/CLAUDE.md'","stack":"Error: ENOENT: no such file or directory, open '/tmp/e2e-test-worktree/CLAUDE.md'\n    at open (node:internal/fs/promises:639:25)\n    at writeFile (node:internal/fs/promises:1219:14)\n    at PipelineRunner.injectAgentConfig (/home/ura/data/runs/B7TEaqaYubzZqR2vcvyha/worktree/packages/core/src/pipeline/runner.ts:857:7)\n    at PipelineRunner.executePipeline (/home/ura/data/runs/B7TEaqaYubzZqR2vcvyha/worktree/packages/core/src/pipeline/runner.ts:1014:9)\n    at /home/ura/data/runs/B7TEaqaYubzZqR2vcvyha/worktree/packages/core/src/pipeline/runner.ts:409:9\n    at Object.enqueue (/home/ura/data/runs/B7TEaqaYubzZqR2vcvyha/worktree/packages/core/src/pipeline/queue.ts:33:16)","errno":-2,"code":"ENOENT","syscall":"open","path":"/tmp/e2e-test-worktree/CLAUDE.md"},"msg":"failed to inject CLAUDE.md — agent will run without it"}
@urateam/core:test: {"level":30,"time":"2026-05-26T22:47:09.461Z","pid":37054,"hostname":"95cf947da62c","name":"urateam","component":"PipelineRunner","runId":"64zGw99E3Xkabq0DPwlrU","issueId":"E2E-1","languages":["typescript"],"frameworks":[],"buildSystems":["pnpm"],"msg":"tech stack detected"}
@urateam/core:test: {"level":30,"time":"2026-05-26T22:47:09.461Z","pid":37054,"hostname":"95cf947da62c","name":"urateam","component":"PipelineRunner","runId":"64zGw99E3Xkabq0DPwlrU","issueId":"E2E-1","stages":["triage","implement"],"msg":"starting pipeline stages"}
@urateam/core:test: {"level":30,"time":"2026-05-26T22:47:09.462Z","pid":37054,"hostname":"95cf947da62c","name":"urateam","component":"PipelineRunner","runId":"64zGw99E3Xkabq0DPwlrU","issueId":"E2E-1","stage":"triage","msg":"executing stage"}
@urateam/core:test: {"level":30,"time":"2026-05-26T22:47:09.474Z","pid":37054,"hostname":"95cf947da62c","name":"urateam","component":"PipelineRunner","runId":"64zGw99E3Xkabq0DPwlrU","issueId":"E2E-1","stage":"implement","msg":"executing stage"}
@urateam/core:test: {"level":40,"time":"2026-05-26T22:47:09.485Z","pid":37054,"hostname":"95cf947da62c","name":"urateam","component":"PipelineRunner","runId":"64zGw99E3Xkabq0DPwlrU","issueId":"E2E-1","excerpt":[],"outputPrefix":"","msg":"typecheck-gate: non-zero exit with no parseable TS errors — treating as setup issue and continuing"}
@urateam/core:test: {"level":30,"time":"2026-05-26T22:47:09.487Z","pid":37054,"hostname":"95cf947da62c","name":"urateam","component":"PipelineRunner","runId":"64zGw99E3Xkabq0DPwlrU","issueId":"E2E-1","defaultBranch":"main","msg":"push queue: rebasing before push"}
@urateam/core:test: {"level":30,"time":"2026-05-26T22:47:09.487Z","pid":37054,"hostname":"95cf947da62c","name":"urateam","component":"PipelineRunner","runId":"64zGw99E3Xkabq0DPwlrU","issueId":"E2E-1","branch":"agent/E2E-1-add-user-search","rebaseConflict":false,"msg":"push queue: force-with-lease push (agent branch or rebase conflict)"}
@urateam/core:test: {"level":30,"time":"2026-05-26T22:47:09.491Z","pid":37054,"hostname":"95cf947da62c","name":"urateam","component":"PipelineRunner","runId":"64zGw99E3Xkabq0DPwlrU","issueId":"E2E-1","msg":"creating PR via gh CLI"}
@urateam/core:test: {"level":30,"time":"2026-05-26T22:47:09.491Z","pid":37054,"hostname":"95cf947da62c","name":"urateam","component":"PipelineRunner","runId":"64zGw99E3Xkabq0DPwlrU","issueId":"E2E-1","prUrl":"https://github.com/test/repo/pull/42","msg":"PR created"}
@urateam/core:test: {"level":30,"time":"2026-05-26T22:47:09.492Z","pid":37054,"hostname":"95cf947da62c","name":"urateam","component":"PipelineRunner","runId":"64zGw99E3Xkabq0DPwlrU","issueId":"E2E-1","prUrl":"https://github.com/test/repo/pull/42","autoMerged":false,"autoCommitted":false,"totalInputTokens":400,"totalOutputTokens":200,"msg":"pipeline completed"}
@urateam/core:test: {"level":30,"time":"2026-05-26T22:47:09.541Z","pid":37054,"hostname":"95cf947da62c","name":"urateam","component":"PipelineRunner","issueId":"E2E-1","pipeline":"auto-implement","msg":"start() called"}
@urateam/core:test: {"level":30,"time":"2026-05-26T22:47:09.544Z","pid":37054,"hostname":"95cf947da62c","name":"urateam","component":"PipelineRunner","runId":"7cGXmll_qy7NqfhG5ZbZA","issueId":"E2E-1","branch":"agent/E2E-1-add-user-search","msg":"inserting run into DB"}
@urateam/core:test: {"level":30,"time":"2026-05-26T22:47:09.544Z","pid":37054,"hostname":"95cf947da62c","name":"urateam","component":"PipelineRunner","runId":"7cGXmll_qy7NqfhG5ZbZA","issueId":"E2E-1","branch":"agent/E2E-1-add-user-search","msg":"run queued"}
@urateam/core:test: {"level":30,"time":"2026-05-26T22:47:09.546Z","pid":37054,"hostname":"95cf947da62c","name":"urateam","component":"PipelineRunner","runId":"7cGXmll_qy7NqfhG5ZbZA","issueId":"E2E-1","msg":"executing pipeline"}
@urateam/core:test: {"level":30,"time":"2026-05-26T22:47:09.547Z","pid":37054,"hostname":"95cf947da62c","name":"urateam","component":"PipelineRunner","runId":"7cGXmll_qy7NqfhG5ZbZA","issueId":"E2E-1","msg":"notifying pipeline start"}
@urateam/core:test: {"level":30,"time":"2026-05-26T22:47:09.547Z","pid":37054,"hostname":"95cf947da62c","name":"urateam","component":"PipelineRunner","runId":"7cGXmll_qy7NqfhG5ZbZA","issueId":"E2E-1","repoUrl":"https://github.com/test/test-repo.git","repoDir":"/tmp/e2e-repos/add-user-search","msg":"cloning repository"}
@urateam/core:test: {"level":30,"time":"2026-05-26T22:47:09.547Z","pid":37054,"hostname":"95cf947da62c","name":"urateam","component":"PipelineRunner","runId":"7cGXmll_qy7NqfhG5ZbZA","issueId":"E2E-1","msg":"clone complete, creating worktree"}
@urateam/core:test: {"level":30,"time":"2026-05-26T22:47:09.547Z","pid":37054,"hostname":"95cf947da62c","name":"urateam","component":"PipelineRunner","runId":"7cGXmll_qy7NqfhG5ZbZA","issueId":"E2E-1","worktreePath":"/tmp/e2e-test-worktree","msg":"worktree created"}
@urateam/core:test: {"level":40,"time":"2026-05-26T22:47:09.560Z","pid":37054,"hostname":"95cf947da62c","name":"urateam","component":"PipelineRunner","err":{"type":"Error","message":"ENOENT: no such file or directory, open '/tmp/e2e-test-worktree/CLAUDE.md'","stack":"Error: ENOENT: no such file or directory, open '/tmp/e2e-test-worktree/CLAUDE.md'\n    at open (node:internal/fs/promises:639:25)\n    at writeFile (node:internal/fs/promises:1219:14)\n    at PipelineRunner.injectAgentConfig (/home/ura/data/runs/B7TEaqaYubzZqR2vcvyha/worktree/packages/core/src/pipeline/runner.ts:857:7)\n    at PipelineRunner.executePipeline (/home/ura/data/runs/B7TEaqaYubzZqR2vcvyha/worktree/packages/core/src/pipeline/runner.ts:1014:9)\n    at /home/ura/data/runs/B7TEaqaYubzZqR2vcvyha/worktree/packages/core/src/pipeline/runner.ts:409:9\n    at Object.enqueue (/home/ura/data/runs/B7TEaqaYubzZqR2vcvyha/worktree/packages/core/src/pipeline/queue.ts:33:16)","errno":-2,"code":"ENOENT","syscall":"open","path":"/tmp/e2e-test-worktree/CLAUDE.md"},"msg":"failed to inject CLAUDE.md — agent will run without it"}
@urateam/core:test: {"level":30,"time":"2026-05-26T22:47:09.561Z","pid":37054,"hostname":"95cf947da62c","name":"urateam","component":"PipelineRunner","runId":"7cGXmll_qy7NqfhG5ZbZA","issueId":"E2E-1","languages":["typescript"],"frameworks":[],"buildSystems":["pnpm"],"msg":"tech stack detected"}
@urateam/core:test: {"level":30,"time":"2026-05-26T22:47:09.561Z","pid":37054,"hostname":"95cf947da62c","name":"urateam","component":"PipelineRunner","runId":"7cGXmll_qy7NqfhG5ZbZA","issueId":"E2E-1","stages":["triage","implement"],"msg":"starting pipeline stages"}
@urateam/core:test: {"level":30,"time":"2026-05-26T22:47:09.561Z","pid":37054,"hostname":"95cf947da62c","name":"urateam","component":"PipelineRunner","runId":"7cGXmll_qy7NqfhG5ZbZA","issueId":"E2E-1","stage":"triage","msg":"executing stage"}
@urateam/core:test: {"level":30,"time":"2026-05-26T22:47:09.567Z","pid":37054,"hostname":"95cf947da62c","name":"urateam","component":"PipelineRunner","runId":"7cGXmll_qy7NqfhG5ZbZA","issueId":"E2E-1","stage":"implement","msg":"executing stage"}
@urateam/core:test: {"level":40,"time":"2026-05-26T22:47:09.582Z","pid":37054,"hostname":"95cf947da62c","name":"urateam","component":"PipelineRunner","runId":"7cGXmll_qy7NqfhG5ZbZA","issueId":"E2E-1","excerpt":[],"outputPrefix":"","msg":"typecheck-gate: non-zero exit with no parseable TS errors — treating as setup issue and continuing"}
@urateam/core:test: {"level":30,"time":"2026-05-26T22:47:09.582Z","pid":37054,"hostname":"95cf947da62c","name":"urateam","component":"PipelineRunner","runId":"7cGXmll_qy7NqfhG5ZbZA","issueId":"E2E-1","defaultBranch":"main","msg":"push queue: rebasing before push"}
@urateam/core:test: {"level":30,"time":"2026-05-26T22:47:09.582Z","pid":37054,"hostname":"95cf947da62c","name":"urateam","component":"PipelineRunner","runId":"7cGXmll_qy7NqfhG5ZbZA","issueId":"E2E-1","branch":"agent/E2E-1-add-user-search","rebaseConflict":false,"msg":"push queue: force-with-lease push (agent branch or rebase conflict)"}
@urateam/core:test: {"level":30,"time":"2026-05-26T22:47:09.583Z","pid":37054,"hostname":"95cf947da62c","name":"urateam","component":"PipelineRunner","runId":"7cGXmll_qy7NqfhG5ZbZA","issueId":"E2E-1","msg":"creating PR via gh CLI"}
@urateam/core:test: {"level":30,"time":"2026-05-26T22:47:09.583Z","pid":37054,"hostname":"95cf947da62c","name":"urateam","component":"PipelineRunner","runId":"7cGXmll_qy7NqfhG5ZbZA","issueId":"E2E-1","prUrl":"https://github.com/test/repo/pull/42","msg":"PR created"}
@urateam/core:test: {"level":30,"time":"2026-05-26T22:47:09.587Z","pid":37054,"hostname":"95cf947da62c","name":"urateam","component":"PipelineRunner","runId":"7cGXmll_qy7NqfhG5ZbZA","issueId":"E2E-1","prUrl":"https://github.com/test/repo/pull/42","autoMerged":false,"autoCommitted":false,"totalInputTokens":400,"totalOutputTokens":200,"msg":"pipeline completed"}
@urateam/core:test: {"level":30,"time":"2026-05-26T22:47:09.624Z","pid":37054,"hostname":"95cf947da62c","name":"urateam","component":"PipelineRunner","issueId":"E2E-1","pipeline":"auto-implement","msg":"start() called"}
@urateam/core:test: {"level":30,"time":"2026-05-26T22:47:09.625Z","pid":37054,"hostname":"95cf947da62c","name":"urateam","component":"PipelineRunner","runId":"JMRPdbON_1Zn0Dj7g5jEK","issueId":"E2E-1","branch":"agent/E2E-1-add-user-search","msg":"inserting run into DB"}
@urateam/core:test: {"level":30,"time":"2026-05-26T22:47:09.625Z","pid":37054,"hostname":"95cf947da62c","name":"urateam","component":"PipelineRunner","runId":"JMRPdbON_1Zn0Dj7g5jEK","issueId":"E2E-1","branch":"agent/E2E-1-add-user-search","msg":"run queued"}
@urateam/core:test: {"level":30,"time":"2026-05-26T22:47:09.625Z","pid":37054,"hostname":"95cf947da62c","name":"urateam","component":"PipelineRunner","runId":"JMRPdbON_1Zn0Dj7g5jEK","issueId":"E2E-1","msg":"executing pipeline"}
@urateam/core:test: {"level":30,"time":"2026-05-26T22:47:09.626Z","pid":37054,"hostname":"95cf947da62c","name":"urateam","component":"PipelineRunner","runId":"JMRPdbON_1Zn0Dj7g5jEK","issueId":"E2E-1","msg":"notifying pipeline start"}
@urateam/core:test: {"level":30,"time":"2026-05-26T22:47:09.626Z","pid":37054,"hostname":"95cf947da62c","name":"urateam","component":"PipelineRunner","runId":"JMRPdbON_1Zn0Dj7g5jEK","issueId":"E2E-1","repoUrl":"https://github.com/test/test-repo.git","repoDir":"/tmp/e2e-repos/add-user-search","msg":"cloning repository"}
@urateam/core:test: {"level":30,"time":"2026-05-26T22:47:09.626Z","pid":37054,"hostname":"95cf947da62c","name":"urateam","component":"PipelineRunner","runId":"JMRPdbON_1Zn0Dj7g5jEK","issueId":"E2E-1","msg":"clone complete, creating worktree"}
@urateam/core:test: {"level":30,"time":"2026-05-26T22:47:09.626Z","pid":37054,"hostname":"95cf947da62c","name":"urateam","component":"PipelineRunner","runId":"JMRPdbON_1Zn0Dj7g5jEK","issueId":"E2E-1","worktreePath":"/tmp/e2e-test-worktree","msg":"worktree created"}
@urateam/core:test: {"level":40,"time":"2026-05-26T22:47:09.628Z","pid":37054,"hostname":"95cf947da62c","name":"urateam","component":"PipelineRunner","err":{"type":"Error","message":"ENOENT: no such file or directory, open '/tmp/e2e-test-worktree/CLAUDE.md'","stack":"Error: ENOENT: no such file or directory, open '/tmp/e2e-test-worktree/CLAUDE.md'\n    at open (node:internal/fs/promises:639:25)\n    at writeFile (node:internal/fs/promises:1219:14)\n    at PipelineRunner.injectAgentConfig (/home/ura/data/runs/B7TEaqaYubzZqR2vcvyha/worktree/packages/core/src/pipeline/runner.ts:857:7)\n    at PipelineRunner.executePipeline (/home/ura/data/runs/B7TEaqaYubzZqR2vcvyha/worktree/packages/core/src/pipeline/runner.ts:1014:9)\n    at /home/ura/data/runs/B7TEaqaYubzZqR2vcvyha/worktree/packages/core/src/pipeline/runner.ts:409:9\n    at Object.enqueue (/home/ura/data/runs/B7TEaqaYubzZqR2vcvyha/worktree/packages/core/src/pipeline/queue.ts:33:16)","errno":-2,"code":"ENOENT","syscall":"open","path":"/tmp/e2e-test-worktree/CLAUDE.md"},"msg":"failed to inject CLAUDE.md — agent will run without it"}
@urateam/core:test: {"level":30,"time":"2026-05-26T22:47:09.629Z","pid":37054,"hostname":"95cf947da62c","name":"urateam","component":"PipelineRunner","runId":"JMRPdbON_1Zn0Dj7g5jEK","issueId":"E2E-1","languages":["typescript"],"frameworks":[],"buildSystems":["pnpm"],"msg":"tech stack detected"}
@urateam/core:test: {"level":30,"time":"2026-05-26T22:47:09.629Z","pid":37054,"hostname":"95cf947da62c","name":"urateam","component":"PipelineRunner","runId":"JMRPdbON_1Zn0Dj7g5jEK","issueId":"E2E-1","stages":["triage","implement"],"msg":"starting pipeline stages"}
@urateam/core:test: {"level":30,"time":"2026-05-26T22:47:09.629Z","pid":37054,"hostname":"95cf947da62c","name":"urateam","component":"PipelineRunner","runId":"JMRPdbON_1Zn0Dj7g5jEK","issueId":"E2E-1","stage":"triage","msg":"executing stage"}
@urateam/core:test: {"level":30,"time":"2026-05-26T22:47:09.633Z","pid":37054,"hostname":"95cf947da62c","name":"urateam","component":"PipelineRunner","runId":"JMRPdbON_1Zn0Dj7g5jEK","issueId":"E2E-1","stage":"implement","msg":"executing stage"}
@urateam/core:test: {"level":40,"time":"2026-05-26T22:47:09.643Z","pid":37054,"hostname":"95cf947da62c","name":"urateam","component":"PipelineRunner","runId":"JMRPdbON_1Zn0Dj7g5jEK","issueId":"E2E-1","excerpt":[],"outputPrefix":"","msg":"typecheck-gate: non-zero exit with no parseable TS errors — treating as setup issue and continuing"}
@urateam/core:test: {"level":30,"time":"2026-05-26T22:47:09.646Z","pid":37054,"hostname":"95cf947da62c","name":"urateam","component":"PipelineRunner","runId":"JMRPdbON_1Zn0Dj7g5jEK","issueId":"E2E-1","defaultBranch":"main","msg":"push queue: rebasing before push"}
@urateam/core:test: {"level":30,"time":"2026-05-26T22:47:09.646Z","pid":37054,"hostname":"95cf947da62c","name":"urateam","component":"PipelineRunner","runId":"JMRPdbON_1Zn0Dj7g5jEK","issueId":"E2E-1","branch":"agent/E2E-1-add-user-search","rebaseConflict":false,"msg":"push queue: force-with-lease push (agent branch or rebase conflict)"}
@urateam/core:test: {"level":30,"time":"2026-05-26T22:47:09.647Z","pid":37054,"hostname":"95cf947da62c","name":"urateam","component":"PipelineRunner","runId":"JMRPdbON_1Zn0Dj7g5jEK","issueId":"E2E-1","msg":"creating PR via gh CLI"}
@urateam/core:test: {"level":30,"time":"2026-05-26T22:47:09.647Z","pid":37054,"hostname":"95cf947da62c","name":"urateam","component":"PipelineRunner","runId":"JMRPdbON_1Zn0Dj7g5jEK","issueId":"E2E-1","prUrl":"https://github.com/test/repo/pull/42","msg":"PR created"}
@urateam/core:test: {"level":30,"time":"2026-05-26T22:47:09.648Z","pid":37054,"hostname":"95cf947da62c","name":"urateam","component":"PipelineRunner","runId":"JMRPdbON_1Zn0Dj7g5jEK","issueId":"E2E-1","prUrl":"https://github.com/test/repo/pull/42","autoMerged":false,"autoCommitted":false,"totalInputTokens":400,"totalOutputTokens":200,"msg":"pipeline completed"}
@urateam/core:test: {"level":30,"time":"2026-05-26T22:47:09.703Z","pid":37054,"hostname":"95cf947da62c","name":"urateam","component":"PipelineRunner","issueId":"E2E-1","pipeline":"auto-implement","msg":"start() called"}
@urateam/core:test: {"level":30,"time":"2026-05-26T22:47:09.704Z","pid":37054,"hostname":"95cf947da62c","name":"urateam","component":"PipelineRunner","runId":"xhHrJfMxT_AeamA2eC9vQ","issueId":"E2E-1","branch":"agent/E2E-1-add-user-search","msg":"inserting run into DB"}
@urateam/core:test: {"level":30,"time":"2026-05-26T22:47:09.705Z","pid":37054,"hostname":"95cf947da62c","name":"urateam","component":"PipelineRunner","runId":"xhHrJfMxT_AeamA2eC9vQ","issueId":"E2E-1","branch":"agent/E2E-1-add-user-search","msg":"run queued"}
@urateam/core:test: {"level":30,"time":"2026-05-26T22:47:09.707Z","pid":37054,"hostname":"95cf947da62c","name":"urateam","component":"PipelineRunner","runId":"xhHrJfMxT_AeamA2eC9vQ","issueId":"E2E-1","msg":"executing pipeline"}
@urateam/core:test: {"level":30,"time":"2026-05-26T22:47:09.708Z","pid":37054,"hostname":"95cf947da62c","name":"urateam","component":"PipelineRunner","runId":"xhHrJfMxT_AeamA2eC9vQ","issueId":"E2E-1","msg":"notifying pipeline start"}
@urateam/core:test: {"level":30,"time":"2026-05-26T22:47:09.709Z","pid":37054,"hostname":"95cf947da62c","name":"urateam","component":"PipelineRunner","runId":"xhHrJfMxT_AeamA2eC9vQ","issueId":"E2E-1","repoUrl":"https://github.com/test/test-repo.git","repoDir":"/tmp/e2e-repos/add-user-search","msg":"cloning repository"}
@urateam/core:test: {"level":30,"time":"2026-05-26T22:47:09.709Z","pid":37054,"hostname":"95cf947da62c","name":"urateam","component":"PipelineRunner","runId":"xhHrJfMxT_AeamA2eC9vQ","issueId":"E2E-1","msg":"clone complete, creating worktree"}
@urateam/core:test: {"level":30,"time":"2026-05-26T22:47:09.709Z","pid":37054,"hostname":"95cf947da62c","name":"urateam","component":"PipelineRunner","runId":"xhHrJfMxT_AeamA2eC9vQ","issueId":"E2E-1","worktreePath":"/tmp/e2e-test-worktree","msg":"worktree created"}
@urateam/core:test: {"level":40,"time":"2026-05-26T22:47:09.709Z","pid":37054,"hostname":"95cf947da62c","name":"urateam","component":"PipelineRunner","err":{"type":"Error","message":"ENOENT: no such file or directory, open '/tmp/e2e-test-worktree/CLAUDE.md'","stack":"Error: ENOENT: no such file or directory, open '/tmp/e2e-test-worktree/CLAUDE.md'\n    at open (node:internal/fs/promises:639:25)\n    at writeFile (node:internal/fs/promises:1219:14)\n    at PipelineRunner.injectAgentConfig (/home/ura/data/runs/B7TEaqaYubzZqR2vcvyha/worktree/packages/core/src/pipeline/runner.ts:857:7)\n    at PipelineRunner.executePipeline (/home/ura/data/runs/B7TEaqaYubzZqR2vcvyha/worktree/packages/core/src/pipeline/runner.ts:1014:9)\n    at /home/ura/data/runs/B7TEaqaYubzZqR2vcvyha/worktree/packages/core/src/pipeline/runner.ts:409:9\n    at Object.enqueue (/home/ura/data/runs/B7TEaqaYubzZqR2vcvyha/worktree/packages/core/src/pipeline/queue.ts:33:16)","errno":-2,"code":"ENOENT","syscall":"open","path":"/tmp/e2e-test-worktree/CLAUDE.md"},"msg":"failed to inject CLAUDE.md — agent will run without it"}
@urateam/core:test: {"level":30,"time":"2026-05-26T22:47:09.710Z","pid":37054,"hostname":"95cf947da62c","name":"urateam","component":"PipelineRunner","runId":"xhHrJfMxT_AeamA2eC9vQ","issueId":"E2E-1","languages":["typescript"],"frameworks":[],"buildSystems":["pnpm"],"msg":"tech stack detected"}
@urateam/core:test: {"level":30,"time":"2026-05-26T22:47:09.710Z","pid":37054,"hostname":"95cf947da62c","name":"urateam","component":"PipelineRunner","runId":"xhHrJfMxT_AeamA2eC9vQ","issueId":"E2E-1","stages":["triage","implement"],"msg":"starting pipeline stages"}
@urateam/core:test: {"level":30,"time":"2026-05-26T22:47:09.710Z","pid":37054,"hostname":"95cf947da62c","name":"urateam","component":"PipelineRunner","runId":"xhHrJfMxT_AeamA2eC9vQ","issueId":"E2E-1","stage":"triage","msg":"executing stage"}
@urateam/core:test: {"level":30,"time":"2026-05-26T22:47:09.715Z","pid":37054,"hostname":"95cf947da62c","name":"urateam","component":"PipelineRunner","runId":"xhHrJfMxT_AeamA2eC9vQ","issueId":"E2E-1","stage":"implement","msg":"executing stage"}
@urateam/core:test: {"level":40,"time":"2026-05-26T22:47:09.724Z","pid":37054,"hostname":"95cf947da62c","name":"urateam","component":"PipelineRunner","runId":"xhHrJfMxT_AeamA2eC9vQ","issueId":"E2E-1","excerpt":[],"outputPrefix":"","msg":"typecheck-gate: non-zero exit with no parseable TS errors — treating as setup issue and continuing"}
@urateam/core:test: {"level":30,"time":"2026-05-26T22:47:09.724Z","pid":37054,"hostname":"95cf947da62c","name":"urateam","component":"PipelineRunner","runId":"xhHrJfMxT_AeamA2eC9vQ","issueId":"E2E-1","defaultBranch":"main","msg":"push queue: rebasing before push"}
@urateam/core:test: {"level":30,"time":"2026-05-26T22:47:09.724Z","pid":37054,"hostname":"95cf947da62c","name":"urateam","component":"PipelineRunner","runId":"xhHrJfMxT_AeamA2eC9vQ","issueId":"E2E-1","branch":"agent/E2E-1-add-user-search","rebaseConflict":false,"msg":"push queue: force-with-lease push (agent branch or rebase conflict)"}
@urateam/core:test: {"level":30,"time":"2026-05-26T22:47:09.724Z","pid":37054,"hostname":"95cf947da62c","name":"urateam","component":"PipelineRunner","runId":"xhHrJfMxT_AeamA2eC9vQ","issueId":"E2E-1","msg":"creating PR via gh CLI"}
@urateam/core:test: {"level":30,"time":"2026-05-26T22:47:09.724Z","pid":37054,"hostname":"95cf947da62c","name":"urateam","component":"PipelineRunner","runId":"xhHrJfMxT_AeamA2eC9vQ","issueId":"E2E-1","prUrl":"https://github.com/test/repo/pull/42","msg":"PR created"}
@urateam/core:test: {"level":30,"time":"2026-05-26T22:47:09.725Z","pid":37054,"hostname":"95cf947da62c","name":"urateam","component":"PipelineRunner","runId":"xhHrJfMxT_AeamA2eC9vQ","issueId":"E2E-1","prUrl":"https://github.com/test/repo/pull/42","autoMerged":false,"autoCommitted":false,"totalInputTokens":400,"totalOutputTokens":200,"msg":"pipeline completed"}
@urateam/core:test: {"level":30,"time":"2026-05-26T22:47:09.778Z","pid":37054,"hostname":"95cf947da62c","name":"urateam","component":"PipelineRunner","issueId":"E2E-1","pipeline":"auto-implement","msg":"start() called"}
@urateam/core:test: {"level":30,"time":"2026-05-26T22:47:09.778Z","pid":37054,"hostname":"95cf947da62c","name":"urateam","component":"PipelineRunner","runId":"6baVN4BhlA1INORJj4f-s","issueId":"E2E-1","branch":"agent/E2E-1-add-user-search","msg":"inserting run into DB"}
@urateam/core:test: {"level":30,"time":"2026-05-26T22:47:09.780Z","pid":37054,"hostname":"95cf947da62c","name":"urateam","component":"PipelineRunner","runId":"6baVN4BhlA1INORJj4f-s","issueId":"E2E-1","branch":"agent/E2E-1-add-user-search","msg":"run queued"}
@urateam/core:test: {"level":30,"time":"2026-05-26T22:47:09.780Z","pid":37054,"hostname":"95cf947da62c","name":"urateam","component":"PipelineRunner","runId":"6baVN4BhlA1INORJj4f-s","issueId":"E2E-1","msg":"executing pipeline"}
@urateam/core:test: {"level":30,"time":"2026-05-26T22:47:09.781Z","pid":37054,"hostname":"95cf947da62c","name":"urateam","component":"PipelineRunner","runId":"6baVN4BhlA1INORJj4f-s","issueId":"E2E-1","msg":"notifying pipeline start"}
@urateam/core:test: {"level":30,"time":"2026-05-26T22:47:09.781Z","pid":37054,"hostname":"95cf947da62c","name":"urateam","component":"PipelineRunner","runId":"6baVN4BhlA1INORJj4f-s","issueId":"E2E-1","repoUrl":"https://github.com/test/test-repo.git","repoDir":"/tmp/e2e-repos/add-user-search","msg":"cloning repository"}
@urateam/core:test: {"level":30,"time":"2026-05-26T22:47:09.782Z","pid":37054,"hostname":"95cf947da62c","name":"urateam","component":"PipelineRunner","runId":"6baVN4BhlA1INORJj4f-s","issueId":"E2E-1","msg":"clone complete, creating worktree"}
@urateam/core:test: {"level":30,"time":"2026-05-26T22:47:09.782Z","pid":37054,"hostname":"95cf947da62c","name":"urateam","component":"PipelineRunner","runId":"6baVN4BhlA1INORJj4f-s","issueId":"E2E-1","worktreePath":"/tmp/e2e-test-worktree","msg":"worktree created"}
@urateam/core:test: {"level":40,"time":"2026-05-26T22:47:09.783Z","pid":37054,"hostname":"95cf947da62c","name":"urateam","component":"PipelineRunner","err":{"type":"Error","message":"ENOENT: no such file or directory, open '/tmp/e2e-test-worktree/CLAUDE.md'","stack":"Error: ENOENT: no such file or directory, open '/tmp/e2e-test-worktree/CLAUDE.md'\n    at open (node:internal/fs/promises:639:25)\n    at writeFile (node:internal/fs/promises:1219:14)\n    at PipelineRunner.injectAgentConfig (/home/ura/data/runs/B7TEaqaYubzZqR2vcvyha/worktree/packages/core/src/pipeline/runner.ts:857:7)\n    at PipelineRunner.executePipeline (/home/ura/data/runs/B7TEaqaYubzZqR2vcvyha/worktree/packages/core/src/pipeline/runner.ts:1014:9)\n    at /home/ura/data/runs/B7TEaqaYubzZqR2vcvyha/worktree/packages/core/src/pipeline/runner.ts:409:9\n    at Object.enqueue (/home/ura/data/runs/B7TEaqaYubzZqR2vcvyha/worktree/packages/core/src/pipeline/queue.ts:33:16)","errno":-2,"code":"ENOENT","syscall":"open","path":"/tmp/e2e-test-worktree/CLAUDE.md"},"msg":"failed to inject CLAUDE.md — agent will run without it"}
@urateam/core:test: {"level":30,"time":"2026-05-26T22:47:09.785Z","pid":37054,"hostname":"95cf947da62c","name":"urateam","component":"PipelineRunner","runId":"6baVN4BhlA1INORJj4f-s","issueId":"E2E-1","languages":["typescript"],"frameworks":[],"buildSystems":["pnpm"],"msg":"tech stack detected"}
@urateam/core:test: {"level":30,"time":"2026-05-26T22:47:09.785Z","pid":37054,"hostname":"95cf947da62c","name":"urateam","component":"PipelineRunner","runId":"6baVN4BhlA1INORJj4f-s","issueId":"E2E-1","stages":["triage","implement"],"msg":"starting pipeline stages"}
@urateam/core:test: {"level":30,"time":"2026-05-26T22:47:09.785Z","pid":37054,"hostname":"95cf947da62c","name":"urateam","component":"PipelineRunner","runId":"6baVN4BhlA1INORJj4f-s","issueId":"E2E-1","stage":"triage","msg":"executing stage"}
@urateam/core:test: {"level":30,"time":"2026-05-26T22:47:09.788Z","pid":37054,"hostname":"95cf947da62c","name":"urateam","component":"PipelineRunner","runId":"6baVN4BhlA1INORJj4f-s","issueId":"E2E-1","stage":"implement","msg":"executing stage"}
@urateam/core:test: {"level":40,"time":"2026-05-26T22:47:09.796Z","pid":37054,"hostname":"95cf947da62c","name":"urateam","component":"PipelineRunner","runId":"6baVN4BhlA1INORJj4f-s","issueId":"E2E-1","excerpt":[],"outputPrefix":"","msg":"typecheck-gate: non-zero exit with no parseable TS errors — treating as setup issue and continuing"}
@urateam/core:test: {"level":30,"time":"2026-05-26T22:47:09.796Z","pid":37054,"hostname":"95cf947da62c","name":"urateam","component":"PipelineRunner","runId":"6baVN4BhlA1INORJj4f-s","issueId":"E2E-1","defaultBranch":"main","msg":"push queue: rebasing before push"}
@urateam/core:test: {"level":30,"time":"2026-05-26T22:47:09.796Z","pid":37054,"hostname":"95cf947da62c","name":"urateam","component":"PipelineRunner","runId":"6baVN4BhlA1INORJj4f-s","issueId":"E2E-1","branch":"agent/E2E-1-add-user-search","rebaseConflict":false,"msg":"push queue: force-with-lease push (agent branch or rebase conflict)"}
@urateam/core:test: {"level":30,"time":"2026-05-26T22:47:09.796Z","pid":37054,"hostname":"95cf947da62c","name":"urateam","component":"PipelineRunner","runId":"6baVN4BhlA1INORJj4f-s","issueId":"E2E-1","msg":"creating PR via gh CLI"}
@urateam/core:test: {"level":30,"time":"2026-05-26T22:47:09.798Z","pid":37054,"hostname":"95cf947da62c","name":"urateam","component":"PipelineRunner","runId":"6baVN4BhlA1INORJj4f-s","issueId":"E2E-1","prUrl":"https://github.com/test/repo/pull/42","msg":"PR created"}
@urateam/core:test: {"level":30,"time":"2026-05-26T22:47:09.799Z","pid":37054,"hostname":"95cf947da62c","name":"urateam","component":"PipelineRunner","runId":"6baVN4BhlA1INORJj4f-s","issueId":"E2E-1","prUrl":"https://github.com/test/repo/pull/42","autoMerged":false,"autoCommitted":false,"totalInputTokens":400,"totalOutputTokens":200,"msg":"pipeline completed"}
@urateam/core:test: {"level":30,"time":"2026-05-26T22:47:09.856Z","pid":37054,"hostname":"95cf947da62c","name":"urateam","component":"PipelineRunner","issueId":"E2E-1","pipeline":"auto-implement","msg":"start() called"}
@urateam/core:test: {"level":30,"time":"2026-05-26T22:47:09.858Z","pid":37054,"hostname":"95cf947da62c","name":"urateam","component":"PipelineRunner","runId":"eiKYX8YzM5rVtVlDoW_Gy","issueId":"E2E-1","branch":"agent/E2E-1-add-user-search","msg":"inserting run into DB"}
@urateam/core:test: {"level":30,"time":"2026-05-26T22:47:09.859Z","pid":37054,"hostname":"95cf947da62c","name":"urateam","component":"PipelineRunner","runId":"eiKYX8YzM5rVtVlDoW_Gy","issueId":"E2E-1","branch":"agent/E2E-1-add-user-search","msg":"run queued"}
@urateam/core:test: {"level":30,"time":"2026-05-26T22:47:09.859Z","pid":37054,"hostname":"95cf947da62c","name":"urateam","component":"PipelineRunner","runId":"eiKYX8YzM5rVtVlDoW_Gy","issueId":"E2E-1","msg":"executing pipeline"}
@urateam/core:test: {"level":30,"time":"2026-05-26T22:47:09.859Z","pid":37054,"hostname":"95cf947da62c","name":"urateam","component":"PipelineRunner","runId":"eiKYX8YzM5rVtVlDoW_Gy","issueId":"E2E-1","msg":"notifying pipeline start"}
@urateam/core:test: {"level":30,"time":"2026-05-26T22:47:09.859Z","pid":37054,"hostname":"95cf947da62c","name":"urateam","component":"PipelineRunner","runId":"eiKYX8YzM5rVtVlDoW_Gy","issueId":"E2E-1","repoUrl":"https://github.com/test/test-repo.git","repoDir":"/tmp/e2e-repos/add-user-search","msg":"cloning repository"}
@urateam/core:test: {"level":30,"time":"2026-05-26T22:47:09.859Z","pid":37054,"hostname":"95cf947da62c","name":"urateam","component":"PipelineRunner","runId":"eiKYX8YzM5rVtVlDoW_Gy","issueId":"E2E-1","msg":"clone complete, creating worktree"}
@urateam/core:test: {"level":30,"time":"2026-05-26T22:47:09.860Z","pid":37054,"hostname":"95cf947da62c","name":"urateam","component":"PipelineRunner","runId":"eiKYX8YzM5rVtVlDoW_Gy","issueId":"E2E-1","worktreePath":"/tmp/e2e-test-worktree","msg":"worktree created"}
@urateam/core:test: {"level":30,"time":"2026-05-26T22:47:09.860Z","pid":37054,"hostname":"95cf947da62c","name":"urateam","component":"PipelineRunner","issueId":"E2E-1","pipeline":"auto-implement","msg":"start() called"}
@urateam/core:test: {"level":30,"time":"2026-05-26T22:47:09.861Z","pid":37054,"hostname":"95cf947da62c","name":"urateam","component":"PipelineRunner","issueId":"E2E-1","msg":"already active, skipping duplicate"}
@urateam/core:test: {"level":40,"time":"2026-05-26T22:47:09.862Z","pid":37054,"hostname":"95cf947da62c","name":"urateam","component":"PipelineRunner","err":{"type":"Error","message":"ENOENT: no such file or directory, open '/tmp/e2e-test-worktree/CLAUDE.md'","stack":"Error: ENOENT: no such file or directory, open '/tmp/e2e-test-worktree/CLAUDE.md'\n    at open (node:internal/fs/promises:639:25)\n    at writeFile (node:internal/fs/promises:1219:14)\n    at PipelineRunner.injectAgentConfig (/home/ura/data/runs/B7TEaqaYubzZqR2vcvyha/worktree/packages/core/src/pipeline/runner.ts:857:7)\n    at PipelineRunner.executePipeline (/home/ura/data/runs/B7TEaqaYubzZqR2vcvyha/worktree/packages/core/src/pipeline/runner.ts:1014:9)\n    at /home/ura/data/runs/B7TEaqaYubzZqR2vcvyha/worktree/packages/core/src/pipeline/runner.ts:409:9\n    at Object.enqueue (/home/ura/data/runs/B7TEaqaYubzZqR2vcvyha/worktree/packages/core/src/pipeline/queue.ts:33:16)","errno":-2,"code":"ENOENT","syscall":"open","path":"/tmp/e2e-test-worktree/CLAUDE.md"},"msg":"failed to inject CLAUDE.md — agent will run without it"}
@urateam/core:test: {"level":30,"time":"2026-05-26T22:47:09.862Z","pid":37054,"hostname":"95cf947da62c","name":"urateam","component":"PipelineRunner","runId":"eiKYX8YzM5rVtVlDoW_Gy","issueId":"E2E-1","languages":["typescript"],"frameworks":[],"buildSystems":["pnpm"],"msg":"tech stack detected"}
@urateam/core:test: {"level":30,"time":"2026-05-26T22:47:09.863Z","pid":37054,"hostname":"95cf947da62c","name":"urateam","component":"PipelineRunner","runId":"eiKYX8YzM5rVtVlDoW_Gy","issueId":"E2E-1","stages":["triage","implement"],"msg":"starting pipeline stages"}
@urateam/core:test: {"level":30,"time":"2026-05-26T22:47:09.864Z","pid":37054,"hostname":"95cf947da62c","name":"urateam","component":"PipelineRunner","runId":"eiKYX8YzM5rVtVlDoW_Gy","issueId":"E2E-1","stage":"triage","msg":"executing stage"}
@urateam/core:test: {"level":30,"time":"2026-05-26T22:47:09.867Z","pid":37054,"hostname":"95cf947da62c","name":"urateam","component":"PipelineRunner","runId":"eiKYX8YzM5rVtVlDoW_Gy","issueId":"E2E-1","stage":"implement","msg":"executing stage"}
@urateam/core:test: {"level":40,"time":"2026-05-26T22:47:09.875Z","pid":37054,"hostname":"95cf947da62c","name":"urateam","component":"PipelineRunner","runId":"eiKYX8YzM5rVtVlDoW_Gy","issueId":"E2E-1","excerpt":[],"outputPrefix":"","msg":"typecheck-gate: non-zero exit with no parseable TS errors — treating as setup issue and continuing"}
@urateam/core:test: {"level":30,"time":"2026-05-26T22:47:09.876Z","pid":37054,"hostname":"95cf947da62c","name":"urateam","component":"PipelineRunner","runId":"eiKYX8YzM5rVtVlDoW_Gy","issueId":"E2E-1","defaultBranch":"main","msg":"push queue: rebasing before push"}
@urateam/core:test: {"level":30,"time":"2026-05-26T22:47:09.876Z","pid":37054,"hostname":"95cf947da62c","name":"urateam","component":"PipelineRunner","runId":"eiKYX8YzM5rVtVlDoW_Gy","issueId":"E2E-1","branch":"agent/E2E-1-add-user-search","rebaseConflict":false,"msg":"push queue: force-with-lease push (agent branch or rebase conflict)"}
@urateam/core:test: {"level":30,"time":"2026-05-26T22:47:09.878Z","pid":37054,"hostname":"95cf947da62c","name":"urateam","component":"PipelineRunner","runId":"eiKYX8YzM5rVtVlDoW_Gy","issueId":"E2E-1","msg":"creating PR via gh CLI"}
@urateam/core:test: {"level":30,"time":"2026-05-26T22:47:09.878Z","pid":37054,"hostname":"95cf947da62c","name":"urateam","component":"PipelineRunner","runId":"eiKYX8YzM5rVtVlDoW_Gy","issueId":"E2E-1","prUrl":"https://github.com/test/repo/pull/42","msg":"PR created"}
@urateam/core:test: {"level":30,"time":"2026-05-26T22:47:09.879Z","pid":37054,"hostname":"95cf947da62c","name":"urateam","component":"PipelineRunner","runId":"eiKYX8YzM5rVtVlDoW_Gy","issueId":"E2E-1","prUrl":"https://github.com/test/repo/pull/42","autoMerged":false,"autoCommitted":false,"totalInputTokens":400,"totalOutputTokens":200,"msg":"pipeline completed"}
@urateam/core:test: {"level":30,"time":"2026-05-26T22:47:09.942Z","pid":37054,"hostname":"95cf947da62c","name":"urateam","component":"PipelineRunner","issueId":"E2E-1","pipeline":"auto-implement","msg":"start() called"}
@urateam/core:test: {"level":30,"time":"2026-05-26T22:47:09.943Z","pid":37054,"hostname":"95cf947da62c","name":"urateam","component":"PipelineRunner","runId":"ZDC1nhLkfzSwbNXCwFjph","issueId":"E2E-1","branch":"agent/E2E-1-add-user-search","msg":"inserting run into DB"}
@urateam/core:test: {"level":30,"time":"2026-05-26T22:47:09.943Z","pid":37054,"hostname":"95cf947da62c","name":"urateam","component":"PipelineRunner","runId":"ZDC1nhLkfzSwbNXCwFjph","issueId":"E2E-1","branch":"agent/E2E-1-add-user-search","msg":"run queued"}
@urateam/core:test: {"level":30,"time":"2026-05-26T22:47:09.946Z","pid":37054,"hostname":"95cf947da62c","name":"urateam","component":"PipelineRunner","runId":"ZDC1nhLkfzSwbNXCwFjph","issueId":"E2E-1","msg":"executing pipeline"}
@urateam/core:test: {"level":30,"time":"2026-05-26T22:47:09.946Z","pid":37054,"hostname":"95cf947da62c","name":"urateam","component":"PipelineRunner","runId":"ZDC1nhLkfzSwbNXCwFjph","issueId":"E2E-1","msg":"notifying pipeline start"}
@urateam/core:test: {"level":30,"time":"2026-05-26T22:47:09.946Z","pid":37054,"hostname":"95cf947da62c","name":"urateam","component":"PipelineRunner","runId":"ZDC1nhLkfzSwbNXCwFjph","issueId":"E2E-1","repoUrl":"https://github.com/test/test-repo.git","repoDir":"/tmp/e2e-repos/add-user-search","msg":"cloning repository"}
@urateam/core:test: {"level":30,"time":"2026-05-26T22:47:09.946Z","pid":37054,"hostname":"95cf947da62c","name":"urateam","component":"PipelineRunner","runId":"ZDC1nhLkfzSwbNXCwFjph","issueId":"E2E-1","msg":"clone complete, creating worktree"}
@urateam/core:test: {"level":30,"time":"2026-05-26T22:47:09.946Z","pid":37054,"hostname":"95cf947da62c","name":"urateam","component":"PipelineRunner","runId":"ZDC1nhLkfzSwbNXCwFjph","issueId":"E2E-1","worktreePath":"/tmp/e2e-test-worktree","msg":"worktree created"}
@urateam/core:test: {"level":40,"time":"2026-05-26T22:47:09.947Z","pid":37054,"hostname":"95cf947da62c","name":"urateam","component":"PipelineRunner","err":{"type":"Error","message":"ENOENT: no such file or directory, open '/tmp/e2e-test-worktree/CLAUDE.md'","stack":"Error: ENOENT: no such file or directory, open '/tmp/e2e-test-worktree/CLAUDE.md'\n    at open (node:internal/fs/promises:639:25)\n    at writeFile (node:internal/fs/promises:1219:14)\n    at PipelineRunner.injectAgentConfig (/home/ura/data/runs/B7TEaqaYubzZqR2vcvyha/worktree/packages/core/src/pipeline/runner.ts:857:7)\n    at PipelineRunner.executePipeline (/home/ura/data/runs/B7TEaqaYubzZqR2vcvyha/worktree/packages/core/src/pipeline/runner.ts:1014:9)\n    at /home/ura/data/runs/B7TEaqaYubzZqR2vcvyha/worktree/packages/core/src/pipeline/runner.ts:409:9\n    at Object.enqueue (/home/ura/data/runs/B7TEaqaYubzZqR2vcvyha/worktree/packages/core/src/pipeline/queue.ts:33:16)","errno":-2,"code":"ENOENT","syscall":"open","path":"/tmp/e2e-test-worktree/CLAUDE.md"},"msg":"failed to inject CLAUDE.md — agent will run without it"}
@urateam/core:test: {"level":30,"time":"2026-05-26T22:47:09.951Z","pid":37054,"hostname":"95cf947da62c","name":"urateam","component":"PipelineRunner","runId":"ZDC1nhLkfzSwbNXCwFjph","issueId":"E2E-1","languages":["typescript"],"frameworks":[],"buildSystems":["pnpm"],"msg":"tech stack detected"}
@urateam/core:test: {"level":30,"time":"2026-05-26T22:47:09.951Z","pid":37054,"hostname":"95cf947da62c","name":"urateam","component":"PipelineRunner","runId":"ZDC1nhLkfzSwbNXCwFjph","issueId":"E2E-1","stages":["triage","implement"],"msg":"starting pipeline stages"}
@urateam/core:test: {"level":30,"time":"2026-05-26T22:47:09.951Z","pid":37054,"hostname":"95cf947da62c","name":"urateam","component":"PipelineRunner","runId":"ZDC1nhLkfzSwbNXCwFjph","issueId":"E2E-1","stage":"triage","msg":"executing stage"}
@urateam/core:test: {"level":30,"time":"2026-05-26T22:47:09.954Z","pid":37054,"hostname":"95cf947da62c","name":"urateam","component":"PipelineRunner","runId":"ZDC1nhLkfzSwbNXCwFjph","issueId":"E2E-1","stage":"implement","msg":"executing stage"}
@urateam/core:test: {"level":40,"time":"2026-05-26T22:47:09.991Z","pid":37054,"hostname":"95cf947da62c","name":"urateam","component":"PipelineRunner","runId":"ZDC1nhLkfzSwbNXCwFjph","issueId":"E2E-1","excerpt":[],"outputPrefix":"","msg":"typecheck-gate: non-zero exit with no parseable TS errors — treating as setup issue and continuing"}
@urateam/core:test: {"level":30,"time":"2026-05-26T22:47:09.991Z","pid":37054,"hostname":"95cf947da62c","name":"urateam","component":"PipelineRunner","runId":"ZDC1nhLkfzSwbNXCwFjph","issueId":"E2E-1","defaultBranch":"main","msg":"push queue: rebasing before push"}
@urateam/core:test: {"level":30,"time":"2026-05-26T22:47:09.991Z","pid":37054,"hostname":"95cf947da62c","name":"urateam","component":"PipelineRunner","runId":"ZDC1nhLkfzSwbNXCwFjph","issueId":"E2E-1","branch":"agent/E2E-1-add-user-search","rebaseConflict":false,"msg":"push queue: force-with-lease push (agent branch or rebase conflict)"}
@urateam/core:test: {"level":30,"time":"2026-05-26T22:47:09.992Z","pid":37054,"hostname":"95cf947da62c","name":"urateam","component":"PipelineRunner","runId":"ZDC1nhLkfzSwbNXCwFjph","issueId":"E2E-1","msg":"creating PR via gh CLI"}
@urateam/core:test: {"level":30,"time":"2026-05-26T22:47:09.992Z","pid":37054,"hostname":"95cf947da62c","name":"urateam","component":"PipelineRunner","runId":"ZDC1nhLkfzSwbNXCwFjph","issueId":"E2E-1","prUrl":"https://github.com/test/repo/pull/42","msg":"PR created"}
@urateam/core:test: {"level":30,"time":"2026-05-26T22:47:10.001Z","pid":37054,"hostname":"95cf947da62c","name":"urateam","component":"PipelineRunner","runId":"ZDC1nhLkfzSwbNXCwFjph","issueId":"E2E-1","prUrl":"https://github.com/test/repo/pull/42","autoMerged":false,"autoCommitted":false,"totalInputTokens":400,"totalOutputTokens":200,"msg":"pipeline completed"}
@urateam/core:test: {"level":30,"time":"2026-05-26T22:47:10.059Z","pid":37054,"hostname":"95cf947da62c","name":"urateam","component":"PipelineRunner","issueId":"E2E-1","pipeline":"auto-implement","msg":"start() called"}
@urateam/core:test: {"level":30,"time":"2026-05-26T22:47:10.060Z","pid":37054,"hostname":"95cf947da62c","name":"urateam","component":"PipelineRunner","runId":"G511ZYygbikMNN-sh1OE_","issueId":"E2E-1","branch":"agent/E2E-1-add-user-search","msg":"inserting run into DB"}
@urateam/cli:test:  ✓ src/__tests__/run.test.ts (19 tests) 2730ms
@urateam/cli:test:    ✓ run command — dry run wiring > prints dry-run plan when Linear issue resolves to a known pipeline  2571ms
@urateam/core:test: {"level":30,"time":"2026-05-26T22:47:10.064Z","pid":37054,"hostname":"95cf947da62c","name":"urateam","component":"PipelineRunner","runId":"G511ZYygbikMNN-sh1OE_","issueId":"E2E-1","branch":"agent/E2E-1-add-user-search","msg":"run queued"}
@urateam/core:test: {"level":30,"time":"2026-05-26T22:47:10.066Z","pid":37054,"hostname":"95cf947da62c","name":"urateam","component":"PipelineRunner","runId":"G511ZYygbikMNN-sh1OE_","issueId":"E2E-1","msg":"executing pipeline"}
@urateam/core:test: {"level":30,"time":"2026-05-26T22:47:10.067Z","pid":37054,"hostname":"95cf947da62c","name":"urateam","component":"PipelineRunner","runId":"G511ZYygbikMNN-sh1OE_","issueId":"E2E-1","msg":"notifying pipeline start"}
@urateam/core:test: {"level":30,"time":"2026-05-26T22:47:10.067Z","pid":37054,"hostname":"95cf947da62c","name":"urateam","component":"PipelineRunner","runId":"G511ZYygbikMNN-sh1OE_","issueId":"E2E-1","repoUrl":"https://github.com/test/test-repo.git","repoDir":"/tmp/e2e-repos/add-user-search","msg":"cloning repository"}
@urateam/core:test: {"level":30,"time":"2026-05-26T22:47:10.067Z","pid":37054,"hostname":"95cf947da62c","name":"urateam","component":"PipelineRunner","runId":"G511ZYygbikMNN-sh1OE_","issueId":"E2E-1","msg":"clone complete, creating worktree"}
@urateam/core:test: {"level":30,"time":"2026-05-26T22:47:10.067Z","pid":37054,"hostname":"95cf947da62c","name":"urateam","component":"PipelineRunner","runId":"G511ZYygbikMNN-sh1OE_","issueId":"E2E-1","worktreePath":"/tmp/e2e-test-worktree","msg":"worktree created"}
@urateam/core:test: {"level":40,"time":"2026-05-26T22:47:10.071Z","pid":37054,"hostname":"95cf947da62c","name":"urateam","component":"PipelineRunner","err":{"type":"Error","message":"ENOENT: no such file or directory, open '/tmp/e2e-test-worktree/CLAUDE.md'","stack":"Error: ENOENT: no such file or directory, open '/tmp/e2e-test-worktree/CLAUDE.md'\n    at open (node:internal/fs/promises:639:25)\n    at writeFile (node:internal/fs/promises:1219:14)\n    at PipelineRunner.injectAgentConfig (/home/ura/data/runs/B7TEaqaYubzZqR2vcvyha/worktree/packages/core/src/pipeline/runner.ts:857:7)\n    at PipelineRunner.executePipeline (/home/ura/data/runs/B7TEaqaYubzZqR2vcvyha/worktree/packages/core/src/pipeline/runner.ts:1014:9)\n    at /home/ura/data/runs/B7TEaqaYubzZqR2vcvyha/worktree/packages/core/src/pipeline/runner.ts:409:9\n    at Object.enqueue (/home/ura/data/runs/B7TEaqaYubzZqR2vcvyha/worktree/packages/core/src/pipeline/queue.ts:33:16)","errno":-2,"code":"ENOENT","syscall":"open","path":"/tmp/e2e-test-worktree/CLAUDE.md"},"msg":"failed to inject CLAUDE.md — agent will run without it"}
@urateam/core:test: {"level":30,"time":"2026-05-26T22:47:10.071Z","pid":37054,"hostname":"95cf947da62c","name":"urateam","component":"PipelineRunner","runId":"G511ZYygbikMNN-sh1OE_","issueId":"E2E-1","languages":["typescript"],"frameworks":[],"buildSystems":["pnpm"],"msg":"tech stack detected"}
@urateam/core:test: {"level":30,"time":"2026-05-26T22:47:10.072Z","pid":37054,"hostname":"95cf947da62c","name":"urateam","component":"PipelineRunner","runId":"G511ZYygbikMNN-sh1OE_","issueId":"E2E-1","stages":["triage","implement"],"msg":"starting pipeline stages"}
@urateam/core:test: {"level":30,"time":"2026-05-26T22:47:10.072Z","pid":37054,"hostname":"95cf947da62c","name":"urateam","component":"PipelineRunner","runId":"G511ZYygbikMNN-sh1OE_","issueId":"E2E-1","stage":"triage","msg":"executing stage"}
@urateam/core:test: {"level":30,"time":"2026-05-26T22:47:10.077Z","pid":37054,"hostname":"95cf947da62c","name":"urateam","component":"PipelineRunner","runId":"G511ZYygbikMNN-sh1OE_","issueId":"E2E-1","stage":"implement","msg":"executing stage"}
@urateam/core:test: {"level":40,"time":"2026-05-26T22:47:10.116Z","pid":37054,"hostname":"95cf947da62c","name":"urateam","component":"PipelineRunner","runId":"G511ZYygbikMNN-sh1OE_","issueId":"E2E-1","excerpt":[],"outputPrefix":"","msg":"typecheck-gate: non-zero exit with no parseable TS errors — treating as setup issue and continuing"}
@urateam/core:test: {"level":30,"time":"2026-05-26T22:47:10.116Z","pid":37054,"hostname":"95cf947da62c","name":"urateam","component":"PipelineRunner","runId":"G511ZYygbikMNN-sh1OE_","issueId":"E2E-1","defaultBranch":"main","msg":"push queue: rebasing before push"}
@urateam/core:test: {"level":30,"time":"2026-05-26T22:47:10.116Z","pid":37054,"hostname":"95cf947da62c","name":"urateam","component":"PipelineRunner","runId":"G511ZYygbikMNN-sh1OE_","issueId":"E2E-1","branch":"agent/E2E-1-add-user-search","rebaseConflict":false,"msg":"push queue: force-with-lease push (agent branch or rebase conflict)"}
@urateam/core:test: {"level":30,"time":"2026-05-26T22:47:10.117Z","pid":37054,"hostname":"95cf947da62c","name":"urateam","component":"PipelineRunner","runId":"G511ZYygbikMNN-sh1OE_","issueId":"E2E-1","msg":"creating PR via gh CLI"}
@urateam/core:test: {"level":30,"time":"2026-05-26T22:47:10.117Z","pid":37054,"hostname":"95cf947da62c","name":"urateam","component":"PipelineRunner","runId":"G511ZYygbikMNN-sh1OE_","issueId":"E2E-1","prUrl":"https://github.com/test/repo/pull/42","msg":"PR created"}
@urateam/core:test: {"level":30,"time":"2026-05-26T22:47:10.122Z","pid":37054,"hostname":"95cf947da62c","name":"urateam","component":"PipelineRunner","runId":"G511ZYygbikMNN-sh1OE_","issueId":"E2E-1","prUrl":"https://github.com/test/repo/pull/42","autoMerged":false,"autoCommitted":false,"totalInputTokens":400,"totalOutputTokens":200,"msg":"pipeline completed"}
@urateam/core:test:  ✓ src/__tests__/e2e-pipeline.test.ts (16 tests) 1261ms
@urateam/cli:test:  ✓ src/__tests__/bootstrap.unit.test.ts (47 tests) 4471ms
@urateam/cli:test:    ✓ validateSetup() > throws when timeout elapses without a 2xx response  2004ms
@urateam/cli:test:    ✓ validateSetup() > retries after a non-2xx response until timeout  2004ms
@urateam/dashboard:test: {"level":30,"time":"2026-05-26T22:47:10.702Z","pid":37117,"hostname":"95cf947da62c","name":"urateam","component":"license","tier":"oss","msg":"no license key set — running in OSS mode"}
@urateam/dashboard:test: {"level":30,"time":"2026-05-26T22:47:10.736Z","pid":37117,"hostname":"95cf947da62c","name":"urateam","component":"license","tier":"enterprise","customerId":"cust_test","expiresAt":"2026-05-27T22:47:10.000Z","msg":"license key validated"}
@urateam/dashboard:test: {"level":30,"time":"2026-05-26T22:47:10.771Z","pid":37117,"hostname":"95cf947da62c","name":"urateam","component":"license","tier":"enterprise","customerId":"cust_test","expiresAt":"2026-05-27T22:47:10.000Z","msg":"license key validated"}
@urateam/dashboard:test: {"level":30,"time":"2026-05-26T22:47:10.871Z","pid":37117,"hostname":"95cf947da62c","name":"urateam","component":"license","tier":"enterprise","customerId":"cust_test","expiresAt":"2026-05-27T22:47:10.000Z","msg":"license key validated"}
@urateam/dashboard:test: {"level":30,"time":"2026-05-26T22:47:10.960Z","pid":37117,"hostname":"95cf947da62c","name":"urateam","component":"license","tier":"enterprise","customerId":"cust_test","expiresAt":"2026-05-27T22:47:10.000Z","msg":"license key validated"}
@urateam/dashboard:test: {"level":30,"time":"2026-05-26T22:47:11.002Z","pid":37117,"hostname":"95cf947da62c","name":"urateam","component":"license","tier":"enterprise","customerId":"cust_test","expiresAt":"2026-05-27T22:47:10.000Z","msg":"license key validated"}
@urateam/dashboard:test: {"level":30,"time":"2026-05-26T22:47:11.054Z","pid":37117,"hostname":"95cf947da62c","name":"urateam","component":"license","tier":"enterprise","customerId":"cust_test","expiresAt":"2026-05-27T22:47:11.000Z","msg":"license key validated"}
@urateam/dashboard:test: {"level":30,"time":"2026-05-26T22:47:11.089Z","pid":37117,"hostname":"95cf947da62c","name":"urateam","component":"license","tier":"enterprise","customerId":"cust_test","expiresAt":"2026-05-27T22:47:11.000Z","msg":"license key validated"}
@urateam/dashboard:test: {"level":30,"time":"2026-05-26T22:47:11.119Z","pid":37117,"hostname":"95cf947da62c","name":"urateam","component":"license","tier":"enterprise","customerId":"cust_test","expiresAt":"2026-05-27T22:47:11.000Z","msg":"license key validated"}
@urateam/dashboard:test: {"level":30,"time":"2026-05-26T22:47:11.166Z","pid":37117,"hostname":"95cf947da62c","name":"urateam","component":"license","tier":"oss","msg":"no license key set — running in OSS mode"}
@urateam/dashboard:test: {"level":30,"time":"2026-05-26T22:47:11.294Z","pid":37117,"hostname":"95cf947da62c","name":"urateam","component":"license","tier":"enterprise","customerId":"cust_test","expiresAt":"2026-05-27T22:47:11.000Z","msg":"license key validated"}
@urateam/dashboard:test:  ✓ src/__tests__/retry-route.test.ts (11 tests) 715ms
@urateam/core:test:  ✓ src/__tests__/review-feedback.test.ts (51 tests) 2441ms
@urateam/core:test:    ✓ buildReviewFeedbackContext > maps webhook ReviewFeedbackComment[] to ReviewComment[]  2387ms
@urateam/cli:test:  ✓ src/__tests__/tunnel.test.ts (12 tests) 199ms
@urateam/dashboard:test: {"level":30,"time":"2026-05-26T22:47:11.971Z","pid":37165,"hostname":"95cf947da62c","name":"urateam","component":"license","tier":"oss","msg":"no license key set — running in OSS mode"}
@urateam/dashboard:test:  ✓ src/__tests__/cli-stop-routes.test.ts (9 tests) 444ms
@urateam/core:test: {"level":30,"time":"2026-05-26T22:47:13.023Z","pid":37229,"hostname":"95cf947da62c","name":"urateam","component":"GitHubWebhookHandler","prUrl":"https://github.com/org/repo/pull/7","msg":"feedback run already in progress for this PR — skipping"}
@urateam/core:test: {"level":40,"time":"2026-05-26T22:47:13.037Z","pid":37229,"hostname":"95cf947da62c","name":"urateam","component":"GitHubWebhookHandler","repoUrl":"https://github.com/org/repo","msg":"no repoConfig found for PR's repo URL"}
@urateam/core:test: {"level":30,"time":"2026-05-26T22:47:13.064Z","pid":37229,"hostname":"95cf947da62c","name":"urateam","component":"GitHubWebhookHandler","runId":"run-abc123","prUrl":"https://github.com/org/repo/pull/7","msg":"pr-merged: updated pipeline run auto_merged=true"}
@urateam/core:test: {"level":30,"time":"2026-05-26T22:47:13.094Z","pid":37229,"hostname":"95cf947da62c","name":"urateam","component":"GitHubWebhookHandler","runId":"run-abc123","prUrl":"https://github.com/org/repo/pull/7","msg":"pr-merged: updated pipeline run auto_merged=true"}
@urateam/core:test:  ✓ src/__tests__/github-webhook.test.ts (28 tests) 241ms
@urateam/core:test: {"level":40,"time":"2026-05-26T22:47:13.091Z","pid":37359,"hostname":"95cf947da62c","name":"urateam","component":"PmAgent:slack-interface","err":{"type":"Error","message":"boom","stack":"Error: boom\n    at /home/ura/data/runs/B7TEaqaYubzZqR2vcvyha/worktree/packages/core/src/__tests__/pm-slack-interface.test.ts:112:50\n    at file:///home/ura/data/runs/B7TEaqaYubzZqR2vcvyha/worktree/node_modules/.pnpm/@vitest+runner@3.2.4/node_modules/@vitest/runner/dist/chunk-hooks.js:155:11\n    at file:///home/ura/data/runs/B7TEaqaYubzZqR2vcvyha/worktree/node_modules/.pnpm/@vitest+runner@3.2.4/node_modules/@vitest/runner/dist/chunk-hooks.js:752:26\n    at file:///home/ura/data/runs/B7TEaqaYubzZqR2vcvyha/worktree/node_modules/.pnpm/@vitest+runner@3.2.4/node_modules/@vitest/runner/dist/chunk-hooks.js:1897:20\n    at new Promise (<anonymous>)\n    at runWithTimeout (file:///home/ura/data/runs/B7TEaqaYubzZqR2vcvyha/worktree/node_modules/.pnpm/@vitest+runner@3.2.4/node_modules/@vitest/runner/dist/chunk-hooks.js:1863:10)\n    at runTest (file:///home/ura/data/runs/B7TEaqaYubzZqR2vcvyha/worktree/node_modules/.pnpm/@vitest+runner@3.2.4/node_modules/@vitest/runner/dist/chunk-hooks.js:1574:12)\n    at processTicksAndRejections (node:internal/process/task_queues:103:5)\n    at runSuite (file:///home/ura/data/runs/B7TEaqaYubzZqR2vcvyha/worktree/node_modules/.pnpm/@vitest+runner@3.2.4/node_modules/@vitest/runner/dist/chunk-hooks.js:1729:8)\n    at runSuite (file:///home/ura/data/runs/B7TEaqaYubzZqR2vcvyha/worktree/node_modules/.pnpm/@vitest+runner@3.2.4/node_modules/@vitest/runner/dist/chunk-hooks.js:1729:8)"},"message":"anything","msg":"failed to parse NL intent"}
@urateam/core:test: {"level":40,"time":"2026-05-26T22:47:13.138Z","pid":37359,"hostname":"95cf947da62c","name":"urateam","component":"PmAgent:slack-bulk","responsePreview":"I cannot help with that.","msg":"bulk create: no JSON array in Claude response"}
@urateam/core:test: {"level":40,"time":"2026-05-26T22:47:13.142Z","pid":37359,"hostname":"95cf947da62c","name":"urateam","component":"PmAgent:slack-bulk","err":{"type":"Error","message":"API error","stack":"Error: API error\n    at /home/ura/data/runs/B7TEaqaYubzZqR2vcvyha/worktree/packages/core/src/__tests__/pm-slack-interface.test.ts:202:50\n    at file:///home/ura/data/runs/B7TEaqaYubzZqR2vcvyha/worktree/node_modules/.pnpm/@vitest+runner@3.2.4/node_modules/@vitest/runner/dist/chunk-hooks.js:155:11\n    at file:///home/ura/data/runs/B7TEaqaYubzZqR2vcvyha/worktree/node_modules/.pnpm/@vitest+runner@3.2.4/node_modules/@vitest/runner/dist/chunk-hooks.js:752:26\n    at file:///home/ura/data/runs/B7TEaqaYubzZqR2vcvyha/worktree/node_modules/.pnpm/@vitest+runner@3.2.4/node_modules/@vitest/runner/dist/chunk-hooks.js:1897:20\n    at new Promise (<anonymous>)\n    at runWithTimeout (file:///home/ura/data/runs/B7TEaqaYubzZqR2vcvyha/worktree/node_modules/.pnpm/@vitest+runner@3.2.4/node_modules/@vitest/runner/dist/chunk-hooks.js:1863:10)\n    at runTest (file:///home/ura/data/runs/B7TEaqaYubzZqR2vcvyha/worktree/node_modules/.pnpm/@vitest+runner@3.2.4/node_modules/@vitest/runner/dist/chunk-hooks.js:1574:12)\n    at processTicksAndRejections (node:internal/process/task_queues:103:5)\n    at runSuite (file:///home/ura/data/runs/B7TEaqaYubzZqR2vcvyha/worktree/node_modules/.pnpm/@vitest+runner@3.2.4/node_modules/@vitest/runner/dist/chunk-hooks.js:1729:8)\n    at runSuite (file:///home/ura/data/runs/B7TEaqaYubzZqR2vcvyha/worktree/node_modules/.pnpm/@vitest+runner@3.2.4/node_modules/@vitest/runner/dist/chunk-hooks.js:1729:8)"},"msg":"bulk create: failed to analyze request"}
@urateam/core:test: {"level":30,"time":"2026-05-26T22:47:13.146Z","pid":37359,"hostname":"95cf947da62c","name":"urateam","component":"PmAgent:slack-commands","msg":"PM Agent paused via Slack"}
@urateam/core:test: {"level":30,"time":"2026-05-26T22:47:13.147Z","pid":37359,"hostname":"95cf947da62c","name":"urateam","component":"PmAgent:slack-commands","msg":"PM Agent resumed via Slack"}
@urateam/core:test: {"level":30,"time":"2026-05-26T22:47:13.352Z","pid":37359,"hostname":"95cf947da62c","name":"urateam","component":"PmAgent:slack-commands","runId":"run-abc","mode":"cancel","slackUserId":"U42","msg":"run stop requested via Slack"}
@urateam/core:test: {"level":30,"time":"2026-05-26T22:47:13.353Z","pid":37359,"hostname":"95cf947da62c","name":"urateam","component":"PmAgent:slack-commands","runId":"run-xyz","mode":"graceful","slackUserId":"U42","msg":"run stop requested via Slack"}
@urateam/core:test: {"level":40,"time":"2026-05-26T22:47:13.354Z","pid":37359,"hostname":"95cf947da62c","name":"urateam","component":"PmAgent:slack-commands","count":3,"slackUserId":"U42","msg":"container halt requested via Slack"}
@urateam/core:test:  ✓ src/__tests__/pm-slack-interface.test.ts (62 tests) 309ms
@urateam/core:test: {"level":30,"time":"2026-05-26T22:47:14.186Z","pid":37537,"hostname":"95cf947da62c","name":"urateam","component":"CloudWatchIntegration","topicArn":"arn:aws:sns:us-east-1:123:MyTopic","msg":"CloudWatch: SNS subscription confirmed"}
@urateam/core:test: {"level":50,"time":"2026-05-26T22:47:14.208Z","pid":37537,"hostname":"95cf947da62c","name":"urateam","component":"CloudWatchIntegration","err":{"type":"Error","message":"Network error","stack":"Error: Network error\n    at /home/ura/data/runs/B7TEaqaYubzZqR2vcvyha/worktree/packages/core/src/__tests__/integrations/cloudwatch.test.ts:320:50\n    at file:///home/ura/data/runs/B7TEaqaYubzZqR2vcvyha/worktree/node_modules/.pnpm/@vitest+runner@3.2.4/node_modules/@vitest/runner/dist/chunk-hooks.js:155:11\n    at file:///home/ura/data/runs/B7TEaqaYubzZqR2vcvyha/worktree/node_modules/.pnpm/@vitest+runner@3.2.4/node_modules/@vitest/runner/dist/chunk-hooks.js:752:26\n    at file:///home/ura/data/runs/B7TEaqaYubzZqR2vcvyha/worktree/node_modules/.pnpm/@vitest+runner@3.2.4/node_modules/@vitest/runner/dist/chunk-hooks.js:1897:20\n    at new Promise (<anonymous>)\n    at runWithTimeout (file:///home/ura/data/runs/B7TEaqaYubzZqR2vcvyha/worktree/node_modules/.pnpm/@vitest+runner@3.2.4/node_modules/@vitest/runner/dist/chunk-hooks.js:1863:10)\n    at runTest (file:///home/ura/data/runs/B7TEaqaYubzZqR2vcvyha/worktree/node_modules/.pnpm/@vitest+runner@3.2.4/node_modules/@vitest/runner/dist/chunk-hooks.js:1574:12)\n    at processTicksAndRejections (node:internal/process/task_queues:103:5)\n    at runSuite (file:///home/ura/data/runs/B7TEaqaYubzZqR2vcvyha/worktree/node_modules/.pnpm/@vitest+runner@3.2.4/node_modules/@vitest/runner/dist/chunk-hooks.js:1729:8)\n    at runSuite (file:///home/ura/data/runs/B7TEaqaYubzZqR2vcvyha/worktree/node_modules/.pnpm/@vitest+runner@3.2.4/node_modules/@vitest/runner/dist/chunk-hooks.js:1729:8)"},"msg":"CloudWatch: SNS signature verification error"}
@urateam/core:test: {"level":30,"time":"2026-05-26T22:47:14.331Z","pid":37537,"hostname":"95cf947da62c","name":"urateam","component":"CloudWatchIntegration","alarmName":"HighErrorRate","linearId":"BEC-400","msg":"CloudWatch: created Linear ticket"}
@urateam/core:test: {"level":30,"time":"2026-05-26T22:47:14.971Z","pid":37537,"hostname":"95cf947da62c","name":"urateam","component":"CloudWatchIntegration","alarmName":"HighErrorRate","linearId":"BEC-300","msg":"CloudWatch: duplicate alarm within idempotency window — returning existing ticket"}
@urateam/core:test: {"level":30,"time":"2026-05-26T22:47:15.299Z","pid":37537,"hostname":"95cf947da62c","name":"urateam","component":"CloudWatchIntegration","alarmName":"HighErrorRate","linearId":"BEC-400","msg":"CloudWatch: created Linear ticket"}
@urateam/core:test: {"level":30,"time":"2026-05-26T22:47:15.445Z","pid":37537,"hostname":"95cf947da62c","name":"urateam","component":"CloudWatchIntegration","alarmName":"HighErrorRate","linearId":"BEC-400","msg":"CloudWatch: created Linear ticket"}
@urateam/core:test:  ✓ src/__tests__/integrations/cloudwatch.test.ts (20 tests) 1348ms
@urateam/core:test:    ✓ createCloudWatchWebhookHandler > returns existing ticket without creating duplicate (idempotency)  346ms
@urateam/core:test:    ✓ createCloudWatchWebhookHandler > creates tickets in Triage state with bug + auto-implement labels  329ms
@urateam/cli:test:  ✓ src/__tests__/circuit.test.ts (9 tests) 464ms
@urateam/dashboard:test: {"level":30,"time":"2026-05-26T22:47:16.420Z","pid":37352,"hostname":"95cf947da62c","name":"urateam","component":"license","tier":"enterprise","customerId":"cust_test","expiresAt":"2026-05-27T22:47:16.000Z","msg":"license key validated"}
@urateam/dashboard:test: {"level":30,"time":"2026-05-26T22:47:16.518Z","pid":37352,"hostname":"95cf947da62c","name":"urateam","component":"license","tier":"enterprise","customerId":"cust_test","expiresAt":"2026-05-27T22:47:16.000Z","msg":"license key validated"}
@urateam/dashboard:test: {"level":30,"time":"2026-05-26T22:47:16.566Z","pid":37352,"hostname":"95cf947da62c","name":"urateam","component":"license","tier":"enterprise","customerId":"cust_test","expiresAt":"2026-05-27T22:47:16.000Z","msg":"license key validated"}
@urateam/core:test:  ✓ src/__tests__/recover-stuck.test.ts (18 tests) 89ms
@urateam/dashboard:test: {"level":30,"time":"2026-05-26T22:47:16.615Z","pid":37352,"hostname":"95cf947da62c","name":"urateam","component":"license","tier":"enterprise","customerId":"cust_test","expiresAt":"2026-05-27T22:47:16.000Z","msg":"license key validated"}
@urateam/dashboard:test: {"level":30,"time":"2026-05-26T22:47:16.664Z","pid":37352,"hostname":"95cf947da62c","name":"urateam","component":"license","tier":"enterprise","customerId":"cust_test","expiresAt":"2026-05-27T22:47:16.000Z","msg":"license key validated"}
@urateam/dashboard:test: {"level":30,"time":"2026-05-26T22:47:16.694Z","pid":37352,"hostname":"95cf947da62c","name":"urateam","component":"license","tier":"enterprise","customerId":"cust_test","expiresAt":"2026-05-27T22:47:16.000Z","msg":"license key validated"}
@urateam/dashboard:test: {"level":30,"time":"2026-05-26T22:47:16.733Z","pid":37352,"hostname":"95cf947da62c","name":"urateam","component":"license","tier":"enterprise","customerId":"cust_test","expiresAt":"2026-05-27T22:47:16.000Z","msg":"license key validated"}
@urateam/dashboard:test: {"level":30,"time":"2026-05-26T22:47:16.776Z","pid":37352,"hostname":"95cf947da62c","name":"urateam","component":"license","tier":"oss","msg":"no license key set — running in OSS mode"}
@urateam/dashboard:test:  ✓ src/__tests__/users-routes.test.ts (8 tests) 489ms
@urateam/cli:test: Caddyfile written to /tmp/ura-e2e-bootstrap-cBjBEh/Caddyfile
@urateam/dashboard:test: {"level":40,"time":"2026-05-26T22:47:17.147Z","pid":37419,"hostname":"95cf947da62c","name":"urateam","component":"dashboard","msg":"DASHBOARD_BASE_PATH is not set. Navigation links will use root paths. Set DASHBOARD_BASE_PATH=/ateam (no trailing slash) if the dashboard is served under a path prefix via a reverse proxy."}
@urateam/dashboard:test: {"level":30,"time":"2026-05-26T22:47:17.155Z","pid":37419,"hostname":"95cf947da62c","name":"urateam","component":"license","tier":"oss","msg":"no license key set — running in OSS mode"}
@urateam/dashboard:test: {"level":40,"time":"2026-05-26T22:47:17.266Z","pid":37419,"hostname":"95cf947da62c","name":"urateam","component":"dashboard","msg":"DASHBOARD_BASE_PATH is not set. Navigation links will use root paths. Set DASHBOARD_BASE_PATH=/ateam (no trailing slash) if the dashboard is served under a path prefix via a reverse proxy."}
@urateam/dashboard:test: {"level":30,"time":"2026-05-26T22:47:17.266Z","pid":37419,"hostname":"95cf947da62c","name":"urateam","component":"license","tier":"oss","msg":"no license key set — running in OSS mode"}
@urateam/dashboard:test: {"level":40,"time":"2026-05-26T22:47:17.316Z","pid":37419,"hostname":"95cf947da62c","name":"urateam","component":"dashboard","msg":"DASHBOARD_BASE_PATH is not set. Navigation links will use root paths. Set DASHBOARD_BASE_PATH=/ateam (no trailing slash) if the dashboard is served under a path prefix via a reverse proxy."}
@urateam/dashboard:test: {"level":30,"time":"2026-05-26T22:47:17.319Z","pid":37419,"hostname":"95cf947da62c","name":"urateam","component":"license","tier":"enterprise","customerId":"cust_test","expiresAt":"2026-05-27T22:47:17.000Z","msg":"license key validated"}
@urateam/dashboard:test: {"level":40,"time":"2026-05-26T22:47:17.368Z","pid":37419,"hostname":"95cf947da62c","name":"urateam","component":"dashboard","msg":"DASHBOARD_BASE_PATH is not set. Navigation links will use root paths. Set DASHBOARD_BASE_PATH=/ateam (no trailing slash) if the dashboard is served under a path prefix via a reverse proxy."}
@urateam/dashboard:test: {"level":30,"time":"2026-05-26T22:47:17.369Z","pid":37419,"hostname":"95cf947da62c","name":"urateam","component":"license","tier":"enterprise","customerId":"cust_test","expiresAt":"2026-05-27T22:47:17.000Z","msg":"license key validated"}
@urateam/dashboard:test: {"level":40,"time":"2026-05-26T22:47:17.396Z","pid":37419,"hostname":"95cf947da62c","name":"urateam","component":"dashboard","msg":"DASHBOARD_BASE_PATH is not set. Navigation links will use root paths. Set DASHBOARD_BASE_PATH=/ateam (no trailing slash) if the dashboard is served under a path prefix via a reverse proxy."}
@urateam/dashboard:test: {"level":30,"time":"2026-05-26T22:47:17.399Z","pid":37419,"hostname":"95cf947da62c","name":"urateam","component":"license","tier":"enterprise","customerId":"cust_test","expiresAt":"2026-05-27T22:47:17.000Z","msg":"license key validated"}
@urateam/dashboard:test: {"level":40,"time":"2026-05-26T22:47:17.433Z","pid":37419,"hostname":"95cf947da62c","name":"urateam","component":"dashboard","msg":"DASHBOARD_BASE_PATH is not set. Navigation links will use root paths. Set DASHBOARD_BASE_PATH=/ateam (no trailing slash) if the dashboard is served under a path prefix via a reverse proxy."}
@urateam/dashboard:test: {"level":30,"time":"2026-05-26T22:47:17.433Z","pid":37419,"hostname":"95cf947da62c","name":"urateam","component":"license","tier":"enterprise","customerId":"cust_test","expiresAt":"2026-05-27T22:47:17.000Z","msg":"license key validated"}
@urateam/dashboard:test: {"level":40,"time":"2026-05-26T22:47:17.480Z","pid":37419,"hostname":"95cf947da62c","name":"urateam","component":"dashboard","msg":"DASHBOARD_BASE_PATH is not set. Navigation links will use root paths. Set DASHBOARD_BASE_PATH=/ateam (no trailing slash) if the dashboard is served under a path prefix via a reverse proxy."}
@urateam/dashboard:test: {"level":30,"time":"2026-05-26T22:47:17.481Z","pid":37419,"hostname":"95cf947da62c","name":"urateam","component":"license","tier":"enterprise","customerId":"cust_test","expiresAt":"2026-05-27T22:47:17.000Z","msg":"license key validated"}
@urateam/dashboard:test:  ✓ src/__tests__/audit.test.ts (7 tests) 414ms
@urateam/core:test: {"level":30,"time":"2026-05-26T22:47:18.517Z","pid":37618,"hostname":"95cf947da62c","name":"urateam","component":"PmAgent:promote","issueId":"BEC-50","overlapRisk":"none","msg":"promoted to Todo"}
@urateam/core:test: {"level":30,"time":"2026-05-26T22:47:18.525Z","pid":37618,"hostname":"95cf947da62c","name":"urateam","component":"PmAgent:promote","issueId":"BEC-50","msg":"skipped — high conflict risk"}
@urateam/core:test: {"level":30,"time":"2026-05-26T22:47:18.526Z","pid":37618,"hostname":"95cf947da62c","name":"urateam","component":"PmAgent:promote","issueId":"BEC-51","overlapRisk":"none","msg":"promoted to Todo"}
@urateam/core:test: {"level":30,"time":"2026-05-26T22:47:18.530Z","pid":37618,"hostname":"95cf947da62c","name":"urateam","component":"PmAgent:promote","issueId":"BEC-60","overlapRisk":"none","msg":"promoted to Todo"}
@urateam/core:test: {"level":30,"time":"2026-05-26T22:47:18.532Z","pid":37618,"hostname":"95cf947da62c","name":"urateam","component":"PmAgent:promote","issueId":"BEC-61","overlapRisk":"none","msg":"promoted to Todo"}
@urateam/core:test: {"level":30,"time":"2026-05-26T22:47:18.535Z","pid":37618,"hostname":"95cf947da62c","name":"urateam","component":"PmAgent:promote","issueId":"BEC-100","overlapRisk":"none","msg":"promoted to Todo"}
@urateam/core:test: {"level":30,"time":"2026-05-26T22:47:18.537Z","pid":37618,"hostname":"95cf947da62c","name":"urateam","component":"PmAgent:promote","issueId":"BEC-200","labels":["marketing"],"msg":"skipped promote: no pipeline-matching label"}
@urateam/core:test: {"level":30,"time":"2026-05-26T22:47:18.540Z","pid":37618,"hostname":"95cf947da62c","name":"urateam","component":"PmAgent:promote","issueId":"BEC-300","labels":[],"msg":"skipped promote: no pipeline-matching label"}
@urateam/core:test: {"level":30,"time":"2026-05-26T22:47:18.543Z","pid":37618,"hostname":"95cf947da62c","name":"urateam","component":"PmAgent:promote","issueId":"BEC-400","overlapRisk":"none","msg":"promoted to Todo"}
@urateam/core:test: {"level":30,"time":"2026-05-26T22:47:18.550Z","pid":37618,"hostname":"95cf947da62c","name":"urateam","component":"PmAgent:promote","issueId":"BEC-600","labels":[],"msg":"skipped promote: no pipeline-matching label"}
@urateam/core:test: {"level":30,"time":"2026-05-26T22:47:18.555Z","pid":37618,"hostname":"95cf947da62c","name":"urateam","component":"PmAgent:promote","issueId":"BEC-700","labels":["marketing"],"msg":"skipped promote: no pipeline-matching label"}
@urateam/core:test: {"level":30,"time":"2026-05-26T22:47:18.555Z","pid":37618,"hostname":"95cf947da62c","name":"urateam","component":"PmAgent:promote","issueId":"BEC-701","overlapRisk":"none","msg":"promoted to Todo"}
@urateam/core:test: {"level":30,"time":"2026-05-26T22:47:18.556Z","pid":37618,"hostname":"95cf947da62c","name":"urateam","component":"PmAgent:promote","issueId":"BEC-702","labels":[],"msg":"skipped promote: no pipeline-matching label"}
@urateam/core:test: {"level":40,"time":"2026-05-26T22:47:18.585Z","pid":37618,"hostname":"95cf947da62c","name":"urateam","component":"PmAgent:promote","issueId":"BEC-161-A","failureCount":3,"threshold":3,"msg":"skipped promote: circuit-breaker engaged (too many consecutive failures)"}
@urateam/core:test: {"level":40,"time":"2026-05-26T22:47:18.585Z","pid":37618,"hostname":"95cf947da62c","name":"urateam","component":"PmAgent:promote","issueId":"BEC-161-A","err":{"type":"TypeError","message":"linearClient.issueLabels is not a function","stack":"TypeError: linearClient.issueLabels is not a function\n    at /home/ura/data/runs/B7TEaqaYubzZqR2vcvyha/worktree/packages/core/src/pm/actions/promote.ts:239:52\n    at promoteReadyIssues (/home/ura/data/runs/B7TEaqaYubzZqR2vcvyha/worktree/packages/core/src/pm/actions/promote.ts:252:11)\n    at processTicksAndRejections (node:internal/process/task_queues:103:5)\n    at /home/ura/data/runs/B7TEaqaYubzZqR2vcvyha/worktree/packages/core/src/__tests__/pm-promote.test.ts:330:23\n    at file:///home/ura/data/runs/B7TEaqaYubzZqR2vcvyha/worktree/node_modules/.pnpm/@vitest+runner@3.2.4/node_modules/@vitest/runner/dist/chunk-hooks.js:752:20"},"msg":"Tier 5 escalation: failed to look up needs-design label"}
@urateam/core:test: {"level":40,"time":"2026-05-26T22:47:18.613Z","pid":37618,"hostname":"95cf947da62c","name":"urateam","component":"PmAgent:promote","issueId":"BEC-161-A","label":"needs-design","msg":"Tier 5 escalation: 'needs-design' label not found in Linear — escalation logged but issue not relabeled"}
@urateam/core:test: {"level":40,"time":"2026-05-26T22:47:18.613Z","pid":37618,"hostname":"95cf947da62c","name":"urateam","component":"PmAgent:promote","issueId":"BEC-161-A","failureCount":3,"hasError":false,"msg":"Tier 5 escalation: moved issue to needs-design and notified"}
@urateam/core:test: {"level":30,"time":"2026-05-26T22:47:18.621Z","pid":37618,"hostname":"95cf947da62c","name":"urateam","component":"PmAgent:promote","issueId":"BEC-161-B","overlapRisk":"none","msg":"promoted to Todo"}
@urateam/core:test: {"level":30,"time":"2026-05-26T22:47:18.623Z","pid":37618,"hostname":"95cf947da62c","name":"urateam","component":"PmAgent:promote","issueId":"BEC-161-C","overlapRisk":"none","msg":"promoted to Todo"}
@urateam/core:test: {"level":30,"time":"2026-05-26T22:47:18.623Z","pid":37618,"hostname":"95cf947da62c","name":"urateam","component":"PmAgent:promote","issueId":"BEC-161-A","overlapRisk":"none","msg":"promoted to Todo"}
@urateam/core:test: {"level":40,"time":"2026-05-26T22:47:18.651Z","pid":37618,"hostname":"95cf947da62c","name":"urateam","component":"PmAgent:promote","issueId":"BEC-236-T","failureCount":3,"threshold":3,"msg":"skipped promote: circuit-breaker engaged (too many consecutive failures)"}
@urateam/core:test: {"level":40,"time":"2026-05-26T22:47:18.659Z","pid":37618,"hostname":"95cf947da62c","name":"urateam","component":"PmAgent:promote","issueId":"BEC-236-T","label":"needs-design","msg":"Tier 5 escalation: 'needs-design' label not found in Linear — escalation logged but issue not relabeled"}
@urateam/core:test: {"level":40,"time":"2026-05-26T22:47:18.661Z","pid":37618,"hostname":"95cf947da62c","name":"urateam","component":"PmAgent:promote","issueId":"BEC-236-T","failureCount":3,"hasError":true,"msg":"Tier 5 escalation: moved issue to needs-design and notified"}
@urateam/core:test: {"level":40,"time":"2026-05-26T22:47:18.690Z","pid":37618,"hostname":"95cf947da62c","name":"urateam","component":"PmAgent:promote","issueId":"BEC-236-U","failureCount":3,"threshold":3,"msg":"skipped promote: circuit-breaker engaged (too many consecutive failures)"}
@urateam/core:test:  ✓ src/__tests__/pm-promote.test.ts (17 tests) 183ms
@urateam/cli:test:  ✓ src/__tests__/bootstrap.e2e.test.ts (12 tests) 2095ms
@urateam/cli:test:    ✓ Bootstrap e2e — validateSetup > throws with a helpful message on timeout  2008ms
@urateam/core:test: {"level":40,"time":"2026-05-26T22:47:19.931Z","pid":37765,"hostname":"95cf947da62c","name":"urateam","component":"TestQuality","filePath":"/nonexistent.test.ts","msg":"test-quality: could not read file — skipping"}
@urateam/core:test: {"level":30,"time":"2026-05-26T22:47:19.938Z","pid":37765,"hostname":"95cf947da62c","name":"urateam","component":"TestQuality","testFileCount":1,"msg":"test-quality: analysing test files"}
@urateam/core:test: {"level":40,"time":"2026-05-26T22:47:19.938Z","pid":37765,"hostname":"95cf947da62c","name":"urateam","component":"TestQuality","file":"/worktree/src/__tests__/server.test.ts","trivialRatio":1,"trivialAssertions":3,"behavioralAssertions":0,"stubAssertions":0,"testsWithoutBehavioralAssertion":3,"msg":"test-quality: flagged file with low-quality assertions"}
@urateam/core:test: {"level":40,"time":"2026-05-26T22:47:19.938Z","pid":37765,"hostname":"95cf947da62c","name":"urateam","component":"TestQuality","violationCount":1,"msg":"test-quality: test quality violations found — added as warnings to handoff"}
@urateam/core:test: {"level":30,"time":"2026-05-26T22:47:19.939Z","pid":37765,"hostname":"95cf947da62c","name":"urateam","component":"TestQuality","testFileCount":1,"msg":"test-quality: analysing test files"}
@urateam/core:test: {"level":30,"time":"2026-05-26T22:47:19.941Z","pid":37765,"hostname":"95cf947da62c","name":"urateam","component":"TestQuality","msg":"test-quality: all test files passed assertion quality check"}
@urateam/core:test: {"level":30,"time":"2026-05-26T22:47:19.944Z","pid":37765,"hostname":"95cf947da62c","name":"urateam","component":"TestQuality","testFileCount":1,"msg":"test-quality: analysing test files"}
@urateam/core:test: {"level":40,"time":"2026-05-26T22:47:19.947Z","pid":37765,"hostname":"95cf947da62c","name":"urateam","component":"TestQuality","file":"/worktree/foo.test.ts","trivialRatio":1,"trivialAssertions":1,"behavioralAssertions":0,"stubAssertions":0,"testsWithoutBehavioralAssertion":1,"msg":"test-quality: flagged file with low-quality assertions"}
@urateam/core:test: {"level":40,"time":"2026-05-26T22:47:19.947Z","pid":37765,"hostname":"95cf947da62c","name":"urateam","component":"TestQuality","violationCount":1,"msg":"test-quality: test quality violations found — added as warnings to handoff"}
@urateam/core:test: {"level":30,"time":"2026-05-26T22:47:19.950Z","pid":37765,"hostname":"95cf947da62c","name":"urateam","component":"TestQuality","testFileCount":1,"msg":"test-quality: analysing test files"}
@urateam/core:test: {"level":40,"time":"2026-05-26T22:47:19.950Z","pid":37765,"hostname":"95cf947da62c","name":"urateam","component":"TestQuality","file":"/worktree/nav.test.tsx","trivialRatio":0.4,"trivialAssertions":4,"behavioralAssertions":6,"stubAssertions":4,"testsWithoutBehavioralAssertion":4,"msg":"test-quality: flagged file with low-quality assertions"}
@urateam/core:test: {"level":40,"time":"2026-05-26T22:47:19.950Z","pid":37765,"hostname":"95cf947da62c","name":"urateam","component":"TestQuality","violationCount":1,"msg":"test-quality: test quality violations found — added as warnings to handoff"}
@urateam/core:test: {"level":30,"time":"2026-05-26T22:47:19.954Z","pid":37765,"hostname":"95cf947da62c","name":"urateam","component":"TestQuality","testFileCount":1,"msg":"test-quality: analysing test files"}
@urateam/core:test: {"level":40,"time":"2026-05-26T22:47:19.954Z","pid":37765,"hostname":"95cf947da62c","name":"urateam","component":"TestQuality","file":"/worktree/x.test.ts","trivialRatio":0.6666666666666666,"trivialAssertions":2,"behavioralAssertions":1,"stubAssertions":2,"testsWithoutBehavioralAssertion":2,"msg":"test-quality: flagged file with low-quality assertions"}
@urateam/core:test: {"level":40,"time":"2026-05-26T22:47:19.954Z","pid":37765,"hostname":"95cf947da62c","name":"urateam","component":"TestQuality","violationCount":1,"msg":"test-quality: test quality violations found — added as warnings to handoff"}
@urateam/core:test: {"level":30,"time":"2026-05-26T22:47:19.954Z","pid":37765,"hostname":"95cf947da62c","name":"urateam","component":"TestQuality","testFileCount":1,"msg":"test-quality: analysing test files"}
@urateam/core:test: {"level":40,"time":"2026-05-26T22:47:19.954Z","pid":37765,"hostname":"95cf947da62c","name":"urateam","component":"TestQuality","file":"/worktree/y.test.ts","trivialRatio":1,"trivialAssertions":1,"behavioralAssertions":0,"stubAssertions":1,"testsWithoutBehavioralAssertion":1,"msg":"test-quality: flagged file with low-quality assertions"}
@urateam/core:test: {"level":40,"time":"2026-05-26T22:47:19.954Z","pid":37765,"hostname":"95cf947da62c","name":"urateam","component":"TestQuality","violationCount":1,"msg":"test-quality: test quality violations found — added as warnings to handoff"}
@urateam/core:test: {"level":30,"time":"2026-05-26T22:47:19.955Z","pid":37765,"hostname":"95cf947da62c","name":"urateam","component":"TestQuality","testFileCount":1,"msg":"test-quality: analysing test files"}
@urateam/core:test: {"level":30,"time":"2026-05-26T22:47:19.955Z","pid":37765,"hostname":"95cf947da62c","name":"urateam","component":"TestQuality","msg":"test-quality: all test files passed assertion quality check"}
@urateam/core:test: {"level":30,"time":"2026-05-26T22:47:19.959Z","pid":37765,"hostname":"95cf947da62c","name":"urateam","component":"TestQuality","testFileCount":1,"msg":"test-quality: analysing test files"}
@urateam/core:test: {"level":40,"time":"2026-05-26T22:47:19.959Z","pid":37765,"hostname":"95cf947da62c","name":"urateam","component":"TestQuality","file":"/worktree/mixed.test.ts","trivialRatio":0.25,"trivialAssertions":1,"behavioralAssertions":3,"stubAssertions":1,"testsWithoutBehavioralAssertion":1,"msg":"test-quality: flagged file with low-quality assertions"}
@urateam/core:test: {"level":40,"time":"2026-05-26T22:47:19.959Z","pid":37765,"hostname":"95cf947da62c","name":"urateam","component":"TestQuality","violationCount":1,"msg":"test-quality: test quality violations found — added as warnings to handoff"}
@urateam/core:test: {"level":30,"time":"2026-05-26T22:47:19.960Z","pid":37765,"hostname":"95cf947da62c","name":"urateam","component":"TestQuality","testFileCount":1,"msg":"test-quality: analysing test files"}
@urateam/core:test: {"level":40,"time":"2026-05-26T22:47:19.960Z","pid":37765,"hostname":"95cf947da62c","name":"urateam","component":"TestQuality","file":"/worktree/server.test.ts","trivialRatio":1,"trivialAssertions":13,"behavioralAssertions":0,"stubAssertions":0,"testsWithoutBehavioralAssertion":13,"msg":"test-quality: flagged file with low-quality assertions"}
@urateam/core:test: {"level":40,"time":"2026-05-26T22:47:19.960Z","pid":37765,"hostname":"95cf947da62c","name":"urateam","component":"TestQuality","violationCount":1,"msg":"test-quality: test quality violations found — added as warnings to handoff"}
@urateam/core:test:  ✓ src/__tests__/test-quality.test.ts (34 tests) 59ms
@urateam/core:test: {"level":30,"time":"2026-05-26T22:47:19.994Z","pid":37677,"hostname":"95cf947da62c","name":"urateam","component":"PipelineRunner","issueId":"TEAM-123","pipeline":"bug-fix","msg":"start() called"}
@urateam/cli:test:  ✓ src/__tests__/license-command.test.ts (10 tests) 292ms
@urateam/core:test: {"level":30,"time":"2026-05-26T22:47:20.331Z","pid":37677,"hostname":"95cf947da62c","name":"urateam","component":"PipelineRunner","runId":"-1yVVkx-1KgFqoZKcivxr","issueId":"TEAM-123","branch":"agent/TEAM-123-fix-the-login-bug","msg":"inserting run into DB"}
@urateam/core:test: {"level":30,"time":"2026-05-26T22:47:20.337Z","pid":37677,"hostname":"95cf947da62c","name":"urateam","component":"PipelineRunner","runId":"-1yVVkx-1KgFqoZKcivxr","issueId":"TEAM-123","branch":"agent/TEAM-123-fix-the-login-bug","msg":"run queued"}
@urateam/core:test: {"level":30,"time":"2026-05-26T22:47:20.347Z","pid":37677,"hostname":"95cf947da62c","name":"urateam","component":"PipelineRunner","runId":"-1yVVkx-1KgFqoZKcivxr","issueId":"TEAM-123","msg":"executing pipeline"}
@urateam/core:test: {"level":30,"time":"2026-05-26T22:47:20.372Z","pid":37677,"hostname":"95cf947da62c","name":"urateam","component":"PipelineRunner","issueId":"TEAM-123","pipeline":"bug-fix","msg":"start() called"}
@urateam/core:test: {"level":30,"time":"2026-05-26T22:47:20.372Z","pid":37677,"hostname":"95cf947da62c","name":"urateam","component":"PipelineRunner","issueId":"TEAM-123","msg":"already active, skipping duplicate"}
@urateam/core:test: {"level":30,"time":"2026-05-26T22:47:20.380Z","pid":37677,"hostname":"95cf947da62c","name":"urateam","component":"license","tier":"oss","msg":"no license key set — running in OSS mode"}
@urateam/core:test: {"level":30,"time":"2026-05-26T22:47:20.381Z","pid":37677,"hostname":"95cf947da62c","name":"urateam","component":"PipelineRunner","runId":"-1yVVkx-1KgFqoZKcivxr","issueId":"TEAM-123","msg":"notifying pipeline start"}
@urateam/core:test: {"level":30,"time":"2026-05-26T22:47:20.381Z","pid":37677,"hostname":"95cf947da62c","name":"urateam","component":"PipelineRunner","runId":"-1yVVkx-1KgFqoZKcivxr","issueId":"TEAM-123","repoUrl":"https://github.com/test/repo.git","repoDir":"/tmp/test-repos/fix-the-login-bug","msg":"cloning repository"}
@urateam/core:test: {"level":30,"time":"2026-05-26T22:47:20.410Z","pid":37677,"hostname":"95cf947da62c","name":"urateam","component":"PipelineRunner","issueId":"TEAM-123","pipeline":"bug-fix","msg":"start() called"}
@urateam/core:test: {"level":30,"time":"2026-05-26T22:47:20.420Z","pid":37677,"hostname":"95cf947da62c","name":"urateam","component":"git","runId":"-1yVVkx-1KgFqoZKcivxr","issueId":"TEAM-123","url":"https://github.com/test/repo.git","dir":"/tmp/test-repos/fix-the-login-bug","msg":"cloning repository"}
@urateam/cli:test: stdout | src/__tests__/service.test.ts > ura service install (darwin) > writes the plist and loads it via launchctl
@urateam/cli:test: ura service install: wrote /tmp/ura-service-knkajc/Library/LaunchAgents/com.urateam.daemon.plist and started the service.
@urateam/cli:test: 
@urateam/cli:test: stdout | src/__tests__/service.test.ts > ura service install (linux) > writes the systemd unit and runs daemon-reload + enable --now
@urateam/cli:test: ura service install: wrote /tmp/ura-service-LPdfNe/.config/systemd/user/urateam.service and started the service.
@urateam/cli:test: 
@urateam/cli:test: stdout | src/__tests__/service.test.ts > ura service uninstall (linux) > disables and deletes the unit when present
@urateam/cli:test: ura service uninstall: removed /tmp/ura-service-EOPFef/.config/systemd/user/urateam.service.
@urateam/cli:test: 
@urateam/cli:test: stdout | src/__tests__/service.test.ts > ura service uninstall (linux) > still deletes the unit when systemctl disable fails (best-effort stop)
@urateam/cli:test: ura service uninstall: removed /tmp/ura-service-IIEIBg/.config/systemd/user/urateam.service.
@urateam/cli:test: 
@urateam/cli:test: stdout | src/__tests__/service.test.ts > ura service uninstall (darwin) > unloads and deletes the plist when present
@urateam/cli:test: ura service uninstall: removed /tmp/ura-service-LFFbHg/Library/LaunchAgents/com.urateam.daemon.plist.
@urateam/cli:test: 
@urateam/cli:test:  ✓ src/__tests__/service.test.ts (10 tests) 134ms
@urateam/core:test: {"level":50,"time":"2026-05-26T22:47:20.802Z","pid":37677,"hostname":"95cf947da62c","name":"urateam","component":"PipelineRunner","runId":"-1yVVkx-1KgFqoZKcivxr","issueId":"TEAM-123","err":{"type":"Error","message":"git clone failed: Cloning into '/tmp/test-repos/fix-the-login-bug'...\nremote: Repository not found.\nfatal: repository 'https://github.com/test/repo.git/' not found\n","stack":"Error: git clone failed: Cloning into '/tmp/test-repos/fix-the-login-bug'...\nremote: Repository not found.\nfatal: repository 'https://github.com/test/repo.git/' not found\n\n    at /home/ura/data/runs/B7TEaqaYubzZqR2vcvyha/worktree/packages/core/src/repo/git.ts:114:16\n    at ChildProcess.exithandler (node:child_process:424:5)\n    at ChildProcess.emit (node:events:519:28)\n    at maybeClose (node:internal/child_process:1101:16)\n    at Process.ChildProcess._handle.onexit (node:internal/child_process:304:5)\n    at Process.callbackTrampoline (node:internal/async_hooks:130:17)"},"msg":"pipeline failed with unexpected error"}
@urateam/core:test: {"level":30,"time":"2026-05-26T22:47:20.843Z","pid":37677,"hostname":"95cf947da62c","name":"urateam","component":"PipelineRunner","runId":"s0HpP3z1-fOyZ_dUu-2O2","issueId":"TEAM-123","branch":"agent/TEAM-123-fix-the-login-bug","msg":"inserting run into DB"}
@urateam/core:test: {"level":30,"time":"2026-05-26T22:47:20.844Z","pid":37677,"hostname":"95cf947da62c","name":"urateam","component":"PipelineRunner","runId":"s0HpP3z1-fOyZ_dUu-2O2","issueId":"TEAM-123","branch":"agent/TEAM-123-fix-the-login-bug","msg":"run queued"}
@urateam/core:test: {"level":30,"time":"2026-05-26T22:47:20.845Z","pid":37677,"hostname":"95cf947da62c","name":"urateam","component":"PipelineRunner","runId":"s0HpP3z1-fOyZ_dUu-2O2","issueId":"TEAM-123","msg":"executing pipeline"}
@urateam/core:test: {"level":30,"time":"2026-05-26T22:47:20.850Z","pid":37677,"hostname":"95cf947da62c","name":"urateam","component":"PipelineRunner","runId":"s0HpP3z1-fOyZ_dUu-2O2","issueId":"TEAM-123","msg":"notifying pipeline start"}
@urateam/core:test: {"level":30,"time":"2026-05-26T22:47:20.850Z","pid":37677,"hostname":"95cf947da62c","name":"urateam","component":"PipelineRunner","runId":"s0HpP3z1-fOyZ_dUu-2O2","issueId":"TEAM-123","repoUrl":"https://github.com/test/repo.git","repoDir":"/tmp/test-repos/fix-the-login-bug","msg":"cloning repository"}
@urateam/core:test: {"level":30,"time":"2026-05-26T22:47:20.936Z","pid":37677,"hostname":"95cf947da62c","name":"urateam","component":"PipelineRunner","issueId":"TEAM-123","pipeline":"bug-fix","msg":"start() called"}
@urateam/core:test: {"level":30,"time":"2026-05-26T22:47:20.951Z","pid":37677,"hostname":"95cf947da62c","name":"urateam","component":"git","runId":"s0HpP3z1-fOyZ_dUu-2O2","issueId":"TEAM-123","url":"https://github.com/test/repo.git","dir":"/tmp/test-repos/fix-the-login-bug","msg":"cloning repository"}
@urateam/core:test: {"level":30,"time":"2026-05-26T22:47:21.239Z","pid":37825,"hostname":"95cf947da62c","name":"urateam","component":"gh-linear-sync","count":1,"repo":"owner/repo","msg":"fetched open GitHub issues"}
@urateam/core:test: {"level":30,"time":"2026-05-26T22:47:21.248Z","pid":37825,"hostname":"95cf947da62c","name":"urateam","component":"gh-linear-sync","ghNumber":10,"linearId":"BEC-200","msg":"created Linear ticket for GH issue"}
@urateam/core:test: {"level":30,"time":"2026-05-26T22:47:21.248Z","pid":37825,"hostname":"95cf947da62c","name":"urateam","component":"gh-linear-sync","processed":1,"created":1,"skipped":0,"closed":0,"errors":[],"msg":"gh-linear-sync complete"}
@urateam/core:test: {"level":30,"time":"2026-05-26T22:47:21.249Z","pid":37825,"hostname":"95cf947da62c","name":"urateam","component":"gh-linear-sync","count":1,"repo":"owner/repo","msg":"fetched open GitHub issues"}
@urateam/core:test: {"level":30,"time":"2026-05-26T22:47:21.255Z","pid":37825,"hostname":"95cf947da62c","name":"urateam","component":"gh-linear-sync","ghNumber":42,"linearId":"BEC-100","msg":"GH issue already synced to Linear — skipping"}
@urateam/core:test: {"level":30,"time":"2026-05-26T22:47:21.255Z","pid":37825,"hostname":"95cf947da62c","name":"urateam","component":"gh-linear-sync","processed":1,"created":0,"skipped":1,"closed":0,"errors":[],"msg":"gh-linear-sync complete"}
@urateam/core:test: {"level":30,"time":"2026-05-26T22:47:21.256Z","pid":37825,"hostname":"95cf947da62c","name":"urateam","component":"gh-linear-sync","count":1,"repo":"owner/repo","msg":"fetched open GitHub issues"}
@urateam/core:test: {"level":30,"time":"2026-05-26T22:47:21.256Z","pid":37825,"hostname":"95cf947da62c","name":"urateam","component":"gh-linear-sync","ghNumber":42,"linearId":"BEC-100","msg":"GH issue already synced to Linear — skipping"}
@urateam/core:test: {"level":30,"time":"2026-05-26T22:47:21.256Z","pid":37825,"hostname":"95cf947da62c","name":"urateam","component":"gh-linear-sync","processed":1,"created":0,"skipped":1,"closed":0,"errors":[],"msg":"gh-linear-sync complete"}
@urateam/core:test: {"level":30,"time":"2026-05-26T22:47:21.266Z","pid":37825,"hostname":"95cf947da62c","name":"urateam","component":"gh-linear-sync","count":1,"repo":"owner/repo","msg":"fetched open GitHub issues"}
@urateam/core:test: {"level":30,"time":"2026-05-26T22:47:21.272Z","pid":37825,"hostname":"95cf947da62c","name":"urateam","component":"gh-linear-sync","ghNumber":42,"linearId":"BEC-200","msg":"created Linear ticket for GH issue"}
@urateam/core:test: {"level":30,"time":"2026-05-26T22:47:21.276Z","pid":37825,"hostname":"95cf947da62c","name":"urateam","component":"gh-linear-sync","processed":1,"created":1,"skipped":0,"closed":0,"errors":[],"msg":"gh-linear-sync complete"}
@urateam/core:test: {"level":30,"time":"2026-05-26T22:47:21.276Z","pid":37825,"hostname":"95cf947da62c","name":"urateam","component":"gh-linear-sync","count":1,"repo":"owner/repo","msg":"fetched open GitHub issues"}
@urateam/core:test: {"level":30,"time":"2026-05-26T22:47:21.276Z","pid":37825,"hostname":"95cf947da62c","name":"urateam","component":"gh-linear-sync","ghNumber":42,"title":"Some bug report","dryRun":true,"msg":"[dry-run] would create Linear ticket"}
@urateam/core:test: {"level":30,"time":"2026-05-26T22:47:21.276Z","pid":37825,"hostname":"95cf947da62c","name":"urateam","component":"gh-linear-sync","processed":1,"created":1,"skipped":0,"closed":0,"errors":[],"msg":"gh-linear-sync complete"}
@urateam/core:test: {"level":30,"time":"2026-05-26T22:47:21.277Z","pid":37825,"hostname":"95cf947da62c","name":"urateam","component":"gh-linear-sync","count":1,"repo":"owner/repo","msg":"fetched open GitHub issues"}
@urateam/core:test: {"level":30,"time":"2026-05-26T22:47:21.277Z","pid":37825,"hostname":"95cf947da62c","name":"urateam","component":"gh-linear-sync","ghNumber":42,"linearId":"BEC-100","msg":"GH issue already synced to Linear — skipping"}
@urateam/core:test: {"level":30,"time":"2026-05-26T22:47:21.277Z","pid":37825,"hostname":"95cf947da62c","name":"urateam","component":"gh-linear-sync","ghNumber":42,"linearId":"BEC-100","dryRun":false,"msg":"closed GH issue (Linear ticket is Done)"}
@urateam/core:test: {"level":30,"time":"2026-05-26T22:47:21.278Z","pid":37825,"hostname":"95cf947da62c","name":"urateam","component":"gh-linear-sync","processed":1,"created":0,"skipped":1,"closed":1,"errors":[],"msg":"gh-linear-sync complete"}
@urateam/core:test: {"level":30,"time":"2026-05-26T22:47:21.284Z","pid":37825,"hostname":"95cf947da62c","name":"urateam","component":"gh-linear-sync","count":1,"repo":"owner/repo","msg":"fetched open GitHub issues"}
@urateam/core:test: {"level":30,"time":"2026-05-26T22:47:21.284Z","pid":37825,"hostname":"95cf947da62c","name":"urateam","component":"gh-linear-sync","ghNumber":42,"linearId":"BEC-100","msg":"GH issue already synced to Linear — skipping"}
@urateam/core:test: {"level":30,"time":"2026-05-26T22:47:21.284Z","pid":37825,"hostname":"95cf947da62c","name":"urateam","component":"gh-linear-sync","processed":1,"created":0,"skipped":1,"closed":0,"errors":[],"msg":"gh-linear-sync complete"}
@urateam/core:test: {"level":30,"time":"2026-05-26T22:47:21.288Z","pid":37825,"hostname":"95cf947da62c","name":"urateam","component":"gh-linear-sync","count":1,"repo":"owner/repo","msg":"fetched open GitHub issues"}
@urateam/core:test: {"level":30,"time":"2026-05-26T22:47:21.288Z","pid":37825,"hostname":"95cf947da62c","name":"urateam","component":"gh-linear-sync","ghNumber":42,"linearId":"BEC-100","msg":"GH issue already synced to Linear — skipping"}
@urateam/core:test: {"level":30,"time":"2026-05-26T22:47:21.288Z","pid":37825,"hostname":"95cf947da62c","name":"urateam","component":"gh-linear-sync","ghNumber":42,"linearId":"BEC-100","dryRun":true,"msg":"closed GH issue (Linear ticket is Done)"}
@urateam/core:test: {"level":30,"time":"2026-05-26T22:47:21.288Z","pid":37825,"hostname":"95cf947da62c","name":"urateam","component":"gh-linear-sync","processed":1,"created":0,"skipped":1,"closed":1,"errors":[],"msg":"gh-linear-sync complete"}
@urateam/core:test: {"level":30,"time":"2026-05-26T22:47:21.289Z","pid":37825,"hostname":"95cf947da62c","name":"urateam","component":"gh-linear-sync","count":2,"repo":"owner/repo","msg":"fetched open GitHub issues"}
@urateam/core:test: {"level":30,"time":"2026-05-26T22:47:21.293Z","pid":37825,"hostname":"95cf947da62c","name":"urateam","component":"gh-linear-sync","ghNumber":1,"linearId":"BEC-1","msg":"created Linear ticket for GH issue"}
@urateam/core:test: {"level":50,"time":"2026-05-26T22:47:21.293Z","pid":37825,"hostname":"95cf947da62c","name":"urateam","component":"gh-linear-sync","err":{"type":"Error","message":"API rate limit","stack":"Error: API rate limit\n    at /home/ura/data/runs/B7TEaqaYubzZqR2vcvyha/worktree/packages/core/src/__tests__/gh-linear-sync.test.ts:406:30\n    at file:///home/ura/data/runs/B7TEaqaYubzZqR2vcvyha/worktree/node_modules/.pnpm/@vitest+runner@3.2.4/node_modules/@vitest/runner/dist/chunk-hooks.js:155:11\n    at file:///home/ura/data/runs/B7TEaqaYubzZqR2vcvyha/worktree/node_modules/.pnpm/@vitest+runner@3.2.4/node_modules/@vitest/runner/dist/chunk-hooks.js:752:26\n    at file:///home/ura/data/runs/B7TEaqaYubzZqR2vcvyha/worktree/node_modules/.pnpm/@vitest+runner@3.2.4/node_modules/@vitest/runner/dist/chunk-hooks.js:1897:20\n    at new Promise (<anonymous>)\n    at runWithTimeout (file:///home/ura/data/runs/B7TEaqaYubzZqR2vcvyha/worktree/node_modules/.pnpm/@vitest+runner@3.2.4/node_modules/@vitest/runner/dist/chunk-hooks.js:1863:10)\n    at runTest (file:///home/ura/data/runs/B7TEaqaYubzZqR2vcvyha/worktree/node_modules/.pnpm/@vitest+runner@3.2.4/node_modules/@vitest/runner/dist/chunk-hooks.js:1574:12)\n    at processTicksAndRejections (node:internal/process/task_queues:103:5)\n    at runSuite (file:///home/ura/data/runs/B7TEaqaYubzZqR2vcvyha/worktree/node_modules/.pnpm/@vitest+runner@3.2.4/node_modules/@vitest/runner/dist/chunk-hooks.js:1729:8)\n    at runSuite (file:///home/ura/data/runs/B7TEaqaYubzZqR2vcvyha/worktree/node_modules/.pnpm/@vitest+runner@3.2.4/node_modules/@vitest/runner/dist/chunk-hooks.js:1729:8)"},"ghNumber":2,"msg":"failed to sync GH issue"}
@urateam/core:test: {"level":30,"time":"2026-05-26T22:47:21.322Z","pid":37677,"hostname":"95cf947da62c","name":"urateam","component":"PipelineRunner","runId":"WFGtFFJfIawlhdyXs3YUm","issueId":"TEAM-123","branch":"agent/TEAM-123-fix-the-login-bug","msg":"inserting run into DB"}
@urateam/core:test: {"level":30,"time":"2026-05-26T22:47:21.323Z","pid":37677,"hostname":"95cf947da62c","name":"urateam","component":"PipelineRunner","runId":"WFGtFFJfIawlhdyXs3YUm","issueId":"TEAM-123","branch":"agent/TEAM-123-fix-the-login-bug","msg":"run queued"}
@urateam/core:test: {"level":30,"time":"2026-05-26T22:47:21.325Z","pid":37825,"hostname":"95cf947da62c","name":"urateam","component":"gh-linear-sync","processed":2,"created":1,"skipped":0,"closed":0,"errors":["GH#2: API rate limit"],"msg":"gh-linear-sync complete"}
@urateam/core:test: {"level":30,"time":"2026-05-26T22:47:21.327Z","pid":37825,"hostname":"95cf947da62c","name":"urateam","component":"gh-linear-sync","count":0,"repo":"owner/repo","msg":"fetched open GitHub issues"}
@urateam/core:test: {"level":30,"time":"2026-05-26T22:47:21.328Z","pid":37677,"hostname":"95cf947da62c","name":"urateam","component":"PipelineRunner","runId":"WFGtFFJfIawlhdyXs3YUm","issueId":"TEAM-123","msg":"executing pipeline"}
@urateam/core:test: {"level":30,"time":"2026-05-26T22:47:21.328Z","pid":37825,"hostname":"95cf947da62c","name":"urateam","component":"gh-linear-sync","processed":0,"created":0,"skipped":0,"closed":0,"errors":[],"msg":"gh-linear-sync complete"}
@urateam/core:test: {"level":30,"time":"2026-05-26T22:47:21.336Z","pid":37677,"hostname":"95cf947da62c","name":"urateam","component":"PipelineRunner","runId":"WFGtFFJfIawlhdyXs3YUm","issueId":"TEAM-123","msg":"notifying pipeline start"}
@urateam/core:test: {"level":30,"time":"2026-05-26T22:47:21.336Z","pid":37677,"hostname":"95cf947da62c","name":"urateam","component":"PipelineRunner","runId":"WFGtFFJfIawlhdyXs3YUm","issueId":"TEAM-123","repoUrl":"https://github.com/test/repo.git","repoDir":"/tmp/test-repos/fix-the-login-bug","msg":"cloning repository"}
@urateam/core:test: {"level":30,"time":"2026-05-26T22:47:21.340Z","pid":37825,"hostname":"95cf947da62c","name":"urateam","component":"gh-linear-sync","count":3,"repo":"owner/repo","msg":"fetched open GitHub issues"}
@urateam/core:test: {"level":30,"time":"2026-05-26T22:47:21.340Z","pid":37825,"hostname":"95cf947da62c","name":"urateam","component":"gh-linear-sync","ghNumber":1,"linearId":"BEC-200","msg":"created Linear ticket for GH issue"}
@urateam/core:test: {"level":30,"time":"2026-05-26T22:47:21.342Z","pid":37825,"hostname":"95cf947da62c","name":"urateam","component":"gh-linear-sync","ghNumber":3,"linearId":"BEC-200","msg":"created Linear ticket for GH issue"}
@urateam/core:test: {"level":30,"time":"2026-05-26T22:47:21.342Z","pid":37825,"hostname":"95cf947da62c","name":"urateam","component":"gh-linear-sync","ghNumber":2,"linearId":"BEC-200","msg":"created Linear ticket for GH issue"}
@urateam/core:test: {"level":30,"time":"2026-05-26T22:47:21.342Z","pid":37825,"hostname":"95cf947da62c","name":"urateam","component":"gh-linear-sync","processed":3,"created":3,"skipped":0,"closed":0,"errors":[],"msg":"gh-linear-sync complete"}
@urateam/core:test: {"level":30,"time":"2026-05-26T22:47:21.343Z","pid":37825,"hostname":"95cf947da62c","name":"urateam","component":"gh-linear-sync","count":0,"repo":"owner/repo","msg":"fetched open GitHub issues"}
@urateam/core:test: {"level":30,"time":"2026-05-26T22:47:21.345Z","pid":37825,"hostname":"95cf947da62c","name":"urateam","component":"gh-linear-sync","processed":0,"created":0,"skipped":0,"closed":0,"errors":[],"msg":"gh-linear-sync complete"}
@urateam/core:test: {"level":30,"time":"2026-05-26T22:47:21.346Z","pid":37825,"hostname":"95cf947da62c","name":"urateam","component":"gh-linear-sync","count":3,"repo":"owner/repo","msg":"fetched open GitHub issues"}
@urateam/core:test: {"level":30,"time":"2026-05-26T22:47:21.346Z","pid":37825,"hostname":"95cf947da62c","name":"urateam","component":"gh-linear-sync","ghNumber":12,"linearId":"BEC-50","msg":"GH issue already synced to Linear — skipping"}
@urateam/core:test: {"level":30,"time":"2026-05-26T22:47:21.346Z","pid":37825,"hostname":"95cf947da62c","name":"urateam","component":"gh-linear-sync","ghNumber":10,"linearId":"BEC-200","msg":"created Linear ticket for GH issue"}
@urateam/core:test: {"level":30,"time":"2026-05-26T22:47:21.346Z","pid":37825,"hostname":"95cf947da62c","name":"urateam","component":"gh-linear-sync","ghNumber":11,"linearId":"BEC-200","msg":"created Linear ticket for GH issue"}
@urateam/core:test: {"level":30,"time":"2026-05-26T22:47:21.346Z","pid":37825,"hostname":"95cf947da62c","name":"urateam","component":"gh-linear-sync","processed":3,"created":2,"skipped":1,"closed":0,"errors":[],"msg":"gh-linear-sync complete"}
@urateam/core:test: {"level":30,"time":"2026-05-26T22:47:21.347Z","pid":37825,"hostname":"95cf947da62c","name":"urateam","component":"gh-linear-sync","count":2,"repo":"owner/repo","msg":"fetched open GitHub issues"}
@urateam/core:test: {"level":30,"time":"2026-05-26T22:47:21.347Z","pid":37825,"hostname":"95cf947da62c","name":"urateam","component":"gh-linear-sync","ghNumber":20,"linearId":"BEC-X","msg":"created Linear ticket for GH issue"}
@urateam/core:test: {"level":30,"time":"2026-05-26T22:47:21.354Z","pid":37825,"hostname":"95cf947da62c","name":"urateam","component":"gh-linear-sync","ghNumber":21,"linearId":"BEC-X","msg":"created Linear ticket for GH issue"}
@urateam/core:test: {"level":30,"time":"2026-05-26T22:47:21.355Z","pid":37825,"hostname":"95cf947da62c","name":"urateam","component":"gh-linear-sync","processed":2,"created":2,"skipped":0,"closed":0,"errors":[],"msg":"gh-linear-sync complete"}
@urateam/core:test:  ✓ src/__tests__/gh-linear-sync.test.ts (25 tests) 180ms
@urateam/core:test: {"level":30,"time":"2026-05-26T22:47:21.470Z","pid":37677,"hostname":"95cf947da62c","name":"urateam","component":"PipelineRunner","issueId":"UNKNOWN-999","msg":"resume() called but no paused or retriable run found in DB — no-op"}
@urateam/core:test: {"level":50,"time":"2026-05-26T22:47:21.531Z","pid":37677,"hostname":"95cf947da62c","name":"urateam","component":"git","runId":"WFGtFFJfIawlhdyXs3YUm","issueId":"TEAM-123","args":["remote","get-url","origin"],"cwd":"/tmp/test-repos/fix-the-login-bug","stderr":"","msg":"git remote failed"}
@urateam/core:test: {"level":30,"time":"2026-05-26T22:47:21.531Z","pid":37677,"hostname":"95cf947da62c","name":"urateam","component":"git","runId":"WFGtFFJfIawlhdyXs3YUm","issueId":"TEAM-123","url":"https://github.com/test/repo.git","dir":"/tmp/test-repos/fix-the-login-bug","msg":"cloning repository"}
@urateam/core:test: {"level":50,"time":"2026-05-26T22:47:21.546Z","pid":37677,"hostname":"95cf947da62c","name":"urateam","component":"PipelineRunner","runId":"s0HpP3z1-fOyZ_dUu-2O2","issueId":"TEAM-123","err":{"type":"Error","message":"git clone failed: Cloning into '/tmp/test-repos/fix-the-login-bug'...\nremote: Repository not found.\nfatal: repository 'https://github.com/test/repo.git/' not found\n","stack":"Error: git clone failed: Cloning into '/tmp/test-repos/fix-the-login-bug'...\nremote: Repository not found.\nfatal: repository 'https://github.com/test/repo.git/' not found\n\n    at /home/ura/data/runs/B7TEaqaYubzZqR2vcvyha/worktree/packages/core/src/repo/git.ts:114:16\n    at ChildProcess.exithandler (node:child_process:424:5)\n    at ChildProcess.emit (node:events:519:28)\n    at maybeClose (node:internal/child_process:1101:16)\n    at Socket.<anonymous> (node:internal/child_process:456:11)\n    at Socket.emit (node:events:519:28)\n    at Pipe.<anonymous> (node:net:346:12)\n    at Pipe.callbackTrampoline (node:internal/async_hooks:130:17)"},"msg":"pipeline failed with unexpected error"}
@urateam/core:test: {"level":30,"time":"2026-05-26T22:47:21.612Z","pid":37677,"hostname":"95cf947da62c","name":"urateam","component":"PipelineRunner","issueId":"TEAM-123","pipeline":"bug-fix","msg":"start() called"}
@urateam/cli:test:  ✓ src/__tests__/config-watcher.test.ts (17 tests) 88ms
@urateam/core:test: {"level":50,"time":"2026-05-26T22:47:21.959Z","pid":37677,"hostname":"95cf947da62c","name":"urateam","component":"PipelineRunner","runId":"WFGtFFJfIawlhdyXs3YUm","issueId":"TEAM-123","err":{"type":"Error","message":"git clone failed: Cloning into '/tmp/test-repos/fix-the-login-bug'...\nremote: Repository not found.\nfatal: repository 'https://github.com/test/repo.git/' not found\n","stack":"Error: git clone failed: Cloning into '/tmp/test-repos/fix-the-login-bug'...\nremote: Repository not found.\nfatal: repository 'https://github.com/test/repo.git/' not found\n\n    at /home/ura/data/runs/B7TEaqaYubzZqR2vcvyha/worktree/packages/core/src/repo/git.ts:114:16\n    at ChildProcess.exithandler (node:child_process:424:5)\n    at ChildProcess.emit (node:events:519:28)\n    at maybeClose (node:internal/child_process:1101:16)\n    at Process.ChildProcess._handle.onexit (node:internal/child_process:304:5)\n    at Process.callbackTrampoline (node:internal/async_hooks:130:17)"},"msg":"pipeline failed with unexpected error"}
@urateam/dashboard:test: {"level":40,"time":"2026-05-26T22:47:22.001Z","pid":37688,"hostname":"95cf947da62c","name":"urateam","component":"dashboard","msg":"DASHBOARD_BASE_PATH is not set. Navigation links will use root paths. Set DASHBOARD_BASE_PATH=/ateam (no trailing slash) if the dashboard is served under a path prefix via a reverse proxy."}
@urateam/dashboard:test: {"level":30,"time":"2026-05-26T22:47:22.003Z","pid":37688,"hostname":"95cf947da62c","name":"urateam","component":"license","tier":"oss","msg":"no license key set — running in OSS mode"}
@urateam/core:test: {"level":30,"time":"2026-05-26T22:47:22.041Z","pid":37677,"hostname":"95cf947da62c","name":"urateam","component":"PipelineRunner","runId":"aExw1LAir4LpCrZOFIxQ8","issueId":"TEAM-123","branch":"agent/TEAM-123-fix-the-login-bug","msg":"inserting run into DB"}
@urateam/core:test: {"level":30,"time":"2026-05-26T22:47:22.042Z","pid":37677,"hostname":"95cf947da62c","name":"urateam","component":"PipelineRunner","runId":"aExw1LAir4LpCrZOFIxQ8","issueId":"TEAM-123","branch":"agent/TEAM-123-fix-the-login-bug","msg":"run queued"}
@urateam/core:test: {"level":30,"time":"2026-05-26T22:47:22.049Z","pid":37677,"hostname":"95cf947da62c","name":"urateam","component":"PipelineRunner","runId":"aExw1LAir4LpCrZOFIxQ8","issueId":"TEAM-123","msg":"executing pipeline"}
@urateam/core:test: {"level":30,"time":"2026-05-26T22:47:22.052Z","pid":37677,"hostname":"95cf947da62c","name":"urateam","component":"PipelineRunner","runId":"aExw1LAir4LpCrZOFIxQ8","issueId":"TEAM-123","msg":"notifying pipeline start"}
@urateam/core:test: {"level":30,"time":"2026-05-26T22:47:22.052Z","pid":37677,"hostname":"95cf947da62c","name":"urateam","component":"PipelineRunner","runId":"aExw1LAir4LpCrZOFIxQ8","issueId":"TEAM-123","repoUrl":"https://github.com/test/repo.git","repoDir":"/tmp/test-repos/fix-the-login-bug","msg":"cloning repository"}
@urateam/core:test: {"level":30,"time":"2026-05-26T22:47:22.057Z","pid":37677,"hostname":"95cf947da62c","name":"urateam","component":"git","runId":"aExw1LAir4LpCrZOFIxQ8","issueId":"TEAM-123","url":"https://github.com/test/repo.git","dir":"/tmp/test-repos/fix-the-login-bug","msg":"cloning repository"}
@urateam/dashboard:test: {"level":40,"time":"2026-05-26T22:47:22.065Z","pid":37688,"hostname":"95cf947da62c","name":"urateam","component":"dashboard","msg":"DASHBOARD_BASE_PATH is not set. Navigation links will use root paths. Set DASHBOARD_BASE_PATH=/ateam (no trailing slash) if the dashboard is served under a path prefix via a reverse proxy."}
@urateam/dashboard:test: {"level":40,"time":"2026-05-26T22:47:22.075Z","pid":37688,"hostname":"95cf947da62c","name":"urateam","component":"dashboard","msg":"DASHBOARD_BASE_PATH is not set. Navigation links will use root paths. Set DASHBOARD_BASE_PATH=/ateam (no trailing slash) if the dashboard is served under a path prefix via a reverse proxy."}
@urateam/dashboard:test: {"level":40,"time":"2026-05-26T22:47:22.087Z","pid":37688,"hostname":"95cf947da62c","name":"urateam","component":"dashboard","msg":"DASHBOARD_BASE_PATH is not set. Navigation links will use root paths. Set DASHBOARD_BASE_PATH=/ateam (no trailing slash) if the dashboard is served under a path prefix via a reverse proxy."}
@urateam/dashboard:test: {"level":40,"time":"2026-05-26T22:47:22.089Z","pid":37688,"hostname":"95cf947da62c","name":"urateam","component":"dashboard","msg":"DASHBOARD_BASE_PATH is not set. Navigation links will use root paths. Set DASHBOARD_BASE_PATH=/ateam (no trailing slash) if the dashboard is served under a path prefix via a reverse proxy."}
@urateam/dashboard:test: {"level":40,"time":"2026-05-26T22:47:22.105Z","pid":37688,"hostname":"95cf947da62c","name":"urateam","component":"dashboard","msg":"DASHBOARD_BASE_PATH is not set. Navigation links will use root paths. Set DASHBOARD_BASE_PATH=/ateam (no trailing slash) if the dashboard is served under a path prefix via a reverse proxy."}
@urateam/core:test: {"level":30,"time":"2026-05-26T22:47:22.106Z","pid":37677,"hostname":"95cf947da62c","name":"urateam","component":"PipelineRunner","issueId":"TEAM-404","msg":"resume() called but no paused or retriable run found in DB — no-op"}
@urateam/dashboard:test: {"level":40,"time":"2026-05-26T22:47:22.112Z","pid":37688,"hostname":"95cf947da62c","name":"urateam","component":"dashboard","msg":"DASHBOARD_BASE_PATH is not set. Navigation links will use root paths. Set DASHBOARD_BASE_PATH=/ateam (no trailing slash) if the dashboard is served under a path prefix via a reverse proxy."}
@urateam/dashboard:test: {"level":40,"time":"2026-05-26T22:47:22.120Z","pid":37688,"hostname":"95cf947da62c","name":"urateam","component":"dashboard","msg":"DASHBOARD_BASE_PATH is not set. Navigation links will use root paths. Set DASHBOARD_BASE_PATH=/ateam (no trailing slash) if the dashboard is served under a path prefix via a reverse proxy."}
@urateam/dashboard:test: {"level":40,"time":"2026-05-26T22:47:22.125Z","pid":37688,"hostname":"95cf947da62c","name":"urateam","component":"dashboard","msg":"DASHBOARD_BASE_PATH is not set. Navigation links will use root paths. Set DASHBOARD_BASE_PATH=/ateam (no trailing slash) if the dashboard is served under a path prefix via a reverse proxy."}
@urateam/dashboard:test: {"level":40,"time":"2026-05-26T22:47:22.134Z","pid":37688,"hostname":"95cf947da62c","name":"urateam","component":"dashboard","msg":"DASHBOARD_BASE_PATH is not set. Navigation links will use root paths. Set DASHBOARD_BASE_PATH=/ateam (no trailing slash) if the dashboard is served under a path prefix via a reverse proxy."}
@urateam/core:test: {"level":50,"time":"2026-05-26T22:47:22.140Z","pid":37677,"hostname":"95cf947da62c","name":"urateam","component":"PipelineRunner","runId":"run-no-payload-1","issueId":"TEAM-200","msg":"resume payload missing — cannot resume pipeline; marking as failed"}
@urateam/dashboard:test: {"level":40,"time":"2026-05-26T22:47:22.148Z","pid":37688,"hostname":"95cf947da62c","name":"urateam","component":"dashboard","msg":"DASHBOARD_BASE_PATH is not set. Navigation links will use root paths. Set DASHBOARD_BASE_PATH=/ateam (no trailing slash) if the dashboard is served under a path prefix via a reverse proxy."}
@urateam/dashboard:test: {"level":40,"time":"2026-05-26T22:47:22.153Z","pid":37688,"hostname":"95cf947da62c","name":"urateam","component":"dashboard","msg":"DASHBOARD_BASE_PATH is not set. Navigation links will use root paths. Set DASHBOARD_BASE_PATH=/ateam (no trailing slash) if the dashboard is served under a path prefix via a reverse proxy."}
@urateam/dashboard:test: {"level":40,"time":"2026-05-26T22:47:22.157Z","pid":37688,"hostname":"95cf947da62c","name":"urateam","component":"dashboard","msg":"DASHBOARD_BASE_PATH is not set. Navigation links will use root paths. Set DASHBOARD_BASE_PATH=/ateam (no trailing slash) if the dashboard is served under a path prefix via a reverse proxy."}
@urateam/dashboard:test: {"level":40,"time":"2026-05-26T22:47:22.164Z","pid":37688,"hostname":"95cf947da62c","name":"urateam","component":"dashboard","msg":"DASHBOARD_BASE_PATH is not set. Navigation links will use root paths. Set DASHBOARD_BASE_PATH=/ateam (no trailing slash) if the dashboard is served under a path prefix via a reverse proxy."}
@urateam/dashboard:test: {"level":40,"time":"2026-05-26T22:47:22.171Z","pid":37688,"hostname":"95cf947da62c","name":"urateam","component":"dashboard","msg":"DASHBOARD_BASE_PATH is not set. Navigation links will use root paths. Set DASHBOARD_BASE_PATH=/ateam (no trailing slash) if the dashboard is served under a path prefix via a reverse proxy."}
@urateam/dashboard:test: {"level":40,"time":"2026-05-26T22:47:22.181Z","pid":37688,"hostname":"95cf947da62c","name":"urateam","component":"dashboard","msg":"DASHBOARD_BASE_PATH is not set. Navigation links will use root paths. Set DASHBOARD_BASE_PATH=/ateam (no trailing slash) if the dashboard is served under a path prefix via a reverse proxy."}
@urateam/dashboard:test: {"level":40,"time":"2026-05-26T22:47:22.183Z","pid":37688,"hostname":"95cf947da62c","name":"urateam","component":"dashboard","msg":"DASHBOARD_BASE_PATH is not set. Navigation links will use root paths. Set DASHBOARD_BASE_PATH=/ateam (no trailing slash) if the dashboard is served under a path prefix via a reverse proxy."}
@urateam/dashboard:test: {"level":40,"time":"2026-05-26T22:47:22.192Z","pid":37688,"hostname":"95cf947da62c","name":"urateam","component":"dashboard","msg":"DASHBOARD_BASE_PATH is not set. Navigation links will use root paths. Set DASHBOARD_BASE_PATH=/ateam (no trailing slash) if the dashboard is served under a path prefix via a reverse proxy."}
@urateam/core:test: {"level":50,"time":"2026-05-26T22:47:22.201Z","pid":37677,"hostname":"95cf947da62c","name":"urateam","component":"PipelineRunner","runId":"run-bad-json-1","issueId":"TEAM-201","msg":"resume payload is invalid JSON — failing run"}
@urateam/dashboard:test: {"level":40,"time":"2026-05-26T22:47:22.202Z","pid":37688,"hostname":"95cf947da62c","name":"urateam","component":"dashboard","msg":"DASHBOARD_BASE_PATH is not set. Navigation links will use root paths. Set DASHBOARD_BASE_PATH=/ateam (no trailing slash) if the dashboard is served under a path prefix via a reverse proxy."}
@urateam/dashboard:test: {"level":40,"time":"2026-05-26T22:47:22.208Z","pid":37688,"hostname":"95cf947da62c","name":"urateam","component":"dashboard","msg":"DASHBOARD_BASE_PATH is not set. Navigation links will use root paths. Set DASHBOARD_BASE_PATH=/ateam (no trailing slash) if the dashboard is served under a path prefix via a reverse proxy."}
@urateam/dashboard:test: {"level":40,"time":"2026-05-26T22:47:22.214Z","pid":37688,"hostname":"95cf947da62c","name":"urateam","component":"dashboard","msg":"DASHBOARD_BASE_PATH is not set. Navigation links will use root paths. Set DASHBOARD_BASE_PATH=/ateam (no trailing slash) if the dashboard is served under a path prefix via a reverse proxy."}
@urateam/dashboard:test: {"level":40,"time":"2026-05-26T22:47:22.222Z","pid":37688,"hostname":"95cf947da62c","name":"urateam","component":"dashboard","msg":"DASHBOARD_BASE_PATH is not set. Navigation links will use root paths. Set DASHBOARD_BASE_PATH=/ateam (no trailing slash) if the dashboard is served under a path prefix via a reverse proxy."}
@urateam/dashboard:test: {"level":40,"time":"2026-05-26T22:47:22.229Z","pid":37688,"hostname":"95cf947da62c","name":"urateam","component":"dashboard","msg":"DASHBOARD_BASE_PATH is not set. Navigation links will use root paths. Set DASHBOARD_BASE_PATH=/ateam (no trailing slash) if the dashboard is served under a path prefix via a reverse proxy."}
@urateam/dashboard:test: {"level":40,"time":"2026-05-26T22:47:22.233Z","pid":37688,"hostname":"95cf947da62c","name":"urateam","component":"dashboard","msg":"DASHBOARD_BASE_PATH is not set. Navigation links will use root paths. Set DASHBOARD_BASE_PATH=/ateam (no trailing slash) if the dashboard is served under a path prefix via a reverse proxy."}
@urateam/dashboard:test: {"level":40,"time":"2026-05-26T22:47:22.244Z","pid":37688,"hostname":"95cf947da62c","name":"urateam","component":"dashboard","msg":"DASHBOARD_BASE_PATH is not set. Navigation links will use root paths. Set DASHBOARD_BASE_PATH=/ateam (no trailing slash) if the dashboard is served under a path prefix via a reverse proxy."}
@urateam/dashboard:test: {"level":40,"time":"2026-05-26T22:47:22.270Z","pid":37688,"hostname":"95cf947da62c","name":"urateam","component":"dashboard","msg":"DASHBOARD_BASE_PATH is not set. Navigation links will use root paths. Set DASHBOARD_BASE_PATH=/ateam (no trailing slash) if the dashboard is served under a path prefix via a reverse proxy."}
@urateam/dashboard:test: {"level":40,"time":"2026-05-26T22:47:22.272Z","pid":37688,"hostname":"95cf947da62c","name":"urateam","component":"dashboard","msg":"DASHBOARD_BASE_PATH is not set. Navigation links will use root paths. Set DASHBOARD_BASE_PATH=/ateam (no trailing slash) if the dashboard is served under a path prefix via a reverse proxy."}
@urateam/dashboard:test: {"level":40,"time":"2026-05-26T22:47:22.279Z","pid":37688,"hostname":"95cf947da62c","name":"urateam","component":"dashboard","msg":"DASHBOARD_BASE_PATH is not set. Navigation links will use root paths. Set DASHBOARD_BASE_PATH=/ateam (no trailing slash) if the dashboard is served under a path prefix via a reverse proxy."}
@urateam/dashboard:test: {"level":40,"time":"2026-05-26T22:47:22.288Z","pid":37688,"hostname":"95cf947da62c","name":"urateam","component":"dashboard","msg":"DASHBOARD_BASE_PATH is not set. Navigation links will use root paths. Set DASHBOARD_BASE_PATH=/ateam (no trailing slash) if the dashboard is served under a path prefix via a reverse proxy."}
@urateam/dashboard:test: {"level":40,"time":"2026-05-26T22:47:22.294Z","pid":37688,"hostname":"95cf947da62c","name":"urateam","component":"dashboard","msg":"DASHBOARD_BASE_PATH is not set. Navigation links will use root paths. Set DASHBOARD_BASE_PATH=/ateam (no trailing slash) if the dashboard is served under a path prefix via a reverse proxy."}
@urateam/dashboard:test: {"level":40,"time":"2026-05-26T22:47:22.297Z","pid":37688,"hostname":"95cf947da62c","name":"urateam","component":"dashboard","msg":"DASHBOARD_BASE_PATH is not set. Navigation links will use root paths. Set DASHBOARD_BASE_PATH=/ateam (no trailing slash) if the dashboard is served under a path prefix via a reverse proxy."}
@urateam/dashboard:test: {"level":40,"time":"2026-05-26T22:47:22.306Z","pid":37688,"hostname":"95cf947da62c","name":"urateam","component":"dashboard","msg":"DASHBOARD_BASE_PATH is not set. Navigation links will use root paths. Set DASHBOARD_BASE_PATH=/ateam (no trailing slash) if the dashboard is served under a path prefix via a reverse proxy."}
@urateam/dashboard:test: {"level":40,"time":"2026-05-26T22:47:22.310Z","pid":37688,"hostname":"95cf947da62c","name":"urateam","component":"dashboard","msg":"DASHBOARD_BASE_PATH is not set. Navigation links will use root paths. Set DASHBOARD_BASE_PATH=/ateam (no trailing slash) if the dashboard is served under a path prefix via a reverse proxy."}
@urateam/core:test: {"level":50,"time":"2026-05-26T22:47:22.307Z","pid":37677,"hostname":"95cf947da62c","name":"urateam","component":"PipelineRunner","runId":"run-no-worktree-1","issueId":"TEAM-202","worktreePath":"/tmp/test-agent-runs/nonexistent-worktree-path-xyz-abc","msg":"resume: worktree no longer exists on disk — failing run"}
@urateam/dashboard:test: {"level":40,"time":"2026-05-26T22:47:22.318Z","pid":37688,"hostname":"95cf947da62c","name":"urateam","component":"dashboard","msg":"DASHBOARD_BASE_PATH is not set. Navigation links will use root paths. Set DASHBOARD_BASE_PATH=/ateam (no trailing slash) if the dashboard is served under a path prefix via a reverse proxy."}
@urateam/dashboard:test: {"level":40,"time":"2026-05-26T22:47:22.321Z","pid":37688,"hostname":"95cf947da62c","name":"urateam","component":"dashboard","msg":"DASHBOARD_BASE_PATH is not set. Navigation links will use root paths. Set DASHBOARD_BASE_PATH=/ateam (no trailing slash) if the dashboard is served under a path prefix via a reverse proxy."}
@urateam/dashboard:test: {"level":40,"time":"2026-05-26T22:47:22.327Z","pid":37688,"hostname":"95cf947da62c","name":"urateam","component":"dashboard","msg":"DASHBOARD_BASE_PATH is not set. Navigation links will use root paths. Set DASHBOARD_BASE_PATH=/ateam (no trailing slash) if the dashboard is served under a path prefix via a reverse proxy."}
@urateam/dashboard:test: {"level":40,"time":"2026-05-26T22:47:22.336Z","pid":37688,"hostname":"95cf947da62c","name":"urateam","component":"dashboard","msg":"DASHBOARD_BASE_PATH is not set. Navigation links will use root paths. Set DASHBOARD_BASE_PATH=/ateam (no trailing slash) if the dashboard is served under a path prefix via a reverse proxy."}
@urateam/dashboard:test: {"level":40,"time":"2026-05-26T22:47:22.345Z","pid":37688,"hostname":"95cf947da62c","name":"urateam","component":"dashboard","msg":"DASHBOARD_BASE_PATH is not set. Navigation links will use root paths. Set DASHBOARD_BASE_PATH=/ateam (no trailing slash) if the dashboard is served under a path prefix via a reverse proxy."}
@urateam/dashboard:test: {"level":40,"time":"2026-05-26T22:47:22.361Z","pid":37688,"hostname":"95cf947da62c","name":"urateam","component":"dashboard","msg":"DASHBOARD_BASE_PATH is not set. Navigation links will use root paths. Set DASHBOARD_BASE_PATH=/ateam (no trailing slash) if the dashboard is served under a path prefix via a reverse proxy."}
@urateam/core:test: {"level":30,"time":"2026-05-26T22:47:22.366Z","pid":37677,"hostname":"95cf947da62c","name":"urateam","component":"PipelineRunner","runId":"run-valid-resume-1","issueId":"TEAM-203","stageIndex":1,"worktreePath":"/tmp/test-agent-runs/test-worktree-MBpMLJ","msg":"resuming pipeline — re-queuing execution from stage after await-approval"}
@urateam/core:test: {"level":30,"time":"2026-05-26T22:47:22.366Z","pid":37677,"hostname":"95cf947da62c","name":"urateam","component":"PipelineRunner","runId":"run-valid-resume-1","issueId":"TEAM-203","worktreePath":"/tmp/test-agent-runs/test-worktree-MBpMLJ","startStageIndex":1,"msg":"resuming from preserved worktree"}
@urateam/dashboard:test: {"level":40,"time":"2026-05-26T22:47:22.372Z","pid":37688,"hostname":"95cf947da62c","name":"urateam","component":"dashboard","msg":"DASHBOARD_BASE_PATH is not set. Navigation links will use root paths. Set DASHBOARD_BASE_PATH=/ateam (no trailing slash) if the dashboard is served under a path prefix via a reverse proxy."}
@urateam/core:test: {"level":30,"time":"2026-05-26T22:47:22.377Z","pid":37677,"hostname":"95cf947da62c","name":"urateam","component":"PipelineRunner","runId":"run-valid-resume-1","issueId":"TEAM-203","languages":[],"frameworks":[],"buildSystems":[],"msg":"tech stack detected"}
@urateam/core:test: {"level":30,"time":"2026-05-26T22:47:22.377Z","pid":37677,"hostname":"95cf947da62c","name":"urateam","component":"PipelineRunner","runId":"run-valid-resume-1","issueId":"TEAM-203","stages":["implement","test"],"msg":"starting pipeline stages"}
@urateam/core:test: {"level":30,"time":"2026-05-26T22:47:22.377Z","pid":37677,"hostname":"95cf947da62c","name":"urateam","component":"PipelineRunner","runId":"run-valid-resume-1","issueId":"TEAM-203","stage":"implement","msg":"executing stage"}
@urateam/core:test: {"level":30,"time":"2026-05-26T22:47:22.391Z","pid":37677,"hostname":"95cf947da62c","name":"urateam","component":"Executor","runId":"run-valid-resume-1","issueId":"issue-uuid-1","stage":"implement","authMethod":"mounted-session","msg":"Claude auth method resolved"}
@urateam/dashboard:test: {"level":40,"time":"2026-05-26T22:47:22.403Z","pid":37688,"hostname":"95cf947da62c","name":"urateam","component":"dashboard","msg":"DASHBOARD_BASE_PATH is not set. Navigation links will use root paths. Set DASHBOARD_BASE_PATH=/ateam (no trailing slash) if the dashboard is served under a path prefix via a reverse proxy."}
@urateam/core:test: {"level":50,"time":"2026-05-26T22:47:22.470Z","pid":37677,"hostname":"95cf947da62c","name":"urateam","component":"PipelineRunner","runId":"run-missing-handoff-1","issueId":"TEAM-210","zodErrors":"handoff: Invalid input: expected object, received undefined","msg":"resume payload failed schema validation — failing run"}
@urateam/core:test: {"level":50,"time":"2026-05-26T22:47:22.521Z","pid":37677,"hostname":"95cf947da62c","name":"urateam","component":"PipelineRunner","runId":"run-bad-stage-index-1","issueId":"TEAM-211","zodErrors":"currentStageIndex: Invalid input: expected number, received string","msg":"resume payload failed schema validation — failing run"}
@urateam/dashboard:test: {"level":40,"time":"2026-05-26T22:47:22.546Z","pid":37688,"hostname":"95cf947da62c","name":"urateam","component":"dashboard","msg":"DASHBOARD_BASE_PATH is not set. Navigation links will use root paths. Set DASHBOARD_BASE_PATH=/ateam (no trailing slash) if the dashboard is served under a path prefix via a reverse proxy."}
@urateam/core:test: {"level":50,"time":"2026-05-26T22:47:22.567Z","pid":37677,"hostname":"95cf947da62c","name":"urateam","component":"PipelineRunner","runId":"aExw1LAir4LpCrZOFIxQ8","issueId":"TEAM-123","err":{"type":"Error","message":"git clone failed: Cloning into '/tmp/test-repos/fix-the-login-bug'...\nremote: Repository not found.\nfatal: repository 'https://github.com/test/repo.git/' not found\n","stack":"Error: git clone failed: Cloning into '/tmp/test-repos/fix-the-login-bug'...\nremote: Repository not found.\nfatal: repository 'https://github.com/test/repo.git/' not found\n\n    at /home/ura/data/runs/B7TEaqaYubzZqR2vcvyha/worktree/packages/core/src/repo/git.ts:114:16\n    at ChildProcess.exithandler (node:child_process:424:5)\n    at ChildProcess.emit (node:events:519:28)\n    at maybeClose (node:internal/child_process:1101:16)\n    at Socket.<anonymous> (node:internal/child_process:456:11)\n    at Socket.emit (node:events:519:28)\n    at Pipe.<anonymous> (node:net:346:12)\n    at Pipe.callbackTrampoline (node:internal/async_hooks:130:17)"},"msg":"pipeline failed with unexpected error"}
@urateam/dashboard:test: {"level":40,"time":"2026-05-26T22:47:22.566Z","pid":37688,"hostname":"95cf947da62c","name":"urateam","component":"dashboard","msg":"DASHBOARD_BASE_PATH is not set. Navigation links will use root paths. Set DASHBOARD_BASE_PATH=/ateam (no trailing slash) if the dashboard is served under a path prefix via a reverse proxy."}
@urateam/core:test: {"level":50,"time":"2026-05-26T22:47:22.577Z","pid":37677,"hostname":"95cf947da62c","name":"urateam","component":"PipelineRunner","runId":"run-bc-stage-index-from-row","issueId":"TEAM-212","worktreePath":"/tmp/test-agent-runs/nonexistent-worktree-path-xyz-abc","msg":"resume: worktree no longer exists on disk — failing run"}
@urateam/dashboard:test: {"level":40,"time":"2026-05-26T22:47:22.584Z","pid":37688,"hostname":"95cf947da62c","name":"urateam","component":"dashboard","msg":"DASHBOARD_BASE_PATH is not set. Navigation links will use root paths. Set DASHBOARD_BASE_PATH=/ateam (no trailing slash) if the dashboard is served under a path prefix via a reverse proxy."}
@urateam/core:test: {"level":30,"time":"2026-05-26T22:47:22.606Z","pid":37677,"hostname":"95cf947da62c","name":"urateam","component":"PipelineRunner","issueId":"TEAM-123","pipeline":"bug-fix","msg":"start() called"}
@urateam/dashboard:test:  ✓ src/__tests__/security.repro.test.ts (44 tests) 608ms
@urateam/core:test: {"level":30,"time":"2026-05-26T22:47:22.957Z","pid":37677,"hostname":"95cf947da62c","name":"urateam","component":"PipelineRunner","runId":"RYY0JB8k7lXLMRXir4u7U","issueId":"TEAM-123","branch":"agent/TEAM-123-fix-the-login-bug","msg":"inserting run into DB"}
@urateam/core:test: {"level":30,"time":"2026-05-26T22:47:22.957Z","pid":37677,"hostname":"95cf947da62c","name":"urateam","component":"PipelineRunner","runId":"RYY0JB8k7lXLMRXir4u7U","issueId":"TEAM-123","branch":"agent/TEAM-123-fix-the-login-bug","msg":"run queued"}
@urateam/core:test: {"level":30,"time":"2026-05-26T22:47:22.957Z","pid":37677,"hostname":"95cf947da62c","name":"urateam","component":"PipelineRunner","runId":"RYY0JB8k7lXLMRXir4u7U","issueId":"TEAM-123","msg":"executing pipeline"}
@urateam/core:test: {"level":30,"time":"2026-05-26T22:47:22.958Z","pid":37677,"hostname":"95cf947da62c","name":"urateam","component":"PipelineRunner","issueId":"TEAM-123","runId":"RYY0JB8k7lXLMRXir4u7U","msg":"resume() called for in-memory active run — updating DB status"}
@urateam/core:test: {"level":30,"time":"2026-05-26T22:47:22.963Z","pid":37677,"hostname":"95cf947da62c","name":"urateam","component":"PipelineRunner","runId":"RYY0JB8k7lXLMRXir4u7U","issueId":"TEAM-123","msg":"notifying pipeline start"}
@urateam/core:test: {"level":30,"time":"2026-05-26T22:47:22.967Z","pid":37677,"hostname":"95cf947da62c","name":"urateam","component":"PipelineRunner","runId":"RYY0JB8k7lXLMRXir4u7U","issueId":"TEAM-123","repoUrl":"https://github.com/test/repo.git","repoDir":"/tmp/test-repos/fix-the-login-bug","msg":"cloning repository"}
@urateam/core:test: {"level":30,"time":"2026-05-26T22:47:22.976Z","pid":37677,"hostname":"95cf947da62c","name":"urateam","component":"git","runId":"RYY0JB8k7lXLMRXir4u7U","issueId":"TEAM-123","url":"https://github.com/test/repo.git","dir":"/tmp/test-repos/fix-the-login-bug","msg":"cloning repository"}
@urateam/core:test:  ✓ src/__tests__/pipeline-runner.test.ts (24 tests) 3171ms
@urateam/core:test:    ✓ PipelineRunner > deduplicates: calling start() twice for the same issue ignores the second call  451ms
@urateam/core:test:    ✓ PipelineRunner > abort() removes from active runs and updates DB  466ms
@urateam/core:test:    ✓ PipelineRunner > isActive() returns true after start  443ms
@urateam/core:test:    ✓ PipelineRunner > inserts a pipeline_runs record on start  500ms
@urateam/core:test:    ✓ PipelineRunner > resume() handles in-memory active run (edge case: paused but still in activeRuns)  389ms
@urateam/dashboard:test: {"level":40,"time":"2026-05-26T22:47:23.031Z","pid":37745,"hostname":"95cf947da62c","name":"urateam","component":"dashboard","msg":"DASHBOARD_BASE_PATH is not set. Navigation links will use root paths. Set DASHBOARD_BASE_PATH=/ateam (no trailing slash) if the dashboard is served under a path prefix via a reverse proxy."}
@urateam/dashboard:test: {"level":30,"time":"2026-05-26T22:47:23.041Z","pid":37745,"hostname":"95cf947da62c","name":"urateam","component":"license","tier":"oss","msg":"no license key set — running in OSS mode"}
@urateam/dashboard:test: {"level":40,"time":"2026-05-26T22:47:23.176Z","pid":37745,"hostname":"95cf947da62c","name":"urateam","component":"dashboard","msg":"DASHBOARD_BASE_PATH is not set. Navigation links will use root paths. Set DASHBOARD_BASE_PATH=/ateam (no trailing slash) if the dashboard is served under a path prefix via a reverse proxy."}
@urateam/dashboard:test: {"level":30,"time":"2026-05-26T22:47:23.176Z","pid":37745,"hostname":"95cf947da62c","name":"urateam","component":"license","tier":"oss","msg":"no license key set — running in OSS mode"}
@urateam/dashboard:test: {"level":40,"time":"2026-05-26T22:47:23.248Z","pid":37745,"hostname":"95cf947da62c","name":"urateam","component":"dashboard","msg":"DASHBOARD_BASE_PATH is not set. Navigation links will use root paths. Set DASHBOARD_BASE_PATH=/ateam (no trailing slash) if the dashboard is served under a path prefix via a reverse proxy."}
@urateam/dashboard:test: {"level":30,"time":"2026-05-26T22:47:23.253Z","pid":37745,"hostname":"95cf947da62c","name":"urateam","component":"license","tier":"oss","msg":"no license key set — running in OSS mode"}
@urateam/dashboard:test: {"level":40,"time":"2026-05-26T22:47:23.340Z","pid":37745,"hostname":"95cf947da62c","name":"urateam","component":"dashboard","msg":"DASHBOARD_BASE_PATH is not set. Navigation links will use root paths. Set DASHBOARD_BASE_PATH=/ateam (no trailing slash) if the dashboard is served under a path prefix via a reverse proxy."}
@urateam/dashboard:test: {"level":30,"time":"2026-05-26T22:47:23.352Z","pid":37745,"hostname":"95cf947da62c","name":"urateam","component":"license","tier":"enterprise","customerId":"cust_test","expiresAt":"2026-05-27T22:47:23.000Z","msg":"license key validated"}
@urateam/dashboard:test: {"level":40,"time":"2026-05-26T22:47:23.493Z","pid":37745,"hostname":"95cf947da62c","name":"urateam","component":"dashboard","msg":"DASHBOARD_BASE_PATH is not set. Navigation links will use root paths. Set DASHBOARD_BASE_PATH=/ateam (no trailing slash) if the dashboard is served under a path prefix via a reverse proxy."}
@urateam/dashboard:test: {"level":30,"time":"2026-05-26T22:47:23.499Z","pid":37745,"hostname":"95cf947da62c","name":"urateam","component":"license","tier":"enterprise","customerId":"cust_test","expiresAt":"2026-05-27T22:47:23.000Z","msg":"license key validated"}
@urateam/dashboard:test:  ✓ src/__tests__/cost.test.ts (5 tests) 572ms
@urateam/cli:test:  ✓ src/__tests__/linear-oauth.test.ts (8 tests) 661ms
@urateam/core:test:  ✓ src/__tests__/pm-slack.test.ts (27 tests) 147ms
@urateam/core:test:  ✓ src/__tests__/prompt-injection.test.ts (31 tests) 37ms
@urateam/cli:test: stdout | src/__tests__/repo.test.ts > ura repo add > clones into ~/.urateam/repos/<slug> and appends to config.json
@urateam/cli:test: ura repo add: cloned https://github.com/foo/bar.git → /tmp/ura-repo-dCOjgp/repos/bar
@urateam/cli:test: 
@urateam/cli:test: stdout | src/__tests__/repo.test.ts > ura repo add > rejects duplicate URLs
@urateam/cli:test: ura repo add: cloned https://github.com/foo/bar.git → /tmp/ura-repo-GkakNA/repos/bar
@urateam/cli:test: 
@urateam/cli:test: stdout | src/__tests__/repo.test.ts > ura repo add > derives slug from .git URL trailing path (foo/bar.git → bar)
@urateam/cli:test: ura repo add: cloned git@github.com:org/awesome-tool.git → /tmp/ura-repo-ocLmlA/repos/awesome-tool
@urateam/cli:test: 
@urateam/cli:test: stdout | src/__tests__/repo.test.ts > ura repo add > accepts --branch override
@urateam/cli:test: ura repo add: cloned https://github.com/foo/bar.git → /tmp/ura-repo-ACCbBB/repos/bar
@urateam/cli:test: 
@urateam/cli:test: stdout | src/__tests__/repo.test.ts > ura repo add > accepts --team and --label-pattern
@urateam/cli:test: ura repo add: cloned https://github.com/foo/bar.git → /tmp/ura-repo-DiObIB/repos/bar
@urateam/cli:test: 
@urateam/cli:test: stdout | src/__tests__/repo.test.ts > ura repo remove > removes the matching entry from config.json
@urateam/cli:test: ura repo remove: removed 'x'
@urateam/cli:test: 
@urateam/cli:test: stdout | src/__tests__/repo.test.ts > ura repo remove > preserves the clone on disk by default (no --purge)
@urateam/cli:test: ura repo remove: removed 'x'
@urateam/cli:test: 
@urateam/cli:test: stdout | src/__tests__/repo.test.ts > ura repo remove > deletes the clone when --purge is passed
@urateam/cli:test: ura repo remove: removed 'x' and deleted the clone
@urateam/cli:test: 
@urateam/cli:test:  ✓ src/__tests__/repo.test.ts (13 tests) 125ms
@urateam/cli:test:  ✓ src/__tests__/tick.test.ts (5 tests) 323ms
@urateam/core:test:  ✓ src/__tests__/deepReviewLoop.test.ts (26 tests) 24ms
@urateam/dashboard:test:  ✓ src/__tests__/sso-middleware.test.ts (5 tests) 281ms
@urateam/dashboard:test: {"level":30,"time":"2026-05-26T22:47:29.324Z","pid":38177,"hostname":"95cf947da62c","name":"urateam","component":"license","tier":"oss","msg":"no license key set — running in OSS mode"}
@urateam/cli:test:  ✓ src/__tests__/start-user-level-fallback.test.ts (8 tests) 62ms
@urateam/dashboard:test:  ✓ src/__tests__/cli-pm-tick.test.ts (6 tests) 304ms
@urateam/core:test: {"level":30,"time":"2026-05-26T22:47:29.988Z","pid":38294,"hostname":"95cf947da62c","name":"urateam","component":"PipelineRunner","issueId":"AM-1","pipeline":"auto-implement","msg":"start() called"}
@urateam/core:test: {"level":30,"time":"2026-05-26T22:47:30.000Z","pid":38294,"hostname":"95cf947da62c","name":"urateam","component":"PipelineRunner","runId":"9Hj-lDlWC_dkLQhsoU0FD","issueId":"AM-1","branch":"agent/AM-1-auto-merge-test-issue","msg":"inserting run into DB"}
@urateam/core:test: {"level":30,"time":"2026-05-26T22:47:30.018Z","pid":38294,"hostname":"95cf947da62c","name":"urateam","component":"PipelineRunner","runId":"9Hj-lDlWC_dkLQhsoU0FD","issueId":"AM-1","branch":"agent/AM-1-auto-merge-test-issue","msg":"run queued"}
@urateam/core:test: {"level":30,"time":"2026-05-26T22:47:30.021Z","pid":38294,"hostname":"95cf947da62c","name":"urateam","component":"PipelineRunner","runId":"9Hj-lDlWC_dkLQhsoU0FD","issueId":"AM-1","msg":"executing pipeline"}
@urateam/core:test: {"level":30,"time":"2026-05-26T22:47:30.045Z","pid":38294,"hostname":"95cf947da62c","name":"urateam","component":"PipelineRunner","runId":"9Hj-lDlWC_dkLQhsoU0FD","issueId":"AM-1","msg":"notifying pipeline start"}
@urateam/core:test: {"level":30,"time":"2026-05-26T22:47:30.047Z","pid":38294,"hostname":"95cf947da62c","name":"urateam","component":"PipelineRunner","runId":"9Hj-lDlWC_dkLQhsoU0FD","issueId":"AM-1","repoUrl":"https://github.com/test/test-repo.git","repoDir":"/tmp/auto-merge-repos/auto-merge-test-issue","msg":"cloning repository"}
@urateam/core:test: {"level":30,"time":"2026-05-26T22:47:30.050Z","pid":38294,"hostname":"95cf947da62c","name":"urateam","component":"PipelineRunner","runId":"9Hj-lDlWC_dkLQhsoU0FD","issueId":"AM-1","msg":"clone complete, creating worktree"}
@urateam/core:test: {"level":30,"time":"2026-05-26T22:47:30.051Z","pid":38294,"hostname":"95cf947da62c","name":"urateam","component":"license","tier":"oss","msg":"no license key set — running in OSS mode"}
@urateam/core:test: {"level":30,"time":"2026-05-26T22:47:30.051Z","pid":38294,"hostname":"95cf947da62c","name":"urateam","component":"PipelineRunner","runId":"9Hj-lDlWC_dkLQhsoU0FD","issueId":"AM-1","worktreePath":"/tmp/auto-merge-test-worktree","msg":"worktree created"}
@urateam/core:test: {"level":40,"time":"2026-05-26T22:47:30.067Z","pid":38294,"hostname":"95cf947da62c","name":"urateam","component":"PipelineRunner","err":{"type":"Error","message":"ENOENT: no such file or directory, open '/tmp/auto-merge-test-worktree/CLAUDE.md'","stack":"Error: ENOENT: no such file or directory, open '/tmp/auto-merge-test-worktree/CLAUDE.md'\n    at open (node:internal/fs/promises:639:25)\n    at writeFile (node:internal/fs/promises:1219:14)\n    at PipelineRunner.injectAgentConfig (/home/ura/data/runs/B7TEaqaYubzZqR2vcvyha/worktree/packages/core/src/pipeline/runner.ts:857:7)\n    at PipelineRunner.executePipeline (/home/ura/data/runs/B7TEaqaYubzZqR2vcvyha/worktree/packages/core/src/pipeline/runner.ts:1014:9)\n    at /home/ura/data/runs/B7TEaqaYubzZqR2vcvyha/worktree/packages/core/src/pipeline/runner.ts:409:9\n    at Object.enqueue (/home/ura/data/runs/B7TEaqaYubzZqR2vcvyha/worktree/packages/core/src/pipeline/queue.ts:33:16)","errno":-2,"code":"ENOENT","syscall":"open","path":"/tmp/auto-merge-test-worktree/CLAUDE.md"},"msg":"failed to inject CLAUDE.md — agent will run without it"}
@urateam/core:test: {"level":30,"time":"2026-05-26T22:47:30.108Z","pid":38294,"hostname":"95cf947da62c","name":"urateam","component":"PipelineRunner","runId":"9Hj-lDlWC_dkLQhsoU0FD","issueId":"AM-1","languages":["typescript"],"frameworks":[],"buildSystems":["pnpm"],"msg":"tech stack detected"}
@urateam/core:test: {"level":30,"time":"2026-05-26T22:47:30.119Z","pid":38294,"hostname":"95cf947da62c","name":"urateam","component":"PipelineRunner","runId":"9Hj-lDlWC_dkLQhsoU0FD","issueId":"AM-1","stages":["triage","implement"],"msg":"starting pipeline stages"}
@urateam/core:test: {"level":30,"time":"2026-05-26T22:47:30.119Z","pid":38294,"hostname":"95cf947da62c","name":"urateam","component":"PipelineRunner","runId":"9Hj-lDlWC_dkLQhsoU0FD","issueId":"AM-1","stage":"triage","msg":"executing stage"}
@urateam/core:test: {"level":30,"time":"2026-05-26T22:47:30.137Z","pid":38294,"hostname":"95cf947da62c","name":"urateam","component":"PipelineRunner","runId":"9Hj-lDlWC_dkLQhsoU0FD","issueId":"AM-1","stage":"implement","msg":"executing stage"}
@urateam/core:test: {"level":40,"time":"2026-05-26T22:47:30.181Z","pid":38294,"hostname":"95cf947da62c","name":"urateam","component":"PipelineRunner","runId":"9Hj-lDlWC_dkLQhsoU0FD","issueId":"AM-1","excerpt":[],"outputPrefix":"","msg":"typecheck-gate: non-zero exit with no parseable TS errors — treating as setup issue and continuing"}
@urateam/core:test: {"level":30,"time":"2026-05-26T22:47:30.187Z","pid":38294,"hostname":"95cf947da62c","name":"urateam","component":"PipelineRunner","runId":"9Hj-lDlWC_dkLQhsoU0FD","issueId":"AM-1","defaultBranch":"main","msg":"push queue: rebasing before push"}
@urateam/core:test: {"level":30,"time":"2026-05-26T22:47:30.187Z","pid":38294,"hostname":"95cf947da62c","name":"urateam","component":"PipelineRunner","runId":"9Hj-lDlWC_dkLQhsoU0FD","issueId":"AM-1","branch":"agent/AM-1-auto-merge-test-issue","rebaseConflict":false,"msg":"push queue: force-with-lease push (agent branch or rebase conflict)"}
@urateam/core:test: {"level":30,"time":"2026-05-26T22:47:30.196Z","pid":38294,"hostname":"95cf947da62c","name":"urateam","component":"PipelineRunner","runId":"9Hj-lDlWC_dkLQhsoU0FD","issueId":"AM-1","msg":"creating PR via gh CLI"}
@urateam/core:test: {"level":30,"time":"2026-05-26T22:47:30.196Z","pid":38294,"hostname":"95cf947da62c","name":"urateam","component":"PipelineRunner","runId":"9Hj-lDlWC_dkLQhsoU0FD","issueId":"AM-1","prUrl":"https://github.com/test/repo/pull/42","msg":"PR created"}
@urateam/core:test: {"level":30,"time":"2026-05-26T22:47:30.196Z","pid":38294,"hostname":"95cf947da62c","name":"urateam","component":"PipelineRunner","runId":"9Hj-lDlWC_dkLQhsoU0FD","issueId":"AM-1","diffLines":50,"maxLines":200,"msg":"auto-merge eligible, merging PR"}
@urateam/core:test: {"level":30,"time":"2026-05-26T22:47:30.196Z","pid":38294,"hostname":"95cf947da62c","name":"urateam","component":"PipelineRunner","runId":"9Hj-lDlWC_dkLQhsoU0FD","issueId":"AM-1","prUrl":"https://github.com/test/repo/pull/42","msg":"PR auto-merged"}
@urateam/core:test: {"level":30,"time":"2026-05-26T22:47:30.202Z","pid":38294,"hostname":"95cf947da62c","name":"urateam","component":"PipelineRunner","runId":"9Hj-lDlWC_dkLQhsoU0FD","issueId":"AM-1","prUrl":"https://github.com/test/repo/pull/42","autoMerged":true,"autoCommitted":false,"totalInputTokens":400,"totalOutputTokens":200,"msg":"pipeline completed"}
@urateam/core:test: {"level":30,"time":"2026-05-26T22:47:30.260Z","pid":38294,"hostname":"95cf947da62c","name":"urateam","component":"PipelineRunner","issueId":"AM-2","pipeline":"auto-implement","msg":"start() called"}
@urateam/core:test: {"level":30,"time":"2026-05-26T22:47:30.264Z","pid":38294,"hostname":"95cf947da62c","name":"urateam","component":"PipelineRunner","runId":"x4Fpp44I_Dk2sedPS5C9w","issueId":"AM-2","branch":"agent/AM-2-auto-merge-test-issue","msg":"inserting run into DB"}
@urateam/core:test: {"level":30,"time":"2026-05-26T22:47:30.267Z","pid":38294,"hostname":"95cf947da62c","name":"urateam","component":"PipelineRunner","runId":"x4Fpp44I_Dk2sedPS5C9w","issueId":"AM-2","branch":"agent/AM-2-auto-merge-test-issue","msg":"run queued"}
@urateam/core:test: {"level":30,"time":"2026-05-26T22:47:30.267Z","pid":38294,"hostname":"95cf947da62c","name":"urateam","component":"PipelineRunner","runId":"x4Fpp44I_Dk2sedPS5C9w","issueId":"AM-2","msg":"executing pipeline"}
@urateam/core:test: {"level":30,"time":"2026-05-26T22:47:30.267Z","pid":38294,"hostname":"95cf947da62c","name":"urateam","component":"PipelineRunner","runId":"x4Fpp44I_Dk2sedPS5C9w","issueId":"AM-2","msg":"notifying pipeline start"}
@urateam/core:test: {"level":30,"time":"2026-05-26T22:47:30.267Z","pid":38294,"hostname":"95cf947da62c","name":"urateam","component":"PipelineRunner","runId":"x4Fpp44I_Dk2sedPS5C9w","issueId":"AM-2","repoUrl":"https://github.com/test/test-repo.git","repoDir":"/tmp/auto-merge-repos/auto-merge-test-issue","msg":"cloning repository"}
@urateam/core:test: {"level":30,"time":"2026-05-26T22:47:30.267Z","pid":38294,"hostname":"95cf947da62c","name":"urateam","component":"PipelineRunner","runId":"x4Fpp44I_Dk2sedPS5C9w","issueId":"AM-2","msg":"clone complete, creating worktree"}
@urateam/core:test: {"level":30,"time":"2026-05-26T22:47:30.268Z","pid":38294,"hostname":"95cf947da62c","name":"urateam","component":"PipelineRunner","runId":"x4Fpp44I_Dk2sedPS5C9w","issueId":"AM-2","worktreePath":"/tmp/auto-merge-test-worktree","msg":"worktree created"}
@urateam/core:test: {"level":40,"time":"2026-05-26T22:47:30.277Z","pid":38294,"hostname":"95cf947da62c","name":"urateam","component":"PipelineRunner","err":{"type":"Error","message":"ENOENT: no such file or directory, open '/tmp/auto-merge-test-worktree/CLAUDE.md'","stack":"Error: ENOENT: no such file or directory, open '/tmp/auto-merge-test-worktree/CLAUDE.md'\n    at open (node:internal/fs/promises:639:25)\n    at writeFile (node:internal/fs/promises:1219:14)\n    at PipelineRunner.injectAgentConfig (/home/ura/data/runs/B7TEaqaYubzZqR2vcvyha/worktree/packages/core/src/pipeline/runner.ts:857:7)\n    at PipelineRunner.executePipeline (/home/ura/data/runs/B7TEaqaYubzZqR2vcvyha/worktree/packages/core/src/pipeline/runner.ts:1014:9)\n    at /home/ura/data/runs/B7TEaqaYubzZqR2vcvyha/worktree/packages/core/src/pipeline/runner.ts:409:9\n    at Object.enqueue (/home/ura/data/runs/B7TEaqaYubzZqR2vcvyha/worktree/packages/core/src/pipeline/queue.ts:33:16)","errno":-2,"code":"ENOENT","syscall":"open","path":"/tmp/auto-merge-test-worktree/CLAUDE.md"},"msg":"failed to inject CLAUDE.md — agent will run without it"}
@urateam/core:test: {"level":30,"time":"2026-05-26T22:47:30.277Z","pid":38294,"hostname":"95cf947da62c","name":"urateam","component":"PipelineRunner","runId":"x4Fpp44I_Dk2sedPS5C9w","issueId":"AM-2","languages":["typescript"],"frameworks":[],"buildSystems":["pnpm"],"msg":"tech stack detected"}
@urateam/core:test: {"level":30,"time":"2026-05-26T22:47:30.278Z","pid":38294,"hostname":"95cf947da62c","name":"urateam","component":"PipelineRunner","runId":"x4Fpp44I_Dk2sedPS5C9w","issueId":"AM-2","stages":["triage","implement"],"msg":"starting pipeline stages"}
@urateam/core:test: {"level":30,"time":"2026-05-26T22:47:30.278Z","pid":38294,"hostname":"95cf947da62c","name":"urateam","component":"PipelineRunner","runId":"x4Fpp44I_Dk2sedPS5C9w","issueId":"AM-2","stage":"triage","msg":"executing stage"}
@urateam/core:test: {"level":30,"time":"2026-05-26T22:47:30.285Z","pid":38294,"hostname":"95cf947da62c","name":"urateam","component":"PipelineRunner","runId":"x4Fpp44I_Dk2sedPS5C9w","issueId":"AM-2","stage":"implement","msg":"executing stage"}
@urateam/core:test: {"level":40,"time":"2026-05-26T22:47:30.313Z","pid":38294,"hostname":"95cf947da62c","name":"urateam","component":"PipelineRunner","runId":"x4Fpp44I_Dk2sedPS5C9w","issueId":"AM-2","excerpt":[],"outputPrefix":"","msg":"typecheck-gate: non-zero exit with no parseable TS errors — treating as setup issue and continuing"}
@urateam/core:test: {"level":30,"time":"2026-05-26T22:47:30.313Z","pid":38294,"hostname":"95cf947da62c","name":"urateam","component":"PipelineRunner","runId":"x4Fpp44I_Dk2sedPS5C9w","issueId":"AM-2","defaultBranch":"main","msg":"push queue: rebasing before push"}
@urateam/core:test: {"level":30,"time":"2026-05-26T22:47:30.313Z","pid":38294,"hostname":"95cf947da62c","name":"urateam","component":"PipelineRunner","runId":"x4Fpp44I_Dk2sedPS5C9w","issueId":"AM-2","branch":"agent/AM-2-auto-merge-test-issue","rebaseConflict":false,"msg":"push queue: force-with-lease push (agent branch or rebase conflict)"}
@urateam/core:test: {"level":30,"time":"2026-05-26T22:47:30.314Z","pid":38294,"hostname":"95cf947da62c","name":"urateam","component":"PipelineRunner","runId":"x4Fpp44I_Dk2sedPS5C9w","issueId":"AM-2","msg":"creating PR via gh CLI"}
@urateam/core:test: {"level":30,"time":"2026-05-26T22:47:30.314Z","pid":38294,"hostname":"95cf947da62c","name":"urateam","component":"PipelineRunner","runId":"x4Fpp44I_Dk2sedPS5C9w","issueId":"AM-2","prUrl":"https://github.com/test/repo/pull/42","msg":"PR created"}
@urateam/core:test: {"level":30,"time":"2026-05-26T22:47:30.318Z","pid":38294,"hostname":"95cf947da62c","name":"urateam","component":"PipelineRunner","runId":"x4Fpp44I_Dk2sedPS5C9w","issueId":"AM-2","diffLines":500,"maxLines":200,"msg":"skipping auto-merge: Diff too large (500 lines, max 200)"}
@urateam/core:test: {"level":30,"time":"2026-05-26T22:47:30.319Z","pid":38294,"hostname":"95cf947da62c","name":"urateam","component":"PipelineRunner","runId":"x4Fpp44I_Dk2sedPS5C9w","issueId":"AM-2","prUrl":"https://github.com/test/repo/pull/42","autoMerged":false,"autoCommitted":false,"totalInputTokens":400,"totalOutputTokens":200,"msg":"pipeline completed"}
@urateam/core:test: {"level":30,"time":"2026-05-26T22:47:30.374Z","pid":38294,"hostname":"95cf947da62c","name":"urateam","component":"PipelineRunner","issueId":"AM-3","pipeline":"auto-implement","msg":"start() called"}
@urateam/core:test: {"level":30,"time":"2026-05-26T22:47:30.374Z","pid":38294,"hostname":"95cf947da62c","name":"urateam","component":"PipelineRunner","runId":"GgkQEEY6PL5GJjj9Jkml4","issueId":"AM-3","branch":"agent/AM-3-auto-merge-test-issue","msg":"inserting run into DB"}
@urateam/core:test: {"level":30,"time":"2026-05-26T22:47:30.375Z","pid":38294,"hostname":"95cf947da62c","name":"urateam","component":"PipelineRunner","runId":"GgkQEEY6PL5GJjj9Jkml4","issueId":"AM-3","branch":"agent/AM-3-auto-merge-test-issue","msg":"run queued"}
@urateam/core:test: {"level":30,"time":"2026-05-26T22:47:30.375Z","pid":38294,"hostname":"95cf947da62c","name":"urateam","component":"PipelineRunner","runId":"GgkQEEY6PL5GJjj9Jkml4","issueId":"AM-3","msg":"executing pipeline"}
@urateam/core:test: {"level":30,"time":"2026-05-26T22:47:30.389Z","pid":38294,"hostname":"95cf947da62c","name":"urateam","component":"PipelineRunner","runId":"GgkQEEY6PL5GJjj9Jkml4","issueId":"AM-3","msg":"notifying pipeline start"}
@urateam/core:test: {"level":30,"time":"2026-05-26T22:47:30.389Z","pid":38294,"hostname":"95cf947da62c","name":"urateam","component":"PipelineRunner","runId":"GgkQEEY6PL5GJjj9Jkml4","issueId":"AM-3","repoUrl":"https://github.com/test/test-repo.git","repoDir":"/tmp/auto-merge-repos/auto-merge-test-issue","msg":"cloning repository"}
@urateam/core:test: {"level":30,"time":"2026-05-26T22:47:30.389Z","pid":38294,"hostname":"95cf947da62c","name":"urateam","component":"PipelineRunner","runId":"GgkQEEY6PL5GJjj9Jkml4","issueId":"AM-3","msg":"clone complete, creating worktree"}
@urateam/core:test: {"level":30,"time":"2026-05-26T22:47:30.389Z","pid":38294,"hostname":"95cf947da62c","name":"urateam","component":"PipelineRunner","runId":"GgkQEEY6PL5GJjj9Jkml4","issueId":"AM-3","worktreePath":"/tmp/auto-merge-test-worktree","msg":"worktree created"}
@urateam/core:test: {"level":40,"time":"2026-05-26T22:47:30.403Z","pid":38294,"hostname":"95cf947da62c","name":"urateam","component":"PipelineRunner","err":{"type":"Error","message":"ENOENT: no such file or directory, open '/tmp/auto-merge-test-worktree/CLAUDE.md'","stack":"Error: ENOENT: no such file or directory, open '/tmp/auto-merge-test-worktree/CLAUDE.md'\n    at open (node:internal/fs/promises:639:25)\n    at writeFile (node:internal/fs/promises:1219:14)\n    at PipelineRunner.injectAgentConfig (/home/ura/data/runs/B7TEaqaYubzZqR2vcvyha/worktree/packages/core/src/pipeline/runner.ts:857:7)\n    at PipelineRunner.executePipeline (/home/ura/data/runs/B7TEaqaYubzZqR2vcvyha/worktree/packages/core/src/pipeline/runner.ts:1014:9)\n    at /home/ura/data/runs/B7TEaqaYubzZqR2vcvyha/worktree/packages/core/src/pipeline/runner.ts:409:9\n    at Object.enqueue (/home/ura/data/runs/B7TEaqaYubzZqR2vcvyha/worktree/packages/core/src/pipeline/queue.ts:33:16)","errno":-2,"code":"ENOENT","syscall":"open","path":"/tmp/auto-merge-test-worktree/CLAUDE.md"},"msg":"failed to inject CLAUDE.md — agent will run without it"}
@urateam/core:test: {"level":30,"time":"2026-05-26T22:47:30.404Z","pid":38294,"hostname":"95cf947da62c","name":"urateam","component":"PipelineRunner","runId":"GgkQEEY6PL5GJjj9Jkml4","issueId":"AM-3","languages":["typescript"],"frameworks":[],"buildSystems":["pnpm"],"msg":"tech stack detected"}
@urateam/core:test: {"level":30,"time":"2026-05-26T22:47:30.404Z","pid":38294,"hostname":"95cf947da62c","name":"urateam","component":"PipelineRunner","runId":"GgkQEEY6PL5GJjj9Jkml4","issueId":"AM-3","stages":["triage","implement"],"msg":"starting pipeline stages"}
@urateam/core:test: {"level":30,"time":"2026-05-26T22:47:30.404Z","pid":38294,"hostname":"95cf947da62c","name":"urateam","component":"PipelineRunner","runId":"GgkQEEY6PL5GJjj9Jkml4","issueId":"AM-3","stage":"triage","msg":"executing stage"}
@urateam/core:test: {"level":30,"time":"2026-05-26T22:47:30.410Z","pid":38294,"hostname":"95cf947da62c","name":"urateam","component":"PipelineRunner","runId":"GgkQEEY6PL5GJjj9Jkml4","issueId":"AM-3","stage":"implement","msg":"executing stage"}
@urateam/core:test: {"level":40,"time":"2026-05-26T22:47:30.437Z","pid":38294,"hostname":"95cf947da62c","name":"urateam","component":"PipelineRunner","runId":"GgkQEEY6PL5GJjj9Jkml4","issueId":"AM-3","excerpt":[],"outputPrefix":"","msg":"typecheck-gate: non-zero exit with no parseable TS errors — treating as setup issue and continuing"}
@urateam/core:test: {"level":30,"time":"2026-05-26T22:47:30.439Z","pid":38294,"hostname":"95cf947da62c","name":"urateam","component":"PipelineRunner","runId":"GgkQEEY6PL5GJjj9Jkml4","issueId":"AM-3","defaultBranch":"main","msg":"push queue: rebasing before push"}
@urateam/core:test: {"level":30,"time":"2026-05-26T22:47:30.443Z","pid":38294,"hostname":"95cf947da62c","name":"urateam","component":"PipelineRunner","runId":"GgkQEEY6PL5GJjj9Jkml4","issueId":"AM-3","branch":"agent/AM-3-auto-merge-test-issue","rebaseConflict":false,"msg":"push queue: force-with-lease push (agent branch or rebase conflict)"}
@urateam/core:test: {"level":30,"time":"2026-05-26T22:47:30.444Z","pid":38294,"hostname":"95cf947da62c","name":"urateam","component":"PipelineRunner","runId":"GgkQEEY6PL5GJjj9Jkml4","issueId":"AM-3","msg":"creating PR via gh CLI"}
@urateam/core:test: {"level":30,"time":"2026-05-26T22:47:30.444Z","pid":38294,"hostname":"95cf947da62c","name":"urateam","component":"PipelineRunner","runId":"GgkQEEY6PL5GJjj9Jkml4","issueId":"AM-3","prUrl":"https://github.com/test/repo/pull/42","msg":"PR created"}
@urateam/core:test: {"level":30,"time":"2026-05-26T22:47:30.444Z","pid":38294,"hostname":"95cf947da62c","name":"urateam","component":"PipelineRunner","runId":"GgkQEEY6PL5GJjj9Jkml4","issueId":"AM-3","prUrl":"https://github.com/test/repo/pull/42","msg":"draft PR: adding review comments with gaps and next steps"}
@urateam/core:test: {"level":50,"time":"2026-05-26T22:47:30.453Z","pid":38294,"hostname":"95cf947da62c","name":"urateam","component":"PipelineRunner","runId":"GgkQEEY6PL5GJjj9Jkml4","issueId":"AM-3","err":"spawn gh ENOENT","prUrl":"https://github.com/test/repo/pull/42","msg":"draft PR: failed to add gap comment"}
@urateam/core:test: {"level":30,"time":"2026-05-26T22:47:30.456Z","pid":38294,"hostname":"95cf947da62c","name":"urateam","component":"PipelineRunner","runId":"GgkQEEY6PL5GJjj9Jkml4","issueId":"AM-3","prUrl":"https://github.com/test/repo/pull/42","autoMerged":false,"autoCommitted":false,"totalInputTokens":400,"totalOutputTokens":200,"msg":"pipeline completed"}
@urateam/core:test: {"level":30,"time":"2026-05-26T22:47:30.508Z","pid":38294,"hostname":"95cf947da62c","name":"urateam","component":"PipelineRunner","issueId":"AM-4","pipeline":"auto-implement","msg":"start() called"}
@urateam/core:test: {"level":30,"time":"2026-05-26T22:47:30.509Z","pid":38294,"hostname":"95cf947da62c","name":"urateam","component":"PipelineRunner","runId":"aGpGlEkAqjkPzAD1xX6jH","issueId":"AM-4","branch":"agent/AM-4-auto-merge-test-issue","msg":"inserting run into DB"}
@urateam/core:test: {"level":30,"time":"2026-05-26T22:47:30.515Z","pid":38294,"hostname":"95cf947da62c","name":"urateam","component":"PipelineRunner","runId":"aGpGlEkAqjkPzAD1xX6jH","issueId":"AM-4","branch":"agent/AM-4-auto-merge-test-issue","msg":"run queued"}
@urateam/core:test: {"level":30,"time":"2026-05-26T22:47:30.515Z","pid":38294,"hostname":"95cf947da62c","name":"urateam","component":"PipelineRunner","runId":"aGpGlEkAqjkPzAD1xX6jH","issueId":"AM-4","msg":"executing pipeline"}
@urateam/core:test: {"level":30,"time":"2026-05-26T22:47:30.516Z","pid":38294,"hostname":"95cf947da62c","name":"urateam","component":"PipelineRunner","runId":"aGpGlEkAqjkPzAD1xX6jH","issueId":"AM-4","msg":"notifying pipeline start"}
@urateam/core:test: {"level":30,"time":"2026-05-26T22:47:30.516Z","pid":38294,"hostname":"95cf947da62c","name":"urateam","component":"PipelineRunner","runId":"aGpGlEkAqjkPzAD1xX6jH","issueId":"AM-4","repoUrl":"https://github.com/test/test-repo.git","repoDir":"/tmp/auto-merge-repos/auto-merge-test-issue","msg":"cloning repository"}
@urateam/core:test: {"level":30,"time":"2026-05-26T22:47:30.516Z","pid":38294,"hostname":"95cf947da62c","name":"urateam","component":"PipelineRunner","runId":"aGpGlEkAqjkPzAD1xX6jH","issueId":"AM-4","msg":"clone complete, creating worktree"}
@urateam/core:test: {"level":30,"time":"2026-05-26T22:47:30.516Z","pid":38294,"hostname":"95cf947da62c","name":"urateam","component":"PipelineRunner","runId":"aGpGlEkAqjkPzAD1xX6jH","issueId":"AM-4","worktreePath":"/tmp/auto-merge-test-worktree","msg":"worktree created"}
@urateam/core:test: {"level":40,"time":"2026-05-26T22:47:30.521Z","pid":38294,"hostname":"95cf947da62c","name":"urateam","component":"PipelineRunner","err":{"type":"Error","message":"ENOENT: no such file or directory, open '/tmp/auto-merge-test-worktree/CLAUDE.md'","stack":"Error: ENOENT: no such file or directory, open '/tmp/auto-merge-test-worktree/CLAUDE.md'\n    at open (node:internal/fs/promises:639:25)\n    at writeFile (node:internal/fs/promises:1219:14)\n    at PipelineRunner.injectAgentConfig (/home/ura/data/runs/B7TEaqaYubzZqR2vcvyha/worktree/packages/core/src/pipeline/runner.ts:857:7)\n    at PipelineRunner.executePipeline (/home/ura/data/runs/B7TEaqaYubzZqR2vcvyha/worktree/packages/core/src/pipeline/runner.ts:1014:9)\n    at /home/ura/data/runs/B7TEaqaYubzZqR2vcvyha/worktree/packages/core/src/pipeline/runner.ts:409:9\n    at Object.enqueue (/home/ura/data/runs/B7TEaqaYubzZqR2vcvyha/worktree/packages/core/src/pipeline/queue.ts:33:16)","errno":-2,"code":"ENOENT","syscall":"open","path":"/tmp/auto-merge-test-worktree/CLAUDE.md"},"msg":"failed to inject CLAUDE.md — agent will run without it"}
@urateam/core:test: {"level":30,"time":"2026-05-26T22:47:30.521Z","pid":38294,"hostname":"95cf947da62c","name":"urateam","component":"PipelineRunner","runId":"aGpGlEkAqjkPzAD1xX6jH","issueId":"AM-4","languages":["typescript"],"frameworks":[],"buildSystems":["pnpm"],"msg":"tech stack detected"}
@urateam/core:test: {"level":30,"time":"2026-05-26T22:47:30.521Z","pid":38294,"hostname":"95cf947da62c","name":"urateam","component":"PipelineRunner","runId":"aGpGlEkAqjkPzAD1xX6jH","issueId":"AM-4","stages":["triage","implement"],"msg":"starting pipeline stages"}
@urateam/core:test: {"level":30,"time":"2026-05-26T22:47:30.521Z","pid":38294,"hostname":"95cf947da62c","name":"urateam","component":"PipelineRunner","runId":"aGpGlEkAqjkPzAD1xX6jH","issueId":"AM-4","stage":"triage","msg":"executing stage"}
@urateam/core:test: {"level":30,"time":"2026-05-26T22:47:30.530Z","pid":38294,"hostname":"95cf947da62c","name":"urateam","component":"PipelineRunner","runId":"aGpGlEkAqjkPzAD1xX6jH","issueId":"AM-4","stage":"implement","msg":"executing stage"}
@urateam/cli:test:  ✓ src/__tests__/preflight-claude-auth.test.ts (8 tests) 79ms
@urateam/core:test: {"level":40,"time":"2026-05-26T22:47:30.564Z","pid":38294,"hostname":"95cf947da62c","name":"urateam","component":"PipelineRunner","runId":"aGpGlEkAqjkPzAD1xX6jH","issueId":"AM-4","excerpt":[],"outputPrefix":"","msg":"typecheck-gate: non-zero exit with no parseable TS errors — treating as setup issue and continuing"}
@urateam/core:test: {"level":30,"time":"2026-05-26T22:47:30.564Z","pid":38294,"hostname":"95cf947da62c","name":"urateam","component":"PipelineRunner","runId":"aGpGlEkAqjkPzAD1xX6jH","issueId":"AM-4","defaultBranch":"main","msg":"push queue: rebasing before push"}
@urateam/core:test: {"level":30,"time":"2026-05-26T22:47:30.564Z","pid":38294,"hostname":"95cf947da62c","name":"urateam","component":"PipelineRunner","runId":"aGpGlEkAqjkPzAD1xX6jH","issueId":"AM-4","branch":"agent/AM-4-auto-merge-test-issue","rebaseConflict":false,"msg":"push queue: force-with-lease push (agent branch or rebase conflict)"}
@urateam/core:test: {"level":30,"time":"2026-05-26T22:47:30.569Z","pid":38294,"hostname":"95cf947da62c","name":"urateam","component":"PipelineRunner","runId":"aGpGlEkAqjkPzAD1xX6jH","issueId":"AM-4","msg":"creating PR via gh CLI"}
@urateam/core:test: {"level":30,"time":"2026-05-26T22:47:30.569Z","pid":38294,"hostname":"95cf947da62c","name":"urateam","component":"PipelineRunner","runId":"aGpGlEkAqjkPzAD1xX6jH","issueId":"AM-4","prUrl":"https://github.com/test/repo/pull/42","msg":"PR created"}
@urateam/core:test: {"level":30,"time":"2026-05-26T22:47:30.570Z","pid":38294,"hostname":"95cf947da62c","name":"urateam","component":"PipelineRunner","runId":"aGpGlEkAqjkPzAD1xX6jH","issueId":"AM-4","prUrl":"https://github.com/test/repo/pull/42","autoMerged":false,"autoCommitted":false,"totalInputTokens":400,"totalOutputTokens":200,"msg":"pipeline completed"}
@urateam/core:test: {"level":30,"time":"2026-05-26T22:47:30.634Z","pid":38294,"hostname":"95cf947da62c","name":"urateam","component":"PipelineRunner","issueId":"AM-5","pipeline":"auto-implement","msg":"start() called"}
@urateam/core:test: {"level":30,"time":"2026-05-26T22:47:30.636Z","pid":38294,"hostname":"95cf947da62c","name":"urateam","component":"PipelineRunner","runId":"xpGpLqEt_Qts_VeNjkDAi","issueId":"AM-5","branch":"agent/AM-5-auto-merge-test-issue","msg":"inserting run into DB"}
@urateam/core:test: {"level":30,"time":"2026-05-26T22:47:30.637Z","pid":38294,"hostname":"95cf947da62c","name":"urateam","component":"PipelineRunner","runId":"xpGpLqEt_Qts_VeNjkDAi","issueId":"AM-5","branch":"agent/AM-5-auto-merge-test-issue","msg":"run queued"}
@urateam/core:test: {"level":30,"time":"2026-05-26T22:47:30.637Z","pid":38294,"hostname":"95cf947da62c","name":"urateam","component":"PipelineRunner","runId":"xpGpLqEt_Qts_VeNjkDAi","issueId":"AM-5","msg":"executing pipeline"}
@urateam/core:test: {"level":30,"time":"2026-05-26T22:47:30.637Z","pid":38294,"hostname":"95cf947da62c","name":"urateam","component":"PipelineRunner","runId":"xpGpLqEt_Qts_VeNjkDAi","issueId":"AM-5","msg":"notifying pipeline start"}
@urateam/core:test: {"level":30,"time":"2026-05-26T22:47:30.637Z","pid":38294,"hostname":"95cf947da62c","name":"urateam","component":"PipelineRunner","runId":"xpGpLqEt_Qts_VeNjkDAi","issueId":"AM-5","repoUrl":"https://github.com/test/test-repo.git","repoDir":"/tmp/auto-merge-repos/auto-merge-test-issue","msg":"cloning repository"}
@urateam/core:test: {"level":30,"time":"2026-05-26T22:47:30.637Z","pid":38294,"hostname":"95cf947da62c","name":"urateam","component":"PipelineRunner","runId":"xpGpLqEt_Qts_VeNjkDAi","issueId":"AM-5","msg":"clone complete, creating worktree"}
@urateam/core:test: {"level":30,"time":"2026-05-26T22:47:30.637Z","pid":38294,"hostname":"95cf947da62c","name":"urateam","component":"PipelineRunner","runId":"xpGpLqEt_Qts_VeNjkDAi","issueId":"AM-5","worktreePath":"/tmp/auto-merge-test-worktree","msg":"worktree created"}
@urateam/core:test: {"level":40,"time":"2026-05-26T22:47:30.655Z","pid":38294,"hostname":"95cf947da62c","name":"urateam","component":"PipelineRunner","err":{"type":"Error","message":"ENOENT: no such file or directory, open '/tmp/auto-merge-test-worktree/CLAUDE.md'","stack":"Error: ENOENT: no such file or directory, open '/tmp/auto-merge-test-worktree/CLAUDE.md'\n    at open (node:internal/fs/promises:639:25)\n    at writeFile (node:internal/fs/promises:1219:14)\n    at PipelineRunner.injectAgentConfig (/home/ura/data/runs/B7TEaqaYubzZqR2vcvyha/worktree/packages/core/src/pipeline/runner.ts:857:7)\n    at PipelineRunner.executePipeline (/home/ura/data/runs/B7TEaqaYubzZqR2vcvyha/worktree/packages/core/src/pipeline/runner.ts:1014:9)\n    at /home/ura/data/runs/B7TEaqaYubzZqR2vcvyha/worktree/packages/core/src/pipeline/runner.ts:409:9\n    at Object.enqueue (/home/ura/data/runs/B7TEaqaYubzZqR2vcvyha/worktree/packages/core/src/pipeline/queue.ts:33:16)","errno":-2,"code":"ENOENT","syscall":"open","path":"/tmp/auto-merge-test-worktree/CLAUDE.md"},"msg":"failed to inject CLAUDE.md — agent will run without it"}
@urateam/core:test: {"level":30,"time":"2026-05-26T22:47:30.656Z","pid":38294,"hostname":"95cf947da62c","name":"urateam","component":"PipelineRunner","runId":"xpGpLqEt_Qts_VeNjkDAi","issueId":"AM-5","languages":["typescript"],"frameworks":[],"buildSystems":["pnpm"],"msg":"tech stack detected"}
@urateam/core:test: {"level":30,"time":"2026-05-26T22:47:30.656Z","pid":38294,"hostname":"95cf947da62c","name":"urateam","component":"PipelineRunner","runId":"xpGpLqEt_Qts_VeNjkDAi","issueId":"AM-5","stages":["triage","implement"],"msg":"starting pipeline stages"}
@urateam/core:test: {"level":30,"time":"2026-05-26T22:47:30.656Z","pid":38294,"hostname":"95cf947da62c","name":"urateam","component":"PipelineRunner","runId":"xpGpLqEt_Qts_VeNjkDAi","issueId":"AM-5","stage":"triage","msg":"executing stage"}
@urateam/core:test: {"level":30,"time":"2026-05-26T22:47:30.681Z","pid":38294,"hostname":"95cf947da62c","name":"urateam","component":"PipelineRunner","runId":"xpGpLqEt_Qts_VeNjkDAi","issueId":"AM-5","stage":"implement","msg":"executing stage"}
@urateam/core:test: {"level":40,"time":"2026-05-26T22:47:30.695Z","pid":38294,"hostname":"95cf947da62c","name":"urateam","component":"PipelineRunner","runId":"xpGpLqEt_Qts_VeNjkDAi","issueId":"AM-5","excerpt":[],"outputPrefix":"","msg":"typecheck-gate: non-zero exit with no parseable TS errors — treating as setup issue and continuing"}
@urateam/core:test: {"level":30,"time":"2026-05-26T22:47:30.695Z","pid":38294,"hostname":"95cf947da62c","name":"urateam","component":"PipelineRunner","runId":"xpGpLqEt_Qts_VeNjkDAi","issueId":"AM-5","defaultBranch":"main","msg":"push queue: rebasing before push"}
@urateam/core:test: {"level":30,"time":"2026-05-26T22:47:30.696Z","pid":38294,"hostname":"95cf947da62c","name":"urateam","component":"PipelineRunner","runId":"xpGpLqEt_Qts_VeNjkDAi","issueId":"AM-5","branch":"agent/AM-5-auto-merge-test-issue","rebaseConflict":false,"msg":"push queue: force-with-lease push (agent branch or rebase conflict)"}
@urateam/core:test: {"level":30,"time":"2026-05-26T22:47:30.696Z","pid":38294,"hostname":"95cf947da62c","name":"urateam","component":"PipelineRunner","runId":"xpGpLqEt_Qts_VeNjkDAi","issueId":"AM-5","msg":"creating PR via gh CLI"}
@urateam/core:test: {"level":30,"time":"2026-05-26T22:47:30.696Z","pid":38294,"hostname":"95cf947da62c","name":"urateam","component":"PipelineRunner","runId":"xpGpLqEt_Qts_VeNjkDAi","issueId":"AM-5","prUrl":"https://github.com/test/repo/pull/42","msg":"PR created"}
@urateam/core:test: {"level":30,"time":"2026-05-26T22:47:30.697Z","pid":38294,"hostname":"95cf947da62c","name":"urateam","component":"PipelineRunner","runId":"xpGpLqEt_Qts_VeNjkDAi","issueId":"AM-5","prUrl":"https://github.com/test/repo/pull/42","autoMerged":false,"autoCommitted":false,"totalInputTokens":400,"totalOutputTokens":200,"msg":"pipeline completed"}
@urateam/core:test: {"level":30,"time":"2026-05-26T22:47:30.730Z","pid":38294,"hostname":"95cf947da62c","name":"urateam","component":"PipelineRunner","issueId":"AM-6","pipeline":"auto-implement","msg":"start() called"}
@urateam/core:test: {"level":30,"time":"2026-05-26T22:47:30.735Z","pid":38294,"hostname":"95cf947da62c","name":"urateam","component":"PipelineRunner","runId":"UDRdgaJ5TXjcQFrzI2H5c","issueId":"AM-6","branch":"agent/AM-6-auto-merge-test-issue","msg":"inserting run into DB"}
@urateam/core:test: {"level":30,"time":"2026-05-26T22:47:30.735Z","pid":38294,"hostname":"95cf947da62c","name":"urateam","component":"PipelineRunner","runId":"UDRdgaJ5TXjcQFrzI2H5c","issueId":"AM-6","branch":"agent/AM-6-auto-merge-test-issue","msg":"run queued"}
@urateam/core:test: {"level":30,"time":"2026-05-26T22:47:30.735Z","pid":38294,"hostname":"95cf947da62c","name":"urateam","component":"PipelineRunner","runId":"UDRdgaJ5TXjcQFrzI2H5c","issueId":"AM-6","msg":"executing pipeline"}
@urateam/core:test: {"level":30,"time":"2026-05-26T22:47:30.736Z","pid":38294,"hostname":"95cf947da62c","name":"urateam","component":"PipelineRunner","runId":"UDRdgaJ5TXjcQFrzI2H5c","issueId":"AM-6","msg":"notifying pipeline start"}
@urateam/core:test: {"level":30,"time":"2026-05-26T22:47:30.736Z","pid":38294,"hostname":"95cf947da62c","name":"urateam","component":"PipelineRunner","runId":"UDRdgaJ5TXjcQFrzI2H5c","issueId":"AM-6","repoUrl":"https://github.com/test/test-repo.git","repoDir":"/tmp/auto-merge-repos/auto-merge-test-issue","msg":"cloning repository"}
@urateam/core:test: {"level":30,"time":"2026-05-26T22:47:30.736Z","pid":38294,"hostname":"95cf947da62c","name":"urateam","component":"PipelineRunner","runId":"UDRdgaJ5TXjcQFrzI2H5c","issueId":"AM-6","msg":"clone complete, creating worktree"}
@urateam/core:test: {"level":30,"time":"2026-05-26T22:47:30.736Z","pid":38294,"hostname":"95cf947da62c","name":"urateam","component":"PipelineRunner","runId":"UDRdgaJ5TXjcQFrzI2H5c","issueId":"AM-6","worktreePath":"/tmp/auto-merge-test-worktree","msg":"worktree created"}
@urateam/core:test: {"level":40,"time":"2026-05-26T22:47:30.742Z","pid":38294,"hostname":"95cf947da62c","name":"urateam","component":"PipelineRunner","err":{"type":"Error","message":"ENOENT: no such file or directory, open '/tmp/auto-merge-test-worktree/CLAUDE.md'","stack":"Error: ENOENT: no such file or directory, open '/tmp/auto-merge-test-worktree/CLAUDE.md'\n    at open (node:internal/fs/promises:639:25)\n    at writeFile (node:internal/fs/promises:1219:14)\n    at PipelineRunner.injectAgentConfig (/home/ura/data/runs/B7TEaqaYubzZqR2vcvyha/worktree/packages/core/src/pipeline/runner.ts:857:7)\n    at PipelineRunner.executePipeline (/home/ura/data/runs/B7TEaqaYubzZqR2vcvyha/worktree/packages/core/src/pipeline/runner.ts:1014:9)\n    at /home/ura/data/runs/B7TEaqaYubzZqR2vcvyha/worktree/packages/core/src/pipeline/runner.ts:409:9\n    at Object.enqueue (/home/ura/data/runs/B7TEaqaYubzZqR2vcvyha/worktree/packages/core/src/pipeline/queue.ts:33:16)","errno":-2,"code":"ENOENT","syscall":"open","path":"/tmp/auto-merge-test-worktree/CLAUDE.md"},"msg":"failed to inject CLAUDE.md — agent will run without it"}
@urateam/core:test: {"level":30,"time":"2026-05-26T22:47:30.743Z","pid":38294,"hostname":"95cf947da62c","name":"urateam","component":"PipelineRunner","runId":"UDRdgaJ5TXjcQFrzI2H5c","issueId":"AM-6","languages":["typescript"],"frameworks":[],"buildSystems":["pnpm"],"msg":"tech stack detected"}
@urateam/core:test: {"level":30,"time":"2026-05-26T22:47:30.743Z","pid":38294,"hostname":"95cf947da62c","name":"urateam","component":"PipelineRunner","runId":"UDRdgaJ5TXjcQFrzI2H5c","issueId":"AM-6","stages":["triage","implement"],"msg":"starting pipeline stages"}
@urateam/core:test: {"level":30,"time":"2026-05-26T22:47:30.743Z","pid":38294,"hostname":"95cf947da62c","name":"urateam","component":"PipelineRunner","runId":"UDRdgaJ5TXjcQFrzI2H5c","issueId":"AM-6","stage":"triage","msg":"executing stage"}
@urateam/core:test: {"level":30,"time":"2026-05-26T22:47:30.751Z","pid":38294,"hostname":"95cf947da62c","name":"urateam","component":"PipelineRunner","runId":"UDRdgaJ5TXjcQFrzI2H5c","issueId":"AM-6","stage":"implement","msg":"executing stage"}
@urateam/core:test: {"level":40,"time":"2026-05-26T22:47:30.762Z","pid":38294,"hostname":"95cf947da62c","name":"urateam","component":"PipelineRunner","runId":"UDRdgaJ5TXjcQFrzI2H5c","issueId":"AM-6","excerpt":[],"outputPrefix":"","msg":"typecheck-gate: non-zero exit with no parseable TS errors — treating as setup issue and continuing"}
@urateam/core:test: {"level":30,"time":"2026-05-26T22:47:30.762Z","pid":38294,"hostname":"95cf947da62c","name":"urateam","component":"PipelineRunner","runId":"UDRdgaJ5TXjcQFrzI2H5c","issueId":"AM-6","defaultBranch":"main","msg":"push queue: rebasing before push"}
@urateam/core:test: {"level":30,"time":"2026-05-26T22:47:30.762Z","pid":38294,"hostname":"95cf947da62c","name":"urateam","component":"PipelineRunner","runId":"UDRdgaJ5TXjcQFrzI2H5c","issueId":"AM-6","branch":"agent/AM-6-auto-merge-test-issue","rebaseConflict":false,"msg":"push queue: force-with-lease push (agent branch or rebase conflict)"}
@urateam/core:test: {"level":30,"time":"2026-05-26T22:47:30.762Z","pid":38294,"hostname":"95cf947da62c","name":"urateam","component":"PipelineRunner","runId":"UDRdgaJ5TXjcQFrzI2H5c","issueId":"AM-6","msg":"creating PR via gh CLI"}
@urateam/core:test: {"level":30,"time":"2026-05-26T22:47:30.762Z","pid":38294,"hostname":"95cf947da62c","name":"urateam","component":"PipelineRunner","runId":"UDRdgaJ5TXjcQFrzI2H5c","issueId":"AM-6","prUrl":"https://github.com/test/repo/pull/42","msg":"PR created"}
@urateam/core:test: {"level":30,"time":"2026-05-26T22:47:30.762Z","pid":38294,"hostname":"95cf947da62c","name":"urateam","component":"PipelineRunner","runId":"UDRdgaJ5TXjcQFrzI2H5c","issueId":"AM-6","diffLines":199,"maxLines":200,"msg":"auto-merge eligible, merging PR"}
@urateam/core:test: {"level":30,"time":"2026-05-26T22:47:30.762Z","pid":38294,"hostname":"95cf947da62c","name":"urateam","component":"PipelineRunner","runId":"UDRdgaJ5TXjcQFrzI2H5c","issueId":"AM-6","prUrl":"https://github.com/test/repo/pull/42","msg":"PR auto-merged"}
@urateam/core:test: {"level":30,"time":"2026-05-26T22:47:30.763Z","pid":38294,"hostname":"95cf947da62c","name":"urateam","component":"PipelineRunner","runId":"UDRdgaJ5TXjcQFrzI2H5c","issueId":"AM-6","prUrl":"https://github.com/test/repo/pull/42","autoMerged":true,"autoCommitted":false,"totalInputTokens":400,"totalOutputTokens":200,"msg":"pipeline completed"}
@urateam/core:test: {"level":30,"time":"2026-05-26T22:47:30.826Z","pid":38294,"hostname":"95cf947da62c","name":"urateam","component":"PipelineRunner","issueId":"AM-7","pipeline":"auto-implement","msg":"start() called"}
@urateam/core:test: {"level":30,"time":"2026-05-26T22:47:30.826Z","pid":38294,"hostname":"95cf947da62c","name":"urateam","component":"PipelineRunner","runId":"jQ7DrkTiFHFm8xc_7ZZE-","issueId":"AM-7","branch":"agent/AM-7-auto-merge-test-issue","msg":"inserting run into DB"}
@urateam/core:test: {"level":30,"time":"2026-05-26T22:47:30.827Z","pid":38294,"hostname":"95cf947da62c","name":"urateam","component":"PipelineRunner","runId":"jQ7DrkTiFHFm8xc_7ZZE-","issueId":"AM-7","branch":"agent/AM-7-auto-merge-test-issue","msg":"run queued"}
@urateam/core:test: {"level":30,"time":"2026-05-26T22:47:30.827Z","pid":38294,"hostname":"95cf947da62c","name":"urateam","component":"PipelineRunner","runId":"jQ7DrkTiFHFm8xc_7ZZE-","issueId":"AM-7","msg":"executing pipeline"}
@urateam/core:test: {"level":30,"time":"2026-05-26T22:47:30.830Z","pid":38294,"hostname":"95cf947da62c","name":"urateam","component":"PipelineRunner","runId":"jQ7DrkTiFHFm8xc_7ZZE-","issueId":"AM-7","msg":"notifying pipeline start"}
@urateam/core:test: {"level":30,"time":"2026-05-26T22:47:30.831Z","pid":38294,"hostname":"95cf947da62c","name":"urateam","component":"PipelineRunner","runId":"jQ7DrkTiFHFm8xc_7ZZE-","issueId":"AM-7","repoUrl":"https://github.com/test/test-repo.git","repoDir":"/tmp/auto-merge-repos/auto-merge-test-issue","msg":"cloning repository"}
@urateam/core:test: {"level":30,"time":"2026-05-26T22:47:30.831Z","pid":38294,"hostname":"95cf947da62c","name":"urateam","component":"PipelineRunner","runId":"jQ7DrkTiFHFm8xc_7ZZE-","issueId":"AM-7","msg":"clone complete, creating worktree"}
@urateam/core:test: {"level":30,"time":"2026-05-26T22:47:30.831Z","pid":38294,"hostname":"95cf947da62c","name":"urateam","component":"PipelineRunner","runId":"jQ7DrkTiFHFm8xc_7ZZE-","issueId":"AM-7","worktreePath":"/tmp/auto-merge-test-worktree","msg":"worktree created"}
@urateam/core:test: {"level":40,"time":"2026-05-26T22:47:30.834Z","pid":38294,"hostname":"95cf947da62c","name":"urateam","component":"PipelineRunner","err":{"type":"Error","message":"ENOENT: no such file or directory, open '/tmp/auto-merge-test-worktree/CLAUDE.md'","stack":"Error: ENOENT: no such file or directory, open '/tmp/auto-merge-test-worktree/CLAUDE.md'\n    at open (node:internal/fs/promises:639:25)\n    at writeFile (node:internal/fs/promises:1219:14)\n    at PipelineRunner.injectAgentConfig (/home/ura/data/runs/B7TEaqaYubzZqR2vcvyha/worktree/packages/core/src/pipeline/runner.ts:857:7)\n    at PipelineRunner.executePipeline (/home/ura/data/runs/B7TEaqaYubzZqR2vcvyha/worktree/packages/core/src/pipeline/runner.ts:1014:9)\n    at /home/ura/data/runs/B7TEaqaYubzZqR2vcvyha/worktree/packages/core/src/pipeline/runner.ts:409:9\n    at Object.enqueue (/home/ura/data/runs/B7TEaqaYubzZqR2vcvyha/worktree/packages/core/src/pipeline/queue.ts:33:16)","errno":-2,"code":"ENOENT","syscall":"open","path":"/tmp/auto-merge-test-worktree/CLAUDE.md"},"msg":"failed to inject CLAUDE.md — agent will run without it"}
@urateam/core:test: {"level":30,"time":"2026-05-26T22:47:30.835Z","pid":38294,"hostname":"95cf947da62c","name":"urateam","component":"PipelineRunner","runId":"jQ7DrkTiFHFm8xc_7ZZE-","issueId":"AM-7","languages":["typescript"],"frameworks":[],"buildSystems":["pnpm"],"msg":"tech stack detected"}
@urateam/core:test: {"level":30,"time":"2026-05-26T22:47:30.835Z","pid":38294,"hostname":"95cf947da62c","name":"urateam","component":"PipelineRunner","runId":"jQ7DrkTiFHFm8xc_7ZZE-","issueId":"AM-7","stages":["triage","implement"],"msg":"starting pipeline stages"}
@urateam/core:test: {"level":30,"time":"2026-05-26T22:47:30.835Z","pid":38294,"hostname":"95cf947da62c","name":"urateam","component":"PipelineRunner","runId":"jQ7DrkTiFHFm8xc_7ZZE-","issueId":"AM-7","stage":"triage","msg":"executing stage"}
@urateam/core:test: {"level":30,"time":"2026-05-26T22:47:30.847Z","pid":38294,"hostname":"95cf947da62c","name":"urateam","component":"PipelineRunner","runId":"jQ7DrkTiFHFm8xc_7ZZE-","issueId":"AM-7","stage":"implement","msg":"executing stage"}
@urateam/core:test: {"level":40,"time":"2026-05-26T22:47:30.863Z","pid":38294,"hostname":"95cf947da62c","name":"urateam","component":"PipelineRunner","runId":"jQ7DrkTiFHFm8xc_7ZZE-","issueId":"AM-7","excerpt":[],"outputPrefix":"","msg":"typecheck-gate: non-zero exit with no parseable TS errors — treating as setup issue and continuing"}
@urateam/core:test: {"level":30,"time":"2026-05-26T22:47:30.863Z","pid":38294,"hostname":"95cf947da62c","name":"urateam","component":"PipelineRunner","runId":"jQ7DrkTiFHFm8xc_7ZZE-","issueId":"AM-7","defaultBranch":"main","msg":"push queue: rebasing before push"}
@urateam/core:test: {"level":30,"time":"2026-05-26T22:47:30.865Z","pid":38294,"hostname":"95cf947da62c","name":"urateam","component":"PipelineRunner","runId":"jQ7DrkTiFHFm8xc_7ZZE-","issueId":"AM-7","branch":"agent/AM-7-auto-merge-test-issue","rebaseConflict":false,"msg":"push queue: force-with-lease push (agent branch or rebase conflict)"}
@urateam/core:test: {"level":30,"time":"2026-05-26T22:47:30.866Z","pid":38294,"hostname":"95cf947da62c","name":"urateam","component":"PipelineRunner","runId":"jQ7DrkTiFHFm8xc_7ZZE-","issueId":"AM-7","msg":"creating PR via gh CLI"}
@urateam/core:test: {"level":30,"time":"2026-05-26T22:47:30.866Z","pid":38294,"hostname":"95cf947da62c","name":"urateam","component":"PipelineRunner","runId":"jQ7DrkTiFHFm8xc_7ZZE-","issueId":"AM-7","prUrl":"https://github.com/test/repo/pull/42","msg":"PR created"}
@urateam/core:test: {"level":30,"time":"2026-05-26T22:47:30.868Z","pid":38294,"hostname":"95cf947da62c","name":"urateam","component":"PipelineRunner","runId":"jQ7DrkTiFHFm8xc_7ZZE-","issueId":"AM-7","diffLines":50,"maxLines":200,"excludedFile":"db/migrations/0001_initial.sql","msg":"skipping auto-merge: File matches exclusion pattern: db/migrations/0001_initial.sql"}
@urateam/core:test: {"level":30,"time":"2026-05-26T22:47:30.870Z","pid":38294,"hostname":"95cf947da62c","name":"urateam","component":"PipelineRunner","runId":"jQ7DrkTiFHFm8xc_7ZZE-","issueId":"AM-7","prUrl":"https://github.com/test/repo/pull/42","autoMerged":false,"autoCommitted":false,"totalInputTokens":400,"totalOutputTokens":200,"msg":"pipeline completed"}
@urateam/core:test: {"level":30,"time":"2026-05-26T22:47:30.919Z","pid":38294,"hostname":"95cf947da62c","name":"urateam","component":"PipelineRunner","issueId":"AM-8","pipeline":"auto-implement","msg":"start() called"}
@urateam/core:test: {"level":30,"time":"2026-05-26T22:47:30.919Z","pid":38294,"hostname":"95cf947da62c","name":"urateam","component":"PipelineRunner","runId":"HV0GOi-vUwLKhKifKpQBu","issueId":"AM-8","branch":"agent/AM-8-auto-merge-test-issue","msg":"inserting run into DB"}
@urateam/core:test: {"level":30,"time":"2026-05-26T22:47:30.925Z","pid":38294,"hostname":"95cf947da62c","name":"urateam","component":"PipelineRunner","runId":"HV0GOi-vUwLKhKifKpQBu","issueId":"AM-8","branch":"agent/AM-8-auto-merge-test-issue","msg":"run queued"}
@urateam/core:test: {"level":30,"time":"2026-05-26T22:47:30.925Z","pid":38294,"hostname":"95cf947da62c","name":"urateam","component":"PipelineRunner","runId":"HV0GOi-vUwLKhKifKpQBu","issueId":"AM-8","msg":"executing pipeline"}
@urateam/core:test: {"level":30,"time":"2026-05-26T22:47:30.925Z","pid":38294,"hostname":"95cf947da62c","name":"urateam","component":"PipelineRunner","runId":"HV0GOi-vUwLKhKifKpQBu","issueId":"AM-8","msg":"notifying pipeline start"}
@urateam/core:test: {"level":30,"time":"2026-05-26T22:47:30.925Z","pid":38294,"hostname":"95cf947da62c","name":"urateam","component":"PipelineRunner","runId":"HV0GOi-vUwLKhKifKpQBu","issueId":"AM-8","repoUrl":"https://github.com/test/test-repo.git","repoDir":"/tmp/auto-merge-repos/auto-merge-test-issue","msg":"cloning repository"}
@urateam/core:test: {"level":30,"time":"2026-05-26T22:47:30.925Z","pid":38294,"hostname":"95cf947da62c","name":"urateam","component":"PipelineRunner","runId":"HV0GOi-vUwLKhKifKpQBu","issueId":"AM-8","msg":"clone complete, creating worktree"}
@urateam/core:test: {"level":30,"time":"2026-05-26T22:47:30.925Z","pid":38294,"hostname":"95cf947da62c","name":"urateam","component":"PipelineRunner","runId":"HV0GOi-vUwLKhKifKpQBu","issueId":"AM-8","worktreePath":"/tmp/auto-merge-test-worktree","msg":"worktree created"}
@urateam/core:test: {"level":40,"time":"2026-05-26T22:47:30.931Z","pid":38294,"hostname":"95cf947da62c","name":"urateam","component":"PipelineRunner","err":{"type":"Error","message":"ENOENT: no such file or directory, open '/tmp/auto-merge-test-worktree/CLAUDE.md'","stack":"Error: ENOENT: no such file or directory, open '/tmp/auto-merge-test-worktree/CLAUDE.md'\n    at open (node:internal/fs/promises:639:25)\n    at writeFile (node:internal/fs/promises:1219:14)\n    at PipelineRunner.injectAgentConfig (/home/ura/data/runs/B7TEaqaYubzZqR2vcvyha/worktree/packages/core/src/pipeline/runner.ts:857:7)\n    at PipelineRunner.executePipeline (/home/ura/data/runs/B7TEaqaYubzZqR2vcvyha/worktree/packages/core/src/pipeline/runner.ts:1014:9)\n    at /home/ura/data/runs/B7TEaqaYubzZqR2vcvyha/worktree/packages/core/src/pipeline/runner.ts:409:9\n    at Object.enqueue (/home/ura/data/runs/B7TEaqaYubzZqR2vcvyha/worktree/packages/core/src/pipeline/queue.ts:33:16)","errno":-2,"code":"ENOENT","syscall":"open","path":"/tmp/auto-merge-test-worktree/CLAUDE.md"},"msg":"failed to inject CLAUDE.md — agent will run without it"}
@urateam/core:test: {"level":30,"time":"2026-05-26T22:47:30.931Z","pid":38294,"hostname":"95cf947da62c","name":"urateam","component":"PipelineRunner","runId":"HV0GOi-vUwLKhKifKpQBu","issueId":"AM-8","languages":["typescript"],"frameworks":[],"buildSystems":["pnpm"],"msg":"tech stack detected"}
@urateam/core:test: {"level":30,"time":"2026-05-26T22:47:30.932Z","pid":38294,"hostname":"95cf947da62c","name":"urateam","component":"PipelineRunner","runId":"HV0GOi-vUwLKhKifKpQBu","issueId":"AM-8","stages":["triage","implement"],"msg":"starting pipeline stages"}
@urateam/core:test: {"level":30,"time":"2026-05-26T22:47:30.932Z","pid":38294,"hostname":"95cf947da62c","name":"urateam","component":"PipelineRunner","runId":"HV0GOi-vUwLKhKifKpQBu","issueId":"AM-8","stage":"triage","msg":"executing stage"}
@urateam/core:test: {"level":30,"time":"2026-05-26T22:47:30.937Z","pid":38294,"hostname":"95cf947da62c","name":"urateam","component":"PipelineRunner","runId":"HV0GOi-vUwLKhKifKpQBu","issueId":"AM-8","stage":"implement","msg":"executing stage"}
@urateam/core:test: {"level":40,"time":"2026-05-26T22:47:30.954Z","pid":38294,"hostname":"95cf947da62c","name":"urateam","component":"PipelineRunner","runId":"HV0GOi-vUwLKhKifKpQBu","issueId":"AM-8","excerpt":[],"outputPrefix":"","msg":"typecheck-gate: non-zero exit with no parseable TS errors — treating as setup issue and continuing"}
@urateam/core:test: {"level":30,"time":"2026-05-26T22:47:30.955Z","pid":38294,"hostname":"95cf947da62c","name":"urateam","component":"PipelineRunner","runId":"HV0GOi-vUwLKhKifKpQBu","issueId":"AM-8","defaultBranch":"main","msg":"push queue: rebasing before push"}
@urateam/core:test: {"level":30,"time":"2026-05-26T22:47:30.955Z","pid":38294,"hostname":"95cf947da62c","name":"urateam","component":"PipelineRunner","runId":"HV0GOi-vUwLKhKifKpQBu","issueId":"AM-8","branch":"agent/AM-8-auto-merge-test-issue","rebaseConflict":false,"msg":"push queue: force-with-lease push (agent branch or rebase conflict)"}
@urateam/core:test: {"level":30,"time":"2026-05-26T22:47:30.955Z","pid":38294,"hostname":"95cf947da62c","name":"urateam","component":"PipelineRunner","runId":"HV0GOi-vUwLKhKifKpQBu","issueId":"AM-8","msg":"creating PR via gh CLI"}
@urateam/core:test: {"level":30,"time":"2026-05-26T22:47:30.955Z","pid":38294,"hostname":"95cf947da62c","name":"urateam","component":"PipelineRunner","runId":"HV0GOi-vUwLKhKifKpQBu","issueId":"AM-8","prUrl":"https://github.com/test/repo/pull/42","msg":"PR created"}
@urateam/core:test: {"level":30,"time":"2026-05-26T22:47:30.956Z","pid":38294,"hostname":"95cf947da62c","name":"urateam","component":"PipelineRunner","runId":"HV0GOi-vUwLKhKifKpQBu","issueId":"AM-8","diffLines":50,"maxLines":200,"msg":"auto-merge eligible, merging PR"}
@urateam/core:test: {"level":30,"time":"2026-05-26T22:47:30.956Z","pid":38294,"hostname":"95cf947da62c","name":"urateam","component":"PipelineRunner","runId":"HV0GOi-vUwLKhKifKpQBu","issueId":"AM-8","prUrl":"https://github.com/test/repo/pull/42","msg":"PR auto-merged"}
@urateam/core:test: {"level":30,"time":"2026-05-26T22:47:30.956Z","pid":38294,"hostname":"95cf947da62c","name":"urateam","component":"PipelineRunner","runId":"HV0GOi-vUwLKhKifKpQBu","issueId":"AM-8","prUrl":"https://github.com/test/repo/pull/42","autoMerged":true,"autoCommitted":false,"totalInputTokens":400,"totalOutputTokens":200,"msg":"pipeline completed"}
@urateam/core:test: {"level":30,"time":"2026-05-26T22:47:31.005Z","pid":38294,"hostname":"95cf947da62c","name":"urateam","component":"PipelineRunner","issueId":"AM-9","pipeline":"auto-implement","msg":"start() called"}
@urateam/core:test: {"level":30,"time":"2026-05-26T22:47:31.009Z","pid":38294,"hostname":"95cf947da62c","name":"urateam","component":"PipelineRunner","runId":"-ClCD37sviJEmAYJ1C_1h","issueId":"AM-9","branch":"agent/AM-9-auto-merge-test-issue","msg":"inserting run into DB"}
@urateam/core:test: {"level":30,"time":"2026-05-26T22:47:31.010Z","pid":38294,"hostname":"95cf947da62c","name":"urateam","component":"PipelineRunner","runId":"-ClCD37sviJEmAYJ1C_1h","issueId":"AM-9","branch":"agent/AM-9-auto-merge-test-issue","msg":"run queued"}
@urateam/core:test: {"level":30,"time":"2026-05-26T22:47:31.010Z","pid":38294,"hostname":"95cf947da62c","name":"urateam","component":"PipelineRunner","runId":"-ClCD37sviJEmAYJ1C_1h","issueId":"AM-9","msg":"executing pipeline"}
@urateam/core:test: {"level":30,"time":"2026-05-26T22:47:31.011Z","pid":38294,"hostname":"95cf947da62c","name":"urateam","component":"PipelineRunner","runId":"-ClCD37sviJEmAYJ1C_1h","issueId":"AM-9","msg":"notifying pipeline start"}
@urateam/core:test: {"level":30,"time":"2026-05-26T22:47:31.011Z","pid":38294,"hostname":"95cf947da62c","name":"urateam","component":"PipelineRunner","runId":"-ClCD37sviJEmAYJ1C_1h","issueId":"AM-9","repoUrl":"https://github.com/test/test-repo.git","repoDir":"/tmp/auto-merge-repos/auto-merge-test-issue","msg":"cloning repository"}
@urateam/core:test: {"level":30,"time":"2026-05-26T22:47:31.011Z","pid":38294,"hostname":"95cf947da62c","name":"urateam","component":"PipelineRunner","runId":"-ClCD37sviJEmAYJ1C_1h","issueId":"AM-9","msg":"clone complete, creating worktree"}
@urateam/core:test: {"level":30,"time":"2026-05-26T22:47:31.011Z","pid":38294,"hostname":"95cf947da62c","name":"urateam","component":"PipelineRunner","runId":"-ClCD37sviJEmAYJ1C_1h","issueId":"AM-9","worktreePath":"/tmp/auto-merge-test-worktree","msg":"worktree created"}
@urateam/core:test: {"level":40,"time":"2026-05-26T22:47:31.015Z","pid":38294,"hostname":"95cf947da62c","name":"urateam","component":"PipelineRunner","err":{"type":"Error","message":"ENOENT: no such file or directory, open '/tmp/auto-merge-test-worktree/CLAUDE.md'","stack":"Error: ENOENT: no such file or directory, open '/tmp/auto-merge-test-worktree/CLAUDE.md'\n    at open (node:internal/fs/promises:639:25)\n    at writeFile (node:internal/fs/promises:1219:14)\n    at PipelineRunner.injectAgentConfig (/home/ura/data/runs/B7TEaqaYubzZqR2vcvyha/worktree/packages/core/src/pipeline/runner.ts:857:7)\n    at PipelineRunner.executePipeline (/home/ura/data/runs/B7TEaqaYubzZqR2vcvyha/worktree/packages/core/src/pipeline/runner.ts:1014:9)\n    at /home/ura/data/runs/B7TEaqaYubzZqR2vcvyha/worktree/packages/core/src/pipeline/runner.ts:409:9\n    at Object.enqueue (/home/ura/data/runs/B7TEaqaYubzZqR2vcvyha/worktree/packages/core/src/pipeline/queue.ts:33:16)","errno":-2,"code":"ENOENT","syscall":"open","path":"/tmp/auto-merge-test-worktree/CLAUDE.md"},"msg":"failed to inject CLAUDE.md — agent will run without it"}
@urateam/core:test: {"level":30,"time":"2026-05-26T22:47:31.016Z","pid":38294,"hostname":"95cf947da62c","name":"urateam","component":"PipelineRunner","runId":"-ClCD37sviJEmAYJ1C_1h","issueId":"AM-9","languages":["typescript"],"frameworks":[],"buildSystems":["pnpm"],"msg":"tech stack detected"}
@urateam/core:test: {"level":30,"time":"2026-05-26T22:47:31.016Z","pid":38294,"hostname":"95cf947da62c","name":"urateam","component":"PipelineRunner","runId":"-ClCD37sviJEmAYJ1C_1h","issueId":"AM-9","stages":["triage","implement"],"msg":"starting pipeline stages"}
@urateam/core:test: {"level":30,"time":"2026-05-26T22:47:31.016Z","pid":38294,"hostname":"95cf947da62c","name":"urateam","component":"PipelineRunner","runId":"-ClCD37sviJEmAYJ1C_1h","issueId":"AM-9","stage":"triage","msg":"executing stage"}
@urateam/core:test: {"level":30,"time":"2026-05-26T22:47:31.022Z","pid":38294,"hostname":"95cf947da62c","name":"urateam","component":"PipelineRunner","runId":"-ClCD37sviJEmAYJ1C_1h","issueId":"AM-9","stage":"implement","msg":"executing stage"}
@urateam/core:test: {"level":40,"time":"2026-05-26T22:47:31.035Z","pid":38294,"hostname":"95cf947da62c","name":"urateam","component":"PipelineRunner","runId":"-ClCD37sviJEmAYJ1C_1h","issueId":"AM-9","excerpt":[],"outputPrefix":"","msg":"typecheck-gate: non-zero exit with no parseable TS errors — treating as setup issue and continuing"}
@urateam/core:test: {"level":30,"time":"2026-05-26T22:47:31.035Z","pid":38294,"hostname":"95cf947da62c","name":"urateam","component":"PipelineRunner","runId":"-ClCD37sviJEmAYJ1C_1h","issueId":"AM-9","defaultBranch":"main","msg":"push queue: rebasing before push"}
@urateam/core:test: {"level":30,"time":"2026-05-26T22:47:31.035Z","pid":38294,"hostname":"95cf947da62c","name":"urateam","component":"PipelineRunner","runId":"-ClCD37sviJEmAYJ1C_1h","issueId":"AM-9","branch":"agent/AM-9-auto-merge-test-issue","rebaseConflict":false,"msg":"push queue: force-with-lease push (agent branch or rebase conflict)"}
@urateam/core:test: {"level":30,"time":"2026-05-26T22:47:31.036Z","pid":38294,"hostname":"95cf947da62c","name":"urateam","component":"PipelineRunner","runId":"-ClCD37sviJEmAYJ1C_1h","issueId":"AM-9","msg":"creating PR via gh CLI"}
@urateam/core:test: {"level":30,"time":"2026-05-26T22:47:31.036Z","pid":38294,"hostname":"95cf947da62c","name":"urateam","component":"PipelineRunner","runId":"-ClCD37sviJEmAYJ1C_1h","issueId":"AM-9","prUrl":"https://github.com/test/repo/pull/42","msg":"PR created"}
@urateam/core:test: {"level":30,"time":"2026-05-26T22:47:31.036Z","pid":38294,"hostname":"95cf947da62c","name":"urateam","component":"PipelineRunner","runId":"-ClCD37sviJEmAYJ1C_1h","issueId":"AM-9","diffLines":50,"maxLines":200,"msg":"auto-merge eligible, merging PR"}
@urateam/core:test: {"level":30,"time":"2026-05-26T22:47:31.036Z","pid":38294,"hostname":"95cf947da62c","name":"urateam","component":"PipelineRunner","runId":"-ClCD37sviJEmAYJ1C_1h","issueId":"AM-9","prUrl":"https://github.com/test/repo/pull/42","msg":"PR auto-merged"}
@urateam/core:test: {"level":30,"time":"2026-05-26T22:47:31.041Z","pid":38294,"hostname":"95cf947da62c","name":"urateam","component":"PipelineRunner","runId":"-ClCD37sviJEmAYJ1C_1h","issueId":"AM-9","prUrl":"https://github.com/test/repo/pull/42","autoMerged":true,"autoCommitted":false,"totalInputTokens":400,"totalOutputTokens":200,"msg":"pipeline completed"}
@urateam/core:test: {"level":30,"time":"2026-05-26T22:47:31.112Z","pid":38294,"hostname":"95cf947da62c","name":"urateam","component":"PipelineRunner","issueId":"AM-10","pipeline":"auto-implement","msg":"start() called"}
@urateam/core:test: {"level":30,"time":"2026-05-26T22:47:31.112Z","pid":38294,"hostname":"95cf947da62c","name":"urateam","component":"PipelineRunner","runId":"jCEka3YOXbzVReLgI7oGf","issueId":"AM-10","branch":"agent/AM-10-auto-merge-test-issue","msg":"inserting run into DB"}
@urateam/core:test: {"level":30,"time":"2026-05-26T22:47:31.113Z","pid":38294,"hostname":"95cf947da62c","name":"urateam","component":"PipelineRunner","runId":"jCEka3YOXbzVReLgI7oGf","issueId":"AM-10","branch":"agent/AM-10-auto-merge-test-issue","msg":"run queued"}
@urateam/core:test: {"level":30,"time":"2026-05-26T22:47:31.113Z","pid":38294,"hostname":"95cf947da62c","name":"urateam","component":"PipelineRunner","runId":"jCEka3YOXbzVReLgI7oGf","issueId":"AM-10","msg":"executing pipeline"}
@urateam/core:test: {"level":30,"time":"2026-05-26T22:47:31.113Z","pid":38294,"hostname":"95cf947da62c","name":"urateam","component":"PipelineRunner","runId":"jCEka3YOXbzVReLgI7oGf","issueId":"AM-10","msg":"notifying pipeline start"}
@urateam/core:test: {"level":30,"time":"2026-05-26T22:47:31.113Z","pid":38294,"hostname":"95cf947da62c","name":"urateam","component":"PipelineRunner","runId":"jCEka3YOXbzVReLgI7oGf","issueId":"AM-10","repoUrl":"https://github.com/test/test-repo.git","repoDir":"/tmp/auto-merge-repos/auto-merge-test-issue","msg":"cloning repository"}
@urateam/core:test: {"level":30,"time":"2026-05-26T22:47:31.122Z","pid":38294,"hostname":"95cf947da62c","name":"urateam","component":"PipelineRunner","runId":"jCEka3YOXbzVReLgI7oGf","issueId":"AM-10","msg":"clone complete, creating worktree"}
@urateam/core:test: {"level":30,"time":"2026-05-26T22:47:31.122Z","pid":38294,"hostname":"95cf947da62c","name":"urateam","component":"PipelineRunner","runId":"jCEka3YOXbzVReLgI7oGf","issueId":"AM-10","worktreePath":"/tmp/auto-merge-test-worktree","msg":"worktree created"}
@urateam/core:test: {"level":40,"time":"2026-05-26T22:47:31.139Z","pid":38294,"hostname":"95cf947da62c","name":"urateam","component":"PipelineRunner","err":{"type":"Error","message":"ENOENT: no such file or directory, open '/tmp/auto-merge-test-worktree/CLAUDE.md'","stack":"Error: ENOENT: no such file or directory, open '/tmp/auto-merge-test-worktree/CLAUDE.md'\n    at open (node:internal/fs/promises:639:25)\n    at writeFile (node:internal/fs/promises:1219:14)\n    at PipelineRunner.injectAgentConfig (/home/ura/data/runs/B7TEaqaYubzZqR2vcvyha/worktree/packages/core/src/pipeline/runner.ts:857:7)\n    at PipelineRunner.executePipeline (/home/ura/data/runs/B7TEaqaYubzZqR2vcvyha/worktree/packages/core/src/pipeline/runner.ts:1014:9)\n    at /home/ura/data/runs/B7TEaqaYubzZqR2vcvyha/worktree/packages/core/src/pipeline/runner.ts:409:9\n    at Object.enqueue (/home/ura/data/runs/B7TEaqaYubzZqR2vcvyha/worktree/packages/core/src/pipeline/queue.ts:33:16)","errno":-2,"code":"ENOENT","syscall":"open","path":"/tmp/auto-merge-test-worktree/CLAUDE.md"},"msg":"failed to inject CLAUDE.md — agent will run without it"}
@urateam/core:test: {"level":30,"time":"2026-05-26T22:47:31.146Z","pid":38294,"hostname":"95cf947da62c","name":"urateam","component":"PipelineRunner","runId":"jCEka3YOXbzVReLgI7oGf","issueId":"AM-10","languages":["typescript"],"frameworks":[],"buildSystems":["pnpm"],"msg":"tech stack detected"}
@urateam/core:test: {"level":30,"time":"2026-05-26T22:47:31.147Z","pid":38294,"hostname":"95cf947da62c","name":"urateam","component":"PipelineRunner","runId":"jCEka3YOXbzVReLgI7oGf","issueId":"AM-10","stages":["triage","implement"],"msg":"starting pipeline stages"}
@urateam/core:test: {"level":30,"time":"2026-05-26T22:47:31.147Z","pid":38294,"hostname":"95cf947da62c","name":"urateam","component":"PipelineRunner","runId":"jCEka3YOXbzVReLgI7oGf","issueId":"AM-10","stage":"triage","msg":"executing stage"}
@urateam/core:test: {"level":30,"time":"2026-05-26T22:47:31.152Z","pid":38294,"hostname":"95cf947da62c","name":"urateam","component":"PipelineRunner","runId":"jCEka3YOXbzVReLgI7oGf","issueId":"AM-10","stage":"implement","msg":"executing stage"}
@urateam/core:test: {"level":40,"time":"2026-05-26T22:47:31.169Z","pid":38294,"hostname":"95cf947da62c","name":"urateam","component":"PipelineRunner","runId":"jCEka3YOXbzVReLgI7oGf","issueId":"AM-10","excerpt":[],"outputPrefix":"","msg":"typecheck-gate: non-zero exit with no parseable TS errors — treating as setup issue and continuing"}
@urateam/core:test: {"level":30,"time":"2026-05-26T22:47:31.169Z","pid":38294,"hostname":"95cf947da62c","name":"urateam","component":"PipelineRunner","runId":"jCEka3YOXbzVReLgI7oGf","issueId":"AM-10","defaultBranch":"main","msg":"push queue: rebasing before push"}
@urateam/core:test: {"level":30,"time":"2026-05-26T22:47:31.169Z","pid":38294,"hostname":"95cf947da62c","name":"urateam","component":"PipelineRunner","runId":"jCEka3YOXbzVReLgI7oGf","issueId":"AM-10","branch":"agent/AM-10-auto-merge-test-issue","rebaseConflict":false,"msg":"push queue: force-with-lease push (agent branch or rebase conflict)"}
@urateam/core:test: {"level":30,"time":"2026-05-26T22:47:31.177Z","pid":38294,"hostname":"95cf947da62c","name":"urateam","component":"PipelineRunner","runId":"jCEka3YOXbzVReLgI7oGf","issueId":"AM-10","msg":"creating PR via gh CLI"}
@urateam/core:test: {"level":30,"time":"2026-05-26T22:47:31.177Z","pid":38294,"hostname":"95cf947da62c","name":"urateam","component":"PipelineRunner","runId":"jCEka3YOXbzVReLgI7oGf","issueId":"AM-10","prUrl":"https://github.com/test/repo/pull/42","msg":"PR created"}
@urateam/core:test: {"level":30,"time":"2026-05-26T22:47:31.177Z","pid":38294,"hostname":"95cf947da62c","name":"urateam","component":"PipelineRunner","runId":"jCEka3YOXbzVReLgI7oGf","issueId":"AM-10","diffLines":500,"maxLines":200,"msg":"skipping auto-merge: Diff too large (500 lines, max 200)"}
@urateam/core:test: {"level":30,"time":"2026-05-26T22:47:31.178Z","pid":38294,"hostname":"95cf947da62c","name":"urateam","component":"PipelineRunner","runId":"jCEka3YOXbzVReLgI7oGf","issueId":"AM-10","prUrl":"https://github.com/test/repo/pull/42","autoMerged":false,"autoCommitted":false,"totalInputTokens":400,"totalOutputTokens":200,"msg":"pipeline completed"}
@urateam/core:test:  ✓ src/__tests__/auto-merge.test.ts (16 tests) 1313ms
@urateam/core:test:    ✓ Auto-merge decision logic > auto-merges when enabled, diff is small, and no blocking findings  335ms
@urateam/cli:test:  ✓ src/__tests__/webhook.test.ts (6 tests) 88ms
@urateam/core:test: {"level":50,"time":"2026-05-26T22:47:32.435Z","pid":38421,"hostname":"95cf947da62c","name":"urateam","component":"WebhookHandler","teamId":"team-frontend","projectId":"none","issueId":"LIN-42","msg":"no repo mapping for team — set REPO_TEAM_ID + REPO_URL in .env (ura dev / ura start) or check repos.config.ts (ura run); the team UUID logged here must match"}
@urateam/core:test: {"level":30,"time":"2026-05-26T22:47:32.740Z","pid":38604,"hostname":"95cf947da62c","name":"urateam","component":"AuthMonitor","authMethod":"mounted-session","msg":"AuthMonitor: checking Claude auth validity"}
@urateam/core:test: {"level":30,"time":"2026-05-26T22:47:32.771Z","pid":38604,"hostname":"95cf947da62c","name":"urateam","component":"AuthMonitor","authMethod":"oauth-token","msg":"AuthMonitor: checking Claude auth validity"}
@urateam/core:test: {"level":30,"time":"2026-05-26T22:47:32.772Z","pid":38604,"hostname":"95cf947da62c","name":"urateam","component":"AuthMonitor","authMethod":"oauth-token","msg":"AuthMonitor: checking Claude auth validity"}
@urateam/core:test: {"level":30,"time":"2026-05-26T22:47:32.773Z","pid":38604,"hostname":"95cf947da62c","name":"urateam","component":"AuthMonitor","authMethod":"mounted-session","msg":"AuthMonitor: checking Claude auth validity"}
@urateam/core:test: {"level":30,"time":"2026-05-26T22:47:32.785Z","pid":38604,"hostname":"95cf947da62c","name":"urateam","component":"AuthMonitor","authMethod":"mounted-session","msg":"AuthMonitor: checking Claude auth validity"}
@urateam/core:test: {"level":30,"time":"2026-05-26T22:47:32.791Z","pid":38604,"hostname":"95cf947da62c","name":"urateam","component":"AuthMonitor","authMethod":"oauth-token","msg":"AuthMonitor: checking Claude auth validity"}
@urateam/core:test: {"level":30,"time":"2026-05-26T22:47:32.792Z","pid":38604,"hostname":"95cf947da62c","name":"urateam","component":"AuthMonitor","authMethod":"oauth-token","msg":"AuthMonitor: checking Claude auth validity"}
@urateam/core:test: {"level":50,"time":"2026-05-26T22:47:32.792Z","pid":38604,"hostname":"95cf947da62c","name":"urateam","component":"AuthMonitor","msg":"AuthMonitor: CLAUDE_CODE_OAUTH_TOKEN has expired or been revoked. Run `claude setup-token` to regenerate the token, update CLAUDE_CODE_OAUTH_TOKEN in your env, and restart the container. See deploy/CLAUDE_AUTH.md."}
@urateam/core:test: {"level":30,"time":"2026-05-26T22:47:32.799Z","pid":38604,"hostname":"95cf947da62c","name":"urateam","component":"AuthMonitor","authMethod":"oauth-token","msg":"AuthMonitor: checking Claude auth validity"}
@urateam/core:test: {"level":50,"time":"2026-05-26T22:47:32.799Z","pid":38604,"hostname":"95cf947da62c","name":"urateam","component":"AuthMonitor","msg":"AuthMonitor: CLAUDE_CODE_OAUTH_TOKEN has expired or been revoked. Run `claude setup-token` to regenerate the token, update CLAUDE_CODE_OAUTH_TOKEN in your env, and restart the container. See deploy/CLAUDE_AUTH.md."}
@urateam/core:test: {"level":30,"time":"2026-05-26T22:47:32.814Z","pid":38604,"hostname":"95cf947da62c","name":"urateam","component":"AuthMonitor","authMethod":"oauth-token","msg":"AuthMonitor: checking Claude auth validity"}
@urateam/core:test: {"level":50,"time":"2026-05-26T22:47:32.814Z","pid":38604,"hostname":"95cf947da62c","name":"urateam","component":"AuthMonitor","msg":"AuthMonitor: CLAUDE_CODE_OAUTH_TOKEN has expired or been revoked. Run `claude setup-token` to regenerate the token, update CLAUDE_CODE_OAUTH_TOKEN in your env, and restart the container. See deploy/CLAUDE_AUTH.md."}
@urateam/core:test: {"level":30,"time":"2026-05-26T22:47:32.814Z","pid":38604,"hostname":"95cf947da62c","name":"urateam","component":"AuthMonitor","authMethod":"oauth-token","msg":"AuthMonitor: checking Claude auth validity"}
@urateam/core:test: {"level":30,"time":"2026-05-26T22:47:32.815Z","pid":38604,"hostname":"95cf947da62c","name":"urateam","component":"AuthMonitor","authMethod":"mounted-session","msg":"AuthMonitor: checking Claude auth validity"}
@urateam/core:test: {"level":30,"time":"2026-05-26T22:47:32.815Z","pid":38604,"hostname":"95cf947da62c","name":"urateam","component":"AuthMonitor","authMethod":"mounted-session","msg":"AuthMonitor: checking Claude auth validity"}
@urateam/core:test: {"level":30,"time":"2026-05-26T22:47:32.820Z","pid":38604,"hostname":"95cf947da62c","name":"urateam","component":"AuthMonitor","authMethod":"mounted-session","msg":"AuthMonitor: checking Claude auth validity"}
@urateam/core:test: {"level":50,"time":"2026-05-26T22:47:32.820Z","pid":38604,"hostname":"95cf947da62c","name":"urateam","component":"AuthMonitor","msg":"AuthMonitor: mounted Claude session expired. Run `claude login` in the container, or switch to CLAUDE_CODE_OAUTH_TOKEN (see deploy/CLAUDE_AUTH.md)"}
@urateam/core:test: {"level":30,"time":"2026-05-26T22:47:32.830Z","pid":38604,"hostname":"95cf947da62c","name":"urateam","component":"AuthMonitor","authMethod":"mounted-session","msg":"AuthMonitor: checking Claude auth validity"}
@urateam/core:test: {"level":50,"time":"2026-05-26T22:47:32.831Z","pid":38604,"hostname":"95cf947da62c","name":"urateam","component":"AuthMonitor","msg":"AuthMonitor: mounted Claude session expired. Run `claude login` in the container, or switch to CLAUDE_CODE_OAUTH_TOKEN (see deploy/CLAUDE_AUTH.md)"}
@urateam/core:test: {"level":30,"time":"2026-05-26T22:47:32.833Z","pid":38604,"hostname":"95cf947da62c","name":"urateam","component":"AuthMonitor","authMethod":"mounted-session","msg":"AuthMonitor: checking Claude auth validity"}
@urateam/core:test: {"level":50,"time":"2026-05-26T22:47:32.833Z","pid":38604,"hostname":"95cf947da62c","name":"urateam","component":"AuthMonitor","msg":"AuthMonitor: mounted Claude session expired. Run `claude login` in the container, or switch to CLAUDE_CODE_OAUTH_TOKEN (see deploy/CLAUDE_AUTH.md)"}
@urateam/core:test: {"level":30,"time":"2026-05-26T22:47:32.837Z","pid":38604,"hostname":"95cf947da62c","name":"urateam","component":"AuthMonitor","authMethod":"mounted-session","msg":"AuthMonitor: checking Claude auth validity"}
@urateam/core:test: {"level":50,"time":"2026-05-26T22:47:32.838Z","pid":38604,"hostname":"95cf947da62c","name":"urateam","component":"AuthMonitor","msg":"AuthMonitor: mounted Claude session expired. Run `claude login` in the container, or switch to CLAUDE_CODE_OAUTH_TOKEN (see deploy/CLAUDE_AUTH.md)"}
@urateam/core:test: {"level":40,"time":"2026-05-26T22:47:32.840Z","pid":38604,"hostname":"95cf947da62c","name":"urateam","component":"AuthMonitor","err":{"type":"Error","message":"network error","stack":"Error: network error\n    at /home/ura/data/runs/B7TEaqaYubzZqR2vcvyha/worktree/packages/core/src/__tests__/auth-monitor.test.ts:291:44\n    at file:///home/ura/data/runs/B7TEaqaYubzZqR2vcvyha/worktree/node_modules/.pnpm/@vitest+runner@3.2.4/node_modules/@vitest/runner/dist/chunk-hooks.js:155:11\n    at file:///home/ura/data/runs/B7TEaqaYubzZqR2vcvyha/worktree/node_modules/.pnpm/@vitest+runner@3.2.4/node_modules/@vitest/runner/dist/chunk-hooks.js:752:26\n    at file:///home/ura/data/runs/B7TEaqaYubzZqR2vcvyha/worktree/node_modules/.pnpm/@vitest+runner@3.2.4/node_modules/@vitest/runner/dist/chunk-hooks.js:1897:20\n    at new Promise (<anonymous>)\n    at runWithTimeout (file:///home/ura/data/runs/B7TEaqaYubzZqR2vcvyha/worktree/node_modules/.pnpm/@vitest+runner@3.2.4/node_modules/@vitest/runner/dist/chunk-hooks.js:1863:10)\n    at runTest (file:///home/ura/data/runs/B7TEaqaYubzZqR2vcvyha/worktree/node_modules/.pnpm/@vitest+runner@3.2.4/node_modules/@vitest/runner/dist/chunk-hooks.js:1574:12)\n    at processTicksAndRejections (node:internal/process/task_queues:103:5)\n    at runSuite (file:///home/ura/data/runs/B7TEaqaYubzZqR2vcvyha/worktree/node_modules/.pnpm/@vitest+runner@3.2.4/node_modules/@vitest/runner/dist/chunk-hooks.js:1729:8)\n    at runSuite (file:///home/ura/data/runs/B7TEaqaYubzZqR2vcvyha/worktree/node_modules/.pnpm/@vitest+runner@3.2.4/node_modules/@vitest/runner/dist/chunk-hooks.js:1729:8)"},"msg":"AuthMonitor: failed to post Slack alert"}
@urateam/core:test: {"level":30,"time":"2026-05-26T22:47:32.867Z","pid":38604,"hostname":"95cf947da62c","name":"urateam","component":"AuthMonitor","authMethod":"mounted-session","msg":"AuthMonitor: checking Claude auth validity"}
@urateam/core:test: {"level":50,"time":"2026-05-26T22:47:32.868Z","pid":38604,"hostname":"95cf947da62c","name":"urateam","component":"AuthMonitor","msg":"AuthMonitor: mounted Claude session expired. Run `claude login` in the container, or switch to CLAUDE_CODE_OAUTH_TOKEN (see deploy/CLAUDE_AUTH.md)"}
@urateam/core:test: {"level":30,"time":"2026-05-26T22:47:32.868Z","pid":38604,"hostname":"95cf947da62c","name":"urateam","component":"AuthMonitor","authMethod":"mounted-session","msg":"AuthMonitor: checking Claude auth validity"}
@urateam/core:test: {"level":50,"time":"2026-05-26T22:47:32.868Z","pid":38604,"hostname":"95cf947da62c","name":"urateam","component":"AuthMonitor","msg":"AuthMonitor: mounted Claude session expired. Run `claude login` in the container, or switch to CLAUDE_CODE_OAUTH_TOKEN (see deploy/CLAUDE_AUTH.md)"}
@urateam/core:test: {"level":40,"time":"2026-05-26T22:47:32.874Z","pid":38421,"hostname":"95cf947da62c","name":"urateam","component":"WebhookHandler","issueId":"LIN-42","reason":"global at 110% (1,100,000 / 1,000,000 tokens)","msg":"webhook start refused — budget exceeded"}
@urateam/core:test: {"level":30,"time":"2026-05-26T22:47:32.874Z","pid":38604,"hostname":"95cf947da62c","name":"urateam","component":"AuthMonitor","authMethod":"mounted-session","msg":"AuthMonitor: checking Claude auth validity"}
@urateam/core:test: {"level":30,"time":"2026-05-26T22:47:32.875Z","pid":38604,"hostname":"95cf947da62c","name":"urateam","component":"AuthMonitor","authMethod":"mounted-session","msg":"AuthMonitor: checking Claude auth validity"}
@urateam/core:test: {"level":30,"time":"2026-05-26T22:47:32.876Z","pid":38604,"hostname":"95cf947da62c","name":"urateam","component":"AuthMonitor","authMethod":"mounted-session","msg":"AuthMonitor: checking Claude auth validity"}
@urateam/core:test: {"level":30,"time":"2026-05-26T22:47:32.882Z","pid":38604,"hostname":"95cf947da62c","name":"urateam","component":"AuthMonitor","authMethod":"oauth-token","msg":"AuthMonitor: checking Claude auth validity"}
@urateam/core:test: {"level":30,"time":"2026-05-26T22:47:32.883Z","pid":38604,"hostname":"95cf947da62c","name":"urateam","component":"AuthMonitor","authMethod":"oauth-token","msg":"AuthMonitor: checking Claude auth validity"}
@urateam/core:test: {"level":30,"time":"2026-05-26T22:47:32.883Z","pid":38604,"hostname":"95cf947da62c","name":"urateam","component":"AuthMonitor","authMethod":"oauth-token","msg":"AuthMonitor: checking Claude auth validity"}
@urateam/core:test: {"level":50,"time":"2026-05-26T22:47:32.883Z","pid":38604,"hostname":"95cf947da62c","name":"urateam","component":"AuthMonitor","msg":"AuthMonitor: CLAUDE_CODE_OAUTH_TOKEN has expired or been revoked. Run `claude setup-token` to regenerate the token, update CLAUDE_CODE_OAUTH_TOKEN in your env, and restart the container. See deploy/CLAUDE_AUTH.md."}
@urateam/core:test: {"level":30,"time":"2026-05-26T22:47:32.885Z","pid":38604,"hostname":"95cf947da62c","name":"urateam","component":"AuthMonitor","authMethod":"mounted-session","msg":"AuthMonitor: checking Claude auth validity"}
@urateam/core:test: {"level":50,"time":"2026-05-26T22:47:32.890Z","pid":38604,"hostname":"95cf947da62c","name":"urateam","component":"AuthMonitor","msg":"AuthMonitor: mounted Claude session expired. Run `claude login` in the container, or switch to CLAUDE_CODE_OAUTH_TOKEN (see deploy/CLAUDE_AUTH.md)"}
@urateam/core:test:  ✓ src/__tests__/auth-monitor.test.ts (29 tests) 187ms
@urateam/core:test:  ✓ src/__tests__/webhook-handler.test.ts (17 tests) 585ms
@urateam/dashboard:test: {"level":30,"time":"2026-05-26T22:47:34.215Z","pid":38436,"hostname":"95cf947da62c","name":"urateam","component":"license","tier":"enterprise","customerId":"cust_test","expiresAt":"2026-05-27T22:47:34.000Z","msg":"license key validated"}
@urateam/dashboard:test: {"level":30,"time":"2026-05-26T22:47:34.260Z","pid":38436,"hostname":"95cf947da62c","name":"urateam","component":"license","tier":"enterprise","customerId":"cust_test","expiresAt":"2026-05-27T22:47:34.000Z","msg":"license key validated"}
@urateam/dashboard:test: {"level":30,"time":"2026-05-26T22:47:34.301Z","pid":38436,"hostname":"95cf947da62c","name":"urateam","component":"license","tier":"enterprise","customerId":"cust_test","expiresAt":"2026-05-27T22:47:34.000Z","msg":"license key validated"}
@urateam/cli:test: error: required option '--issue <id>' not specified
@urateam/dashboard:test: {"level":30,"time":"2026-05-26T22:47:34.335Z","pid":38436,"hostname":"95cf947da62c","name":"urateam","component":"license","tier":"enterprise","customerId":"cust_test","expiresAt":"2026-05-27T22:47:34.000Z","msg":"license key validated"}
@urateam/cli:test:  ✓ src/__tests__/cli-integration.test.ts (6 tests) 4667ms
@urateam/cli:test:    ✓ command registration > registers all expected commands: run, dev, webhook, config, start, bootstrap  4634ms
@urateam/dashboard:test: {"level":30,"time":"2026-05-26T22:47:34.360Z","pid":38436,"hostname":"95cf947da62c","name":"urateam","component":"license","tier":"enterprise","customerId":"cust_test","expiresAt":"2026-05-27T22:47:34.000Z","msg":"license key validated"}
@urateam/dashboard:test: {"level":40,"time":"2026-05-26T22:47:34.362Z","pid":38436,"hostname":"95cf947da62c","name":"urateam","component":"dashboard.runs","runId":"run_1","sessionId":"uuid-session-1","err":"session file missing","msg":"failed to read session messages — rendering empty transcript"}
@urateam/dashboard:test:  ✓ src/__tests__/transcript-route.test.ts (5 tests) 338ms
@urateam/core:test: stderr | src/__tests__/migrator.test.ts > Migration Framework > Postgres Migrations > should create schema_migrations table on first run
@urateam/core:test: Skipping Postgres tests: TEST_POSTGRES_URL not set
@urateam/core:test: 
@urateam/core:test: stderr | src/__tests__/migrator.test.ts > Migration Framework > Postgres Migrations > should create schema_migrations table on first run
@urateam/core:test: Skipping Postgres test: TEST_POSTGRES_URL not set
@urateam/core:test: 
@urateam/core:test: stderr | src/__tests__/migrator.test.ts > Migration Framework > Postgres Migrations > should record all active migrations in schema_migrations
@urateam/core:test: Skipping Postgres tests: TEST_POSTGRES_URL not set
@urateam/core:test: 
@urateam/core:test: stderr | src/__tests__/migrator.test.ts > Migration Framework > Postgres Migrations > should record all active migrations in schema_migrations
@urateam/core:test: Skipping Postgres test: TEST_POSTGRES_URL not set
@urateam/core:test: 
@urateam/core:test: stderr | src/__tests__/migrator.test.ts > Migration Framework > Postgres Migrations > should create all expected tables
@urateam/core:test: Skipping Postgres tests: TEST_POSTGRES_URL not set
@urateam/core:test: 
@urateam/core:test: stderr | src/__tests__/migrator.test.ts > Migration Framework > Postgres Migrations > should create all expected tables
@urateam/core:test: Skipping Postgres test: TEST_POSTGRES_URL not set
@urateam/core:test: 
@urateam/core:test: stderr | src/__tests__/migrator.test.ts > Migration Framework > Postgres Migrations > should be idempotent (safe to run twice)
@urateam/core:test: Skipping Postgres tests: TEST_POSTGRES_URL not set
@urateam/core:test: 
@urateam/core:test: stderr | src/__tests__/migrator.test.ts > Migration Framework > Postgres Migrations > should be idempotent (safe to run twice)
@urateam/core:test: Skipping Postgres test: TEST_POSTGRES_URL not set
@urateam/core:test: 
@urateam/core:test: stderr | src/__tests__/migrator.test.ts > Migration Framework > Postgres Migrations > should track migration applied_at timestamp
@urateam/core:test: Skipping Postgres tests: TEST_POSTGRES_URL not set
@urateam/core:test: 
@urateam/core:test: stderr | src/__tests__/migrator.test.ts > Migration Framework > Postgres Migrations > should track migration applied_at timestamp
@urateam/core:test: Skipping Postgres test: TEST_POSTGRES_URL not set
@urateam/core:test: 
@urateam/core:test: stderr | src/__tests__/migrator.test.ts > Migration Framework > Postgres Migrations > getMigrationStatusPostgres should report correct status
@urateam/core:test: Skipping Postgres tests: TEST_POSTGRES_URL not set
@urateam/core:test: 
@urateam/core:test: stderr | src/__tests__/migrator.test.ts > Migration Framework > Postgres Migrations > getMigrationStatusPostgres should report correct status
@urateam/core:test: Skipping Postgres test: TEST_POSTGRES_URL not set
@urateam/core:test: 
@urateam/core:test: stderr | src/__tests__/migrator.test.ts > Migration Framework > Postgres Migrations > getMigrationStatusPostgres should report pending migrations correctly
@urateam/core:test: Skipping Postgres tests: TEST_POSTGRES_URL not set
@urateam/core:test: 
@urateam/core:test: stderr | src/__tests__/migrator.test.ts > Migration Framework > Postgres Migrations > getMigrationStatusPostgres should report pending migrations correctly
@urateam/core:test: Skipping Postgres test: TEST_POSTGRES_URL not set
@urateam/core:test: 
@urateam/core:test:  ✓ src/__tests__/migrator.test.ts (29 tests) 464ms
@urateam/dashboard:test: {"level":40,"time":"2026-05-26T22:47:34.909Z","pid":38502,"hostname":"95cf947da62c","name":"urateam","component":"dashboard","msg":"DASHBOARD_BASE_PATH is not set. Navigation links will use root paths. Set DASHBOARD_BASE_PATH=/ateam (no trailing slash) if the dashboard is served under a path prefix via a reverse proxy."}
@urateam/dashboard:test: {"level":30,"time":"2026-05-26T22:47:34.923Z","pid":38502,"hostname":"95cf947da62c","name":"urateam","component":"license","tier":"enterprise","customerId":"cust_test","expiresAt":"2026-05-27T22:47:34.000Z","msg":"license key validated"}
@urateam/dashboard:test: {"level":30,"time":"2026-05-26T22:47:34.923Z","pid":38502,"hostname":"95cf947da62c","name":"urateam","component":"dashboard","msg":"Mounting SSO auth router and session middleware"}
@urateam/dashboard:test: {"level":40,"time":"2026-05-26T22:47:35.012Z","pid":38502,"hostname":"95cf947da62c","name":"urateam","component":"dashboard","msg":"DASHBOARD_BASE_PATH is not set. Navigation links will use root paths. Set DASHBOARD_BASE_PATH=/ateam (no trailing slash) if the dashboard is served under a path prefix via a reverse proxy."}
@urateam/dashboard:test: {"level":30,"time":"2026-05-26T22:47:35.012Z","pid":38502,"hostname":"95cf947da62c","name":"urateam","component":"license","tier":"oss","msg":"no license key set — running in OSS mode"}
@urateam/dashboard:test: {"level":40,"time":"2026-05-26T22:47:35.012Z","pid":38502,"hostname":"95cf947da62c","name":"urateam","component":"dashboard","msg":"SSO is configured (sso.enabled=true) but the 'sso' feature is not licensed — falling back to basic auth"}
@urateam/dashboard:test: {"level":40,"time":"2026-05-26T22:47:35.066Z","pid":38502,"hostname":"95cf947da62c","name":"urateam","component":"dashboard","msg":"DASHBOARD_BASE_PATH is not set. Navigation links will use root paths. Set DASHBOARD_BASE_PATH=/ateam (no trailing slash) if the dashboard is served under a path prefix via a reverse proxy."}
@urateam/dashboard:test: {"level":30,"time":"2026-05-26T22:47:35.066Z","pid":38502,"hostname":"95cf947da62c","name":"urateam","component":"license","tier":"enterprise","customerId":"cust_test","expiresAt":"2026-05-27T22:47:35.000Z","msg":"license key validated"}
@urateam/dashboard:test: {"level":40,"time":"2026-05-26T22:47:35.121Z","pid":38502,"hostname":"95cf947da62c","name":"urateam","component":"dashboard","msg":"DASHBOARD_BASE_PATH is not set. Navigation links will use root paths. Set DASHBOARD_BASE_PATH=/ateam (no trailing slash) if the dashboard is served under a path prefix via a reverse proxy."}
@urateam/dashboard:test: {"level":30,"time":"2026-05-26T22:47:35.122Z","pid":38502,"hostname":"95cf947da62c","name":"urateam","component":"license","tier":"enterprise","customerId":"cust_test","expiresAt":"2026-05-27T22:47:35.000Z","msg":"license key validated"}
@urateam/dashboard:test: {"level":30,"time":"2026-05-26T22:47:35.122Z","pid":38502,"hostname":"95cf947da62c","name":"urateam","component":"dashboard","msg":"Mounting SSO auth router and session middleware"}
@urateam/dashboard:test:  ✓ src/__tests__/sso-integration.test.ts (4 tests) 293ms
@urateam/cli:test:  ✓ src/__tests__/retry.test.ts (4 tests) 172ms
@urateam/core:test: {"level":30,"time":"2026-05-26T22:47:36.469Z","pid":38717,"hostname":"95cf947da62c","name":"urateam","component":"license","tier":"enterprise","customerId":"cust_test","expiresAt":"2026-05-27T22:47:36.000Z","msg":"license key validated"}
@urateam/core:test: {"level":30,"time":"2026-05-26T22:47:36.537Z","pid":38717,"hostname":"95cf947da62c","name":"urateam","component":"license","tier":"enterprise","customerId":"cust_test","expiresAt":"2026-05-27T22:47:36.000Z","msg":"license key validated"}
@urateam/dashboard:test:  ✓ src/__tests__/ui-refresh.test.ts (51 tests) 168ms
@urateam/core:test: {"level":30,"time":"2026-05-26T22:47:36.623Z","pid":38717,"hostname":"95cf947da62c","name":"urateam","component":"license","tier":"enterprise","customerId":"cust_test","expiresAt":"2026-05-27T22:47:36.000Z","msg":"license key validated"}
@urateam/core:test: {"level":30,"time":"2026-05-26T22:47:36.677Z","pid":38717,"hostname":"95cf947da62c","name":"urateam","component":"license","tier":"enterprise","customerId":"cust_test","expiresAt":"2026-05-27T22:47:36.000Z","msg":"license key validated"}
@urateam/core:test: {"level":40,"time":"2026-05-26T22:47:36.677Z","pid":38717,"hostname":"95cf947da62c","name":"urateam","component":"cost.aggregate","runs":15,"maxRuns":5,"from":"2026-04-01T00:00:00.000Z","to":"2026-04-30T23:59:59.000Z","msg":"aggregateAll: runs exceed cap, truncating to most recent"}
@urateam/core:test: {"level":30,"time":"2026-05-26T22:47:36.720Z","pid":38717,"hostname":"95cf947da62c","name":"urateam","component":"license","tier":"enterprise","customerId":"cust_test","expiresAt":"2026-05-27T22:47:36.000Z","msg":"license key validated"}
@urateam/core:test: {"level":30,"time":"2026-05-26T22:47:36.760Z","pid":38717,"hostname":"95cf947da62c","name":"urateam","component":"license","tier":"enterprise","customerId":"cust_test","expiresAt":"2026-05-27T22:47:36.000Z","msg":"license key validated"}
@urateam/core:test: {"level":30,"time":"2026-05-26T22:47:36.802Z","pid":38717,"hostname":"95cf947da62c","name":"urateam","component":"license","tier":"enterprise","customerId":"cust_test","expiresAt":"2026-05-27T22:47:36.000Z","msg":"license key validated"}
@urateam/core:test: {"level":30,"time":"2026-05-26T22:47:36.846Z","pid":38717,"hostname":"95cf947da62c","name":"urateam","component":"license","tier":"enterprise","customerId":"cust_test","expiresAt":"2026-05-27T22:47:36.000Z","msg":"license key validated"}
@urateam/core:test: {"level":30,"time":"2026-05-26T22:47:36.927Z","pid":38717,"hostname":"95cf947da62c","name":"urateam","component":"license","tier":"enterprise","customerId":"cust_test","expiresAt":"2026-05-27T22:47:36.000Z","msg":"license key validated"}
@urateam/core:test: {"level":30,"time":"2026-05-26T22:47:36.966Z","pid":38717,"hostname":"95cf947da62c","name":"urateam","component":"license","tier":"enterprise","customerId":"cust_test","expiresAt":"2026-05-27T22:47:36.000Z","msg":"license key validated"}
@urateam/core:test: {"level":30,"time":"2026-05-26T22:47:37.014Z","pid":38717,"hostname":"95cf947da62c","name":"urateam","component":"license","tier":"enterprise","customerId":"cust_test","expiresAt":"2026-05-27T22:47:36.000Z","msg":"license key validated"}
@urateam/core:test: {"level":30,"time":"2026-05-26T22:47:37.084Z","pid":38717,"hostname":"95cf947da62c","name":"urateam","component":"license","tier":"enterprise","customerId":"cust_test","expiresAt":"2026-05-27T22:47:37.000Z","msg":"license key validated"}
@urateam/core:test: {"level":30,"time":"2026-05-26T22:47:37.129Z","pid":38717,"hostname":"95cf947da62c","name":"urateam","component":"license","tier":"enterprise","customerId":"cust_test","expiresAt":"2026-05-27T22:47:37.000Z","msg":"license key validated"}
@urateam/core:test:  ✓ src/__tests__/cost/aggregate.test.ts (15 tests) 754ms
@urateam/cli:test:  ✓ src/__tests__/triage-quality.test.ts (10 tests) 18ms
@urateam/cli:test:  ✓ src/__tests__/preflight-dirs.test.ts (6 tests) 109ms
@urateam/core:test: {"level":30,"time":"2026-05-26T22:47:39.773Z","pid":38798,"hostname":"95cf947da62c","name":"urateam","component":"PipelineRunner","issueId":"FP-1","pipeline":"auto-implement","msg":"start() called"}
@urateam/core:test: {"level":30,"time":"2026-05-26T22:47:39.781Z","pid":38798,"hostname":"95cf947da62c","name":"urateam","component":"PipelineRunner","runId":"16c8xmorHphBaTEwi9UUL","issueId":"FP-1","branch":"agent/FP-1-force-push-test-issue","msg":"inserting run into DB"}
@urateam/core:test: {"level":30,"time":"2026-05-26T22:47:39.790Z","pid":38798,"hostname":"95cf947da62c","name":"urateam","component":"PipelineRunner","runId":"16c8xmorHphBaTEwi9UUL","issueId":"FP-1","branch":"agent/FP-1-force-push-test-issue","msg":"run queued"}
@urateam/core:test: {"level":30,"time":"2026-05-26T22:47:39.793Z","pid":38798,"hostname":"95cf947da62c","name":"urateam","component":"PipelineRunner","runId":"16c8xmorHphBaTEwi9UUL","issueId":"FP-1","msg":"executing pipeline"}
@urateam/core:test: {"level":30,"time":"2026-05-26T22:47:39.810Z","pid":38798,"hostname":"95cf947da62c","name":"urateam","component":"PipelineRunner","runId":"16c8xmorHphBaTEwi9UUL","issueId":"FP-1","msg":"notifying pipeline start"}
@urateam/core:test: {"level":30,"time":"2026-05-26T22:47:39.812Z","pid":38798,"hostname":"95cf947da62c","name":"urateam","component":"PipelineRunner","runId":"16c8xmorHphBaTEwi9UUL","issueId":"FP-1","repoUrl":"https://github.com/test/test-repo.git","repoDir":"/tmp/force-push-repos/force-push-test-issue","msg":"cloning repository"}
@urateam/core:test: {"level":30,"time":"2026-05-26T22:47:39.812Z","pid":38798,"hostname":"95cf947da62c","name":"urateam","component":"PipelineRunner","runId":"16c8xmorHphBaTEwi9UUL","issueId":"FP-1","msg":"clone complete, creating worktree"}
@urateam/core:test: {"level":30,"time":"2026-05-26T22:47:39.817Z","pid":38798,"hostname":"95cf947da62c","name":"urateam","component":"license","tier":"oss","msg":"no license key set — running in OSS mode"}
@urateam/core:test: {"level":30,"time":"2026-05-26T22:47:39.817Z","pid":38798,"hostname":"95cf947da62c","name":"urateam","component":"PipelineRunner","runId":"16c8xmorHphBaTEwi9UUL","issueId":"FP-1","worktreePath":"/tmp/force-push-test-worktree","msg":"worktree created"}
@urateam/core:test: {"level":40,"time":"2026-05-26T22:47:39.831Z","pid":38798,"hostname":"95cf947da62c","name":"urateam","component":"PipelineRunner","err":{"type":"Error","message":"ENOENT: no such file or directory, open '/tmp/force-push-test-worktree/CLAUDE.md'","stack":"Error: ENOENT: no such file or directory, open '/tmp/force-push-test-worktree/CLAUDE.md'\n    at open (node:internal/fs/promises:639:25)\n    at writeFile (node:internal/fs/promises:1219:14)\n    at PipelineRunner.injectAgentConfig (/home/ura/data/runs/B7TEaqaYubzZqR2vcvyha/worktree/packages/core/src/pipeline/runner.ts:857:7)\n    at PipelineRunner.executePipeline (/home/ura/data/runs/B7TEaqaYubzZqR2vcvyha/worktree/packages/core/src/pipeline/runner.ts:1014:9)\n    at /home/ura/data/runs/B7TEaqaYubzZqR2vcvyha/worktree/packages/core/src/pipeline/runner.ts:409:9\n    at Object.enqueue (/home/ura/data/runs/B7TEaqaYubzZqR2vcvyha/worktree/packages/core/src/pipeline/queue.ts:33:16)","errno":-2,"code":"ENOENT","syscall":"open","path":"/tmp/force-push-test-worktree/CLAUDE.md"},"msg":"failed to inject CLAUDE.md — agent will run without it"}
@urateam/core:test: {"level":30,"time":"2026-05-26T22:47:39.866Z","pid":38798,"hostname":"95cf947da62c","name":"urateam","component":"PipelineRunner","runId":"16c8xmorHphBaTEwi9UUL","issueId":"FP-1","languages":["typescript"],"frameworks":[],"buildSystems":["pnpm"],"msg":"tech stack detected"}
@urateam/core:test: {"level":30,"time":"2026-05-26T22:47:39.870Z","pid":38798,"hostname":"95cf947da62c","name":"urateam","component":"PipelineRunner","runId":"16c8xmorHphBaTEwi9UUL","issueId":"FP-1","stages":["triage","implement"],"msg":"starting pipeline stages"}
@urateam/core:test: {"level":30,"time":"2026-05-26T22:47:39.870Z","pid":38798,"hostname":"95cf947da62c","name":"urateam","component":"PipelineRunner","runId":"16c8xmorHphBaTEwi9UUL","issueId":"FP-1","stage":"triage","msg":"executing stage"}
@urateam/core:test: {"level":30,"time":"2026-05-26T22:47:39.881Z","pid":38798,"hostname":"95cf947da62c","name":"urateam","component":"PipelineRunner","runId":"16c8xmorHphBaTEwi9UUL","issueId":"FP-1","stage":"implement","msg":"executing stage"}
@urateam/core:test: {"level":40,"time":"2026-05-26T22:47:39.925Z","pid":38798,"hostname":"95cf947da62c","name":"urateam","component":"PipelineRunner","runId":"16c8xmorHphBaTEwi9UUL","issueId":"FP-1","excerpt":[],"outputPrefix":"","msg":"typecheck-gate: non-zero exit with no parseable TS errors — treating as setup issue and continuing"}
@urateam/core:test: {"level":30,"time":"2026-05-26T22:47:39.932Z","pid":38798,"hostname":"95cf947da62c","name":"urateam","component":"PipelineRunner","runId":"16c8xmorHphBaTEwi9UUL","issueId":"FP-1","defaultBranch":"main","msg":"push queue: rebasing before push"}
@urateam/core:test: {"level":30,"time":"2026-05-26T22:47:39.933Z","pid":38798,"hostname":"95cf947da62c","name":"urateam","component":"PipelineRunner","runId":"16c8xmorHphBaTEwi9UUL","issueId":"FP-1","branch":"agent/FP-1-force-push-test-issue","rebaseConflict":false,"msg":"push queue: force-with-lease push (agent branch or rebase conflict)"}
@urateam/core:test: {"level":50,"time":"2026-05-26T22:47:39.945Z","pid":38798,"hostname":"95cf947da62c","name":"urateam","component":"PipelineRunner","runId":"16c8xmorHphBaTEwi9UUL","issueId":"FP-1","err":{"type":"Error","message":"[vitest] No \"getAgentCommits\" export is defined on the \"../repo/git.js\" mock. Did you forget to return it from \"vi.mock\"?\nIf you need to partially mock a module, you can use \"importOriginal\" helper inside:\n","stack":"Error: [vitest] No \"getAgentCommits\" export is defined on the \"../repo/git.js\" mock. Did you forget to return it from \"vi.mock\"?\nIf you need to partially mock a module, you can use \"importOriginal\" helper inside:\n\n    at VitestMocker.createError (file:///home/ura/data/runs/B7TEaqaYubzZqR2vcvyha/worktree/node_modules/.pnpm/vitest@3.2.4_@types+node@22.19.17_tsx@4.21.0/node_modules/vitest/dist/chunks/execute.B7h3T_Hc.js:284:17)\n    at Object.get (file:///home/ura/data/runs/B7TEaqaYubzZqR2vcvyha/worktree/node_modules/.pnpm/vitest@3.2.4_@types+node@22.19.17_tsx@4.21.0/node_modules/vitest/dist/chunks/execute.B7h3T_Hc.js:330:16)\n    at /home/ura/data/runs/B7TEaqaYubzZqR2vcvyha/worktree/packages/core/src/pipeline/runner.ts:2673:11\n    at processTicksAndRejections (node:internal/process/task_queues:103:5)\n    at withBranchLock (/home/ura/data/runs/B7TEaqaYubzZqR2vcvyha/worktree/packages/core/src/pipeline/distributed-lock.ts:133:16)\n    at /home/ura/data/runs/B7TEaqaYubzZqR2vcvyha/worktree/packages/core/src/pipeline/runner.ts:2538:9\n    at Object.enqueue (/home/ura/data/runs/B7TEaqaYubzZqR2vcvyha/worktree/packages/core/src/pipeline/queue.ts:33:16)\n    at PipelineRunner.executePipeline (/home/ura/data/runs/B7TEaqaYubzZqR2vcvyha/worktree/packages/core/src/pipeline/runner.ts:2537:7)\n    at /home/ura/data/runs/B7TEaqaYubzZqR2vcvyha/worktree/packages/core/src/pipeline/runner.ts:409:9\n    at Object.enqueue (/home/ura/data/runs/B7TEaqaYubzZqR2vcvyha/worktree/packages/core/src/pipeline/queue.ts:33:16)","codeFrame":"vi\u001b[33m.\u001b[39m\u001b[34mmock\u001b[39m(\u001b[35mimport\u001b[39m(\u001b[32m\"../repo/git.js\"\u001b[39m)\u001b[33m,\u001b[39m \u001b[35masync\u001b[39m (importOriginal) \u001b[33m=>\u001b[39m {\n  \u001b[35mconst\u001b[39m actual \u001b[33m=\u001b[39m \u001b[35mawait\u001b[39m \u001b[34mimportOriginal\u001b[39m()\n  \u001b[35mreturn\u001b[39m {\n    \u001b[33m...\u001b[39mactual\u001b[33m,\u001b[39m\n    \u001b[90m// your mocked methods\u001b[39m\n  }\n})"},"msg":"pipeline failed with unexpected error"}
@urateam/dashboard:test: {"level":30,"time":"2026-05-26T22:47:39.955Z","pid":38789,"hostname":"95cf947da62c","name":"urateam","component":"license","tier":"oss","msg":"no license key set — running in OSS mode"}
@urateam/dashboard:test: {"level":30,"time":"2026-05-26T22:47:40.023Z","pid":38789,"hostname":"95cf947da62c","name":"urateam","component":"license","tier":"enterprise","customerId":"cust_test","expiresAt":"2026-05-27T22:47:40.000Z","msg":"license key validated"}
@urateam/dashboard:test: {"level":30,"time":"2026-05-26T22:47:40.030Z","pid":38789,"hostname":"95cf947da62c","name":"urateam","component":"license","tier":"enterprise","customerId":"cust_test","expiresAt":"2026-05-27T22:47:40.000Z","msg":"license key validated"}
@urateam/dashboard:test: {"level":30,"time":"2026-05-26T22:47:40.034Z","pid":38789,"hostname":"95cf947da62c","name":"urateam","component":"license","tier":"enterprise","customerId":"cust_test","expiresAt":"2026-05-27T22:47:40.000Z","msg":"license key validated"}
@urateam/dashboard:test: {"level":30,"time":"2026-05-26T22:47:40.042Z","pid":38789,"hostname":"95cf947da62c","name":"urateam","component":"license","tier":"enterprise","customerId":"cust_test","expiresAt":"2026-05-27T22:47:40.000Z","msg":"license key validated"}
@urateam/dashboard:test: {"level":30,"time":"2026-05-26T22:47:40.045Z","pid":38789,"hostname":"95cf947da62c","name":"urateam","component":"license","tier":"enterprise","customerId":"cust_test","expiresAt":"2026-05-27T22:47:40.000Z","msg":"license key validated"}
@urateam/dashboard:test: {"level":30,"time":"2026-05-26T22:47:40.053Z","pid":38789,"hostname":"95cf947da62c","name":"urateam","component":"license","tier":"enterprise","customerId":"cust_test","expiresAt":"2026-05-27T22:47:40.000Z","msg":"license key validated"}
@urateam/dashboard:test:  ✓ src/__tests__/rbac-middleware.test.ts (7 tests) 155ms
@urateam/core:test: {"level":30,"time":"2026-05-26T22:47:40.079Z","pid":38798,"hostname":"95cf947da62c","name":"urateam","component":"PipelineRunner","issueId":"FP-2","pipeline":"auto-implement","msg":"start() called"}
@urateam/core:test: {"level":30,"time":"2026-05-26T22:47:40.088Z","pid":38798,"hostname":"95cf947da62c","name":"urateam","component":"PipelineRunner","runId":"Lpnnt4JeQd5NON_WemarD","issueId":"FP-2","branch":"agent/FP-2-force-push-test-issue","msg":"inserting run into DB"}
@urateam/core:test: {"level":30,"time":"2026-05-26T22:47:40.088Z","pid":38798,"hostname":"95cf947da62c","name":"urateam","component":"PipelineRunner","runId":"Lpnnt4JeQd5NON_WemarD","issueId":"FP-2","branch":"agent/FP-2-force-push-test-issue","msg":"run queued"}
@urateam/core:test: {"level":30,"time":"2026-05-26T22:47:40.088Z","pid":38798,"hostname":"95cf947da62c","name":"urateam","component":"PipelineRunner","runId":"Lpnnt4JeQd5NON_WemarD","issueId":"FP-2","msg":"executing pipeline"}
@urateam/core:test: {"level":30,"time":"2026-05-26T22:47:40.089Z","pid":38798,"hostname":"95cf947da62c","name":"urateam","component":"PipelineRunner","runId":"Lpnnt4JeQd5NON_WemarD","issueId":"FP-2","msg":"notifying pipeline start"}
@urateam/core:test: {"level":30,"time":"2026-05-26T22:47:40.094Z","pid":38798,"hostname":"95cf947da62c","name":"urateam","component":"PipelineRunner","runId":"Lpnnt4JeQd5NON_WemarD","issueId":"FP-2","repoUrl":"https://github.com/test/test-repo.git","repoDir":"/tmp/force-push-repos/force-push-test-issue","msg":"cloning repository"}
@urateam/core:test: {"level":30,"time":"2026-05-26T22:47:40.094Z","pid":38798,"hostname":"95cf947da62c","name":"urateam","component":"PipelineRunner","runId":"Lpnnt4JeQd5NON_WemarD","issueId":"FP-2","msg":"clone complete, creating worktree"}
@urateam/core:test: {"level":30,"time":"2026-05-26T22:47:40.095Z","pid":38798,"hostname":"95cf947da62c","name":"urateam","component":"PipelineRunner","runId":"Lpnnt4JeQd5NON_WemarD","issueId":"FP-2","worktreePath":"/tmp/force-push-test-worktree","msg":"worktree created"}
@urateam/core:test: {"level":40,"time":"2026-05-26T22:47:40.095Z","pid":38798,"hostname":"95cf947da62c","name":"urateam","component":"PipelineRunner","err":{"type":"Error","message":"ENOENT: no such file or directory, open '/tmp/force-push-test-worktree/CLAUDE.md'","stack":"Error: ENOENT: no such file or directory, open '/tmp/force-push-test-worktree/CLAUDE.md'\n    at open (node:internal/fs/promises:639:25)\n    at writeFile (node:internal/fs/promises:1219:14)\n    at PipelineRunner.injectAgentConfig (/home/ura/data/runs/B7TEaqaYubzZqR2vcvyha/worktree/packages/core/src/pipeline/runner.ts:857:7)\n    at PipelineRunner.executePipeline (/home/ura/data/runs/B7TEaqaYubzZqR2vcvyha/worktree/packages/core/src/pipeline/runner.ts:1014:9)\n    at /home/ura/data/runs/B7TEaqaYubzZqR2vcvyha/worktree/packages/core/src/pipeline/runner.ts:409:9\n    at Object.enqueue (/home/ura/data/runs/B7TEaqaYubzZqR2vcvyha/worktree/packages/core/src/pipeline/queue.ts:33:16)","errno":-2,"code":"ENOENT","syscall":"open","path":"/tmp/force-push-test-worktree/CLAUDE.md"},"msg":"failed to inject CLAUDE.md — agent will run without it"}
@urateam/core:test: {"level":30,"time":"2026-05-26T22:47:40.096Z","pid":38798,"hostname":"95cf947da62c","name":"urateam","component":"PipelineRunner","runId":"Lpnnt4JeQd5NON_WemarD","issueId":"FP-2","languages":["typescript"],"frameworks":[],"buildSystems":["pnpm"],"msg":"tech stack detected"}
@urateam/core:test: {"level":30,"time":"2026-05-26T22:47:40.107Z","pid":38798,"hostname":"95cf947da62c","name":"urateam","component":"PipelineRunner","runId":"Lpnnt4JeQd5NON_WemarD","issueId":"FP-2","stages":["triage","implement"],"msg":"starting pipeline stages"}
@urateam/core:test: {"level":30,"time":"2026-05-26T22:47:40.107Z","pid":38798,"hostname":"95cf947da62c","name":"urateam","component":"PipelineRunner","runId":"Lpnnt4JeQd5NON_WemarD","issueId":"FP-2","stage":"triage","msg":"executing stage"}
@urateam/core:test: {"level":30,"time":"2026-05-26T22:47:40.115Z","pid":38798,"hostname":"95cf947da62c","name":"urateam","component":"PipelineRunner","runId":"Lpnnt4JeQd5NON_WemarD","issueId":"FP-2","stage":"implement","msg":"executing stage"}
@urateam/core:test: {"level":40,"time":"2026-05-26T22:47:40.141Z","pid":38798,"hostname":"95cf947da62c","name":"urateam","component":"PipelineRunner","runId":"Lpnnt4JeQd5NON_WemarD","issueId":"FP-2","excerpt":[],"outputPrefix":"","msg":"typecheck-gate: non-zero exit with no parseable TS errors — treating as setup issue and continuing"}
@urateam/core:test: {"level":30,"time":"2026-05-26T22:47:40.141Z","pid":38798,"hostname":"95cf947da62c","name":"urateam","component":"PipelineRunner","runId":"Lpnnt4JeQd5NON_WemarD","issueId":"FP-2","defaultBranch":"main","msg":"push queue: rebasing before push"}
@urateam/core:test: {"level":30,"time":"2026-05-26T22:47:40.141Z","pid":38798,"hostname":"95cf947da62c","name":"urateam","component":"PipelineRunner","runId":"Lpnnt4JeQd5NON_WemarD","issueId":"FP-2","branch":"agent/FP-2-force-push-test-issue","rebaseConflict":false,"msg":"push queue: force-with-lease push (agent branch or rebase conflict)"}
@urateam/core:test: {"level":50,"time":"2026-05-26T22:47:40.152Z","pid":38798,"hostname":"95cf947da62c","name":"urateam","component":"PipelineRunner","runId":"Lpnnt4JeQd5NON_WemarD","issueId":"FP-2","err":{"type":"Error","message":"[vitest] No \"getAgentCommits\" export is defined on the \"../repo/git.js\" mock. Did you forget to return it from \"vi.mock\"?\nIf you need to partially mock a module, you can use \"importOriginal\" helper inside:\n","stack":"Error: [vitest] No \"getAgentCommits\" export is defined on the \"../repo/git.js\" mock. Did you forget to return it from \"vi.mock\"?\nIf you need to partially mock a module, you can use \"importOriginal\" helper inside:\n\n    at VitestMocker.createError (file:///home/ura/data/runs/B7TEaqaYubzZqR2vcvyha/worktree/node_modules/.pnpm/vitest@3.2.4_@types+node@22.19.17_tsx@4.21.0/node_modules/vitest/dist/chunks/execute.B7h3T_Hc.js:284:17)\n    at Object.get (file:///home/ura/data/runs/B7TEaqaYubzZqR2vcvyha/worktree/node_modules/.pnpm/vitest@3.2.4_@types+node@22.19.17_tsx@4.21.0/node_modules/vitest/dist/chunks/execute.B7h3T_Hc.js:330:16)\n    at /home/ura/data/runs/B7TEaqaYubzZqR2vcvyha/worktree/packages/core/src/pipeline/runner.ts:2673:11\n    at processTicksAndRejections (node:internal/process/task_queues:103:5)\n    at withBranchLock (/home/ura/data/runs/B7TEaqaYubzZqR2vcvyha/worktree/packages/core/src/pipeline/distributed-lock.ts:133:16)\n    at /home/ura/data/runs/B7TEaqaYubzZqR2vcvyha/worktree/packages/core/src/pipeline/runner.ts:2538:9\n    at Object.enqueue (/home/ura/data/runs/B7TEaqaYubzZqR2vcvyha/worktree/packages/core/src/pipeline/queue.ts:33:16)\n    at PipelineRunner.executePipeline (/home/ura/data/runs/B7TEaqaYubzZqR2vcvyha/worktree/packages/core/src/pipeline/runner.ts:2537:7)\n    at /home/ura/data/runs/B7TEaqaYubzZqR2vcvyha/worktree/packages/core/src/pipeline/runner.ts:409:9\n    at Object.enqueue (/home/ura/data/runs/B7TEaqaYubzZqR2vcvyha/worktree/packages/core/src/pipeline/queue.ts:33:16)","codeFrame":"vi\u001b[33m.\u001b[39m\u001b[34mmock\u001b[39m(\u001b[35mimport\u001b[39m(\u001b[32m\"../repo/git.js\"\u001b[39m)\u001b[33m,\u001b[39m \u001b[35masync\u001b[39m (importOriginal) \u001b[33m=>\u001b[39m {\n  \u001b[35mconst\u001b[39m actual \u001b[33m=\u001b[39m \u001b[35mawait\u001b[39m \u001b[34mimportOriginal\u001b[39m()\n  \u001b[35mreturn\u001b[39m {\n    \u001b[33m...\u001b[39mactual\u001b[33m,\u001b[39m\n    \u001b[90m// your mocked methods\u001b[39m\n  }\n})"},"msg":"pipeline failed with unexpected error"}
@urateam/core:test: {"level":30,"time":"2026-05-26T22:47:40.205Z","pid":38798,"hostname":"95cf947da62c","name":"urateam","component":"PipelineRunner","issueId":"FP-3","pipeline":"auto-implement","msg":"start() called"}
@urateam/core:test: {"level":30,"time":"2026-05-26T22:47:40.206Z","pid":38798,"hostname":"95cf947da62c","name":"urateam","component":"PipelineRunner","runId":"N6_kDjqYJW4M68a8BJ5WD","issueId":"FP-3","branch":"agent/FP-3-force-push-test-issue","msg":"inserting run into DB"}
@urateam/core:test: {"level":30,"time":"2026-05-26T22:47:40.207Z","pid":38798,"hostname":"95cf947da62c","name":"urateam","component":"PipelineRunner","runId":"N6_kDjqYJW4M68a8BJ5WD","issueId":"FP-3","branch":"agent/FP-3-force-push-test-issue","msg":"run queued"}
@urateam/core:test: {"level":30,"time":"2026-05-26T22:47:40.207Z","pid":38798,"hostname":"95cf947da62c","name":"urateam","component":"PipelineRunner","runId":"N6_kDjqYJW4M68a8BJ5WD","issueId":"FP-3","msg":"executing pipeline"}
@urateam/core:test: {"level":30,"time":"2026-05-26T22:47:40.211Z","pid":38798,"hostname":"95cf947da62c","name":"urateam","component":"PipelineRunner","runId":"N6_kDjqYJW4M68a8BJ5WD","issueId":"FP-3","msg":"notifying pipeline start"}
@urateam/core:test: {"level":30,"time":"2026-05-26T22:47:40.211Z","pid":38798,"hostname":"95cf947da62c","name":"urateam","component":"PipelineRunner","runId":"N6_kDjqYJW4M68a8BJ5WD","issueId":"FP-3","repoUrl":"https://github.com/test/test-repo.git","repoDir":"/tmp/force-push-repos/force-push-test-issue","msg":"cloning repository"}
@urateam/core:test: {"level":30,"time":"2026-05-26T22:47:40.211Z","pid":38798,"hostname":"95cf947da62c","name":"urateam","component":"PipelineRunner","runId":"N6_kDjqYJW4M68a8BJ5WD","issueId":"FP-3","msg":"clone complete, creating worktree"}
@urateam/core:test: {"level":30,"time":"2026-05-26T22:47:40.211Z","pid":38798,"hostname":"95cf947da62c","name":"urateam","component":"PipelineRunner","runId":"N6_kDjqYJW4M68a8BJ5WD","issueId":"FP-3","worktreePath":"/tmp/force-push-test-worktree","msg":"worktree created"}
@urateam/core:test: {"level":40,"time":"2026-05-26T22:47:40.219Z","pid":38798,"hostname":"95cf947da62c","name":"urateam","component":"PipelineRunner","err":{"type":"Error","message":"ENOENT: no such file or directory, open '/tmp/force-push-test-worktree/CLAUDE.md'","stack":"Error: ENOENT: no such file or directory, open '/tmp/force-push-test-worktree/CLAUDE.md'\n    at open (node:internal/fs/promises:639:25)\n    at writeFile (node:internal/fs/promises:1219:14)\n    at PipelineRunner.injectAgentConfig (/home/ura/data/runs/B7TEaqaYubzZqR2vcvyha/worktree/packages/core/src/pipeline/runner.ts:857:7)\n    at PipelineRunner.executePipeline (/home/ura/data/runs/B7TEaqaYubzZqR2vcvyha/worktree/packages/core/src/pipeline/runner.ts:1014:9)\n    at /home/ura/data/runs/B7TEaqaYubzZqR2vcvyha/worktree/packages/core/src/pipeline/runner.ts:409:9\n    at Object.enqueue (/home/ura/data/runs/B7TEaqaYubzZqR2vcvyha/worktree/packages/core/src/pipeline/queue.ts:33:16)","errno":-2,"code":"ENOENT","syscall":"open","path":"/tmp/force-push-test-worktree/CLAUDE.md"},"msg":"failed to inject CLAUDE.md — agent will run without it"}
@urateam/core:test: {"level":30,"time":"2026-05-26T22:47:40.220Z","pid":38798,"hostname":"95cf947da62c","name":"urateam","component":"PipelineRunner","runId":"N6_kDjqYJW4M68a8BJ5WD","issueId":"FP-3","languages":["typescript"],"frameworks":[],"buildSystems":["pnpm"],"msg":"tech stack detected"}
@urateam/core:test: {"level":30,"time":"2026-05-26T22:47:40.220Z","pid":38798,"hostname":"95cf947da62c","name":"urateam","component":"PipelineRunner","runId":"N6_kDjqYJW4M68a8BJ5WD","issueId":"FP-3","stages":["triage","implement"],"msg":"starting pipeline stages"}
@urateam/core:test: {"level":30,"time":"2026-05-26T22:47:40.220Z","pid":38798,"hostname":"95cf947da62c","name":"urateam","component":"PipelineRunner","runId":"N6_kDjqYJW4M68a8BJ5WD","issueId":"FP-3","stage":"triage","msg":"executing stage"}
@urateam/core:test: {"level":30,"time":"2026-05-26T22:47:40.258Z","pid":38798,"hostname":"95cf947da62c","name":"urateam","component":"PipelineRunner","runId":"N6_kDjqYJW4M68a8BJ5WD","issueId":"FP-3","stage":"implement","msg":"executing stage"}
@urateam/core:test: {"level":40,"time":"2026-05-26T22:47:40.296Z","pid":38798,"hostname":"95cf947da62c","name":"urateam","component":"PipelineRunner","runId":"N6_kDjqYJW4M68a8BJ5WD","issueId":"FP-3","excerpt":[],"outputPrefix":"","msg":"typecheck-gate: non-zero exit with no parseable TS errors — treating as setup issue and continuing"}
@urateam/core:test: {"level":30,"time":"2026-05-26T22:47:40.297Z","pid":38798,"hostname":"95cf947da62c","name":"urateam","component":"PipelineRunner","runId":"N6_kDjqYJW4M68a8BJ5WD","issueId":"FP-3","defaultBranch":"main","msg":"push queue: rebasing before push"}
@urateam/core:test: {"level":40,"time":"2026-05-26T22:47:40.297Z","pid":38798,"hostname":"95cf947da62c","name":"urateam","component":"PipelineRunner","runId":"N6_kDjqYJW4M68a8BJ5WD","issueId":"FP-3","msg":"push queue: rebase conflicts detected, running implement pass to resolve"}
@urateam/core:test: {"level":30,"time":"2026-05-26T22:47:40.346Z","pid":38798,"hostname":"95cf947da62c","name":"urateam","component":"PipelineRunner","runId":"N6_kDjqYJW4M68a8BJ5WD","issueId":"FP-3","msg":"push queue: conflict resolution succeeded"}
@urateam/core:test: {"level":30,"time":"2026-05-26T22:47:40.346Z","pid":38798,"hostname":"95cf947da62c","name":"urateam","component":"PipelineRunner","runId":"N6_kDjqYJW4M68a8BJ5WD","issueId":"FP-3","branch":"agent/FP-3-force-push-test-issue","rebaseConflict":false,"msg":"push queue: force-with-lease push (agent branch or rebase conflict)"}
@urateam/core:test: {"level":50,"time":"2026-05-26T22:47:40.355Z","pid":38798,"hostname":"95cf947da62c","name":"urateam","component":"PipelineRunner","runId":"N6_kDjqYJW4M68a8BJ5WD","issueId":"FP-3","err":{"type":"Error","message":"[vitest] No \"getAgentCommits\" export is defined on the \"../repo/git.js\" mock. Did you forget to return it from \"vi.mock\"?\nIf you need to partially mock a module, you can use \"importOriginal\" helper inside:\n","stack":"Error: [vitest] No \"getAgentCommits\" export is defined on the \"../repo/git.js\" mock. Did you forget to return it from \"vi.mock\"?\nIf you need to partially mock a module, you can use \"importOriginal\" helper inside:\n\n    at VitestMocker.createError (file:///home/ura/data/runs/B7TEaqaYubzZqR2vcvyha/worktree/node_modules/.pnpm/vitest@3.2.4_@types+node@22.19.17_tsx@4.21.0/node_modules/vitest/dist/chunks/execute.B7h3T_Hc.js:284:17)\n    at Object.get (file:///home/ura/data/runs/B7TEaqaYubzZqR2vcvyha/worktree/node_modules/.pnpm/vitest@3.2.4_@types+node@22.19.17_tsx@4.21.0/node_modules/vitest/dist/chunks/execute.B7h3T_Hc.js:330:16)\n    at /home/ura/data/runs/B7TEaqaYubzZqR2vcvyha/worktree/packages/core/src/pipeline/runner.ts:2673:11\n    at processTicksAndRejections (node:internal/process/task_queues:103:5)\n    at withBranchLock (/home/ura/data/runs/B7TEaqaYubzZqR2vcvyha/worktree/packages/core/src/pipeline/distributed-lock.ts:133:16)\n    at /home/ura/data/runs/B7TEaqaYubzZqR2vcvyha/worktree/packages/core/src/pipeline/runner.ts:2538:9\n    at Object.enqueue (/home/ura/data/runs/B7TEaqaYubzZqR2vcvyha/worktree/packages/core/src/pipeline/queue.ts:33:16)\n    at PipelineRunner.executePipeline (/home/ura/data/runs/B7TEaqaYubzZqR2vcvyha/worktree/packages/core/src/pipeline/runner.ts:2537:7)\n    at /home/ura/data/runs/B7TEaqaYubzZqR2vcvyha/worktree/packages/core/src/pipeline/runner.ts:409:9\n    at Object.enqueue (/home/ura/data/runs/B7TEaqaYubzZqR2vcvyha/worktree/packages/core/src/pipeline/queue.ts:33:16)","codeFrame":"vi\u001b[33m.\u001b[39m\u001b[34mmock\u001b[39m(\u001b[35mimport\u001b[39m(\u001b[32m\"../repo/git.js\"\u001b[39m)\u001b[33m,\u001b[39m \u001b[35masync\u001b[39m (importOriginal) \u001b[33m=>\u001b[39m {\n  \u001b[35mconst\u001b[39m actual \u001b[33m=\u001b[39m \u001b[35mawait\u001b[39m \u001b[34mimportOriginal\u001b[39m()\n  \u001b[35mreturn\u001b[39m {\n    \u001b[33m...\u001b[39mactual\u001b[33m,\u001b[39m\n    \u001b[90m// your mocked methods\u001b[39m\n  }\n})"},"msg":"pipeline failed with unexpected error"}
@urateam/core:test:  ✓ src/__tests__/force-push-agent-branches.test.ts (9 tests) 757ms
@urateam/core:test:    ✓ Force-with-lease push for agent branches (BEC-88) > uses pushBranchForce (--force-with-lease) for agent/* branches  305ms
@urateam/dashboard:test:  ✓ src/__tests__/run-detail-view.test.ts (8 tests) 95ms
@urateam/cli:test: stdout | src/__tests__/self-auth-linear.test.ts > ura self-auth-linear > writes LINEAR_API_KEY to ~/.urateam/.env on success
@urateam/cli:test: ura self-auth-linear: opening Linear in your browser (callback on http://127.0.0.1:0/callback)…
@urateam/cli:test: 
@urateam/core:test: {"level":30,"time":"2026-05-26T22:47:41.483Z","pid":38978,"hostname":"95cf947da62c","name":"urateam","component":"PmAgent:startTodo","totalTodo":1,"orphanedCount":1,"maxPerTick":5,"msg":"found Todo issues with no active pipeline run"}
@urateam/core:test: {"level":30,"time":"2026-05-26T22:47:41.498Z","pid":38978,"hostname":"95cf947da62c","name":"urateam","component":"PmAgent:startTodo","identifier":"BEC-200","pipeline":"auto-implement","msg":"started pipeline for orphaned Todo issue"}
@urateam/core:test: {"level":30,"time":"2026-05-26T22:47:41.519Z","pid":38978,"hostname":"95cf947da62c","name":"urateam","component":"PmAgent:startTodo","identifier":"BEC-200","msg":"skipping — recent completed/failed pipeline run exists"}
@urateam/core:test: {"level":30,"time":"2026-05-26T22:47:41.524Z","pid":38978,"hostname":"95cf947da62c","name":"urateam","component":"PmAgent:startTodo","totalTodo":1,"orphanedCount":1,"maxPerTick":5,"msg":"found Todo issues with no active pipeline run"}
@urateam/core:test: {"level":30,"time":"2026-05-26T22:47:41.526Z","pid":38978,"hostname":"95cf947da62c","name":"urateam","component":"PmAgent:startTodo","identifier":"BEC-200","labels":["unknown-label"],"msg":"no pipeline match — skipping"}
@urateam/core:test: {"level":30,"time":"2026-05-26T22:47:41.527Z","pid":38978,"hostname":"95cf947da62c","name":"urateam","component":"PmAgent:startTodo","started":0,"skipped":[{"id":"BEC-200","reason":"no pipeline config matches labels"}],"msg":"startTodoIssues summary"}
@urateam/core:test: {"level":30,"time":"2026-05-26T22:47:41.528Z","pid":38978,"hostname":"95cf947da62c","name":"urateam","component":"PmAgent:startTodo","totalTodo":1,"orphanedCount":1,"maxPerTick":5,"msg":"found Todo issues with no active pipeline run"}
@urateam/core:test: {"level":40,"time":"2026-05-26T22:47:41.528Z","pid":38978,"hostname":"95cf947da62c","name":"urateam","component":"PmAgent:startTodo","identifier":"BEC-200","teamId":"unknown-team","projectId":"unknown-proj","pipelineLabel":"auto-implement","msg":"no repo mapping — skipping (checked labelPattern and teamId/projectId keys)"}
@urateam/core:test: {"level":30,"time":"2026-05-26T22:47:41.528Z","pid":38978,"hostname":"95cf947da62c","name":"urateam","component":"PmAgent:startTodo","started":0,"skipped":[{"id":"BEC-200","reason":"no repo config for label \"auto-implement\" (team unknown-team)"}],"msg":"startTodoIssues summary"}
@urateam/core:test: {"level":30,"time":"2026-05-26T22:47:41.536Z","pid":38978,"hostname":"95cf947da62c","name":"urateam","component":"PmAgent:startTodo","totalTodo":3,"orphanedCount":3,"maxPerTick":2,"msg":"found Todo issues with no active pipeline run"}
@urateam/core:test: {"level":30,"time":"2026-05-26T22:47:41.538Z","pid":38978,"hostname":"95cf947da62c","name":"urateam","component":"PmAgent:startTodo","identifier":"BEC-201","pipeline":"auto-implement","msg":"started pipeline for orphaned Todo issue"}
@urateam/core:test: {"level":30,"time":"2026-05-26T22:47:41.549Z","pid":38978,"hostname":"95cf947da62c","name":"urateam","component":"PmAgent:startTodo","identifier":"BEC-202","pipeline":"auto-implement","msg":"started pipeline for orphaned Todo issue"}
@urateam/core:test: {"level":30,"time":"2026-05-26T22:47:41.551Z","pid":38978,"hostname":"95cf947da62c","name":"urateam","component":"PmAgent:startTodo","totalTodo":2,"orphanedCount":2,"maxPerTick":5,"msg":"found Todo issues with no active pipeline run"}
@urateam/cli:test: stdout | src/__tests__/self-auth-linear.test.ts > ura self-auth-linear > writes LINEAR_API_KEY to ~/.urateam/.env on success
@urateam/cli:test: ura self-auth-linear: authorized for workspace Test Workspace; token written to /tmp/ura-oauth-HCBNHN/.env.
@urateam/cli:test: 
@urateam/cli:test: stdout | src/__tests__/self-auth-linear.test.ts > ura self-auth-linear > preserves unrelated keys in an existing .env
@urateam/cli:test: ura self-auth-linear: opening Linear in your browser (callback on http://127.0.0.1:0/callback)…
@urateam/cli:test: 
@urateam/core:test: {"level":50,"time":"2026-05-26T22:47:41.564Z","pid":38978,"hostname":"95cf947da62c","name":"urateam","component":"PmAgent:startTodo","identifier":"BEC-301","err":{"type":"Error","message":"clone failed","stack":"Error: clone failed\n    at /home/ura/data/runs/B7TEaqaYubzZqR2vcvyha/worktree/packages/core/src/__tests__/start-todo.test.ts:217:32\n    at file:///home/ura/data/runs/B7TEaqaYubzZqR2vcvyha/worktree/node_modules/.pnpm/@vitest+runner@3.2.4/node_modules/@vitest/runner/dist/chunk-hooks.js:155:11\n    at file:///home/ura/data/runs/B7TEaqaYubzZqR2vcvyha/worktree/node_modules/.pnpm/@vitest+runner@3.2.4/node_modules/@vitest/runner/dist/chunk-hooks.js:752:26\n    at file:///home/ura/data/runs/B7TEaqaYubzZqR2vcvyha/worktree/node_modules/.pnpm/@vitest+runner@3.2.4/node_modules/@vitest/runner/dist/chunk-hooks.js:1897:20\n    at new Promise (<anonymous>)\n    at runWithTimeout (file:///home/ura/data/runs/B7TEaqaYubzZqR2vcvyha/worktree/node_modules/.pnpm/@vitest+runner@3.2.4/node_modules/@vitest/runner/dist/chunk-hooks.js:1863:10)\n    at runTest (file:///home/ura/data/runs/B7TEaqaYubzZqR2vcvyha/worktree/node_modules/.pnpm/@vitest+runner@3.2.4/node_modules/@vitest/runner/dist/chunk-hooks.js:1574:12)\n    at processTicksAndRejections (node:internal/process/task_queues:103:5)\n    at runSuite (file:///home/ura/data/runs/B7TEaqaYubzZqR2vcvyha/worktree/node_modules/.pnpm/@vitest+runner@3.2.4/node_modules/@vitest/runner/dist/chunk-hooks.js:1729:8)\n    at runSuite (file:///home/ura/data/runs/B7TEaqaYubzZqR2vcvyha/worktree/node_modules/.pnpm/@vitest+runner@3.2.4/node_modules/@vitest/runner/dist/chunk-hooks.js:1729:8)"},"msg":"failed to start pipeline for Todo issue"}
@urateam/core:test: {"level":30,"time":"2026-05-26T22:47:41.592Z","pid":38978,"hostname":"95cf947da62c","name":"urateam","component":"PmAgent:startTodo","identifier":"BEC-302","pipeline":"auto-implement","msg":"started pipeline for orphaned Todo issue"}
@urateam/core:test: {"level":30,"time":"2026-05-26T22:47:41.592Z","pid":38978,"hostname":"95cf947da62c","name":"urateam","component":"PmAgent:startTodo","started":1,"skipped":[{"id":"BEC-301","reason":"clone failed"}],"msg":"startTodoIssues summary"}
@urateam/core:test: {"level":30,"time":"2026-05-26T22:47:41.593Z","pid":38978,"hostname":"95cf947da62c","name":"urateam","component":"PmAgent:startTodo","totalTodo":1,"orphanedCount":1,"maxPerTick":5,"msg":"found Todo issues with no active pipeline run"}
@urateam/core:test: {"level":30,"time":"2026-05-26T22:47:41.598Z","pid":38978,"hostname":"95cf947da62c","name":"urateam","component":"PmAgent:startTodo","identifier":"BEC-200","pipeline":"observer-fix","msg":"started pipeline for orphaned Todo issue"}
@urateam/core:test: {"level":30,"time":"2026-05-26T22:47:41.607Z","pid":38978,"hostname":"95cf947da62c","name":"urateam","component":"PmAgent:startTodo","totalTodo":1,"orphanedCount":1,"maxPerTick":5,"msg":"found Todo issues with no active pipeline run"}
@urateam/core:test: {"level":30,"time":"2026-05-26T22:47:41.607Z","pid":38978,"hostname":"95cf947da62c","name":"urateam","component":"PmAgent:startTodo","identifier":"BEC-200","pipeline":"auto-implement","msg":"started pipeline for orphaned Todo issue"}
@urateam/core:test: {"level":30,"time":"2026-05-26T22:47:41.613Z","pid":38978,"hostname":"95cf947da62c","name":"urateam","component":"PmAgent:startTodo","totalTodo":1,"orphanedCount":1,"maxPerTick":5,"msg":"found Todo issues with no active pipeline run"}
@urateam/core:test: {"level":30,"time":"2026-05-26T22:47:41.613Z","pid":38978,"hostname":"95cf947da62c","name":"urateam","component":"PmAgent:startTodo","identifier":"BEC-200","pipeline":"auto-implement","msg":"started pipeline for orphaned Todo issue"}
@urateam/core:test: {"level":30,"time":"2026-05-26T22:47:41.616Z","pid":38978,"hostname":"95cf947da62c","name":"urateam","component":"PmAgent:startTodo","totalTodo":1,"orphanedCount":1,"maxPerTick":5,"msg":"found Todo issues with no active pipeline run"}
@urateam/core:test: {"level":40,"time":"2026-05-26T22:47:41.617Z","pid":38978,"hostname":"95cf947da62c","name":"urateam","component":"PmAgent:startTodo","identifier":"BEC-200","teamId":"unknown-team","projectId":"proj-1","pipelineLabel":"auto-implement","msg":"no repo mapping — skipping (checked labelPattern and teamId/projectId keys)"}
@urateam/core:test: {"level":30,"time":"2026-05-26T22:47:41.617Z","pid":38978,"hostname":"95cf947da62c","name":"urateam","component":"PmAgent:startTodo","started":0,"skipped":[{"id":"BEC-200","reason":"no repo config for label \"auto-implement\" (team unknown-team)"}],"msg":"startTodoIssues summary"}
@urateam/core:test: {"level":30,"time":"2026-05-26T22:47:41.621Z","pid":38978,"hostname":"95cf947da62c","name":"urateam","component":"PmAgent:startTodo","totalTodo":1,"orphanedCount":1,"maxPerTick":5,"msg":"found Todo issues with no active pipeline run"}
@urateam/core:test: {"level":40,"time":"2026-05-26T22:47:41.621Z","pid":38978,"hostname":"95cf947da62c","name":"urateam","component":"PmAgent:startTodo","identifier":"BEC-161-T1","failureCount":3,"threshold":3,"msg":"circuit-breaker engaged — skipping start"}
@urateam/core:test: {"level":40,"time":"2026-05-26T22:47:41.628Z","pid":38978,"hostname":"95cf947da62c","name":"urateam","component":"audit.writer","err":{"type":"TypeError","message":"db.insert is not a function","stack":"TypeError: db.insert is not a function\n    at insertAuditEvent (/home/ura/data/runs/B7TEaqaYubzZqR2vcvyha/worktree/packages/core/src/audit/writer.ts:10:23)\n    at logAuditEventUnchecked (/home/ura/data/runs/B7TEaqaYubzZqR2vcvyha/worktree/packages/core/src/audit/writer.ts:79:9)\n    at startTodoIssues (/home/ura/data/runs/B7TEaqaYubzZqR2vcvyha/worktree/packages/core/src/pm/actions/start-todo.ts:156:14)\n    at processTicksAndRejections (node:internal/process/task_queues:103:5)\n    at /home/ura/data/runs/B7TEaqaYubzZqR2vcvyha/worktree/packages/core/src/__tests__/start-todo.test.ts:403:23\n    at file:///home/ura/data/runs/B7TEaqaYubzZqR2vcvyha/worktree/node_modules/.pnpm/@vitest+runner@3.2.4/node_modules/@vitest/runner/dist/chunk-hooks.js:752:20"},"eventType":"pm.skipped_circuit_breaker","id":"evt_8f491668-1b8f-44a0-af1c-c2bdecdec7c8","msg":"audit event write failed"}
@urateam/core:test: {"level":30,"time":"2026-05-26T22:47:41.631Z","pid":38978,"hostname":"95cf947da62c","name":"urateam","component":"PmAgent:startTodo","started":0,"skipped":[{"id":"BEC-161-T1","reason":"circuit-breaker: 3 consecutive failed runs (threshold 3)"}],"msg":"startTodoIssues summary"}
@urateam/cli:test: stdout | src/__tests__/self-auth-linear.test.ts > ura self-auth-linear > preserves unrelated keys in an existing .env
@urateam/cli:test: ura self-auth-linear: authorized for workspace Test Workspace; token written to /tmp/ura-oauth-lNeAdb/.env.
@urateam/cli:test: 
@urateam/core:test: {"level":30,"time":"2026-05-26T22:47:41.634Z","pid":38978,"hostname":"95cf947da62c","name":"urateam","component":"PmAgent:startTodo","totalTodo":1,"orphanedCount":1,"maxPerTick":5,"msg":"found Todo issues with no active pipeline run"}
@urateam/core:test: {"level":30,"time":"2026-05-26T22:47:41.635Z","pid":38978,"hostname":"95cf947da62c","name":"urateam","component":"PmAgent:startTodo","identifier":"BEC-161-T2","pipeline":"auto-implement","msg":"started pipeline for orphaned Todo issue"}
@urateam/core:test: {"level":30,"time":"2026-05-26T22:47:41.637Z","pid":38978,"hostname":"95cf947da62c","name":"urateam","component":"PmAgent:startTodo","totalTodo":1,"orphanedCount":1,"maxPerTick":5,"msg":"found Todo issues with no active pipeline run"}
@urateam/core:test: {"level":30,"time":"2026-05-26T22:47:41.637Z","pid":38978,"hostname":"95cf947da62c","name":"urateam","component":"PmAgent:startTodo","identifier":"BEC-161-T3","pipeline":"auto-implement","msg":"started pipeline for orphaned Todo issue"}
@urateam/core:test: {"level":30,"time":"2026-05-26T22:47:41.639Z","pid":38978,"hostname":"95cf947da62c","name":"urateam","component":"PmAgent:startTodo","totalTodo":1,"orphanedCount":1,"maxPerTick":5,"msg":"found Todo issues with no active pipeline run"}
@urateam/core:test: {"level":30,"time":"2026-05-26T22:47:41.641Z","pid":38978,"hostname":"95cf947da62c","name":"urateam","component":"PmAgent:startTodo","identifier":"BEC-161-T1","pipeline":"auto-implement","msg":"started pipeline for orphaned Todo issue"}
@urateam/core:test:  ✓ src/__tests__/start-todo.test.ts (16 tests) 193ms
@urateam/cli:test:  ✓ src/__tests__/self-auth-linear.test.ts (8 tests) 326ms
@urateam/dashboard:test: {"level":30,"time":"2026-05-26T22:47:42.311Z","pid":38937,"hostname":"95cf947da62c","name":"urateam","component":"license","tier":"enterprise","customerId":"cust_test","expiresAt":"2026-05-27T22:47:42.000Z","msg":"license key validated"}
@urateam/dashboard:test: {"level":30,"time":"2026-05-26T22:47:42.413Z","pid":38937,"hostname":"95cf947da62c","name":"urateam","component":"license","tier":"enterprise","customerId":"cust_test","expiresAt":"2026-05-27T22:47:42.000Z","msg":"license key validated"}
@urateam/dashboard:test: {"level":30,"time":"2026-05-26T22:47:42.464Z","pid":38937,"hostname":"95cf947da62c","name":"urateam","component":"license","tier":"enterprise","customerId":"cust_test","expiresAt":"2026-05-27T22:47:42.000Z","msg":"license key validated"}
@urateam/dashboard:test:  ✓ src/__tests__/bootstrap-integration.test.ts (3 tests) 308ms
@urateam/dashboard:test:  ✓ src/__tests__/layout.test.ts (28 tests) 60ms
@urateam/dashboard:test:  ✓ src/__tests__/cost-chart.test.ts (4 tests) 37ms
@urateam/dashboard:test: 
@urateam/dashboard:test:  Test Files  18 passed (18)
@urateam/dashboard:test:       Tests  245 passed (245)
@urateam/dashboard:test:    Start at  22:46:57
@urateam/dashboard:test:    Duration  45.92s (transform 4.14s, setup 0ms, collect 66.60s, tests 6.00s, environment 15ms, prepare 6.40s)
@urateam/dashboard:test: 
@urateam/core:test: {"level":30,"time":"2026-05-26T22:47:44.941Z","pid":39226,"hostname":"95cf947da62c","name":"urateam","component":"WebhookSharedHandlers","prUrl":"https://gitlab.com/org/repo/-/merge_requests/7","msg":"feedback run already in progress for this PR/MR — skipping"}
@urateam/core:test: {"level":30,"time":"2026-05-26T22:47:44.948Z","pid":39226,"hostname":"95cf947da62c","name":"urateam","component":"WebhookSharedHandlers","runId":"run-abc123","url":"https://gitlab.com/org/repo/-/merge_requests/7","msg":"merged-event: updated pipeline run auto_merged=true"}
@urateam/core:test: {"level":30,"time":"2026-05-26T22:47:44.959Z","pid":39226,"hostname":"95cf947da62c","name":"urateam","component":"WebhookSharedHandlers","runId":"run-abc123","url":"https://gitlab.com/org/repo/-/merge_requests/7","msg":"merged-event: updated pipeline run auto_merged=true"}
@urateam/core:test:  ✓ src/__tests__/gitlab-webhook.test.ts (23 tests) 258ms
@urateam/core:test: {"level":40,"time":"2026-05-26T22:47:45.100Z","pid":39154,"hostname":"95cf947da62c","name":"urateam","component":"PipelineRunner","runId":"AL-p_-Ruynjy-QCfgoUZO","issueId":"BEC-252-a","priorStatus":"running","worktreeExists":true,"transcriptOnDisk":true,"lastStage":"implement","msg":"restart-interrupted run is retriable — marking for auto-resume"}
@urateam/core:test: {"level":40,"time":"2026-05-26T22:47:45.198Z","pid":39154,"hostname":"95cf947da62c","name":"urateam","component":"PipelineRunner","runId":"Fqrrt8aGkKPa_NAlQmdDH","issueId":"BEC-252-b","priorStatus":"running","worktreeExists":false,"transcriptOnDisk":false,"lastStage":"implement","isNonIdempotent":false,"msg":"recovering stuck pipeline run from previous restart"}
@urateam/core:test: {"level":40,"time":"2026-05-26T22:47:45.289Z","pid":39154,"hostname":"95cf947da62c","name":"urateam","component":"PipelineRunner","runId":"KNrttnSnJlFbQCCVd_rwT","issueId":"BEC-252-c","priorStatus":"running","worktreeExists":true,"transcriptOnDisk":false,"lastStage":"implement","isNonIdempotent":false,"msg":"recovering stuck pipeline run from previous restart"}
@urateam/core:test: {"level":40,"time":"2026-05-26T22:47:45.351Z","pid":39154,"hostname":"95cf947da62c","name":"urateam","component":"PipelineRunner","runId":"0FdtFw_f7EXftbph31mZ9","issueId":"BEC-252-d","priorStatus":"running","worktreeExists":true,"transcriptOnDisk":true,"lastStage":"push","isNonIdempotent":true,"msg":"recovering stuck pipeline run from previous restart"}
@urateam/core:test: {"level":40,"time":"2026-05-26T22:47:45.461Z","pid":39154,"hostname":"95cf947da62c","name":"urateam","component":"PipelineRunner","runId":"fGss8lx-Tl0IvDGwfLtRR","issueId":"BEC-252-d2","priorStatus":"running","worktreeExists":true,"transcriptOnDisk":true,"lastStage":"await-approval","isNonIdempotent":true,"msg":"recovering stuck pipeline run from previous restart"}
@urateam/core:test: {"level":30,"time":"2026-05-26T22:47:45.493Z","pid":39154,"hostname":"95cf947da62c","name":"urateam","component":"PmAgent:recover","runId":"SMXiL9Ngz3f5NA8r3lDDR","issueId":"BEC-252-e","retryCount":0,"isRestartInterrupt":true,"msg":"retriable run requeued for resume"}
@urateam/core:test: {"level":30,"time":"2026-05-26T22:47:45.531Z","pid":39154,"hostname":"95cf947da62c","name":"urateam","component":"PmAgent:recover","runId":"C0DmG_7GUU7ahDZmYkw-g","issueId":"BEC-252-e2","retryCount":0,"isRestartInterrupt":false,"msg":"retriable run requeued for resume"}
@urateam/core:test: {"level":40,"time":"2026-05-26T22:47:45.567Z","pid":39154,"hostname":"95cf947da62c","name":"urateam","component":"PmAgent:recover","runId":"W0nUoGzMMe9YIUdx5y3JN","issueId":"BEC-252-e3","retryCount":3,"msg":"retriable run exhausted max retries — marking as failed"}
@urateam/core:test:  ✓ src/__tests__/runner-restart-recovery.test.ts (8 tests) 563ms
@urateam/cli:test:  ✓ src/__tests__/sso-bootstrap.test.ts (6 tests) 5456ms
@urateam/cli:test:    ✓ bootstrapSsoFromEnv > returns sso config + workos client when all env vars are present  5409ms
@urateam/cli:test:  ✓ src/__tests__/config.test.ts (5 tests) 141ms
@urateam/cli:test:  ✓ src/__tests__/repo-plugins-from-env.test.ts (9 tests) 58ms
@urateam/core:test: {"level":30,"time":"2026-05-26T22:47:48.050Z","pid":39488,"hostname":"95cf947da62c","name":"urateam","component":"WebhookSharedHandlers","prUrl":"https://bitbucket.org/myworkspace/myrepo/pull-requests/7","msg":"feedback run already in progress for this PR/MR — skipping"}
@urateam/core:test: {"level":30,"time":"2026-05-26T22:47:48.066Z","pid":39488,"hostname":"95cf947da62c","name":"urateam","component":"WebhookSharedHandlers","runId":"run-abc123","url":"https://bitbucket.org/myworkspace/myrepo/pull-requests/7","msg":"merged-event: updated pipeline run auto_merged=true"}
@urateam/core:test: {"level":30,"time":"2026-05-26T22:47:48.067Z","pid":39488,"hostname":"95cf947da62c","name":"urateam","component":"WebhookSharedHandlers","runId":"run-abc123","url":"https://bitbucket.org/myworkspace/myrepo/pull-requests/7","msg":"merged-event: updated pipeline run auto_merged=true"}
@urateam/core:test:  ✓ src/__tests__/bitbucket-webhook.test.ts (20 tests) 198ms
@urateam/cli:test:  ✓ src/__tests__/env-file.test.ts (8 tests) 58ms
@urateam/cli:test:  ✓ src/__tests__/user-level-config.test.ts (7 tests) 81ms
@urateam/cli:test:  ✓ src/__tests__/service-unit.test.ts (14 tests) 32ms
@urateam/core:test: {"level":30,"time":"2026-05-26T22:47:50.073Z","pid":39544,"hostname":"95cf947da62c","name":"urateam","component":"PmAgent:slack-interface","slashCommand":"/release","commandText":"approve","msg":"received Slack slash command"}
@urateam/core:test:  ✓ src/__tests__/release-manager-slack-handler.test.ts (17 tests) 465ms
@urateam/cli:test: stdout | src/__tests__/init.test.ts > ura init > creates config.json, data/, repos/ under URATEAM_HOME
@urateam/cli:test: ura init: created /tmp/ura-init-PHbNBh
@urateam/cli:test: Next: ura repo add <url>
@urateam/cli:test: 
@urateam/cli:test: stdout | src/__tests__/init.test.ts > ura init > seeds config.json with version=1 and an empty repos array
@urateam/cli:test: ura init: created /tmp/ura-init-pCJcnh
@urateam/cli:test: Next: ura repo add <url>
@urateam/cli:test: 
@urateam/cli:test: stdout | src/__tests__/init.test.ts > ura init > is idempotent: re-running does not overwrite an existing config
@urateam/cli:test: ura init: created /tmp/ura-init-DDPJJi
@urateam/cli:test: Next: ura repo add <url>
@urateam/cli:test: 
@urateam/cli:test: stdout | src/__tests__/init.test.ts > ura init > is idempotent: re-running does not overwrite an existing config
@urateam/cli:test: ura init: /tmp/ura-init-DDPJJi/config.json already exists — leaving it untouched.
@urateam/cli:test: 
@urateam/cli:test:  ✓ src/__tests__/init.test.ts (4 tests) 128ms
@urateam/cli:test: stdout | src/__tests__/uninstall.test.ts > ura uninstall > removes URATEAM_HOME when --yes is passed
@urateam/cli:test: ura uninstall: removed /tmp/ura-uninst-hCmckm.
@urateam/cli:test: Also run: npm uninstall -g @urateam/cli
@urateam/cli:test: 
@urateam/cli:test: stdout | src/__tests__/uninstall.test.ts > ura uninstall > is a no-op when URATEAM_HOME does not exist
@urateam/cli:test: ura uninstall: /tmp/ura-uninst-Komhin does not exist — nothing to remove.
@urateam/cli:test: 
@urateam/cli:test:  ✓ src/__tests__/uninstall.test.ts (4 tests) 57ms
@urateam/cli:test:  ✓ src/__tests__/oauth-state.test.ts (6 tests) 25ms
@urateam/core:test: {"level":30,"time":"2026-05-26T22:47:52.709Z","pid":39671,"hostname":"95cf947da62c","name":"urateam","component":"PipelineRunner","issueId":"BEC250-1","pipeline":"auto-implement","msg":"start() called"}
@urateam/core:test: {"level":30,"time":"2026-05-26T22:47:52.715Z","pid":39671,"hostname":"95cf947da62c","name":"urateam","component":"PipelineRunner","runId":"28mb8aqtTk3MceDSPnw5X","issueId":"BEC250-1","branch":"agent/BEC250-1-undefined","msg":"inserting run into DB"}
@urateam/core:test: {"level":30,"time":"2026-05-26T22:47:52.731Z","pid":39671,"hostname":"95cf947da62c","name":"urateam","component":"PipelineRunner","runId":"28mb8aqtTk3MceDSPnw5X","issueId":"BEC250-1","branch":"agent/BEC250-1-undefined","msg":"run queued"}
@urateam/core:test: {"level":30,"time":"2026-05-26T22:47:52.738Z","pid":39671,"hostname":"95cf947da62c","name":"urateam","component":"PipelineRunner","runId":"28mb8aqtTk3MceDSPnw5X","issueId":"BEC250-1","msg":"executing pipeline"}
@urateam/core:test: {"level":30,"time":"2026-05-26T22:47:52.775Z","pid":39671,"hostname":"95cf947da62c","name":"urateam","component":"PipelineRunner","runId":"28mb8aqtTk3MceDSPnw5X","issueId":"BEC250-1","msg":"notifying pipeline start"}
@urateam/core:test: {"level":30,"time":"2026-05-26T22:47:52.781Z","pid":39671,"hostname":"95cf947da62c","name":"urateam","component":"PipelineRunner","runId":"28mb8aqtTk3MceDSPnw5X","issueId":"BEC250-1","repoUrl":"https://github.com/test/test-repo.git","repoDir":"/tmp/bec250-repos/undefined","msg":"cloning repository"}
@urateam/core:test: {"level":30,"time":"2026-05-26T22:47:52.781Z","pid":39671,"hostname":"95cf947da62c","name":"urateam","component":"PipelineRunner","runId":"28mb8aqtTk3MceDSPnw5X","issueId":"BEC250-1","msg":"clone complete, creating worktree"}
@urateam/core:test: {"level":30,"time":"2026-05-26T22:47:52.782Z","pid":39671,"hostname":"95cf947da62c","name":"urateam","component":"license","tier":"pro","customerId":"cust_test","expiresAt":"2026-05-27T22:47:52.000Z","msg":"license key validated"}
@urateam/core:test: {"level":30,"time":"2026-05-26T22:47:52.787Z","pid":39671,"hostname":"95cf947da62c","name":"urateam","component":"PipelineRunner","runId":"28mb8aqtTk3MceDSPnw5X","issueId":"BEC250-1","worktreePath":"/tmp/bec250-worktree","msg":"worktree created"}
@urateam/core:test: {"level":40,"time":"2026-05-26T22:47:52.791Z","pid":39671,"hostname":"95cf947da62c","name":"urateam","component":"PipelineRunner","err":{"type":"Error","message":"ENOENT: no such file or directory, open '/tmp/bec250-worktree/CLAUDE.md'","stack":"Error: ENOENT: no such file or directory, open '/tmp/bec250-worktree/CLAUDE.md'\n    at open (node:internal/fs/promises:639:25)\n    at writeFile (node:internal/fs/promises:1219:14)\n    at PipelineRunner.injectAgentConfig (/home/ura/data/runs/B7TEaqaYubzZqR2vcvyha/worktree/packages/core/src/pipeline/runner.ts:857:7)\n    at PipelineRunner.executePipeline (/home/ura/data/runs/B7TEaqaYubzZqR2vcvyha/worktree/packages/core/src/pipeline/runner.ts:1014:9)\n    at /home/ura/data/runs/B7TEaqaYubzZqR2vcvyha/worktree/packages/core/src/pipeline/runner.ts:409:9\n    at Object.enqueue (/home/ura/data/runs/B7TEaqaYubzZqR2vcvyha/worktree/packages/core/src/pipeline/queue.ts:33:16)","errno":-2,"code":"ENOENT","syscall":"open","path":"/tmp/bec250-worktree/CLAUDE.md"},"msg":"failed to inject CLAUDE.md — agent will run without it"}
@urateam/core:test: {"level":30,"time":"2026-05-26T22:47:52.834Z","pid":39671,"hostname":"95cf947da62c","name":"urateam","component":"PipelineRunner","runId":"28mb8aqtTk3MceDSPnw5X","issueId":"BEC250-1","languages":["typescript"],"frameworks":[],"buildSystems":["pnpm"],"msg":"tech stack detected"}
@urateam/core:test: {"level":30,"time":"2026-05-26T22:47:52.835Z","pid":39671,"hostname":"95cf947da62c","name":"urateam","component":"PipelineRunner","runId":"28mb8aqtTk3MceDSPnw5X","issueId":"BEC250-1","stages":["implement"],"msg":"starting pipeline stages"}
@urateam/core:test: {"level":30,"time":"2026-05-26T22:47:52.835Z","pid":39671,"hostname":"95cf947da62c","name":"urateam","component":"PipelineRunner","runId":"28mb8aqtTk3MceDSPnw5X","issueId":"BEC250-1","stage":"implement","msg":"executing stage"}
@urateam/cli:test:  ✓ src/__tests__/version.test.ts (2 tests) 10ms
@urateam/core:test: {"level":30,"time":"2026-05-26T22:47:52.920Z","pid":39671,"hostname":"95cf947da62c","name":"urateam","component":"PmAgent:sweep-orphan-stage-runs","count":1,"msg":"BEC-250: cancelled orphan stage_runs with terminal parent"}
@urateam/core:test: {"level":30,"time":"2026-05-26T22:47:52.944Z","pid":39671,"hostname":"95cf947da62c","name":"urateam","component":"PmAgent:sweep-orphan-stage-runs","count":1,"msg":"BEC-250: cancelled orphan stage_runs with terminal parent"}
@urateam/core:test: {"level":30,"time":"2026-05-26T22:47:52.978Z","pid":39671,"hostname":"95cf947da62c","name":"urateam","component":"PmAgent:sweep-orphan-stage-runs","count":1,"msg":"BEC-250: cancelled orphan stage_runs with terminal parent"}
@urateam/core:test: {"level":30,"time":"2026-05-26T22:47:53.005Z","pid":39671,"hostname":"95cf947da62c","name":"urateam","component":"PmAgent:sweep-orphan-stage-runs","count":1,"msg":"BEC-250: deleted orphan stage_runs with missing parent"}
@urateam/core:test: {"level":30,"time":"2026-05-26T22:47:53.117Z","pid":39671,"hostname":"95cf947da62c","name":"urateam","component":"PmAgent:sweep-orphan-stage-runs","count":3,"msg":"BEC-250: cancelled orphan stage_runs with terminal parent"}
@urateam/core:test: {"level":30,"time":"2026-05-26T22:47:53.163Z","pid":39671,"hostname":"95cf947da62c","name":"urateam","component":"PmAgent:sweep-orphan-stage-runs","count":1,"msg":"BEC-250: cancelled orphan stage_runs with terminal parent"}
@urateam/core:test:  ✓ src/__tests__/bec-250-orphan-stage-runs.test.ts (9 tests) 538ms
@urateam/core:test:  ✓ src/__tests__/recover-stuck-bec184.test.ts (7 tests) 49ms
@urateam/cli:test: {"level":30,"time":"2026-05-26T22:47:55.609Z","pid":39906,"hostname":"95cf947da62c","name":"urateam","component":"license","tier":"enterprise","customerId":"cust_test","expiresAt":"2026-05-27T22:47:55.000Z","msg":"license key validated"}
@urateam/cli:test: {"level":30,"time":"2026-05-26T22:47:55.677Z","pid":39906,"hostname":"95cf947da62c","name":"urateam","component":"license","tier":"enterprise","customerId":"cust_test","expiresAt":"2026-05-27T22:47:55.000Z","msg":"license key validated"}
@urateam/cli:test: {"level":30,"time":"2026-05-26T22:47:55.719Z","pid":39906,"hostname":"95cf947da62c","name":"urateam","component":"license","tier":"enterprise","customerId":"cust_test","expiresAt":"2026-05-27T22:47:55.000Z","msg":"license key validated"}
@urateam/cli:test: {"level":30,"time":"2026-05-26T22:47:55.748Z","pid":39906,"hostname":"95cf947da62c","name":"urateam","component":"license","tier":"enterprise","customerId":"cust_test","expiresAt":"2026-05-27T22:47:55.000Z","msg":"license key validated"}
@urateam/cli:test: {"level":30,"time":"2026-05-26T22:47:55.787Z","pid":39906,"hostname":"95cf947da62c","name":"urateam","component":"license","tier":"oss","msg":"no license key set — running in OSS mode"}
@urateam/cli:test:  ✓ src/__tests__/admin-commands.test.ts (5 tests) 226ms
@urateam/cli:test: 
@urateam/cli:test:  Test Files  31 passed (31)
@urateam/cli:test:       Tests  310 passed (310)
@urateam/cli:test:    Start at  22:46:57
@urateam/cli:test:    Duration  58.34s (transform 4.72s, setup 0ms, collect 59.07s, tests 23.45s, environment 39ms, prepare 11.72s)
@urateam/cli:test: 
@urateam/core:test: {"level":30,"time":"2026-05-26T22:47:56.941Z","pid":40103,"hostname":"95cf947da62c","name":"urateam","component":"PipelineRunner","issueId":"MV-GL-1","pipeline":"auto-implement","msg":"start() called"}
@urateam/core:test: {"level":30,"time":"2026-05-26T22:47:56.952Z","pid":40103,"hostname":"95cf947da62c","name":"urateam","component":"PipelineRunner","runId":"l2vTMT4-70ktkSlnGZW2j","issueId":"MV-GL-1","branch":"agent/MV-GL-1-undefined","msg":"inserting run into DB"}
@urateam/core:test: {"level":30,"time":"2026-05-26T22:47:56.956Z","pid":40103,"hostname":"95cf947da62c","name":"urateam","component":"PipelineRunner","runId":"l2vTMT4-70ktkSlnGZW2j","issueId":"MV-GL-1","branch":"agent/MV-GL-1-undefined","msg":"run queued"}
@urateam/core:test: {"level":30,"time":"2026-05-26T22:47:56.959Z","pid":40103,"hostname":"95cf947da62c","name":"urateam","component":"PipelineRunner","runId":"l2vTMT4-70ktkSlnGZW2j","issueId":"MV-GL-1","msg":"executing pipeline"}
@urateam/core:test: {"level":30,"time":"2026-05-26T22:47:56.976Z","pid":40103,"hostname":"95cf947da62c","name":"urateam","component":"PipelineRunner","runId":"l2vTMT4-70ktkSlnGZW2j","issueId":"MV-GL-1","msg":"notifying pipeline start"}
@urateam/core:test: {"level":30,"time":"2026-05-26T22:47:56.979Z","pid":40103,"hostname":"95cf947da62c","name":"urateam","component":"PipelineRunner","runId":"l2vTMT4-70ktkSlnGZW2j","issueId":"MV-GL-1","repoUrl":"https://[redacted]@gitlab.com/myorg/myrepo.git","repoDir":"/tmp/multi-vcs-repos/undefined","msg":"cloning repository"}
@urateam/core:test: {"level":30,"time":"2026-05-26T22:47:56.979Z","pid":40103,"hostname":"95cf947da62c","name":"urateam","component":"PipelineRunner","runId":"l2vTMT4-70ktkSlnGZW2j","issueId":"MV-GL-1","msg":"clone complete, creating worktree"}
@urateam/core:test: {"level":30,"time":"2026-05-26T22:47:56.987Z","pid":40103,"hostname":"95cf947da62c","name":"urateam","component":"license","tier":"pro","customerId":"cust_test","expiresAt":"2026-05-27T22:47:56.000Z","msg":"license key validated"}
@urateam/core:test: {"level":30,"time":"2026-05-26T22:47:56.987Z","pid":40103,"hostname":"95cf947da62c","name":"urateam","component":"PipelineRunner","runId":"l2vTMT4-70ktkSlnGZW2j","issueId":"MV-GL-1","worktreePath":"/tmp/multi-vcs-worktree","msg":"worktree created"}
@urateam/core:test: {"level":40,"time":"2026-05-26T22:47:56.994Z","pid":40103,"hostname":"95cf947da62c","name":"urateam","component":"PipelineRunner","err":{"type":"Error","message":"ENOENT: no such file or directory, open '/tmp/multi-vcs-worktree/CLAUDE.md'","stack":"Error: ENOENT: no such file or directory, open '/tmp/multi-vcs-worktree/CLAUDE.md'\n    at open (node:internal/fs/promises:639:25)\n    at writeFile (node:internal/fs/promises:1219:14)\n    at PipelineRunner.injectAgentConfig (/home/ura/data/runs/B7TEaqaYubzZqR2vcvyha/worktree/packages/core/src/pipeline/runner.ts:857:7)\n    at PipelineRunner.executePipeline (/home/ura/data/runs/B7TEaqaYubzZqR2vcvyha/worktree/packages/core/src/pipeline/runner.ts:1014:9)\n    at /home/ura/data/runs/B7TEaqaYubzZqR2vcvyha/worktree/packages/core/src/pipeline/runner.ts:409:9\n    at Object.enqueue (/home/ura/data/runs/B7TEaqaYubzZqR2vcvyha/worktree/packages/core/src/pipeline/queue.ts:33:16)","errno":-2,"code":"ENOENT","syscall":"open","path":"/tmp/multi-vcs-worktree/CLAUDE.md"},"msg":"failed to inject CLAUDE.md — agent will run without it"}
@urateam/core:test: {"level":30,"time":"2026-05-26T22:47:57.029Z","pid":40103,"hostname":"95cf947da62c","name":"urateam","component":"PipelineRunner","runId":"l2vTMT4-70ktkSlnGZW2j","issueId":"MV-GL-1","languages":["typescript"],"frameworks":[],"buildSystems":["pnpm"],"msg":"tech stack detected"}
@urateam/core:test: {"level":30,"time":"2026-05-26T22:47:57.033Z","pid":40103,"hostname":"95cf947da62c","name":"urateam","component":"PipelineRunner","runId":"l2vTMT4-70ktkSlnGZW2j","issueId":"MV-GL-1","stages":["implement"],"msg":"starting pipeline stages"}
@urateam/core:test: {"level":30,"time":"2026-05-26T22:47:57.033Z","pid":40103,"hostname":"95cf947da62c","name":"urateam","component":"PipelineRunner","runId":"l2vTMT4-70ktkSlnGZW2j","issueId":"MV-GL-1","stage":"implement","msg":"executing stage"}
@urateam/core:test: {"level":30,"time":"2026-05-26T22:47:57.061Z","pid":40156,"hostname":"95cf947da62c","name":"urateam","component":"PipelineRunner","issueId":"RF-1","pipeline":"ralph-rf-test","msg":"start() called"}
@urateam/core:test: {"level":30,"time":"2026-05-26T22:47:57.066Z","pid":40103,"hostname":"95cf947da62c","name":"urateam","component":"PipelineRunner","runId":"l2vTMT4-70ktkSlnGZW2j","issueId":"MV-GL-1","msg":"typecheck-gate: passed"}
@urateam/core:test: {"level":30,"time":"2026-05-26T22:47:57.069Z","pid":40156,"hostname":"95cf947da62c","name":"urateam","component":"PipelineRunner","runId":"4BO6XCDbIhyAa_0poma7M","issueId":"RF-1","branch":"agent/RF-1-add-user-search","msg":"inserting run into DB"}
@urateam/core:test: {"level":30,"time":"2026-05-26T22:47:57.072Z","pid":40103,"hostname":"95cf947da62c","name":"urateam","component":"PipelineRunner","runId":"l2vTMT4-70ktkSlnGZW2j","issueId":"MV-GL-1","defaultBranch":"main","msg":"push queue: rebasing before push"}
@urateam/core:test: {"level":30,"time":"2026-05-26T22:47:57.074Z","pid":40103,"hostname":"95cf947da62c","name":"urateam","component":"PipelineRunner","runId":"l2vTMT4-70ktkSlnGZW2j","issueId":"MV-GL-1","prUrl":"https://gitlab.com/myorg/myrepo/-/merge_requests/42","msg":"MR created via GitLab API"}
@urateam/core:test: {"level":30,"time":"2026-05-26T22:47:57.077Z","pid":40103,"hostname":"95cf947da62c","name":"urateam","component":"PipelineRunner","runId":"l2vTMT4-70ktkSlnGZW2j","issueId":"MV-GL-1","prUrl":"https://gitlab.com/myorg/myrepo/-/merge_requests/42","autoMerged":false,"autoCommitted":false,"totalInputTokens":100,"totalOutputTokens":50,"msg":"pipeline completed"}
@urateam/core:test: {"level":30,"time":"2026-05-26T22:47:57.083Z","pid":40156,"hostname":"95cf947da62c","name":"urateam","component":"PipelineRunner","runId":"4BO6XCDbIhyAa_0poma7M","issueId":"RF-1","branch":"agent/RF-1-add-user-search","msg":"run queued"}
@urateam/core:test: {"level":30,"time":"2026-05-26T22:47:57.083Z","pid":40156,"hostname":"95cf947da62c","name":"urateam","component":"PipelineRunner","runId":"4BO6XCDbIhyAa_0poma7M","issueId":"RF-1","msg":"executing pipeline"}
@urateam/core:test: {"level":30,"time":"2026-05-26T22:47:57.114Z","pid":40156,"hostname":"95cf947da62c","name":"urateam","component":"PipelineRunner","runId":"4BO6XCDbIhyAa_0poma7M","issueId":"RF-1","msg":"notifying pipeline start"}
@urateam/core:test: {"level":30,"time":"2026-05-26T22:47:57.115Z","pid":40156,"hostname":"95cf947da62c","name":"urateam","component":"PipelineRunner","runId":"4BO6XCDbIhyAa_0poma7M","issueId":"RF-1","repoUrl":"https://github.com/test/test-repo.git","repoDir":"/tmp/ralph-rf-repos/add-user-search","msg":"cloning repository"}
@urateam/core:test: {"level":30,"time":"2026-05-26T22:47:57.115Z","pid":40156,"hostname":"95cf947da62c","name":"urateam","component":"PipelineRunner","runId":"4BO6XCDbIhyAa_0poma7M","issueId":"RF-1","msg":"clone complete, creating worktree"}
@urateam/core:test: {"level":30,"time":"2026-05-26T22:47:57.121Z","pid":40156,"hostname":"95cf947da62c","name":"urateam","component":"license","tier":"oss","msg":"no license key set — running in OSS mode"}
@urateam/core:test: {"level":30,"time":"2026-05-26T22:47:57.121Z","pid":40156,"hostname":"95cf947da62c","name":"urateam","component":"PipelineRunner","runId":"4BO6XCDbIhyAa_0poma7M","issueId":"RF-1","worktreePath":"/tmp/ralph-rf-test-worktree","msg":"worktree created"}
@urateam/core:test: {"level":30,"time":"2026-05-26T22:47:57.131Z","pid":40103,"hostname":"95cf947da62c","name":"urateam","component":"PipelineRunner","runId":"l2vTMT4-70ktkSlnGZW2j","issueId":"MV-GL-1","mrIid":42,"msg":"BEC-175: posted GitLab MR cost summary"}
@urateam/core:test: {"level":30,"time":"2026-05-26T22:47:57.160Z","pid":40103,"hostname":"95cf947da62c","name":"urateam","component":"PipelineRunner","issueId":"MV-BB-1","pipeline":"auto-implement","msg":"start() called"}
@urateam/core:test: {"level":30,"time":"2026-05-26T22:47:57.162Z","pid":40103,"hostname":"95cf947da62c","name":"urateam","component":"PipelineRunner","runId":"EqYQLF3zD-OcWnsdMpXhw","issueId":"MV-BB-1","branch":"agent/MV-BB-1-undefined","msg":"inserting run into DB"}
@urateam/core:test: {"level":30,"time":"2026-05-26T22:47:57.164Z","pid":40103,"hostname":"95cf947da62c","name":"urateam","component":"PipelineRunner","runId":"EqYQLF3zD-OcWnsdMpXhw","issueId":"MV-BB-1","branch":"agent/MV-BB-1-undefined","msg":"run queued"}
@urateam/core:test: {"level":30,"time":"2026-05-26T22:47:57.164Z","pid":40103,"hostname":"95cf947da62c","name":"urateam","component":"PipelineRunner","runId":"EqYQLF3zD-OcWnsdMpXhw","issueId":"MV-BB-1","msg":"executing pipeline"}
@urateam/core:test: {"level":30,"time":"2026-05-26T22:47:57.165Z","pid":40103,"hostname":"95cf947da62c","name":"urateam","component":"PipelineRunner","runId":"EqYQLF3zD-OcWnsdMpXhw","issueId":"MV-BB-1","msg":"notifying pipeline start"}
@urateam/core:test: {"level":30,"time":"2026-05-26T22:47:57.165Z","pid":40103,"hostname":"95cf947da62c","name":"urateam","component":"PipelineRunner","runId":"EqYQLF3zD-OcWnsdMpXhw","issueId":"MV-BB-1","repoUrl":"https://[redacted]@bitbucket.org/myws/myrepo.git","repoDir":"/tmp/multi-vcs-repos/undefined","msg":"cloning repository"}
@urateam/core:test: {"level":30,"time":"2026-05-26T22:47:57.165Z","pid":40103,"hostname":"95cf947da62c","name":"urateam","component":"PipelineRunner","runId":"EqYQLF3zD-OcWnsdMpXhw","issueId":"MV-BB-1","msg":"clone complete, creating worktree"}
@urateam/core:test: {"level":40,"time":"2026-05-26T22:47:57.126Z","pid":40156,"hostname":"95cf947da62c","name":"urateam","component":"PipelineRunner","err":{"type":"Error","message":"ENOENT: no such file or directory, open '/tmp/ralph-rf-test-worktree/CLAUDE.md'","stack":"Error: ENOENT: no such file or directory, open '/tmp/ralph-rf-test-worktree/CLAUDE.md'\n    at open (node:internal/fs/promises:639:25)\n    at writeFile (node:internal/fs/promises:1219:14)\n    at PipelineRunner.injectAgentConfig (/home/ura/data/runs/B7TEaqaYubzZqR2vcvyha/worktree/packages/core/src/pipeline/runner.ts:857:7)\n    at PipelineRunner.executePipeline (/home/ura/data/runs/B7TEaqaYubzZqR2vcvyha/worktree/packages/core/src/pipeline/runner.ts:1014:9)\n    at /home/ura/data/runs/B7TEaqaYubzZqR2vcvyha/worktree/packages/core/src/pipeline/runner.ts:409:9\n    at Object.enqueue (/home/ura/data/runs/B7TEaqaYubzZqR2vcvyha/worktree/packages/core/src/pipeline/queue.ts:33:16)","errno":-2,"code":"ENOENT","syscall":"open","path":"/tmp/ralph-rf-test-worktree/CLAUDE.md"},"msg":"failed to inject CLAUDE.md — agent will run without it"}
@urateam/core:test: {"level":30,"time":"2026-05-26T22:47:57.170Z","pid":40156,"hostname":"95cf947da62c","name":"urateam","component":"PipelineRunner","runId":"4BO6XCDbIhyAa_0poma7M","issueId":"RF-1","languages":["typescript"],"frameworks":[],"buildSystems":["pnpm"],"msg":"tech stack detected"}
@urateam/core:test: {"level":30,"time":"2026-05-26T22:47:57.170Z","pid":40103,"hostname":"95cf947da62c","name":"urateam","component":"license","tier":"pro","customerId":"cust_test","expiresAt":"2026-05-27T22:47:57.000Z","msg":"license key validated"}
@urateam/core:test: {"level":30,"time":"2026-05-26T22:47:57.170Z","pid":40103,"hostname":"95cf947da62c","name":"urateam","component":"PipelineRunner","runId":"EqYQLF3zD-OcWnsdMpXhw","issueId":"MV-BB-1","worktreePath":"/tmp/multi-vcs-worktree","msg":"worktree created"}
@urateam/core:test: {"level":30,"time":"2026-05-26T22:47:57.170Z","pid":40156,"hostname":"95cf947da62c","name":"urateam","component":"PipelineRunner","runId":"4BO6XCDbIhyAa_0poma7M","issueId":"RF-1","stages":["implement","review"],"msg":"starting pipeline stages"}
@urateam/core:test: {"level":30,"time":"2026-05-26T22:47:57.170Z","pid":40156,"hostname":"95cf947da62c","name":"urateam","component":"PipelineRunner","runId":"4BO6XCDbIhyAa_0poma7M","issueId":"RF-1","stage":"implement","msg":"executing stage"}
@urateam/core:test: {"level":40,"time":"2026-05-26T22:47:57.173Z","pid":40103,"hostname":"95cf947da62c","name":"urateam","component":"PipelineRunner","err":{"type":"Error","message":"ENOENT: no such file or directory, open '/tmp/multi-vcs-worktree/CLAUDE.md'","stack":"Error: ENOENT: no such file or directory, open '/tmp/multi-vcs-worktree/CLAUDE.md'\n    at open (node:internal/fs/promises:639:25)\n    at writeFile (node:internal/fs/promises:1219:14)\n    at PipelineRunner.injectAgentConfig (/home/ura/data/runs/B7TEaqaYubzZqR2vcvyha/worktree/packages/core/src/pipeline/runner.ts:857:7)\n    at PipelineRunner.executePipeline (/home/ura/data/runs/B7TEaqaYubzZqR2vcvyha/worktree/packages/core/src/pipeline/runner.ts:1014:9)\n    at /home/ura/data/runs/B7TEaqaYubzZqR2vcvyha/worktree/packages/core/src/pipeline/runner.ts:409:9\n    at Object.enqueue (/home/ura/data/runs/B7TEaqaYubzZqR2vcvyha/worktree/packages/core/src/pipeline/queue.ts:33:16)","errno":-2,"code":"ENOENT","syscall":"open","path":"/tmp/multi-vcs-worktree/CLAUDE.md"},"msg":"failed to inject CLAUDE.md — agent will run without it"}
@urateam/core:test: {"level":30,"time":"2026-05-26T22:47:57.173Z","pid":40103,"hostname":"95cf947da62c","name":"urateam","component":"PipelineRunner","runId":"EqYQLF3zD-OcWnsdMpXhw","issueId":"MV-BB-1","languages":["typescript"],"frameworks":[],"buildSystems":["pnpm"],"msg":"tech stack detected"}
@urateam/core:test: {"level":30,"time":"2026-05-26T22:47:57.174Z","pid":40103,"hostname":"95cf947da62c","name":"urateam","component":"PipelineRunner","runId":"EqYQLF3zD-OcWnsdMpXhw","issueId":"MV-BB-1","stages":["implement"],"msg":"starting pipeline stages"}
@urateam/core:test: {"level":30,"time":"2026-05-26T22:47:57.174Z","pid":40103,"hostname":"95cf947da62c","name":"urateam","component":"PipelineRunner","runId":"EqYQLF3zD-OcWnsdMpXhw","issueId":"MV-BB-1","stage":"implement","msg":"executing stage"}
@urateam/core:test: {"level":30,"time":"2026-05-26T22:47:57.178Z","pid":40103,"hostname":"95cf947da62c","name":"urateam","component":"PipelineRunner","runId":"EqYQLF3zD-OcWnsdMpXhw","issueId":"MV-BB-1","msg":"typecheck-gate: passed"}
@urateam/core:test: {"level":30,"time":"2026-05-26T22:47:57.178Z","pid":40103,"hostname":"95cf947da62c","name":"urateam","component":"PipelineRunner","runId":"EqYQLF3zD-OcWnsdMpXhw","issueId":"MV-BB-1","defaultBranch":"main","msg":"push queue: rebasing before push"}
@urateam/core:test: {"level":30,"time":"2026-05-26T22:47:57.181Z","pid":40103,"hostname":"95cf947da62c","name":"urateam","component":"PipelineRunner","runId":"EqYQLF3zD-OcWnsdMpXhw","issueId":"MV-BB-1","prUrl":"https://bitbucket.org/myws/myrepo/pull-requests/42","msg":"PR created via Bitbucket API"}
@urateam/core:test: {"level":30,"time":"2026-05-26T22:47:57.182Z","pid":40103,"hostname":"95cf947da62c","name":"urateam","component":"PipelineRunner","runId":"EqYQLF3zD-OcWnsdMpXhw","issueId":"MV-BB-1","prUrl":"https://bitbucket.org/myws/myrepo/pull-requests/42","autoMerged":false,"autoCommitted":false,"totalInputTokens":100,"totalOutputTokens":50,"msg":"pipeline completed"}
@urateam/core:test: {"level":30,"time":"2026-05-26T22:47:57.182Z","pid":40156,"hostname":"95cf947da62c","name":"urateam","component":"PipelineRunner","runId":"4BO6XCDbIhyAa_0poma7M","issueId":"RF-1","iteration":1,"maxIterations":1,"msg":"RALPH: checking requirements"}
@urateam/core:test: {"level":30,"time":"2026-05-26T22:47:57.182Z","pid":40156,"hostname":"95cf947da62c","name":"urateam","component":"PipelineRunner","runId":"4BO6XCDbIhyAa_0poma7M","issueId":"RF-1","iteration":1,"msg":"RALPH: all requirements satisfied"}
@urateam/core:test: {"level":30,"time":"2026-05-26T22:47:57.183Z","pid":40156,"hostname":"95cf947da62c","name":"urateam","component":"PipelineRunner","runId":"4BO6XCDbIhyAa_0poma7M","issueId":"RF-1","stage":"review","msg":"executing stage"}
@urateam/core:test: {"level":30,"time":"2026-05-26T22:47:57.188Z","pid":40103,"hostname":"95cf947da62c","name":"urateam","component":"PipelineRunner","runId":"EqYQLF3zD-OcWnsdMpXhw","issueId":"MV-BB-1","prId":42,"msg":"BEC-175: posted Bitbucket PR cost summary"}
@urateam/core:test: {"level":30,"time":"2026-05-26T22:47:57.190Z","pid":40156,"hostname":"95cf947da62c","name":"urateam","component":"PipelineRunner","runId":"4BO6XCDbIhyAa_0poma7M","issueId":"RF-1","rfIteration":1,"maxIterations":1,"blockingFindings":1,"msg":"review-fix loop: re-running stages to address blocking findings"}
@urateam/core:test: {"level":30,"time":"2026-05-26T22:47:57.190Z","pid":40156,"hostname":"95cf947da62c","name":"urateam","component":"PipelineRunner","runId":"4BO6XCDbIhyAa_0poma7M","issueId":"RF-1","stage":"implement","rfIteration":1,"msg":"review-fix: executing stage"}
@urateam/core:test:  ✓ src/__tests__/runner-multi-vcs.test.ts (2 tests) 304ms
@urateam/core:test: {"level":30,"time":"2026-05-26T22:47:57.204Z","pid":40156,"hostname":"95cf947da62c","name":"urateam","component":"PipelineRunner","runId":"4BO6XCDbIhyAa_0poma7M","issueId":"RF-1","rfIteration":1,"msg":"RALPH: re-checking requirements after review-fix implement"}
@urateam/core:test: {"level":40,"time":"2026-05-26T22:47:57.205Z","pid":40156,"hostname":"95cf947da62c","name":"urateam","component":"PipelineRunner","runId":"4BO6XCDbIhyAa_0poma7M","issueId":"RF-1","rfIteration":1,"gaps":1,"msg":"RALPH: requirements NOT satisfied after review-fix implement — PR may be created as draft"}
@urateam/core:test: {"level":30,"time":"2026-05-26T22:47:57.205Z","pid":40156,"hostname":"95cf947da62c","name":"urateam","component":"PipelineRunner","runId":"4BO6XCDbIhyAa_0poma7M","issueId":"RF-1","stage":"review","rfIteration":1,"msg":"review-fix: executing stage"}
@urateam/core:test: {"level":30,"time":"2026-05-26T22:47:57.212Z","pid":40156,"hostname":"95cf947da62c","name":"urateam","component":"PipelineRunner","runId":"4BO6XCDbIhyAa_0poma7M","issueId":"RF-1","rfIteration":1,"msg":"review-fix loop: all blocking findings resolved"}
@urateam/core:test: {"level":40,"time":"2026-05-26T22:47:57.233Z","pid":40156,"hostname":"95cf947da62c","name":"urateam","component":"PipelineRunner","runId":"4BO6XCDbIhyAa_0poma7M","issueId":"RF-1","excerpt":[],"outputPrefix":"","msg":"typecheck-gate: non-zero exit with no parseable TS errors — treating as setup issue and continuing"}
@urateam/core:test: {"level":30,"time":"2026-05-26T22:47:57.240Z","pid":40156,"hostname":"95cf947da62c","name":"urateam","component":"PipelineRunner","runId":"4BO6XCDbIhyAa_0poma7M","issueId":"RF-1","defaultBranch":"main","msg":"push queue: rebasing before push"}
@urateam/core:test: {"level":30,"time":"2026-05-26T22:47:57.243Z","pid":40156,"hostname":"95cf947da62c","name":"urateam","component":"PipelineRunner","runId":"4BO6XCDbIhyAa_0poma7M","issueId":"RF-1","msg":"creating PR via gh CLI"}
@urateam/core:test: {"level":30,"time":"2026-05-26T22:47:57.250Z","pid":40156,"hostname":"95cf947da62c","name":"urateam","component":"PipelineRunner","runId":"4BO6XCDbIhyAa_0poma7M","issueId":"RF-1","prUrl":"https://github.com/test/repo/pull/99","msg":"PR created"}
@urateam/core:test: {"level":30,"time":"2026-05-26T22:47:57.250Z","pid":40156,"hostname":"95cf947da62c","name":"urateam","component":"PipelineRunner","runId":"4BO6XCDbIhyAa_0poma7M","issueId":"RF-1","prUrl":"https://github.com/test/repo/pull/99","msg":"draft PR: adding review comments with gaps and next steps"}
@urateam/core:test: {"level":50,"time":"2026-05-26T22:47:57.257Z","pid":40156,"hostname":"95cf947da62c","name":"urateam","component":"PipelineRunner","runId":"4BO6XCDbIhyAa_0poma7M","issueId":"RF-1","err":"spawn gh ENOENT","prUrl":"https://github.com/test/repo/pull/99","msg":"draft PR: failed to add gap comment"}
@urateam/core:test: {"level":30,"time":"2026-05-26T22:47:57.260Z","pid":40156,"hostname":"95cf947da62c","name":"urateam","component":"PipelineRunner","runId":"4BO6XCDbIhyAa_0poma7M","issueId":"RF-1","prUrl":"https://github.com/test/repo/pull/99","autoMerged":false,"autoCommitted":false,"totalInputTokens":400,"totalOutputTokens":200,"msg":"pipeline completed"}
@urateam/core:test: {"level":30,"time":"2026-05-26T22:47:57.289Z","pid":40156,"hostname":"95cf947da62c","name":"urateam","component":"PipelineRunner","issueId":"RF-2","pipeline":"ralph-rf-test","msg":"start() called"}
@urateam/core:test: {"level":30,"time":"2026-05-26T22:47:57.289Z","pid":40156,"hostname":"95cf947da62c","name":"urateam","component":"PipelineRunner","runId":"HLvQ3UUx2tv9DuzWEXNo9","issueId":"RF-2","branch":"agent/RF-2-add-user-search","msg":"inserting run into DB"}
@urateam/core:test: {"level":30,"time":"2026-05-26T22:47:57.290Z","pid":40156,"hostname":"95cf947da62c","name":"urateam","component":"PipelineRunner","runId":"HLvQ3UUx2tv9DuzWEXNo9","issueId":"RF-2","branch":"agent/RF-2-add-user-search","msg":"run queued"}
@urateam/core:test: {"level":30,"time":"2026-05-26T22:47:57.290Z","pid":40156,"hostname":"95cf947da62c","name":"urateam","component":"PipelineRunner","runId":"HLvQ3UUx2tv9DuzWEXNo9","issueId":"RF-2","msg":"executing pipeline"}
@urateam/core:test: {"level":30,"time":"2026-05-26T22:47:57.291Z","pid":40156,"hostname":"95cf947da62c","name":"urateam","component":"PipelineRunner","runId":"HLvQ3UUx2tv9DuzWEXNo9","issueId":"RF-2","msg":"notifying pipeline start"}
@urateam/core:test: {"level":30,"time":"2026-05-26T22:47:57.294Z","pid":40156,"hostname":"95cf947da62c","name":"urateam","component":"PipelineRunner","runId":"HLvQ3UUx2tv9DuzWEXNo9","issueId":"RF-2","repoUrl":"https://github.com/test/test-repo.git","repoDir":"/tmp/ralph-rf-repos/add-user-search","msg":"cloning repository"}
@urateam/core:test: {"level":30,"time":"2026-05-26T22:47:57.294Z","pid":40156,"hostname":"95cf947da62c","name":"urateam","component":"PipelineRunner","runId":"HLvQ3UUx2tv9DuzWEXNo9","issueId":"RF-2","msg":"clone complete, creating worktree"}
@urateam/core:test: {"level":30,"time":"2026-05-26T22:47:57.294Z","pid":40156,"hostname":"95cf947da62c","name":"urateam","component":"PipelineRunner","runId":"HLvQ3UUx2tv9DuzWEXNo9","issueId":"RF-2","worktreePath":"/tmp/ralph-rf-test-worktree","msg":"worktree created"}
@urateam/core:test: {"level":40,"time":"2026-05-26T22:47:57.295Z","pid":40156,"hostname":"95cf947da62c","name":"urateam","component":"PipelineRunner","err":{"type":"Error","message":"ENOENT: no such file or directory, open '/tmp/ralph-rf-test-worktree/CLAUDE.md'","stack":"Error: ENOENT: no such file or directory, open '/tmp/ralph-rf-test-worktree/CLAUDE.md'\n    at open (node:internal/fs/promises:639:25)\n    at writeFile (node:internal/fs/promises:1219:14)\n    at PipelineRunner.injectAgentConfig (/home/ura/data/runs/B7TEaqaYubzZqR2vcvyha/worktree/packages/core/src/pipeline/runner.ts:857:7)\n    at PipelineRunner.executePipeline (/home/ura/data/runs/B7TEaqaYubzZqR2vcvyha/worktree/packages/core/src/pipeline/runner.ts:1014:9)\n    at /home/ura/data/runs/B7TEaqaYubzZqR2vcvyha/worktree/packages/core/src/pipeline/runner.ts:409:9\n    at Object.enqueue (/home/ura/data/runs/B7TEaqaYubzZqR2vcvyha/worktree/packages/core/src/pipeline/queue.ts:33:16)","errno":-2,"code":"ENOENT","syscall":"open","path":"/tmp/ralph-rf-test-worktree/CLAUDE.md"},"msg":"failed to inject CLAUDE.md — agent will run without it"}
@urateam/core:test: {"level":30,"time":"2026-05-26T22:47:57.297Z","pid":40156,"hostname":"95cf947da62c","name":"urateam","component":"PipelineRunner","runId":"HLvQ3UUx2tv9DuzWEXNo9","issueId":"RF-2","languages":["typescript"],"frameworks":[],"buildSystems":["pnpm"],"msg":"tech stack detected"}
@urateam/core:test: {"level":30,"time":"2026-05-26T22:47:57.298Z","pid":40156,"hostname":"95cf947da62c","name":"urateam","component":"PipelineRunner","runId":"HLvQ3UUx2tv9DuzWEXNo9","issueId":"RF-2","stages":["implement","review"],"msg":"starting pipeline stages"}
@urateam/core:test: {"level":30,"time":"2026-05-26T22:47:57.298Z","pid":40156,"hostname":"95cf947da62c","name":"urateam","component":"PipelineRunner","runId":"HLvQ3UUx2tv9DuzWEXNo9","issueId":"RF-2","stage":"implement","msg":"executing stage"}
@urateam/core:test: {"level":30,"time":"2026-05-26T22:47:57.301Z","pid":40156,"hostname":"95cf947da62c","name":"urateam","component":"PipelineRunner","runId":"HLvQ3UUx2tv9DuzWEXNo9","issueId":"RF-2","iteration":1,"maxIterations":1,"msg":"RALPH: checking requirements"}
@urateam/core:test: {"level":30,"time":"2026-05-26T22:47:57.301Z","pid":40156,"hostname":"95cf947da62c","name":"urateam","component":"PipelineRunner","runId":"HLvQ3UUx2tv9DuzWEXNo9","issueId":"RF-2","iteration":1,"msg":"RALPH: all requirements satisfied"}
@urateam/core:test: {"level":30,"time":"2026-05-26T22:47:57.301Z","pid":40156,"hostname":"95cf947da62c","name":"urateam","component":"PipelineRunner","runId":"HLvQ3UUx2tv9DuzWEXNo9","issueId":"RF-2","stage":"review","msg":"executing stage"}
@urateam/core:test: {"level":30,"time":"2026-05-26T22:47:57.306Z","pid":40156,"hostname":"95cf947da62c","name":"urateam","component":"PipelineRunner","runId":"HLvQ3UUx2tv9DuzWEXNo9","issueId":"RF-2","rfIteration":1,"maxIterations":1,"blockingFindings":1,"msg":"review-fix loop: re-running stages to address blocking findings"}
@urateam/core:test: {"level":30,"time":"2026-05-26T22:47:57.306Z","pid":40156,"hostname":"95cf947da62c","name":"urateam","component":"PipelineRunner","runId":"HLvQ3UUx2tv9DuzWEXNo9","issueId":"RF-2","stage":"implement","rfIteration":1,"msg":"review-fix: executing stage"}
@urateam/core:test: {"level":30,"time":"2026-05-26T22:47:57.310Z","pid":40156,"hostname":"95cf947da62c","name":"urateam","component":"PipelineRunner","runId":"HLvQ3UUx2tv9DuzWEXNo9","issueId":"RF-2","rfIteration":1,"msg":"RALPH: re-checking requirements after review-fix implement"}
@urateam/core:test: {"level":30,"time":"2026-05-26T22:47:57.310Z","pid":40156,"hostname":"95cf947da62c","name":"urateam","component":"PipelineRunner","runId":"HLvQ3UUx2tv9DuzWEXNo9","issueId":"RF-2","rfIteration":1,"msg":"RALPH: requirements satisfied after review-fix implement"}
@urateam/core:test: {"level":30,"time":"2026-05-26T22:47:57.310Z","pid":40156,"hostname":"95cf947da62c","name":"urateam","component":"PipelineRunner","runId":"HLvQ3UUx2tv9DuzWEXNo9","issueId":"RF-2","stage":"review","rfIteration":1,"msg":"review-fix: executing stage"}
@urateam/core:test: {"level":30,"time":"2026-05-26T22:47:57.314Z","pid":40156,"hostname":"95cf947da62c","name":"urateam","component":"PipelineRunner","runId":"HLvQ3UUx2tv9DuzWEXNo9","issueId":"RF-2","rfIteration":1,"msg":"review-fix loop: all blocking findings resolved"}
@urateam/core:test: {"level":40,"time":"2026-05-26T22:47:57.322Z","pid":40156,"hostname":"95cf947da62c","name":"urateam","component":"PipelineRunner","runId":"HLvQ3UUx2tv9DuzWEXNo9","issueId":"RF-2","excerpt":[],"outputPrefix":"","msg":"typecheck-gate: non-zero exit with no parseable TS errors — treating as setup issue and continuing"}
@urateam/core:test: {"level":30,"time":"2026-05-26T22:47:57.323Z","pid":40156,"hostname":"95cf947da62c","name":"urateam","component":"PipelineRunner","runId":"HLvQ3UUx2tv9DuzWEXNo9","issueId":"RF-2","defaultBranch":"main","msg":"push queue: rebasing before push"}
@urateam/core:test: {"level":30,"time":"2026-05-26T22:47:57.326Z","pid":40156,"hostname":"95cf947da62c","name":"urateam","component":"PipelineRunner","runId":"HLvQ3UUx2tv9DuzWEXNo9","issueId":"RF-2","msg":"creating PR via gh CLI"}
@urateam/core:test: {"level":30,"time":"2026-05-26T22:47:57.326Z","pid":40156,"hostname":"95cf947da62c","name":"urateam","component":"PipelineRunner","runId":"HLvQ3UUx2tv9DuzWEXNo9","issueId":"RF-2","prUrl":"https://github.com/test/repo/pull/99","msg":"PR created"}
@urateam/core:test: {"level":30,"time":"2026-05-26T22:47:57.327Z","pid":40156,"hostname":"95cf947da62c","name":"urateam","component":"PipelineRunner","runId":"HLvQ3UUx2tv9DuzWEXNo9","issueId":"RF-2","prUrl":"https://github.com/test/repo/pull/99","autoMerged":false,"autoCommitted":false,"totalInputTokens":400,"totalOutputTokens":200,"msg":"pipeline completed"}
@urateam/core:test:  ✓ src/__tests__/ralph-review-fix-regression.test.ts (2 tests) 346ms
@urateam/core:test: {"level":30,"time":"2026-05-26T22:47:58.129Z","pid":40413,"hostname":"95cf947da62c","name":"urateam","component":"git","runDir":"/tmp/laf-cleanup-bcKGfH/old-run","ageHours":48,"msg":"cleaned up stale worktree"}
@urateam/core:test: hint: Using 'master' as the name for the initial branch. This default branch name
@urateam/core:test: hint: will change to "main" in Git 3.0. To configure the initial branch name
@urateam/core:test: hint: to use in all of your new repositories, which will suppress this warning,
@urateam/core:test: hint: call:
@urateam/core:test: hint:
@urateam/core:test: hint: 	git config --global init.defaultBranch <name>
@urateam/core:test: hint:
@urateam/core:test: hint: Names commonly chosen instead of 'master' are 'main', 'trunk' and
@urateam/core:test: hint: 'development'. The just-created branch can be renamed via this command:
@urateam/core:test: hint:
@urateam/core:test: hint: 	git branch -m <name>
@urateam/core:test: hint:
@urateam/core:test: hint: Disable this message with "git config set advice.defaultBranchName false"
@urateam/core:test: Cloning into '/tmp/laf-work-CKbANI'...
@urateam/core:test: warning: You appear to have cloned an empty repository.
@urateam/core:test: done.
@urateam/core:test: To /tmp/laf-src-nleAlG
@urateam/core:test:  * [new branch]      master -> master
@urateam/core:test: {"level":30,"time":"2026-05-26T22:47:58.228Z","pid":40413,"hostname":"95cf947da62c","name":"urateam","component":"git","url":"/tmp/laf-src-nleAlG","dir":"/tmp/laf-clone-FDIElG/repo","msg":"cloning repository"}
@urateam/core:test: hint: Using 'master' as the name for the initial branch. This default branch name
@urateam/core:test: hint: will change to "main" in Git 3.0. To configure the initial branch name
@urateam/core:test: hint: to use in all of your new repositories, which will suppress this warning,
@urateam/core:test: hint: call:
@urateam/core:test: hint:
@urateam/core:test: hint: 	git config --global init.defaultBranch <name>
@urateam/core:test: hint:
@urateam/core:test: hint: Names commonly chosen instead of 'master' are 'main', 'trunk' and
@urateam/core:test: hint: 'development'. The just-created branch can be renamed via this command:
@urateam/core:test: hint:
@urateam/core:test: hint: 	git branch -m <name>
@urateam/core:test: hint:
@urateam/core:test: hint: Disable this message with "git config set advice.defaultBranchName false"
@urateam/core:test: Cloning into '/tmp/laf-rebase-clone-CjnfFO'...
@urateam/core:test: warning: You appear to have cloned an empty repository.
@urateam/core:test: done.
@urateam/core:test: To /tmp/laf-rebase-origin-albdFO
@urateam/core:test:  * [new branch]      main -> main
@urateam/core:test: Switched to a new branch 'feature'
@urateam/core:test: Cloning into '/tmp/laf-rebase-adv-LoDFcb'...
@urateam/core:test: done.
@urateam/core:test: Already on 'main'
@urateam/core:test: To /tmp/laf-rebase-origin-albdFO
@urateam/core:test:    a9d0558..d92b056  main -> main
@urateam/core:test: hint: Using 'master' as the name for the initial branch. This default branch name
@urateam/core:test: hint: will change to "main" in Git 3.0. To configure the initial branch name
@urateam/core:test: hint: to use in all of your new repositories, which will suppress this warning,
@urateam/core:test: hint: call:
@urateam/core:test: hint:
@urateam/core:test: hint: 	git config --global init.defaultBranch <name>
@urateam/core:test: hint:
@urateam/core:test: hint: Names commonly chosen instead of 'master' are 'main', 'trunk' and
@urateam/core:test: hint: 'development'. The just-created branch can be renamed via this command:
@urateam/core:test: hint:
@urateam/core:test: hint: 	git branch -m <name>
@urateam/core:test: hint:
@urateam/core:test: hint: Disable this message with "git config set advice.defaultBranchName false"
@urateam/core:test: Cloning into '/tmp/laf-rebase-clone-aINjnj'...
@urateam/core:test: warning: You appear to have cloned an empty repository.
@urateam/core:test: done.
@urateam/core:test: To /tmp/laf-rebase-origin-gaKfnj
@urateam/core:test:  * [new branch]      main -> main
@urateam/core:test: Switched to a new branch 'conflict-branch'
@urateam/core:test: Cloning into '/tmp/laf-rebase-adv-McaOko'...
@urateam/core:test: done.
@urateam/core:test: Already on 'main'
@urateam/core:test: To /tmp/laf-rebase-origin-gaKfnj
@urateam/core:test:    a9d0558..389a573  main -> main
@urateam/core:test: {"level":50,"time":"2026-05-26T22:47:59.062Z","pid":40413,"hostname":"95cf947da62c","name":"urateam","component":"git","args":["rebase","origin/main"],"cwd":"/tmp/laf-rebase-clone-aINjnj","stderr":"Rebasing (1/1)\rerror: could not apply d27049d... feature changes file.txt\nhint: Resolve all conflicts manually, mark them as resolved with\nhint: \"git add/rm <conflicted_files>\", then run \"git rebase -","msg":"git rebase failed"}
@urateam/core:test: {"level":40,"time":"2026-05-26T22:47:59.069Z","pid":40413,"hostname":"95cf947da62c","name":"urateam","component":"git","baseBranch":"main","msg":"rebase failed — conflicts detected"}
@urateam/core:test: hint: Using 'master' as the name for the initial branch. This default branch name
@urateam/core:test: hint: will change to "main" in Git 3.0. To configure the initial branch name
@urateam/core:test: hint: to use in all of your new repositories, which will suppress this warning,
@urateam/core:test: hint: call:
@urateam/core:test: hint:
@urateam/core:test: hint: 	git config --global init.defaultBranch <name>
@urateam/core:test: hint:
@urateam/core:test: hint: Names commonly chosen instead of 'master' are 'main', 'trunk' and
@urateam/core:test: hint: 'development'. The just-created branch can be renamed via this command:
@urateam/core:test: hint:
@urateam/core:test: hint: 	git branch -m <name>
@urateam/core:test: hint:
@urateam/core:test: hint: Disable this message with "git config set advice.defaultBranchName false"
@urateam/core:test: Cloning into '/tmp/laf-rebase-clone-dIHaDH'...
@urateam/core:test: warning: You appear to have cloned an empty repository.
@urateam/core:test: done.
@urateam/core:test: To /tmp/laf-rebase-origin-NCjNDH
@urateam/core:test:  * [new branch]      main -> main
@urateam/core:test: {"level":50,"time":"2026-05-26T22:47:59.223Z","pid":40413,"hostname":"95cf947da62c","name":"urateam","component":"git","args":["rebase","--abort"],"cwd":"/tmp/laf-rebase-clone-dIHaDH","stderr":"fatal: no rebase in progress\n","msg":"git rebase failed"}
@urateam/core:test:  ✓ src/__tests__/repo.test.ts (28 tests) 1139ms
@urateam/core:test:    ✓ rebaseBranch / abortRebase > succeeds (no conflicts) when the base branch has new commits  393ms
@urateam/core:test:    ✓ rebaseBranch / abortRebase > returns success:false when there are conflicts, and abortRebase cleans up  368ms
@urateam/core:test:  ↓ src/__tests__/db-postgres.test.ts (6 tests | 6 skipped)
@urateam/core:test: {"level":30,"time":"2026-05-26T22:48:00.988Z","pid":40888,"hostname":"95cf947da62c","name":"urateam","component":"PmAgent:triage","issueId":"BEC-99","priority":2,"labels":["bug","backend"],"pipelineLabel":"bug","complexity":"small","msg":"triaged issue"}
@urateam/core:test: {"level":40,"time":"2026-05-26T22:48:01.003Z","pid":40888,"hostname":"95cf947da62c","name":"urateam","component":"PmAgent:triage","issueId":"BEC-100","responsePreview":"not valid json at all","msg":"invalid Claude JSON, skipping triage"}
@urateam/core:test: {"level":30,"time":"2026-05-26T22:48:01.006Z","pid":40888,"hostname":"95cf947da62c","name":"urateam","component":"PmAgent:triage","issueId":"BEC-0","priority":3,"labels":["feature","auto-implement"],"pipelineLabel":"auto-implement","complexity":"small","msg":"triaged issue"}
@urateam/core:test: {"level":30,"time":"2026-05-26T22:48:01.006Z","pid":40888,"hostname":"95cf947da62c","name":"urateam","component":"PmAgent:triage","issueId":"BEC-1","priority":3,"labels":["feature","auto-implement"],"pipelineLabel":"auto-implement","complexity":"small","msg":"triaged issue"}
@urateam/core:test: {"level":30,"time":"2026-05-26T22:48:01.006Z","pid":40888,"hostname":"95cf947da62c","name":"urateam","component":"PmAgent:triage","issueId":"BEC-2","priority":3,"labels":["feature","auto-implement"],"pipelineLabel":"auto-implement","complexity":"small","msg":"triaged issue"}
@urateam/core:test: {"level":30,"time":"2026-05-26T22:48:01.006Z","pid":40888,"hostname":"95cf947da62c","name":"urateam","component":"PmAgent:triage","issueId":"BEC-3","priority":3,"labels":["feature","auto-implement"],"pipelineLabel":"auto-implement","complexity":"small","msg":"triaged issue"}
@urateam/core:test: {"level":30,"time":"2026-05-26T22:48:01.006Z","pid":40888,"hostname":"95cf947da62c","name":"urateam","component":"PmAgent:triage","issueId":"BEC-4","priority":3,"labels":["feature","auto-implement"],"pipelineLabel":"auto-implement","complexity":"small","msg":"triaged issue"}
@urateam/core:test: {"level":30,"time":"2026-05-26T22:48:01.006Z","pid":40888,"hostname":"95cf947da62c","name":"urateam","component":"PmAgent:triage","issueId":"BEC-5","priority":3,"labels":["feature","auto-implement"],"pipelineLabel":"auto-implement","complexity":"small","msg":"triaged issue"}
@urateam/core:test: {"level":30,"time":"2026-05-26T22:48:01.007Z","pid":40888,"hostname":"95cf947da62c","name":"urateam","component":"PmAgent:triage","issueId":"BEC-6","priority":3,"labels":["feature","auto-implement"],"pipelineLabel":"auto-implement","complexity":"small","msg":"triaged issue"}
@urateam/core:test: {"level":30,"time":"2026-05-26T22:48:01.007Z","pid":40888,"hostname":"95cf947da62c","name":"urateam","component":"PmAgent:triage","issueId":"BEC-7","priority":3,"labels":["feature","auto-implement"],"pipelineLabel":"auto-implement","complexity":"small","msg":"triaged issue"}
@urateam/core:test: {"level":30,"time":"2026-05-26T22:48:01.007Z","pid":40888,"hostname":"95cf947da62c","name":"urateam","component":"PmAgent:triage","issueId":"BEC-8","priority":3,"labels":["feature","auto-implement"],"pipelineLabel":"auto-implement","complexity":"small","msg":"triaged issue"}
@urateam/core:test: {"level":30,"time":"2026-05-26T22:48:01.012Z","pid":40888,"hostname":"95cf947da62c","name":"urateam","component":"PmAgent:triage","issueId":"BEC-9","priority":3,"labels":["feature","auto-implement"],"pipelineLabel":"auto-implement","complexity":"small","msg":"triaged issue"}
@urateam/core:test: {"level":30,"time":"2026-05-26T22:48:01.013Z","pid":40888,"hostname":"95cf947da62c","name":"urateam","component":"PmAgent:triage","issueId":"BEC-200","priority":3,"labels":["feature","auto-implement"],"pipelineLabel":"auto-implement","complexity":"small","msg":"triaged issue"}
@urateam/core:test: {"level":30,"time":"2026-05-26T22:48:01.013Z","pid":40888,"hostname":"95cf947da62c","name":"urateam","component":"PmAgent:triage","issueId":"BEC-201","priority":3,"labels":["feature","auto-implement"],"pipelineLabel":"auto-implement","complexity":"small","msg":"triaged issue"}
@urateam/core:test: {"level":30,"time":"2026-05-26T22:48:01.013Z","pid":40888,"hostname":"95cf947da62c","name":"urateam","component":"PmAgent:triage","issueId":"BEC-202","priority":3,"labels":["feature","auto-implement"],"pipelineLabel":"auto-implement","complexity":"small","msg":"triaged issue"}
@urateam/core:test: {"level":30,"time":"2026-05-26T22:48:01.013Z","pid":40888,"hostname":"95cf947da62c","name":"urateam","component":"PmAgent:triage","issueId":"BEC-203","priority":3,"labels":["feature","auto-implement"],"pipelineLabel":"auto-implement","complexity":"small","msg":"triaged issue"}
@urateam/core:test: {"level":30,"time":"2026-05-26T22:48:01.014Z","pid":40888,"hostname":"95cf947da62c","name":"urateam","component":"PmAgent:triage","issueId":"BEC-204","priority":3,"labels":["feature","auto-implement"],"pipelineLabel":"auto-implement","complexity":"small","msg":"triaged issue"}
@urateam/core:test: {"level":30,"time":"2026-05-26T22:48:01.014Z","pid":40888,"hostname":"95cf947da62c","name":"urateam","component":"PmAgent:triage","issueId":"BEC-205","priority":3,"labels":["feature","auto-implement"],"pipelineLabel":"auto-implement","complexity":"small","msg":"triaged issue"}
@urateam/core:test: {"level":30,"time":"2026-05-26T22:48:01.018Z","pid":40888,"hostname":"95cf947da62c","name":"urateam","component":"PmAgent:triage","issueId":"BEC-300","priority":3,"labels":["feature","auto-implement"],"pipelineLabel":"auto-implement","complexity":"small","msg":"triaged issue"}
@urateam/core:test: {"level":30,"time":"2026-05-26T22:48:01.018Z","pid":40888,"hostname":"95cf947da62c","name":"urateam","component":"PmAgent:triage","issueId":"BEC-301","priority":3,"labels":["feature","auto-implement"],"pipelineLabel":"auto-implement","complexity":"small","msg":"triaged issue"}
@urateam/core:test: {"level":30,"time":"2026-05-26T22:48:01.018Z","pid":40888,"hostname":"95cf947da62c","name":"urateam","component":"PmAgent:triage","issueId":"BEC-302","priority":3,"labels":["feature","auto-implement"],"pipelineLabel":"auto-implement","complexity":"small","msg":"triaged issue"}
@urateam/core:test: {"level":30,"time":"2026-05-26T22:48:01.019Z","pid":40888,"hostname":"95cf947da62c","name":"urateam","component":"PmAgent:triage","issueId":"BEC-303","priority":3,"labels":["feature","auto-implement"],"pipelineLabel":"auto-implement","complexity":"small","msg":"triaged issue"}
@urateam/core:test: {"level":30,"time":"2026-05-26T22:48:01.019Z","pid":40888,"hostname":"95cf947da62c","name":"urateam","component":"PmAgent:triage","issueId":"BEC-304","priority":3,"labels":["feature","auto-implement"],"pipelineLabel":"auto-implement","complexity":"small","msg":"triaged issue"}
@urateam/core:test: {"level":30,"time":"2026-05-26T22:48:01.019Z","pid":40888,"hostname":"95cf947da62c","name":"urateam","component":"PmAgent:triage","issueId":"BEC-305","priority":3,"labels":["feature","auto-implement"],"pipelineLabel":"auto-implement","complexity":"small","msg":"triaged issue"}
@urateam/core:test: {"level":50,"time":"2026-05-26T22:48:01.020Z","pid":40888,"hostname":"95cf947da62c","name":"urateam","component":"PmAgent:triage","issueId":"BEC-401","err":{"type":"Error","message":"429 Too Many Requests: Claude API rate limit exceeded","stack":"Error: 429 Too Many Requests: Claude API rate limit exceeded\n    at /home/ura/data/runs/B7TEaqaYubzZqR2vcvyha/worktree/packages/core/src/__tests__/pm-triage.test.ts:204:15\n    at mockCall (file:///home/ura/data/runs/B7TEaqaYubzZqR2vcvyha/worktree/node_modules/.pnpm/@vitest+spy@3.2.4/node_modules/@vitest/spy/dist/index.js:96:15)\n    at spy (file:///home/ura/data/runs/B7TEaqaYubzZqR2vcvyha/worktree/node_modules/.pnpm/tinyspy@4.0.4/node_modules/tinyspy/dist/index.js:47:80)\n    at /home/ura/data/runs/B7TEaqaYubzZqR2vcvyha/worktree/packages/core/src/pm/actions/triage.ts:188:32\n    at Array.map (<anonymous>)\n    at runInBatches (/home/ura/data/runs/B7TEaqaYubzZqR2vcvyha/worktree/packages/core/src/pm/actions/triage.ts:83:50)\n    at triageNewIssues (/home/ura/data/runs/B7TEaqaYubzZqR2vcvyha/worktree/packages/core/src/pm/actions/triage.ts:110:26)\n    at processTicksAndRejections (node:internal/process/task_queues:103:5)\n    at /home/ura/data/runs/B7TEaqaYubzZqR2vcvyha/worktree/packages/core/src/__tests__/pm-triage.test.ts:209:21\n    at file:///home/ura/data/runs/B7TEaqaYubzZqR2vcvyha/worktree/node_modules/.pnpm/@vitest+runner@3.2.4/node_modules/@vitest/runner/dist/chunk-hooks.js:752:20"},"msg":"failed to triage issue"}
@urateam/core:test: {"level":30,"time":"2026-05-26T22:48:01.045Z","pid":40888,"hostname":"95cf947da62c","name":"urateam","component":"PmAgent:triage","issueId":"BEC-400","priority":2,"labels":["bug"],"pipelineLabel":"bug","complexity":"small","msg":"triaged issue"}
@urateam/core:test: {"level":30,"time":"2026-05-26T22:48:01.045Z","pid":40888,"hostname":"95cf947da62c","name":"urateam","component":"PmAgent:triage","issueId":"BEC-402","priority":2,"labels":["bug"],"pipelineLabel":"bug","complexity":"small","msg":"triaged issue"}
@urateam/core:test: {"level":30,"time":"2026-05-26T22:48:01.045Z","pid":40888,"hostname":"95cf947da62c","name":"urateam","component":"PmAgent:triage","issueId":"BEC-403","priority":2,"labels":["bug"],"pipelineLabel":"bug","complexity":"small","msg":"triaged issue"}
@urateam/core:test: {"level":30,"time":"2026-05-26T22:48:01.046Z","pid":40888,"hostname":"95cf947da62c","name":"urateam","component":"PmAgent:triage","issueId":"BEC-500","pipelineLabel":"needs-design","msg":"triaged observer-origin issue (skipped Claude classification)"}
@urateam/core:test: {"level":30,"time":"2026-05-26T22:48:01.053Z","pid":40888,"hostname":"95cf947da62c","name":"urateam","component":"PmAgent:triage","issueId":"BEC-501","priority":2,"labels":["bug"],"pipelineLabel":"bug","complexity":"small","msg":"triaged issue"}
@urateam/core:test: {"level":30,"time":"2026-05-26T22:48:01.054Z","pid":40888,"hostname":"95cf947da62c","name":"urateam","component":"PmAgent:triage","issueId":"BEC-502","pipelineLabel":"needs-design","msg":"triaged observer-origin issue (skipped Claude classification)"}
@urateam/core:test: {"level":30,"time":"2026-05-26T22:48:01.057Z","pid":40888,"hostname":"95cf947da62c","name":"urateam","component":"PmAgent:triage","issueId":"BEC-V1D","priority":2,"labels":["feature","auto-implement"],"pipelineLabel":"auto-implement","complexity":"small","msg":"triaged issue"}
@urateam/core:test:  ✓ src/__tests__/pm-triage.test.ts (10 tests) 81ms
@urateam/core:test:  ✓ src/__tests__/deep-review.test.ts (34 tests) 126ms
@urateam/core:test: {"level":50,"time":"2026-05-26T22:48:01.897Z","pid":40955,"hostname":"95cf947da62c","name":"urateam","module":"repo/bitbucket","status":409,"body":"Conflict","msg":"Bitbucket merge API error"}
@urateam/core:test: {"level":50,"time":"2026-05-26T22:48:01.899Z","pid":40955,"hostname":"95cf947da62c","name":"urateam","module":"repo/bitbucket","err":{"type":"Error","message":"network error","stack":"Error: network error\n    at /home/ura/data/runs/B7TEaqaYubzZqR2vcvyha/worktree/packages/core/src/__tests__/bitbucket.test.ts:323:57\n    at file:///home/ura/data/runs/B7TEaqaYubzZqR2vcvyha/worktree/node_modules/.pnpm/@vitest+runner@3.2.4/node_modules/@vitest/runner/dist/chunk-hooks.js:155:11\n    at file:///home/ura/data/runs/B7TEaqaYubzZqR2vcvyha/worktree/node_modules/.pnpm/@vitest+runner@3.2.4/node_modules/@vitest/runner/dist/chunk-hooks.js:752:26\n    at file:///home/ura/data/runs/B7TEaqaYubzZqR2vcvyha/worktree/node_modules/.pnpm/@vitest+runner@3.2.4/node_modules/@vitest/runner/dist/chunk-hooks.js:1897:20\n    at new Promise (<anonymous>)\n    at runWithTimeout (file:///home/ura/data/runs/B7TEaqaYubzZqR2vcvyha/worktree/node_modules/.pnpm/@vitest+runner@3.2.4/node_modules/@vitest/runner/dist/chunk-hooks.js:1863:10)\n    at runTest (file:///home/ura/data/runs/B7TEaqaYubzZqR2vcvyha/worktree/node_modules/.pnpm/@vitest+runner@3.2.4/node_modules/@vitest/runner/dist/chunk-hooks.js:1574:12)\n    at processTicksAndRejections (node:internal/process/task_queues:103:5)\n    at runSuite (file:///home/ura/data/runs/B7TEaqaYubzZqR2vcvyha/worktree/node_modules/.pnpm/@vitest+runner@3.2.4/node_modules/@vitest/runner/dist/chunk-hooks.js:1729:8)\n    at runSuite (file:///home/ura/data/runs/B7TEaqaYubzZqR2vcvyha/worktree/node_modules/.pnpm/@vitest+runner@3.2.4/node_modules/@vitest/runner/dist/chunk-hooks.js:1729:8)"},"msg":"Bitbucket merge request failed"}
@urateam/core:test:  ✓ src/__tests__/bitbucket.test.ts (27 tests) 178ms
@urateam/core:test: {"level":30,"time":"2026-05-26T22:48:02.975Z","pid":41055,"hostname":"95cf947da62c","name":"urateam","component":"SentryIntegration","sentryIssueId":"sentry-issue-123","linearId":"BEC-300","msg":"Sentry: created Linear ticket"}
@urateam/core:test: {"level":30,"time":"2026-05-26T22:48:02.985Z","pid":41055,"hostname":"95cf947da62c","name":"urateam","component":"SentryIntegration","sentryIssueId":"sentry-issue-123","linearId":"BEC-300","msg":"Sentry: created Linear ticket"}
@urateam/core:test: {"level":30,"time":"2026-05-26T22:48:03.012Z","pid":41055,"hostname":"95cf947da62c","name":"urateam","component":"SentryIntegration","sentryIssueId":"sentry-issue-123","linearId":"BEC-300","msg":"Sentry: created Linear ticket"}
@urateam/core:test: {"level":30,"time":"2026-05-26T22:48:03.016Z","pid":41055,"hostname":"95cf947da62c","name":"urateam","component":"SentryIntegration","sentryIssueId":"sentry-issue-123","linearId":"BEC-300","msg":"Sentry: created Linear ticket"}
@urateam/core:test: {"level":30,"time":"2026-05-26T22:48:03.020Z","pid":41055,"hostname":"95cf947da62c","name":"urateam","component":"SentryIntegration","sentryIssueId":"sentry-issue-123","linearId":"BEC-300","msg":"Sentry: created Linear ticket"}
@urateam/core:test: {"level":30,"time":"2026-05-26T22:48:03.031Z","pid":41055,"hostname":"95cf947da62c","name":"urateam","component":"SentryIntegration","sentryIssueId":"sentry-issue-123","linearId":"BEC-300","msg":"Sentry: created Linear ticket"}
@urateam/core:test: {"level":30,"time":"2026-05-26T22:48:03.036Z","pid":41055,"hostname":"95cf947da62c","name":"urateam","component":"SentryIntegration","sentryIssueId":"sentry-issue-123","linearId":"BEC-300","msg":"Sentry: created Linear ticket"}
@urateam/core:test: {"level":30,"time":"2026-05-26T22:48:03.040Z","pid":41055,"hostname":"95cf947da62c","name":"urateam","component":"SentryIntegration","sentryIssueId":"sentry-issue-123","linearId":"BEC-200","msg":"Sentry: duplicate alert within idempotency window — returning existing ticket"}
@urateam/core:test: {"level":30,"time":"2026-05-26T22:48:03.044Z","pid":41055,"hostname":"95cf947da62c","name":"urateam","component":"SentryIntegration","sentryIssueId":"sentry-issue-123","linearId":"BEC-300","msg":"Sentry: created Linear ticket"}
@urateam/core:test: {"level":30,"time":"2026-05-26T22:48:03.050Z","pid":41055,"hostname":"95cf947da62c","name":"urateam","component":"SentryIntegration","sentryIssueId":"sentry-issue-123","linearId":"BEC-300","msg":"Sentry: created Linear ticket"}
@urateam/core:test:  ✓ src/__tests__/integrations/sentry.test.ts (17 tests) 127ms
@urateam/core:test: {"level":40,"time":"2026-05-26T22:48:03.883Z","pid":40975,"hostname":"95cf947da62c","name":"urateam","component":"PmAgent:promote","issueId":"BEC-147","failureCount":4,"threshold":3,"msg":"skipped promote: circuit-breaker engaged (too many consecutive failures)"}
@urateam/core:test: {"level":40,"time":"2026-05-26T22:48:03.900Z","pid":40975,"hostname":"95cf947da62c","name":"urateam","component":"PmAgent:promote","issueId":"BEC-147","err":{"type":"TypeError","message":"linearClient.issueLabels is not a function","stack":"TypeError: linearClient.issueLabels is not a function\n    at /home/ura/data/runs/B7TEaqaYubzZqR2vcvyha/worktree/packages/core/src/pm/actions/promote.ts:239:52\n    at promoteReadyIssues (/home/ura/data/runs/B7TEaqaYubzZqR2vcvyha/worktree/packages/core/src/pm/actions/promote.ts:252:11)\n    at processTicksAndRejections (node:internal/process/task_queues:103:5)\n    at assertPromoteBreakerSkip (/home/ura/data/runs/B7TEaqaYubzZqR2vcvyha/worktree/packages/core/src/__tests__/bec-181-circuit-breaker-audit-gap.test.ts:145:19)\n    at file:///home/ura/data/runs/B7TEaqaYubzZqR2vcvyha/worktree/node_modules/.pnpm/@vitest+runner@3.2.4/node_modules/@vitest/runner/dist/chunk-hooks.js:752:20"},"msg":"Tier 5 escalation: failed to look up needs-design label"}
@urateam/core:test: {"level":40,"time":"2026-05-26T22:48:03.924Z","pid":40975,"hostname":"95cf947da62c","name":"urateam","component":"PmAgent:promote","issueId":"BEC-147","label":"needs-design","msg":"Tier 5 escalation: 'needs-design' label not found in Linear — escalation logged but issue not relabeled"}
@urateam/core:test: {"level":40,"time":"2026-05-26T22:48:03.927Z","pid":40975,"hostname":"95cf947da62c","name":"urateam","component":"PmAgent:promote","issueId":"BEC-147","failureCount":4,"hasError":false,"msg":"Tier 5 escalation: moved issue to needs-design and notified"}
@urateam/core:test: {"level":40,"time":"2026-05-26T22:48:03.974Z","pid":40975,"hostname":"95cf947da62c","name":"urateam","component":"PmAgent:promote","issueId":"BEC-157","failureCount":3,"threshold":3,"msg":"skipped promote: circuit-breaker engaged (too many consecutive failures)"}
@urateam/core:test: {"level":40,"time":"2026-05-26T22:48:03.978Z","pid":40975,"hostname":"95cf947da62c","name":"urateam","component":"PmAgent:promote","issueId":"BEC-157","err":{"type":"TypeError","message":"linearClient.issueLabels is not a function","stack":"TypeError: linearClient.issueLabels is not a function\n    at /home/ura/data/runs/B7TEaqaYubzZqR2vcvyha/worktree/packages/core/src/pm/actions/promote.ts:239:52\n    at promoteReadyIssues (/home/ura/data/runs/B7TEaqaYubzZqR2vcvyha/worktree/packages/core/src/pm/actions/promote.ts:252:11)\n    at assertPromoteBreakerSkip (/home/ura/data/runs/B7TEaqaYubzZqR2vcvyha/worktree/packages/core/src/__tests__/bec-181-circuit-breaker-audit-gap.test.ts:145:19)\n    at file:///home/ura/data/runs/B7TEaqaYubzZqR2vcvyha/worktree/node_modules/.pnpm/@vitest+runner@3.2.4/node_modules/@vitest/runner/dist/chunk-hooks.js:752:20"},"msg":"Tier 5 escalation: failed to look up needs-design label"}
@urateam/core:test: {"level":40,"time":"2026-05-26T22:48:03.979Z","pid":40975,"hostname":"95cf947da62c","name":"urateam","component":"PmAgent:promote","issueId":"BEC-157","label":"needs-design","msg":"Tier 5 escalation: 'needs-design' label not found in Linear — escalation logged but issue not relabeled"}
@urateam/core:test: {"level":40,"time":"2026-05-26T22:48:03.979Z","pid":40975,"hostname":"95cf947da62c","name":"urateam","component":"PmAgent:promote","issueId":"BEC-157","failureCount":3,"hasError":false,"msg":"Tier 5 escalation: moved issue to needs-design and notified"}
@urateam/core:test: {"level":30,"time":"2026-05-26T22:48:04.023Z","pid":40975,"hostname":"95cf947da62c","name":"urateam","component":"PmAgent:startTodo","totalTodo":1,"orphanedCount":1,"maxPerTick":5,"msg":"found Todo issues with no active pipeline run"}
@urateam/core:test: {"level":40,"time":"2026-05-26T22:48:04.024Z","pid":40975,"hostname":"95cf947da62c","name":"urateam","component":"PmAgent:startTodo","identifier":"BEC-147","failureCount":4,"threshold":3,"msg":"circuit-breaker engaged — skipping start"}
@urateam/core:test: {"level":30,"time":"2026-05-26T22:48:04.024Z","pid":40975,"hostname":"95cf947da62c","name":"urateam","component":"PmAgent:startTodo","started":0,"skipped":[{"id":"BEC-147","reason":"circuit-breaker: 4 consecutive failed runs (threshold 3)"}],"msg":"startTodoIssues summary"}
@urateam/core:test:  ✓ src/__tests__/bec-181-circuit-breaker-audit-gap.test.ts (7 tests) 419ms
@urateam/core:test: {"level":30,"time":"2026-05-26T22:48:06.016Z","pid":41095,"hostname":"95cf947da62c","name":"urateam","component":"Executor","runId":"run-bec249-ac","issueId":"BEC-249","stage":"triage","authMethod":"api-key","msg":"Claude auth method resolved"}
@urateam/core:test: {"level":30,"time":"2026-05-26T22:48:06.016Z","pid":41095,"hostname":"95cf947da62c","name":"urateam","component":"Executor","runId":"run-bec249-ac","issueId":"BEC-249","stage":"triage","workdir":"/tmp/bec249-ac","msg":"importing Agent SDK"}
@urateam/core:test: {"level":30,"time":"2026-05-26T23:23:06.016Z","pid":41095,"hostname":"95cf947da62c","name":"urateam","component":"Executor","runId":"run-bec249-ac","issueId":"BEC-249","stage":"triage","workdir":"/tmp/bec249-ac","msg":"starting agent query"}
@urateam/core:test: {"level":30,"time":"2026-05-26T23:23:06.016Z","pid":41095,"hostname":"95cf947da62c","name":"urateam","component":"Executor","runId":"run-bec249-ac","issueId":"BEC-249","stage":"triage","msg":"iterating agent messages"}
@urateam/core:test: {"level":50,"time":"2026-05-26T23:23:06.016Z","pid":41095,"hostname":"95cf947da62c","name":"urateam","component":"Executor","runId":"run-bec249-ac","issueId":"BEC-249","stage":"triage","err":{"type":"StagePreStreamStalledError","message":"stage pre-stream stall — no message received within 1800s of starting","stack":"StagePreStreamStalledError: stage pre-stream stall — no message received within 1800s of starting\n    at /home/ura/data/runs/B7TEaqaYubzZqR2vcvyha/worktree/packages/core/src/executor/executor.ts:236:14\n    at callTimer (file:///home/ura/data/runs/B7TEaqaYubzZqR2vcvyha/worktree/node_modules/.pnpm/vitest@3.2.4_@types+node@22.19.17_tsx@4.21.0/node_modules/vitest/dist/chunks/vi.bdSIJ99Y.js:2211:25)\n    at doTickInner (file:///home/ura/data/runs/B7TEaqaYubzZqR2vcvyha/worktree/node_modules/.pnpm/vitest@3.2.4_@types+node@22.19.17_tsx@4.21.0/node_modules/vitest/dist/chunks/vi.bdSIJ99Y.js:2814:30)\n    at doTick (file:///home/ura/data/runs/B7TEaqaYubzZqR2vcvyha/worktree/node_modules/.pnpm/vitest@3.2.4_@types+node@22.19.17_tsx@4.21.0/node_modules/vitest/dist/chunks/vi.bdSIJ99Y.js:2895:21)\n    at Immediate.<anonymous> (file:///home/ura/data/runs/B7TEaqaYubzZqR2vcvyha/worktree/node_modules/.pnpm/vitest@3.2.4_@types+node@22.19.17_tsx@4.21.0/node_modules/vitest/dist/chunks/vi.bdSIJ99Y.js:2915:30)\n    at processImmediate (node:internal/timers:484:21)","timeoutMs":1800000,"name":"StagePreStreamStalledError"},"msg":"stage failed"}
@urateam/core:test:  ✓ src/__tests__/bec-183-pre-stream-stall.test.ts (9 tests) 625ms
@urateam/core:test: {"level":30,"time":"2026-05-26T22:48:06.815Z","pid":41154,"hostname":"95cf947da62c","name":"urateam","component":"PipelineRunner","issueId":"RS-1","pipeline":"auto-implement","msg":"start() called"}
@urateam/core:test: {"level":30,"time":"2026-05-26T22:48:06.821Z","pid":41154,"hostname":"95cf947da62c","name":"urateam","component":"PipelineRunner","runId":"Op_wRBJ6s_HOVXg6sdfP6","issueId":"RS-1","branch":"agent/RS-1-undefined","msg":"inserting run into DB"}
@urateam/core:test: {"level":30,"time":"2026-05-26T22:48:06.825Z","pid":41154,"hostname":"95cf947da62c","name":"urateam","component":"PipelineRunner","runId":"Op_wRBJ6s_HOVXg6sdfP6","issueId":"RS-1","branch":"agent/RS-1-undefined","msg":"run queued"}
@urateam/core:test: {"level":30,"time":"2026-05-26T22:48:06.826Z","pid":41154,"hostname":"95cf947da62c","name":"urateam","component":"PipelineRunner","runId":"Op_wRBJ6s_HOVXg6sdfP6","issueId":"RS-1","msg":"executing pipeline"}
@urateam/core:test: {"level":30,"time":"2026-05-26T22:48:06.841Z","pid":41154,"hostname":"95cf947da62c","name":"urateam","component":"PipelineRunner","runId":"Op_wRBJ6s_HOVXg6sdfP6","issueId":"RS-1","msg":"notifying pipeline start"}
@urateam/core:test: {"level":30,"time":"2026-05-26T22:48:06.842Z","pid":41154,"hostname":"95cf947da62c","name":"urateam","component":"PipelineRunner","runId":"Op_wRBJ6s_HOVXg6sdfP6","issueId":"RS-1","repoUrl":"https://github.com/test/test-repo.git","repoDir":"/tmp/retry-strategies-repos/undefined","msg":"cloning repository"}
@urateam/core:test: {"level":30,"time":"2026-05-26T22:48:06.842Z","pid":41154,"hostname":"95cf947da62c","name":"urateam","component":"PipelineRunner","runId":"Op_wRBJ6s_HOVXg6sdfP6","issueId":"RS-1","msg":"clone complete, creating worktree"}
@urateam/core:test: {"level":30,"time":"2026-05-26T22:48:06.845Z","pid":41154,"hostname":"95cf947da62c","name":"urateam","component":"license","tier":"pro","customerId":"cust_test","expiresAt":"2026-05-27T22:48:06.000Z","msg":"license key validated"}
@urateam/core:test: {"level":30,"time":"2026-05-26T22:48:06.845Z","pid":41154,"hostname":"95cf947da62c","name":"urateam","component":"PipelineRunner","runId":"Op_wRBJ6s_HOVXg6sdfP6","issueId":"RS-1","worktreePath":"/tmp/retry-strategies-worktree","msg":"worktree created"}
@urateam/core:test:  ✓ src/__tests__/pipeline/pr-change-summary.test.ts (17 tests) 67ms
@urateam/core:test: {"level":40,"time":"2026-05-26T22:48:06.849Z","pid":41154,"hostname":"95cf947da62c","name":"urateam","component":"PipelineRunner","err":{"type":"Error","message":"ENOENT: no such file or directory, open '/tmp/retry-strategies-worktree/CLAUDE.md'","stack":"Error: ENOENT: no such file or directory, open '/tmp/retry-strategies-worktree/CLAUDE.md'\n    at open (node:internal/fs/promises:639:25)\n    at writeFile (node:internal/fs/promises:1219:14)\n    at PipelineRunner.injectAgentConfig (/home/ura/data/runs/B7TEaqaYubzZqR2vcvyha/worktree/packages/core/src/pipeline/runner.ts:857:7)\n    at PipelineRunner.executePipeline (/home/ura/data/runs/B7TEaqaYubzZqR2vcvyha/worktree/packages/core/src/pipeline/runner.ts:1014:9)\n    at /home/ura/data/runs/B7TEaqaYubzZqR2vcvyha/worktree/packages/core/src/pipeline/runner.ts:409:9\n    at Object.enqueue (/home/ura/data/runs/B7TEaqaYubzZqR2vcvyha/worktree/packages/core/src/pipeline/queue.ts:33:16)","errno":-2,"code":"ENOENT","syscall":"open","path":"/tmp/retry-strategies-worktree/CLAUDE.md"},"msg":"failed to inject CLAUDE.md — agent will run without it"}
@urateam/core:test: {"level":30,"time":"2026-05-26T22:48:06.870Z","pid":41154,"hostname":"95cf947da62c","name":"urateam","component":"PipelineRunner","runId":"Op_wRBJ6s_HOVXg6sdfP6","issueId":"RS-1","languages":["typescript"],"frameworks":[],"buildSystems":["pnpm"],"msg":"tech stack detected"}
@urateam/core:test: {"level":30,"time":"2026-05-26T22:48:06.871Z","pid":41154,"hostname":"95cf947da62c","name":"urateam","component":"PipelineRunner","runId":"Op_wRBJ6s_HOVXg6sdfP6","issueId":"RS-1","stages":["implement"],"msg":"starting pipeline stages"}
@urateam/core:test: {"level":30,"time":"2026-05-26T22:48:06.871Z","pid":41154,"hostname":"95cf947da62c","name":"urateam","component":"PipelineRunner","runId":"Op_wRBJ6s_HOVXg6sdfP6","issueId":"RS-1","stage":"implement","msg":"executing stage"}
@urateam/core:test: {"level":40,"time":"2026-05-26T22:48:06.877Z","pid":41154,"hostname":"95cf947da62c","name":"urateam","component":"PipelineRunner","runId":"Op_wRBJ6s_HOVXg6sdfP6","issueId":"RS-1","stage":"implement","attempt":1,"maxAttempts":2,"prevError":"simulated stage failure","msg":"stage failed — restarting (urateam#121)"}
@urateam/core:test: {"level":30,"time":"2026-05-26T22:48:06.893Z","pid":41154,"hostname":"95cf947da62c","name":"urateam","component":"PipelineRunner","runId":"Op_wRBJ6s_HOVXg6sdfP6","issueId":"RS-1","msg":"typecheck-gate: passed"}
@urateam/core:test: {"level":30,"time":"2026-05-26T22:48:06.908Z","pid":41154,"hostname":"95cf947da62c","name":"urateam","component":"PipelineRunner","runId":"Op_wRBJ6s_HOVXg6sdfP6","issueId":"RS-1","defaultBranch":"main","msg":"push queue: rebasing before push"}
@urateam/core:test: {"level":30,"time":"2026-05-26T22:48:06.916Z","pid":41154,"hostname":"95cf947da62c","name":"urateam","component":"PipelineRunner","runId":"Op_wRBJ6s_HOVXg6sdfP6","issueId":"RS-1","msg":"creating PR via gh CLI"}
@urateam/core:test: {"level":30,"time":"2026-05-26T22:48:06.916Z","pid":41154,"hostname":"95cf947da62c","name":"urateam","component":"PipelineRunner","runId":"Op_wRBJ6s_HOVXg6sdfP6","issueId":"RS-1","prUrl":"https://github.com/test/repo/pull/99","msg":"PR created"}
@urateam/core:test: {"level":30,"time":"2026-05-26T22:48:06.919Z","pid":41154,"hostname":"95cf947da62c","name":"urateam","component":"PipelineRunner","runId":"Op_wRBJ6s_HOVXg6sdfP6","issueId":"RS-1","prUrl":"https://github.com/test/repo/pull/99","autoMerged":false,"autoCommitted":false,"totalInputTokens":100,"totalOutputTokens":50,"stageRetries":{"implement":1},"totalStageRetries":1,"msg":"pipeline completed"}
@urateam/core:test: {"level":30,"time":"2026-05-26T22:48:06.952Z","pid":41154,"hostname":"95cf947da62c","name":"urateam","component":"PipelineRunner","issueId":"RS-2","pipeline":"auto-implement","msg":"start() called"}
@urateam/core:test: {"level":30,"time":"2026-05-26T22:48:06.953Z","pid":41154,"hostname":"95cf947da62c","name":"urateam","component":"PipelineRunner","runId":"bMLANeTaaJWltAGO1yVVp","issueId":"RS-2","branch":"agent/RS-2-undefined","msg":"inserting run into DB"}
@urateam/core:test: {"level":30,"time":"2026-05-26T22:48:06.953Z","pid":41154,"hostname":"95cf947da62c","name":"urateam","component":"PipelineRunner","runId":"bMLANeTaaJWltAGO1yVVp","issueId":"RS-2","branch":"agent/RS-2-undefined","msg":"run queued"}
@urateam/core:test: {"level":30,"time":"2026-05-26T22:48:06.953Z","pid":41154,"hostname":"95cf947da62c","name":"urateam","component":"PipelineRunner","runId":"bMLANeTaaJWltAGO1yVVp","issueId":"RS-2","msg":"executing pipeline"}
@urateam/core:test: {"level":30,"time":"2026-05-26T22:48:06.954Z","pid":41154,"hostname":"95cf947da62c","name":"urateam","component":"PipelineRunner","runId":"bMLANeTaaJWltAGO1yVVp","issueId":"RS-2","msg":"notifying pipeline start"}
@urateam/core:test: {"level":30,"time":"2026-05-26T22:48:06.954Z","pid":41154,"hostname":"95cf947da62c","name":"urateam","component":"PipelineRunner","runId":"bMLANeTaaJWltAGO1yVVp","issueId":"RS-2","repoUrl":"https://github.com/test/test-repo.git","repoDir":"/tmp/retry-strategies-repos/undefined","msg":"cloning repository"}
@urateam/core:test: {"level":30,"time":"2026-05-26T22:48:06.954Z","pid":41154,"hostname":"95cf947da62c","name":"urateam","component":"PipelineRunner","runId":"bMLANeTaaJWltAGO1yVVp","issueId":"RS-2","msg":"clone complete, creating worktree"}
@urateam/core:test: {"level":30,"time":"2026-05-26T22:48:06.960Z","pid":41154,"hostname":"95cf947da62c","name":"urateam","component":"license","tier":"pro","customerId":"cust_test","expiresAt":"2026-05-27T22:48:06.000Z","msg":"license key validated"}
@urateam/core:test: {"level":30,"time":"2026-05-26T22:48:06.961Z","pid":41154,"hostname":"95cf947da62c","name":"urateam","component":"PipelineRunner","runId":"bMLANeTaaJWltAGO1yVVp","issueId":"RS-2","worktreePath":"/tmp/retry-strategies-worktree","msg":"worktree created"}
@urateam/core:test: {"level":40,"time":"2026-05-26T22:48:06.961Z","pid":41154,"hostname":"95cf947da62c","name":"urateam","component":"PipelineRunner","err":{"type":"Error","message":"ENOENT: no such file or directory, open '/tmp/retry-strategies-worktree/CLAUDE.md'","stack":"Error: ENOENT: no such file or directory, open '/tmp/retry-strategies-worktree/CLAUDE.md'\n    at open (node:internal/fs/promises:639:25)\n    at writeFile (node:internal/fs/promises:1219:14)\n    at PipelineRunner.injectAgentConfig (/home/ura/data/runs/B7TEaqaYubzZqR2vcvyha/worktree/packages/core/src/pipeline/runner.ts:857:7)\n    at PipelineRunner.executePipeline (/home/ura/data/runs/B7TEaqaYubzZqR2vcvyha/worktree/packages/core/src/pipeline/runner.ts:1014:9)\n    at /home/ura/data/runs/B7TEaqaYubzZqR2vcvyha/worktree/packages/core/src/pipeline/runner.ts:409:9\n    at Object.enqueue (/home/ura/data/runs/B7TEaqaYubzZqR2vcvyha/worktree/packages/core/src/pipeline/queue.ts:33:16)","errno":-2,"code":"ENOENT","syscall":"open","path":"/tmp/retry-strategies-worktree/CLAUDE.md"},"msg":"failed to inject CLAUDE.md — agent will run without it"}
@urateam/core:test: {"level":30,"time":"2026-05-26T22:48:06.965Z","pid":41154,"hostname":"95cf947da62c","name":"urateam","component":"PipelineRunner","runId":"bMLANeTaaJWltAGO1yVVp","issueId":"RS-2","languages":["typescript"],"frameworks":[],"buildSystems":["pnpm"],"msg":"tech stack detected"}
@urateam/core:test: {"level":30,"time":"2026-05-26T22:48:06.966Z","pid":41154,"hostname":"95cf947da62c","name":"urateam","component":"PipelineRunner","runId":"bMLANeTaaJWltAGO1yVVp","issueId":"RS-2","stages":["implement"],"msg":"starting pipeline stages"}
@urateam/core:test: {"level":30,"time":"2026-05-26T22:48:06.966Z","pid":41154,"hostname":"95cf947da62c","name":"urateam","component":"PipelineRunner","runId":"bMLANeTaaJWltAGO1yVVp","issueId":"RS-2","stage":"implement","msg":"executing stage"}
@urateam/core:test: {"level":40,"time":"2026-05-26T22:48:06.968Z","pid":41154,"hostname":"95cf947da62c","name":"urateam","component":"PipelineRunner","runId":"bMLANeTaaJWltAGO1yVVp","issueId":"RS-2","stage":"implement","attempt":1,"maxAttempts":2,"prevError":"simulated stage failure","msg":"stage failed — restarting (urateam#121)"}
@urateam/core:test: {"level":40,"time":"2026-05-26T22:48:06.973Z","pid":41154,"hostname":"95cf947da62c","name":"urateam","component":"PipelineRunner","runId":"bMLANeTaaJWltAGO1yVVp","issueId":"RS-2","stage":"implement","attempt":2,"maxAttempts":2,"prevError":"simulated stage failure","msg":"stage failed — restarting (urateam#121)"}
@urateam/core:test: {"level":30,"time":"2026-05-26T22:48:07.024Z","pid":41154,"hostname":"95cf947da62c","name":"urateam","component":"PipelineRunner","issueId":"RS-3","pipeline":"auto-implement","msg":"start() called"}
@urateam/core:test: {"level":30,"time":"2026-05-26T22:48:07.024Z","pid":41154,"hostname":"95cf947da62c","name":"urateam","component":"PipelineRunner","runId":"bCNUpGwQc_PT64n7OFpz5","issueId":"RS-3","branch":"agent/RS-3-undefined","msg":"inserting run into DB"}
@urateam/core:test: {"level":30,"time":"2026-05-26T22:48:07.025Z","pid":41154,"hostname":"95cf947da62c","name":"urateam","component":"PipelineRunner","runId":"bCNUpGwQc_PT64n7OFpz5","issueId":"RS-3","branch":"agent/RS-3-undefined","msg":"run queued"}
@urateam/core:test: {"level":30,"time":"2026-05-26T22:48:07.025Z","pid":41154,"hostname":"95cf947da62c","name":"urateam","component":"PipelineRunner","runId":"bCNUpGwQc_PT64n7OFpz5","issueId":"RS-3","msg":"executing pipeline"}
@urateam/core:test: {"level":30,"time":"2026-05-26T22:48:07.028Z","pid":41154,"hostname":"95cf947da62c","name":"urateam","component":"PipelineRunner","runId":"bCNUpGwQc_PT64n7OFpz5","issueId":"RS-3","msg":"notifying pipeline start"}
@urateam/core:test: {"level":30,"time":"2026-05-26T22:48:07.028Z","pid":41154,"hostname":"95cf947da62c","name":"urateam","component":"PipelineRunner","runId":"bCNUpGwQc_PT64n7OFpz5","issueId":"RS-3","repoUrl":"https://github.com/test/test-repo.git","repoDir":"/tmp/retry-strategies-repos/undefined","msg":"cloning repository"}
@urateam/core:test: {"level":30,"time":"2026-05-26T22:48:07.028Z","pid":41154,"hostname":"95cf947da62c","name":"urateam","component":"PipelineRunner","runId":"bCNUpGwQc_PT64n7OFpz5","issueId":"RS-3","msg":"clone complete, creating worktree"}
@urateam/core:test: {"level":30,"time":"2026-05-26T22:48:07.028Z","pid":41154,"hostname":"95cf947da62c","name":"urateam","component":"license","tier":"pro","customerId":"cust_test","expiresAt":"2026-05-27T22:48:07.000Z","msg":"license key validated"}
@urateam/core:test: {"level":30,"time":"2026-05-26T22:48:07.028Z","pid":41154,"hostname":"95cf947da62c","name":"urateam","component":"PipelineRunner","runId":"bCNUpGwQc_PT64n7OFpz5","issueId":"RS-3","worktreePath":"/tmp/retry-strategies-worktree","msg":"worktree created"}
@urateam/core:test: {"level":40,"time":"2026-05-26T22:48:07.030Z","pid":41154,"hostname":"95cf947da62c","name":"urateam","component":"PipelineRunner","err":{"type":"Error","message":"ENOENT: no such file or directory, open '/tmp/retry-strategies-worktree/CLAUDE.md'","stack":"Error: ENOENT: no such file or directory, open '/tmp/retry-strategies-worktree/CLAUDE.md'\n    at open (node:internal/fs/promises:639:25)\n    at writeFile (node:internal/fs/promises:1219:14)\n    at PipelineRunner.injectAgentConfig (/home/ura/data/runs/B7TEaqaYubzZqR2vcvyha/worktree/packages/core/src/pipeline/runner.ts:857:7)\n    at PipelineRunner.executePipeline (/home/ura/data/runs/B7TEaqaYubzZqR2vcvyha/worktree/packages/core/src/pipeline/runner.ts:1014:9)\n    at /home/ura/data/runs/B7TEaqaYubzZqR2vcvyha/worktree/packages/core/src/pipeline/runner.ts:409:9\n    at Object.enqueue (/home/ura/data/runs/B7TEaqaYubzZqR2vcvyha/worktree/packages/core/src/pipeline/queue.ts:33:16)","errno":-2,"code":"ENOENT","syscall":"open","path":"/tmp/retry-strategies-worktree/CLAUDE.md"},"msg":"failed to inject CLAUDE.md — agent will run without it"}
@urateam/core:test: {"level":30,"time":"2026-05-26T22:48:07.031Z","pid":41154,"hostname":"95cf947da62c","name":"urateam","component":"PipelineRunner","runId":"bCNUpGwQc_PT64n7OFpz5","issueId":"RS-3","languages":["typescript"],"frameworks":[],"buildSystems":["pnpm"],"msg":"tech stack detected"}
@urateam/core:test: {"level":30,"time":"2026-05-26T22:48:07.031Z","pid":41154,"hostname":"95cf947da62c","name":"urateam","component":"PipelineRunner","runId":"bCNUpGwQc_PT64n7OFpz5","issueId":"RS-3","stages":["implement"],"msg":"starting pipeline stages"}
@urateam/core:test: {"level":30,"time":"2026-05-26T22:48:07.031Z","pid":41154,"hostname":"95cf947da62c","name":"urateam","component":"PipelineRunner","runId":"bCNUpGwQc_PT64n7OFpz5","issueId":"RS-3","stage":"implement","msg":"executing stage"}
@urateam/core:test: {"level":30,"time":"2026-05-26T22:48:07.087Z","pid":41154,"hostname":"95cf947da62c","name":"urateam","component":"PipelineRunner","issueId":"RS-4","pipeline":"auto-implement","msg":"start() called"}
@urateam/core:test: {"level":30,"time":"2026-05-26T22:48:07.088Z","pid":41154,"hostname":"95cf947da62c","name":"urateam","component":"PipelineRunner","runId":"sB4UBSq46clegUHf40hLm","issueId":"RS-4","branch":"agent/RS-4-undefined","msg":"inserting run into DB"}
@urateam/core:test: {"level":30,"time":"2026-05-26T22:48:07.088Z","pid":41154,"hostname":"95cf947da62c","name":"urateam","component":"PipelineRunner","runId":"sB4UBSq46clegUHf40hLm","issueId":"RS-4","branch":"agent/RS-4-undefined","msg":"run queued"}
@urateam/core:test: {"level":30,"time":"2026-05-26T22:48:07.091Z","pid":41154,"hostname":"95cf947da62c","name":"urateam","component":"PipelineRunner","runId":"sB4UBSq46clegUHf40hLm","issueId":"RS-4","msg":"executing pipeline"}
@urateam/core:test: {"level":30,"time":"2026-05-26T22:48:07.092Z","pid":41154,"hostname":"95cf947da62c","name":"urateam","component":"PipelineRunner","runId":"sB4UBSq46clegUHf40hLm","issueId":"RS-4","msg":"notifying pipeline start"}
@urateam/core:test: {"level":30,"time":"2026-05-26T22:48:07.092Z","pid":41154,"hostname":"95cf947da62c","name":"urateam","component":"PipelineRunner","runId":"sB4UBSq46clegUHf40hLm","issueId":"RS-4","repoUrl":"https://github.com/test/test-repo.git","repoDir":"/tmp/retry-strategies-repos/undefined","msg":"cloning repository"}
@urateam/core:test: {"level":30,"time":"2026-05-26T22:48:07.092Z","pid":41154,"hostname":"95cf947da62c","name":"urateam","component":"PipelineRunner","runId":"sB4UBSq46clegUHf40hLm","issueId":"RS-4","msg":"clone complete, creating worktree"}
@urateam/core:test: {"level":30,"time":"2026-05-26T22:48:07.093Z","pid":41154,"hostname":"95cf947da62c","name":"urateam","component":"license","tier":"pro","customerId":"cust_test","expiresAt":"2026-05-27T22:48:07.000Z","msg":"license key validated"}
@urateam/core:test: {"level":30,"time":"2026-05-26T22:48:07.093Z","pid":41154,"hostname":"95cf947da62c","name":"urateam","component":"PipelineRunner","runId":"sB4UBSq46clegUHf40hLm","issueId":"RS-4","worktreePath":"/tmp/retry-strategies-worktree","msg":"worktree created"}
@urateam/core:test: {"level":40,"time":"2026-05-26T22:48:07.096Z","pid":41154,"hostname":"95cf947da62c","name":"urateam","component":"PipelineRunner","err":{"type":"Error","message":"ENOENT: no such file or directory, open '/tmp/retry-strategies-worktree/CLAUDE.md'","stack":"Error: ENOENT: no such file or directory, open '/tmp/retry-strategies-worktree/CLAUDE.md'\n    at open (node:internal/fs/promises:639:25)\n    at writeFile (node:internal/fs/promises:1219:14)\n    at PipelineRunner.injectAgentConfig (/home/ura/data/runs/B7TEaqaYubzZqR2vcvyha/worktree/packages/core/src/pipeline/runner.ts:857:7)\n    at PipelineRunner.executePipeline (/home/ura/data/runs/B7TEaqaYubzZqR2vcvyha/worktree/packages/core/src/pipeline/runner.ts:1014:9)\n    at /home/ura/data/runs/B7TEaqaYubzZqR2vcvyha/worktree/packages/core/src/pipeline/runner.ts:409:9\n    at Object.enqueue (/home/ura/data/runs/B7TEaqaYubzZqR2vcvyha/worktree/packages/core/src/pipeline/queue.ts:33:16)","errno":-2,"code":"ENOENT","syscall":"open","path":"/tmp/retry-strategies-worktree/CLAUDE.md"},"msg":"failed to inject CLAUDE.md — agent will run without it"}
@urateam/core:test: {"level":30,"time":"2026-05-26T22:48:07.097Z","pid":41154,"hostname":"95cf947da62c","name":"urateam","component":"PipelineRunner","runId":"sB4UBSq46clegUHf40hLm","issueId":"RS-4","languages":["typescript"],"frameworks":[],"buildSystems":["pnpm"],"msg":"tech stack detected"}
@urateam/core:test: {"level":30,"time":"2026-05-26T22:48:07.097Z","pid":41154,"hostname":"95cf947da62c","name":"urateam","component":"PipelineRunner","runId":"sB4UBSq46clegUHf40hLm","issueId":"RS-4","stages":["implement"],"msg":"starting pipeline stages"}
@urateam/core:test: {"level":30,"time":"2026-05-26T22:48:07.097Z","pid":41154,"hostname":"95cf947da62c","name":"urateam","component":"PipelineRunner","runId":"sB4UBSq46clegUHf40hLm","issueId":"RS-4","stage":"implement","msg":"executing stage"}
@urateam/core:test:  ✓ src/__tests__/runner-retry-strategies.test.ts (4 tests) 343ms
@urateam/core:test:  ✓ src/__tests__/pm-conflict.test.ts (13 tests) 76ms
@urateam/core:test: {"level":40,"time":"2026-05-26T22:48:09.412Z","pid":41526,"hostname":"95cf947da62c","name":"urateam","component":"PmAgent:promote","issueId":"BEC-700","failureCount":5,"threshold":3,"msg":"skipped promote: circuit-breaker engaged (too many consecutive failures)"}
@urateam/core:test: {"level":40,"time":"2026-05-26T22:48:09.414Z","pid":41526,"hostname":"95cf947da62c","name":"urateam","component":"PmAgent:promote","issueId":"BEC-700","failureCount":5,"hasError":true,"msg":"Tier 5 escalation: moved issue to needs-design and notified"}
@urateam/core:test: {"level":40,"time":"2026-05-26T22:48:09.421Z","pid":41526,"hostname":"95cf947da62c","name":"urateam","component":"PmAgent:promote","issueId":"BEC-700","failureCount":3,"threshold":3,"msg":"skipped promote: circuit-breaker engaged (too many consecutive failures)"}
@urateam/core:test: {"level":40,"time":"2026-05-26T22:48:09.421Z","pid":41526,"hostname":"95cf947da62c","name":"urateam","component":"PmAgent:promote","issueId":"BEC-700","failureCount":3,"hasError":false,"msg":"Tier 5 escalation: moved issue to needs-design and notified"}
@urateam/core:test: {"level":40,"time":"2026-05-26T22:48:09.422Z","pid":41526,"hostname":"95cf947da62c","name":"urateam","component":"PmAgent:promote","issueId":"BEC-700","failureCount":3,"threshold":3,"msg":"skipped promote: circuit-breaker engaged (too many consecutive failures)"}
@urateam/core:test: {"level":40,"time":"2026-05-26T22:48:09.423Z","pid":41526,"hostname":"95cf947da62c","name":"urateam","component":"PmAgent:promote","issueId":"BEC-700","failureCount":3,"hasError":true,"msg":"Tier 5 escalation: moved issue to needs-design and notified"}
@urateam/core:test: {"level":40,"time":"2026-05-26T22:48:09.429Z","pid":41526,"hostname":"95cf947da62c","name":"urateam","component":"PmAgent:promote","issueId":"BEC-701","failureCount":5,"threshold":3,"msg":"skipped promote: circuit-breaker engaged (too many consecutive failures)"}
@urateam/core:test: {"level":30,"time":"2026-05-26T22:48:09.430Z","pid":41526,"hostname":"95cf947da62c","name":"urateam","component":"PmAgent:promote","issueId":"BEC-700","overlapRisk":"none","msg":"promoted to Todo"}
@urateam/core:test: {"level":40,"time":"2026-05-26T22:48:09.432Z","pid":41526,"hostname":"95cf947da62c","name":"urateam","component":"PmAgent:promote","issueId":"BEC-700","failureCount":3,"threshold":3,"msg":"skipped promote: circuit-breaker engaged (too many consecutive failures)"}
@urateam/core:test: {"level":40,"time":"2026-05-26T22:48:09.432Z","pid":41526,"hostname":"95cf947da62c","name":"urateam","component":"PmAgent:promote","issueId":"BEC-700","failureCount":3,"hasError":true,"msg":"Tier 5 escalation: moved issue to needs-design and notified"}
@urateam/core:test: {"level":40,"time":"2026-05-26T22:48:09.433Z","pid":41526,"hostname":"95cf947da62c","name":"urateam","component":"PmAgent:promote","issueId":"BEC-700","failureCount":3,"threshold":3,"msg":"skipped promote: circuit-breaker engaged (too many consecutive failures)"}
@urateam/core:test: {"level":40,"time":"2026-05-26T22:48:09.433Z","pid":41526,"hostname":"95cf947da62c","name":"urateam","component":"PmAgent:promote","issueId":"BEC-700","label":"needs-design","msg":"Tier 5 escalation: 'needs-design' label not found in Linear — escalation logged but issue not relabeled"}
@urateam/core:test: {"level":40,"time":"2026-05-26T22:48:09.433Z","pid":41526,"hostname":"95cf947da62c","name":"urateam","component":"PmAgent:promote","issueId":"BEC-700","failureCount":3,"hasError":true,"msg":"Tier 5 escalation: moved issue to needs-design and notified"}
@urateam/core:test:  ✓ src/__tests__/pm-escalation.test.ts (7 tests) 26ms
@urateam/core:test:  ✓ src/__tests__/util-linear.test.ts (16 tests) 82ms
@urateam/core:test:  ↓ src/__tests__/executor-integration.test.ts (5 tests | 5 skipped)
@urateam/core:test: {"level":50,"time":"2026-05-26T22:48:13.117Z","pid":41700,"hostname":"95cf947da62c","name":"urateam","component":"PmAgent:scheduler","err":{"type":"TypeError","message":"db.select is not a function","stack":"TypeError: db.select is not a function\n    at selectProbeCandidates (/home/ura/data/runs/B7TEaqaYubzZqR2vcvyha/worktree/packages/core/src/pm/actions/select-probe-candidates.ts:47:6)\n    at Object.tick (/home/ura/data/runs/B7TEaqaYubzZqR2vcvyha/worktree/packages/core/src/pm/scheduler.ts:368:38)\n    at processTicksAndRejections (node:internal/process/task_queues:103:5)\n    at /home/ura/data/runs/B7TEaqaYubzZqR2vcvyha/worktree/packages/core/src/__tests__/reproduce-bec91-stuck-in-progress.test.ts:177:5\n    at file:///home/ura/data/runs/B7TEaqaYubzZqR2vcvyha/worktree/node_modules/.pnpm/@vitest+runner@3.2.4/node_modules/@vitest/runner/dist/chunk-hooks.js:752:20"},"msg":"selectProbeCandidates failed"}
@urateam/core:test: {"level":30,"time":"2026-05-26T22:48:13.132Z","pid":41700,"hostname":"95cf947da62c","name":"urateam","component":"license","tier":"oss","msg":"no license key set — running in OSS mode"}
@urateam/core:test: {"level":30,"time":"2026-05-26T22:48:13.132Z","pid":41700,"hostname":"95cf947da62c","name":"urateam","component":"PmAgent:scheduler","triaged":0,"promoted":0,"errors":1,"msg":"tick complete"}
@urateam/core:test: {"level":50,"time":"2026-05-26T22:48:13.133Z","pid":41700,"hostname":"95cf947da62c","name":"urateam","component":"PmAgent:scheduler","err":{"type":"TypeError","message":"db.select is not a function","stack":"TypeError: db.select is not a function\n    at selectProbeCandidates (/home/ura/data/runs/B7TEaqaYubzZqR2vcvyha/worktree/packages/core/src/pm/actions/select-probe-candidates.ts:47:6)\n    at Object.tick (/home/ura/data/runs/B7TEaqaYubzZqR2vcvyha/worktree/packages/core/src/pm/scheduler.ts:368:38)\n    at processTicksAndRejections (node:internal/process/task_queues:103:5)\n    at /home/ura/data/runs/B7TEaqaYubzZqR2vcvyha/worktree/packages/core/src/__tests__/reproduce-bec91-stuck-in-progress.test.ts:237:5\n    at file:///home/ura/data/runs/B7TEaqaYubzZqR2vcvyha/worktree/node_modules/.pnpm/@vitest+runner@3.2.4/node_modules/@vitest/runner/dist/chunk-hooks.js:752:20"},"msg":"selectProbeCandidates failed"}
@urateam/core:test: {"level":30,"time":"2026-05-26T22:48:13.137Z","pid":41700,"hostname":"95cf947da62c","name":"urateam","component":"PmAgent:scheduler","triaged":0,"promoted":0,"errors":1,"msg":"tick complete"}
@urateam/core:test: {"level":40,"time":"2026-05-26T22:48:13.144Z","pid":41693,"hostname":"95cf947da62c","name":"urateam","component":"PipelineRunner","runId":"CIcfTstCcikmKS-S_5O0h","issueId":"BEC-252-repro-1","priorStatus":"running","worktreeExists":true,"transcriptOnDisk":true,"lastStage":"implement","msg":"restart-interrupted run is retriable — marking for auto-resume"}
@urateam/core:test:  ✓ src/__tests__/reproduce-bec91-stuck-in-progress.test.ts (6 tests) 48ms
@urateam/core:test: {"level":40,"time":"2026-05-26T22:48:13.163Z","pid":41693,"hostname":"95cf947da62c","name":"urateam","component":"PipelineRunner","runId":"HBOfFz6UeQ_yMovgfBbU1","issueId":"BEC-252-repro-2","priorStatus":"running","worktreeExists":false,"transcriptOnDisk":false,"lastStage":"implement","isNonIdempotent":false,"msg":"recovering stuck pipeline run from previous restart"}
@urateam/core:test: {"level":40,"time":"2026-05-26T22:48:13.182Z","pid":41693,"hostname":"95cf947da62c","name":"urateam","component":"PipelineRunner","runId":"tYOKLOW3bti9X3scZVyNL","issueId":"BEC-252-repro-3","priorStatus":"running","worktreeExists":true,"transcriptOnDisk":false,"lastStage":"implement","isNonIdempotent":false,"msg":"recovering stuck pipeline run from previous restart"}
@urateam/core:test: {"level":40,"time":"2026-05-26T22:48:13.205Z","pid":41693,"hostname":"95cf947da62c","name":"urateam","component":"PipelineRunner","runId":"tzTkHkj3OAPX6s022RYAX","issueId":"BEC-252-repro-4","priorStatus":"running","worktreeExists":true,"transcriptOnDisk":true,"lastStage":"push","isNonIdempotent":true,"msg":"recovering stuck pipeline run from previous restart"}
@urateam/core:test:  ✓ src/__tests__/bec-252-restart-interrupt-retriable.test.ts (4 tests) 135ms
@urateam/core:test: {"level":40,"time":"2026-05-26T22:48:14.059Z","pid":41905,"hostname":"95cf947da62c","name":"urateam","component":"PostFanoutComments","modelId":"anthropic/claude-3.5-sonnet","err":"rate limit","msg":"failed to post fanout PR comment"}
@urateam/core:test: {"level":30,"time":"2026-05-26T22:48:14.068Z","pid":41905,"hostname":"95cf947da62c","name":"urateam","component":"PostFanoutComments","modelId":"nvidia/nemotron-3-super-120b-a12b:free","err":"openrouter response missing choices — provider returned 200 OK but no completion: Provider returned error","msg":"fanout: suppressing upstream-provider failure from PR comment (DB row + audit event still recorded)"}
@urateam/core:test: {"level":30,"time":"2026-05-26T22:48:14.069Z","pid":41905,"hostname":"95cf947da62c","name":"urateam","component":"PostFanoutComments","modelId":"nvidia/nemotron-3-super-120b-a12b:free","err":"openrouter response missing choices — provider returned 200 OK but no completion: Provider returned error","msg":"fanout: suppressing upstream-provider failure from PR comment (DB row + audit event still recorded)"}
@urateam/core:test:  ✓ src/__tests__/post-fanout-comments.test.ts (14 tests) 188ms
@urateam/core:test: {"level":30,"time":"2026-05-26T22:48:15.763Z","pid":41916,"hostname":"95cf947da62c","name":"urateam","component":"Executor","runId":"run-bec249-fixed","issueId":"BEC-249","stage":"triage","authMethod":"api-key","msg":"Claude auth method resolved"}
@urateam/core:test: {"level":30,"time":"2026-05-26T22:48:15.763Z","pid":41916,"hostname":"95cf947da62c","name":"urateam","component":"Executor","runId":"run-bec249-fixed","issueId":"BEC-249","stage":"triage","workdir":"/tmp/repro","msg":"importing Agent SDK"}
@urateam/core:test: {"level":30,"time":"2026-05-26T23:23:15.763Z","pid":41916,"hostname":"95cf947da62c","name":"urateam","component":"Executor","runId":"run-bec249-fixed","issueId":"BEC-249","stage":"triage","workdir":"/tmp/repro","msg":"starting agent query"}
@urateam/core:test: {"level":50,"time":"2026-05-26T23:23:15.763Z","pid":41916,"hostname":"95cf947da62c","name":"urateam","component":"Executor","runId":"run-bec249-fixed","issueId":"BEC-249","stage":"triage","err":{"type":"StagePreStreamStalledError","message":"stage pre-stream stall — no message received within 1800s of starting","stack":"StagePreStreamStalledError: stage pre-stream stall — no message received within 1800s of starting\n    at /home/ura/data/runs/B7TEaqaYubzZqR2vcvyha/worktree/packages/core/src/executor/executor.ts:236:14\n    at callTimer (file:///home/ura/data/runs/B7TEaqaYubzZqR2vcvyha/worktree/node_modules/.pnpm/vitest@3.2.4_@types+node@22.19.17_tsx@4.21.0/node_modules/vitest/dist/chunks/vi.bdSIJ99Y.js:2211:25)\n    at doTickInner (file:///home/ura/data/runs/B7TEaqaYubzZqR2vcvyha/worktree/node_modules/.pnpm/vitest@3.2.4_@types+node@22.19.17_tsx@4.21.0/node_modules/vitest/dist/chunks/vi.bdSIJ99Y.js:2814:30)\n    at doTick (file:///home/ura/data/runs/B7TEaqaYubzZqR2vcvyha/worktree/node_modules/.pnpm/vitest@3.2.4_@types+node@22.19.17_tsx@4.21.0/node_modules/vitest/dist/chunks/vi.bdSIJ99Y.js:2895:21)\n    at Immediate.<anonymous> (file:///home/ura/data/runs/B7TEaqaYubzZqR2vcvyha/worktree/node_modules/.pnpm/vitest@3.2.4_@types+node@22.19.17_tsx@4.21.0/node_modules/vitest/dist/chunks/vi.bdSIJ99Y.js:2915:30)\n    at processImmediate (node:internal/timers:484:21)","timeoutMs":1800000,"name":"StagePreStreamStalledError"},"msg":"stage failed"}
@urateam/core:test:  ✓ src/__tests__/bec-249-triage-stall-repro.test.ts (5 tests) 72ms
@urateam/core:test: {"level":30,"time":"2026-05-26T22:48:17.466Z","pid":42136,"hostname":"95cf947da62c","name":"urateam","component":"Executor","runId":"run-bec251-json","issueId":"BEC-251","stage":"implement","authMethod":"api-key","msg":"Claude auth method resolved"}
@urateam/core:test: {"level":30,"time":"2026-05-26T22:48:17.467Z","pid":42136,"hostname":"95cf947da62c","name":"urateam","component":"Executor","runId":"run-bec251-json","issueId":"BEC-251","stage":"implement","workdir":"/tmp/bec251-workdir","msg":"importing Agent SDK"}
@urateam/core:test: {"level":30,"time":"2026-05-26T22:48:17.468Z","pid":42136,"hostname":"95cf947da62c","name":"urateam","component":"Executor","runId":"run-bec251-json","issueId":"BEC-251","stage":"implement","workdir":"/tmp/bec251-workdir","msg":"starting agent query"}
@urateam/core:test: {"level":50,"time":"2026-05-26T22:48:17.469Z","pid":42136,"hostname":"95cf947da62c","name":"urateam","component":"Executor","runId":"run-bec251-json","issueId":"BEC-251","stage":"implement","err":{"type":"Error","message":"Claude Code process exited with code 1","stack":"Error: Claude Code process exited with code 1\n    at makeProcessExitError (/home/ura/data/runs/B7TEaqaYubzZqR2vcvyha/worktree/packages/core/src/__tests__/executor-error-capture.test.ts:88:10)\n    at /home/ura/data/runs/B7TEaqaYubzZqR2vcvyha/worktree/packages/core/src/__tests__/executor-error-capture.test.ts:104:22\n    at processTicksAndRejections (node:internal/process/task_queues:103:5)\n    at file:///home/ura/data/runs/B7TEaqaYubzZqR2vcvyha/worktree/node_modules/.pnpm/@vitest+runner@3.2.4/node_modules/@vitest/runner/dist/chunk-hooks.js:752:20"},"msg":"stage failed"}
@urateam/core:test: {"level":30,"time":"2026-05-26T22:48:17.510Z","pid":42136,"hostname":"95cf947da62c","name":"urateam","component":"Executor","runId":"run-bec251-oneliner","issueId":"BEC-251","stage":"implement","authMethod":"api-key","msg":"Claude auth method resolved"}
@urateam/core:test: {"level":30,"time":"2026-05-26T22:48:17.510Z","pid":42136,"hostname":"95cf947da62c","name":"urateam","component":"Executor","runId":"run-bec251-oneliner","issueId":"BEC-251","stage":"implement","workdir":"/tmp/bec251-workdir","msg":"importing Agent SDK"}
@urateam/core:test: {"level":30,"time":"2026-05-26T22:48:17.512Z","pid":42136,"hostname":"95cf947da62c","name":"urateam","component":"Executor","runId":"run-bec251-oneliner","issueId":"BEC-251","stage":"implement","workdir":"/tmp/bec251-workdir","msg":"starting agent query"}
@urateam/core:test: {"level":50,"time":"2026-05-26T22:48:17.512Z","pid":42136,"hostname":"95cf947da62c","name":"urateam","component":"Executor","runId":"run-bec251-oneliner","issueId":"BEC-251","stage":"implement","err":{"type":"Error","message":"Claude Code process exited with code 1","stack":"Error: Claude Code process exited with code 1\n    at makeProcessExitError (/home/ura/data/runs/B7TEaqaYubzZqR2vcvyha/worktree/packages/core/src/__tests__/executor-error-capture.test.ts:88:10)\n    at /home/ura/data/runs/B7TEaqaYubzZqR2vcvyha/worktree/packages/core/src/__tests__/executor-error-capture.test.ts:169:13\n    at mockCall (file:///home/ura/data/runs/B7TEaqaYubzZqR2vcvyha/worktree/node_modules/.pnpm/@vitest+spy@3.2.4/node_modules/@vitest/spy/dist/index.js:96:15)\n    at spy (file:///home/ura/data/runs/B7TEaqaYubzZqR2vcvyha/worktree/node_modules/.pnpm/tinyspy@4.0.4/node_modules/tinyspy/dist/index.js:47:80)\n    at Module.executeStage (/home/ura/data/runs/B7TEaqaYubzZqR2vcvyha/worktree/packages/core/src/executor/executor.ts:319:22)\n    at processTicksAndRejections (node:internal/process/task_queues:103:5)\n    at /home/ura/data/runs/B7TEaqaYubzZqR2vcvyha/worktree/packages/core/src/__tests__/executor-error-capture.test.ts:175:20\n    at file:///home/ura/data/runs/B7TEaqaYubzZqR2vcvyha/worktree/node_modules/.pnpm/@vitest+runner@3.2.4/node_modules/@vitest/runner/dist/chunk-hooks.js:752:20"},"msg":"stage failed"}
@urateam/core:test: {"level":30,"time":"2026-05-26T22:48:17.536Z","pid":42136,"hostname":"95cf947da62c","name":"urateam","component":"Executor","runId":"run-bec251-resumed","issueId":"BEC-251","stage":"implement","authMethod":"api-key","msg":"Claude auth method resolved"}
@urateam/core:test: {"level":30,"time":"2026-05-26T22:48:17.537Z","pid":42136,"hostname":"95cf947da62c","name":"urateam","component":"Executor","runId":"run-bec251-resumed","issueId":"BEC-251","stage":"implement","workdir":"/tmp/bec251-workdir","msg":"importing Agent SDK"}
@urateam/core:test: {"level":30,"time":"2026-05-26T22:48:17.538Z","pid":42136,"hostname":"95cf947da62c","name":"urateam","component":"Executor","runId":"run-bec251-resumed","issueId":"BEC-251","stage":"implement","workdir":"/tmp/bec251-workdir","msg":"starting agent query"}
@urateam/core:test: {"level":40,"time":"2026-05-26T22:48:17.544Z","pid":42136,"hostname":"95cf947da62c","name":"urateam","component":"SessionResolver","err":"ENOENT: no such file or directory, open '/home/ura/.claude/projects/-tmp-bec251-workdir/session-uuid-1.jsonl'","stage":"implement","msg":"failed to count prior session messages — emitting resumed event with count=0"}
@urateam/core:test: {"level":50,"time":"2026-05-26T22:48:17.546Z","pid":42136,"hostname":"95cf947da62c","name":"urateam","component":"Executor","runId":"run-bec251-resumed","issueId":"BEC-251","stage":"implement","err":{"type":"Error","message":"Claude Code process exited with code 1","stack":"Error: Claude Code process exited with code 1\n    at makeProcessExitError (/home/ura/data/runs/B7TEaqaYubzZqR2vcvyha/worktree/packages/core/src/__tests__/executor-error-capture.test.ts:88:10)\n    at /home/ura/data/runs/B7TEaqaYubzZqR2vcvyha/worktree/packages/core/src/__tests__/executor-error-capture.test.ts:202:13\n    at mockCall (file:///home/ura/data/runs/B7TEaqaYubzZqR2vcvyha/worktree/node_modules/.pnpm/@vitest+spy@3.2.4/node_modules/@vitest/spy/dist/index.js:96:15)\n    at spy (file:///home/ura/data/runs/B7TEaqaYubzZqR2vcvyha/worktree/node_modules/.pnpm/tinyspy@4.0.4/node_modules/tinyspy/dist/index.js:47:80)\n    at Module.executeStage (/home/ura/data/runs/B7TEaqaYubzZqR2vcvyha/worktree/packages/core/src/executor/executor.ts:319:22)\n    at processTicksAndRejections (node:internal/process/task_queues:103:5)\n    at /home/ura/data/runs/B7TEaqaYubzZqR2vcvyha/worktree/packages/core/src/__tests__/executor-error-capture.test.ts:208:5\n    at file:///home/ura/data/runs/B7TEaqaYubzZqR2vcvyha/worktree/node_modules/.pnpm/@vitest+runner@3.2.4/node_modules/@vitest/runner/dist/chunk-hooks.js:752:20"},"msg":"stage failed"}
@urateam/core:test: {"level":30,"time":"2026-05-26T22:48:17.568Z","pid":42136,"hostname":"95cf947da62c","name":"urateam","component":"Executor","runId":"run-bec251-fresh","issueId":"BEC-251","stage":"implement","authMethod":"api-key","msg":"Claude auth method resolved"}
@urateam/core:test: {"level":30,"time":"2026-05-26T22:48:17.568Z","pid":42136,"hostname":"95cf947da62c","name":"urateam","component":"Executor","runId":"run-bec251-fresh","issueId":"BEC-251","stage":"implement","workdir":"/tmp/bec251-workdir","msg":"importing Agent SDK"}
@urateam/core:test: {"level":30,"time":"2026-05-26T22:48:17.569Z","pid":42136,"hostname":"95cf947da62c","name":"urateam","component":"license","tier":"oss","msg":"no license key set — running in OSS mode"}
@urateam/core:test: {"level":30,"time":"2026-05-26T22:48:17.574Z","pid":42136,"hostname":"95cf947da62c","name":"urateam","component":"Executor","runId":"run-bec251-fresh","issueId":"BEC-251","stage":"implement","workdir":"/tmp/bec251-workdir","msg":"starting agent query"}
@urateam/core:test: {"level":50,"time":"2026-05-26T22:48:17.574Z","pid":42136,"hostname":"95cf947da62c","name":"urateam","component":"Executor","runId":"run-bec251-fresh","issueId":"BEC-251","stage":"implement","err":{"type":"Error","message":"Claude Code process exited with code 1","stack":"Error: Claude Code process exited with code 1\n    at makeProcessExitError (/home/ura/data/runs/B7TEaqaYubzZqR2vcvyha/worktree/packages/core/src/__tests__/executor-error-capture.test.ts:88:10)\n    at /home/ura/data/runs/B7TEaqaYubzZqR2vcvyha/worktree/packages/core/src/__tests__/executor-error-capture.test.ts:234:13\n    at mockCall (file:///home/ura/data/runs/B7TEaqaYubzZqR2vcvyha/worktree/node_modules/.pnpm/@vitest+spy@3.2.4/node_modules/@vitest/spy/dist/index.js:96:15)\n    at spy (file:///home/ura/data/runs/B7TEaqaYubzZqR2vcvyha/worktree/node_modules/.pnpm/tinyspy@4.0.4/node_modules/tinyspy/dist/index.js:47:80)\n    at Module.executeStage (/home/ura/data/runs/B7TEaqaYubzZqR2vcvyha/worktree/packages/core/src/executor/executor.ts:319:22)\n    at processTicksAndRejections (node:internal/process/task_queues:103:5)\n    at /home/ura/data/runs/B7TEaqaYubzZqR2vcvyha/worktree/packages/core/src/__tests__/executor-error-capture.test.ts:240:5\n    at file:///home/ura/data/runs/B7TEaqaYubzZqR2vcvyha/worktree/node_modules/.pnpm/@vitest+runner@3.2.4/node_modules/@vitest/runner/dist/chunk-hooks.js:752:20"},"msg":"stage failed"}
@urateam/core:test: {"level":30,"time":"2026-05-26T22:48:17.593Z","pid":42136,"hostname":"95cf947da62c","name":"urateam","component":"Executor","runId":"run-bec251-parse","issueId":"BEC-251","stage":"implement","authMethod":"api-key","msg":"Claude auth method resolved"}
@urateam/core:test: {"level":30,"time":"2026-05-26T22:48:17.593Z","pid":42136,"hostname":"95cf947da62c","name":"urateam","component":"Executor","runId":"run-bec251-parse","issueId":"BEC-251","stage":"implement","workdir":"/tmp/bec251-workdir","msg":"importing Agent SDK"}
@urateam/core:test: {"level":30,"time":"2026-05-26T22:48:17.594Z","pid":42136,"hostname":"95cf947da62c","name":"urateam","component":"Executor","runId":"run-bec251-parse","issueId":"BEC-251","stage":"implement","workdir":"/tmp/bec251-workdir","msg":"starting agent query"}
@urateam/core:test: {"level":50,"time":"2026-05-26T22:48:17.594Z","pid":42136,"hostname":"95cf947da62c","name":"urateam","component":"Executor","runId":"run-bec251-parse","issueId":"BEC-251","stage":"implement","err":{"type":"Error","message":"Claude Code process exited with code 127","stack":"Error: Claude Code process exited with code 127\n    at /home/ura/data/runs/B7TEaqaYubzZqR2vcvyha/worktree/packages/core/src/__tests__/executor-error-capture.test.ts:264:22\n    at processTicksAndRejections (node:internal/process/task_queues:103:5)\n    at file:///home/ura/data/runs/B7TEaqaYubzZqR2vcvyha/worktree/node_modules/.pnpm/@vitest+runner@3.2.4/node_modules/@vitest/runner/dist/chunk-hooks.js:752:20"},"msg":"stage failed"}
@urateam/core:test: {"level":30,"time":"2026-05-26T22:48:17.603Z","pid":42136,"hostname":"95cf947da62c","name":"urateam","component":"Executor","runId":"run-bec251-nostderr","issueId":"BEC-251","stage":"implement","authMethod":"api-key","msg":"Claude auth method resolved"}
@urateam/core:test: {"level":30,"time":"2026-05-26T22:48:17.605Z","pid":42136,"hostname":"95cf947da62c","name":"urateam","component":"Executor","runId":"run-bec251-nostderr","issueId":"BEC-251","stage":"implement","workdir":"/tmp/bec251-workdir","msg":"importing Agent SDK"}
@urateam/core:test: {"level":30,"time":"2026-05-26T22:48:17.606Z","pid":42136,"hostname":"95cf947da62c","name":"urateam","component":"Executor","runId":"run-bec251-nostderr","issueId":"BEC-251","stage":"implement","workdir":"/tmp/bec251-workdir","msg":"starting agent query"}
@urateam/core:test: {"level":50,"time":"2026-05-26T22:48:17.606Z","pid":42136,"hostname":"95cf947da62c","name":"urateam","component":"Executor","runId":"run-bec251-nostderr","issueId":"BEC-251","stage":"implement","err":{"type":"Error","message":"Claude Code process exited with code 1","stack":"Error: Claude Code process exited with code 1\n    at makeProcessExitError (/home/ura/data/runs/B7TEaqaYubzZqR2vcvyha/worktree/packages/core/src/__tests__/executor-error-capture.test.ts:88:10)\n    at /home/ura/data/runs/B7TEaqaYubzZqR2vcvyha/worktree/packages/core/src/__tests__/executor-error-capture.test.ts:297:13\n    at mockCall (file:///home/ura/data/runs/B7TEaqaYubzZqR2vcvyha/worktree/node_modules/.pnpm/@vitest+spy@3.2.4/node_modules/@vitest/spy/dist/index.js:96:15)\n    at spy (file:///home/ura/data/runs/B7TEaqaYubzZqR2vcvyha/worktree/node_modules/.pnpm/tinyspy@4.0.4/node_modules/tinyspy/dist/index.js:47:80)\n    at Module.executeStage (/home/ura/data/runs/B7TEaqaYubzZqR2vcvyha/worktree/packages/core/src/executor/executor.ts:319:22)\n    at processTicksAndRejections (node:internal/process/task_queues:103:5)\n    at /home/ura/data/runs/B7TEaqaYubzZqR2vcvyha/worktree/packages/core/src/__tests__/executor-error-capture.test.ts:303:5\n    at file:///home/ura/data/runs/B7TEaqaYubzZqR2vcvyha/worktree/node_modules/.pnpm/@vitest+runner@3.2.4/node_modules/@vitest/runner/dist/chunk-hooks.js:752:20"},"msg":"stage failed"}
@urateam/core:test:  ✓ src/__tests__/executor-error-capture.test.ts (6 tests) 165ms
@urateam/core:test:  ✓ src/__tests__/distributed-lock.test.ts (13 tests) 1640ms
@urateam/core:test:    ✓ withBranchLock — timeout > throws LockTimeoutError when lock cannot be acquired within timeoutMs  301ms
@urateam/core:test:    ✓ withBranchLock — timeout > succeeds when lock becomes available before timeout  502ms
@urateam/core:test:  ✓ src/__tests__/notifier.test.ts (11 tests) 80ms
@urateam/core:test:  ✓ src/__tests__/gitlab.test.ts (17 tests) 36ms
@urateam/core:test: {"level":30,"time":"2026-05-26T22:48:20.464Z","pid":42550,"hostname":"95cf947da62c","name":"urateam","component":"PmAgent:triage","issueId":"BEC-230-test","priority":2,"labels":["feature","backend","auto-implement"],"pipelineLabel":"auto-implement","complexity":"medium","msg":"triaged issue"}
@urateam/core:test: {"level":30,"time":"2026-05-26T22:48:20.468Z","pid":42550,"hostname":"95cf947da62c","name":"urateam","component":"PmAgent:triage","issueId":"BEC-230-prompt-test","priority":2,"labels":["feature","backend","auto-implement"],"pipelineLabel":"auto-implement","complexity":"medium","msg":"triaged issue"}
@urateam/core:test: {"level":30,"time":"2026-05-26T22:48:20.471Z","pid":42550,"hostname":"95cf947da62c","name":"urateam","component":"PmAgent:triage","issueId":"BEC-230-no-acs","priority":2,"labels":["feature","backend","auto-implement"],"pipelineLabel":"auto-implement","complexity":"medium","msg":"triaged issue"}
@urateam/core:test:  ✓ src/__tests__/triage-preserve-acs.test.ts (16 tests) 23ms
@urateam/core:test: {"level":30,"time":"2026-05-26T22:48:21.190Z","pid":42531,"hostname":"95cf947da62c","name":"urateam","component":"Executor","runId":"run-bec82-default","issueId":"BEC-82","stage":"implement","authMethod":"mounted-session","msg":"Claude auth method resolved"}
@urateam/core:test: {"level":30,"time":"2026-05-26T22:48:21.197Z","pid":42531,"hostname":"95cf947da62c","name":"urateam","component":"Executor","runId":"run-bec82-default","issueId":"BEC-82","stage":"implement","workdir":"/tmp/bec82-workdir","msg":"importing Agent SDK"}
@urateam/core:test: {"level":30,"time":"2026-05-26T22:48:21.199Z","pid":42531,"hostname":"95cf947da62c","name":"urateam","component":"Executor","runId":"run-bec82-default","issueId":"BEC-82","stage":"implement","workdir":"/tmp/bec82-workdir","msg":"starting agent query"}
@urateam/core:test: {"level":30,"time":"2026-05-26T22:48:21.201Z","pid":42531,"hostname":"95cf947da62c","name":"urateam","component":"Executor","runId":"run-bec82-default","issueId":"BEC-82","stage":"implement","msg":"iterating agent messages"}
@urateam/core:test: {"level":30,"time":"2026-05-26T22:48:21.205Z","pid":42531,"hostname":"95cf947da62c","name":"urateam","component":"Executor","runId":"run-bec82-default","issueId":"BEC-82","stage":"implement","inputTokens":0,"outputTokens":0,"turns":1,"msg":"stage completed"}
@urateam/core:test: {"level":30,"time":"2026-05-26T22:48:21.231Z","pid":42531,"hostname":"95cf947da62c","name":"urateam","component":"Executor","runId":"run-bec82-override","issueId":"BEC-82","stage":"implement","authMethod":"mounted-session","msg":"Claude auth method resolved"}
@urateam/core:test: {"level":30,"time":"2026-05-26T22:48:21.231Z","pid":42531,"hostname":"95cf947da62c","name":"urateam","component":"Executor","runId":"run-bec82-override","issueId":"BEC-82","stage":"implement","workdir":"/tmp/bec82-workdir","msg":"importing Agent SDK"}
@urateam/core:test: {"level":30,"time":"2026-05-26T22:48:21.234Z","pid":42531,"hostname":"95cf947da62c","name":"urateam","component":"Executor","runId":"run-bec82-override","issueId":"BEC-82","stage":"implement","workdir":"/tmp/bec82-workdir","msg":"starting agent query"}
@urateam/core:test: {"level":30,"time":"2026-05-26T22:48:21.234Z","pid":42531,"hostname":"95cf947da62c","name":"urateam","component":"Executor","runId":"run-bec82-override","issueId":"BEC-82","stage":"implement","msg":"iterating agent messages"}
@urateam/core:test: {"level":30,"time":"2026-05-26T22:48:21.234Z","pid":42531,"hostname":"95cf947da62c","name":"urateam","component":"Executor","runId":"run-bec82-override","issueId":"BEC-82","stage":"implement","inputTokens":0,"outputTokens":0,"turns":1,"msg":"stage completed"}
@urateam/core:test: {"level":30,"time":"2026-05-26T22:48:21.268Z","pid":42531,"hostname":"95cf947da62c","name":"urateam","component":"Executor","runId":"run-bec82-fallback","issueId":"BEC-82","stage":"implement","authMethod":"mounted-session","msg":"Claude auth method resolved"}
@urateam/core:test: {"level":30,"time":"2026-05-26T22:48:21.268Z","pid":42531,"hostname":"95cf947da62c","name":"urateam","component":"Executor","runId":"run-bec82-fallback","issueId":"BEC-82","stage":"implement","workdir":"/tmp/bec82-workdir","msg":"importing Agent SDK"}
@urateam/core:test: {"level":30,"time":"2026-05-26T22:48:21.276Z","pid":42531,"hostname":"95cf947da62c","name":"urateam","component":"Executor","runId":"run-bec82-fallback","issueId":"BEC-82","stage":"implement","workdir":"/tmp/bec82-workdir","msg":"starting agent query"}
@urateam/core:test: {"level":30,"time":"2026-05-26T22:48:21.277Z","pid":42531,"hostname":"95cf947da62c","name":"urateam","component":"Executor","runId":"run-bec82-fallback","issueId":"BEC-82","stage":"implement","msg":"iterating agent messages"}
@urateam/core:test: {"level":30,"time":"2026-05-26T22:48:21.278Z","pid":42531,"hostname":"95cf947da62c","name":"urateam","component":"Executor","runId":"run-bec82-fallback","issueId":"BEC-82","stage":"implement","inputTokens":0,"outputTokens":0,"turns":1,"msg":"stage completed"}
@urateam/core:test: {"level":30,"time":"2026-05-26T22:48:21.319Z","pid":42531,"hostname":"95cf947da62c","name":"urateam","component":"Executor","runId":"run-bec82-test-stage","issueId":"BEC-82","stage":"test","authMethod":"mounted-session","msg":"Claude auth method resolved"}
@urateam/core:test: {"level":30,"time":"2026-05-26T22:48:21.321Z","pid":42531,"hostname":"95cf947da62c","name":"urateam","component":"Executor","runId":"run-bec82-test-stage","issueId":"BEC-82","stage":"test","workdir":"/tmp/bec82-workdir","msg":"importing Agent SDK"}
@urateam/core:test: {"level":30,"time":"2026-05-26T22:48:21.324Z","pid":42531,"hostname":"95cf947da62c","name":"urateam","component":"Executor","runId":"run-bec82-test-stage","issueId":"BEC-82","stage":"test","workdir":"/tmp/bec82-workdir","msg":"starting agent query"}
@urateam/core:test: {"level":30,"time":"2026-05-26T22:48:21.324Z","pid":42531,"hostname":"95cf947da62c","name":"urateam","component":"Executor","runId":"run-bec82-test-stage","issueId":"BEC-82","stage":"test","msg":"iterating agent messages"}
@urateam/core:test: {"level":30,"time":"2026-05-26T22:48:21.324Z","pid":42531,"hostname":"95cf947da62c","name":"urateam","component":"Executor","runId":"run-bec82-test-stage","issueId":"BEC-82","stage":"test","inputTokens":0,"outputTokens":0,"turns":1,"msg":"stage completed"}
@urateam/core:test: {"level":30,"time":"2026-05-26T22:48:21.361Z","pid":42531,"hostname":"95cf947da62c","name":"urateam","component":"Executor","runId":"run-bec82-haiku-default","issueId":"BEC-82","stage":"test","authMethod":"mounted-session","msg":"Claude auth method resolved"}
@urateam/core:test: {"level":30,"time":"2026-05-26T22:48:21.361Z","pid":42531,"hostname":"95cf947da62c","name":"urateam","component":"Executor","runId":"run-bec82-haiku-default","issueId":"BEC-82","stage":"test","workdir":"/tmp/bec82-workdir","msg":"importing Agent SDK"}
@urateam/core:test: {"level":30,"time":"2026-05-26T22:48:21.362Z","pid":42531,"hostname":"95cf947da62c","name":"urateam","component":"Executor","runId":"run-bec82-haiku-default","issueId":"BEC-82","stage":"test","workdir":"/tmp/bec82-workdir","msg":"starting agent query"}
@urateam/core:test: {"level":30,"time":"2026-05-26T22:48:21.363Z","pid":42531,"hostname":"95cf947da62c","name":"urateam","component":"Executor","runId":"run-bec82-haiku-default","issueId":"BEC-82","stage":"test","msg":"iterating agent messages"}
@urateam/core:test: {"level":30,"time":"2026-05-26T22:48:21.364Z","pid":42531,"hostname":"95cf947da62c","name":"urateam","component":"Executor","runId":"run-bec82-haiku-default","issueId":"BEC-82","stage":"test","inputTokens":0,"outputTokens":0,"turns":1,"msg":"stage completed"}
@urateam/core:test:  ✓ src/__tests__/stage-models.test.ts (10 tests) 277ms
@urateam/core:test: {"level":50,"time":"2026-05-26T22:48:22.816Z","pid":42684,"hostname":"95cf947da62c","name":"urateam","component":"Qa:gap","err":{"type":"Error","message":"Linear unauthorized","stack":"Error: Linear unauthorized\n    at Object.<anonymous> (/home/ura/data/runs/B7TEaqaYubzZqR2vcvyha/worktree/packages/core/src/__tests__/qa-gap.test.ts:99:46)\n    at Object.mockCall (file:///home/ura/data/runs/B7TEaqaYubzZqR2vcvyha/worktree/node_modules/.pnpm/@vitest+spy@3.2.4/node_modules/@vitest/spy/dist/index.js:96:15)\n    at Object.spy [as createIssue] (file:///home/ura/data/runs/B7TEaqaYubzZqR2vcvyha/worktree/node_modules/.pnpm/tinyspy@4.0.4/node_modules/tinyspy/dist/index.js:47:80)\n    at fileGapIssue (/home/ura/data/runs/B7TEaqaYubzZqR2vcvyha/worktree/packages/core/src/qa/gap.ts:192:34)\n    at processTicksAndRejections (node:internal/process/task_queues:103:5)\n    at /home/ura/data/runs/B7TEaqaYubzZqR2vcvyha/worktree/packages/core/src/__tests__/qa-gap.test.ts:101:20\n    at file:///home/ura/data/runs/B7TEaqaYubzZqR2vcvyha/worktree/node_modules/.pnpm/@vitest+runner@3.2.4/node_modules/@vitest/runner/dist/chunk-hooks.js:752:20"},"repoUrl":"https://github.com/org/repo","branch":"main","workflowPath":".github/workflows/smoke.yml","msg":"Linear createIssue failed"}
@urateam/core:test:  ✓ src/__tests__/qa-gap.test.ts (12 tests) 295ms
@urateam/core:test: {"level":50,"time":"2026-05-26T22:48:23.230Z","pid":42786,"hostname":"95cf947da62c","name":"urateam","component":"HangDetection","runId":"run-1","stage":"implement","lastUpdateTime":"2026-05-26T22:17:23.227Z","elapsedMs":1860000,"hangThresholdMs":1800000,"processUptimeSeconds":2,"memoryUsageMb":111,"cpuUserMs":693,"msg":"stage hang detected: implement stage for run run-1 has had no progress for 31 minutes (last update: 2026-05-26T22:17:23.227Z)"}
@urateam/core:test: {"level":50,"time":"2026-05-26T22:48:23.236Z","pid":42786,"hostname":"95cf947da62c","name":"urateam","component":"HangDetection","runId":"run-2","stage":"review","lastUpdateTime":"2026-05-26T22:17:23.235Z","elapsedMs":1860000,"hangThresholdMs":1800000,"processUptimeSeconds":2,"memoryUsageMb":111,"cpuUserMs":695,"msg":"stage hang detected: review stage for run run-2 has had no progress for 31 minutes (last update: 2026-05-26T22:17:23.235Z)"}
@urateam/core:test: {"level":50,"time":"2026-05-26T22:48:23.236Z","pid":42786,"hostname":"95cf947da62c","name":"urateam","component":"HangDetection","runId":"run-3","stage":"implement","lastUpdateTime":"2026-05-26T22:17:23.236Z","elapsedMs":1860000,"hangThresholdMs":1800000,"processUptimeSeconds":2,"memoryUsageMb":111,"cpuUserMs":696,"msg":"stage hang detected: implement stage for run run-3 has had no progress for 31 minutes (last update: 2026-05-26T22:17:23.236Z)"}
@urateam/core:test: {"level":30,"time":"2026-05-26T22:48:23.789Z","pid":42786,"hostname":"95cf947da62c","name":"urateam","component":"terminate","runId":"_YJ4UKJWYQuNRhBnxotSA","issueId":"BEC-209","previousStatus":"running","msg":"run manually terminated"}
@urateam/core:test: {"level":30,"time":"2026-05-26T22:48:23.885Z","pid":42786,"hostname":"95cf947da62c","name":"urateam","component":"terminate","runId":"mJEVJs4IVw4JSxdg_qCAi","issueId":"BEC-209","previousStatus":"retriable","msg":"run manually terminated"}
@urateam/core:test:  ✓ src/__tests__/bec-209-hang-detection.test.ts (17 tests) 675ms
@urateam/core:test:    ✓ BEC-209: terminateRun() — DB integration > marks a running pipeline_run as failed and removes active_work entry  555ms
@urateam/core:test: [SlackAlerts] Failed to send alert: Error: network down
@urateam/core:test:  ✓ src/__tests__/slack-alerts.test.ts (18 tests) 98ms
@urateam/core:test:  ✓ src/__tests__/bec89-unified-schema.test.ts (13 tests) 486ms
@urateam/core:test: {"level":40,"time":"2026-05-26T22:48:28.356Z","pid":43448,"hostname":"95cf947da62c","name":"urateam","component":"PmAgent:recoverStuck","count":50,"msg":"stuck-issue query may be truncated — consider pagination"}
@urateam/core:test: {"level":30,"time":"2026-05-26T22:48:28.358Z","pid":43448,"hostname":"95cf947da62c","name":"urateam","component":"PmAgent:recoverStuck","totalInProgress":50,"stuckCount":50,"rateLimitedTo":5,"msg":"stuck In Progress issues detected"}
@urateam/core:test: {"level":30,"time":"2026-05-26T22:48:28.358Z","pid":43448,"hostname":"95cf947da62c","name":"urateam","component":"PmAgent:recoverStuck","identifier":"BEC-100","previousState":"In Progress","lastRunStatus":null,"targetState":"Backlog","inReviewOverride":false,"recoveredLongRunning":false,"msg":"auto-recovered stuck In Progress issue"}
@urateam/core:test: {"level":30,"time":"2026-05-26T22:48:28.358Z","pid":43448,"hostname":"95cf947da62c","name":"urateam","component":"PmAgent:recoverStuck","identifier":"BEC-101","previousState":"In Progress","lastRunStatus":null,"targetState":"Backlog","inReviewOverride":false,"recoveredLongRunning":false,"msg":"auto-recovered stuck In Progress issue"}
@urateam/core:test: {"level":30,"time":"2026-05-26T22:48:28.358Z","pid":43448,"hostname":"95cf947da62c","name":"urateam","component":"PmAgent:recoverStuck","identifier":"BEC-102","previousState":"In Progress","lastRunStatus":null,"targetState":"Backlog","inReviewOverride":false,"recoveredLongRunning":false,"msg":"auto-recovered stuck In Progress issue"}
@urateam/core:test: {"level":30,"time":"2026-05-26T22:48:28.359Z","pid":43448,"hostname":"95cf947da62c","name":"urateam","component":"PmAgent:recoverStuck","identifier":"BEC-103","previousState":"In Progress","lastRunStatus":null,"targetState":"Backlog","inReviewOverride":false,"recoveredLongRunning":false,"msg":"auto-recovered stuck In Progress issue"}
@urateam/core:test: {"level":30,"time":"2026-05-26T22:48:28.359Z","pid":43448,"hostname":"95cf947da62c","name":"urateam","component":"PmAgent:recoverStuck","identifier":"BEC-104","previousState":"In Progress","lastRunStatus":null,"targetState":"Backlog","inReviewOverride":false,"recoveredLongRunning":false,"msg":"auto-recovered stuck In Progress issue"}
@urateam/core:test: {"level":30,"time":"2026-05-26T22:48:28.361Z","pid":43448,"hostname":"95cf947da62c","name":"urateam","component":"PmAgent:recoverStuck","totalInProgress":3,"stuckCount":3,"rateLimitedTo":3,"msg":"stuck In Progress issues detected"}
@urateam/core:test: {"level":30,"time":"2026-05-26T22:48:28.361Z","pid":43448,"hostname":"95cf947da62c","name":"urateam","component":"PmAgent:recoverStuck","identifier":"BEC-100","previousState":"In Progress","lastRunStatus":null,"targetState":"Backlog","inReviewOverride":false,"recoveredLongRunning":false,"msg":"auto-recovered stuck In Progress issue"}
@urateam/core:test: {"level":30,"time":"2026-05-26T22:48:28.361Z","pid":43448,"hostname":"95cf947da62c","name":"urateam","component":"PmAgent:recoverStuck","identifier":"BEC-101","previousState":"In Progress","lastRunStatus":null,"targetState":"Backlog","inReviewOverride":false,"recoveredLongRunning":false,"msg":"auto-recovered stuck In Progress issue"}
@urateam/core:test: {"level":30,"time":"2026-05-26T22:48:28.362Z","pid":43448,"hostname":"95cf947da62c","name":"urateam","component":"PmAgent:recoverStuck","identifier":"BEC-102","previousState":"In Progress","lastRunStatus":null,"targetState":"Backlog","inReviewOverride":false,"recoveredLongRunning":false,"msg":"auto-recovered stuck In Progress issue"}
@urateam/core:test: {"level":50,"time":"2026-05-26T22:48:28.365Z","pid":43448,"hostname":"95cf947da62c","name":"urateam","component":"PmAgent:scheduler","err":{"type":"TypeError","message":"db.select is not a function","stack":"TypeError: db.select is not a function\n    at selectProbeCandidates (/home/ura/data/runs/B7TEaqaYubzZqR2vcvyha/worktree/packages/core/src/pm/actions/select-probe-candidates.ts:47:6)\n    at Object.tick (/home/ura/data/runs/B7TEaqaYubzZqR2vcvyha/worktree/packages/core/src/pm/scheduler.ts:368:38)\n    at processTicksAndRejections (node:internal/process/task_queues:103:5)\n    at /home/ura/data/runs/B7TEaqaYubzZqR2vcvyha/worktree/packages/core/src/__tests__/reproduce-bec113-pagination-warning.test.ts:258:5\n    at file:///home/ura/data/runs/B7TEaqaYubzZqR2vcvyha/worktree/node_modules/.pnpm/@vitest+runner@3.2.4/node_modules/@vitest/runner/dist/chunk-hooks.js:752:20"},"msg":"selectProbeCandidates failed"}
@urateam/core:test: {"level":30,"time":"2026-05-26T22:48:28.377Z","pid":43448,"hostname":"95cf947da62c","name":"urateam","component":"license","tier":"oss","msg":"no license key set — running in OSS mode"}
@urateam/core:test: {"level":30,"time":"2026-05-26T22:48:28.377Z","pid":43448,"hostname":"95cf947da62c","name":"urateam","component":"PmAgent:scheduler","triaged":0,"promoted":0,"errors":1,"msg":"tick complete"}
@urateam/core:test:  ✓ src/__tests__/reproduce-bec113-pagination-warning.test.ts (4 tests) 28ms
@urateam/core:test: hint: Using 'master' as the name for the initial branch. This default branch name
@urateam/core:test: hint: will change to "main" in Git 3.0. To configure the initial branch name
@urateam/core:test: hint: to use in all of your new repositories, which will suppress this warning,
@urateam/core:test: hint: call:
@urateam/core:test: hint:
@urateam/core:test: hint: 	git config --global init.defaultBranch <name>
@urateam/core:test: hint:
@urateam/core:test: hint: Names commonly chosen instead of 'master' are 'main', 'trunk' and
@urateam/core:test: hint: 'development'. The just-created branch can be renamed via this command:
@urateam/core:test: hint:
@urateam/core:test: hint: 	git branch -m <name>
@urateam/core:test: hint:
@urateam/core:test: hint: Disable this message with "git config set advice.defaultBranchName false"
@urateam/core:test: {"level":50,"time":"2026-05-26T22:48:28.530Z","pid":43394,"hostname":"95cf947da62c","name":"urateam","component":"git","args":["log","--name-only","--format=","origin..HEAD"],"cwd":"/tmp/laf-getmod-test-61caa73cb468","stderr":"fatal: ambiguous argument 'origin..HEAD': unknown revision or path not in the working tree.\nUse '--' to separate paths from revisions, like this:\n'git <command> [<revision>...] -- [<file>...]'\n","msg":"git log failed"}
@urateam/core:test: hint: Using 'master' as the name for the initial branch. This default branch name
@urateam/core:test: hint: will change to "main" in Git 3.0. To configure the initial branch name
@urateam/core:test: hint: to use in all of your new repositories, which will suppress this warning,
@urateam/core:test: hint: call:
@urateam/core:test: hint:
@urateam/core:test: hint: 	git config --global init.defaultBranch <name>
@urateam/core:test: hint:
@urateam/core:test: hint: Names commonly chosen instead of 'master' are 'main', 'trunk' and
@urateam/core:test: hint: 'development'. The just-created branch can be renamed via this command:
@urateam/core:test: hint:
@urateam/core:test: hint: 	git branch -m <name>
@urateam/core:test: hint:
@urateam/core:test: hint: Disable this message with "git config set advice.defaultBranchName false"
@urateam/core:test: {"level":50,"time":"2026-05-26T22:48:28.600Z","pid":43394,"hostname":"95cf947da62c","name":"urateam","component":"git","args":["log","--name-only","--format=","origin..HEAD"],"cwd":"/tmp/laf-getmod-test-286c8aa153e4","stderr":"fatal: ambiguous argument 'origin..HEAD': unknown revision or path not in the working tree.\nUse '--' to separate paths from revisions, like this:\n'git <command> [<revision>...] -- [<file>...]'\n","msg":"git log failed"}
@urateam/core:test: hint: Using 'master' as the name for the initial branch. This default branch name
@urateam/core:test: hint: will change to "main" in Git 3.0. To configure the initial branch name
@urateam/core:test: hint: to use in all of your new repositories, which will suppress this warning,
@urateam/core:test: hint: call:
@urateam/core:test: hint:
@urateam/core:test: hint: 	git config --global init.defaultBranch <name>
@urateam/core:test: hint:
@urateam/core:test: hint: Names commonly chosen instead of 'master' are 'main', 'trunk' and
@urateam/core:test: hint: 'development'. The just-created branch can be renamed via this command:
@urateam/core:test: hint:
@urateam/core:test: hint: 	git branch -m <name>
@urateam/core:test: hint:
@urateam/core:test: hint: Disable this message with "git config set advice.defaultBranchName false"
@urateam/core:test: {"level":50,"time":"2026-05-26T22:48:28.671Z","pid":43394,"hostname":"95cf947da62c","name":"urateam","component":"git","args":["log","--name-only","--format=","origin..HEAD"],"cwd":"/tmp/laf-getmod-test-a2c92cf45cad","stderr":"fatal: ambiguous argument 'origin..HEAD': unknown revision or path not in the working tree.\nUse '--' to separate paths from revisions, like this:\n'git <command> [<revision>...] -- [<file>...]'\n","msg":"git log failed"}
@urateam/core:test: {"level":40,"time":"2026-05-26T22:48:28.682Z","pid":43394,"hostname":"95cf947da62c","name":"urateam","component":"git","args":"status","err":"spawn git ENOENT","msg":"git command failed (non-fatal)"}
@urateam/core:test: {"level":50,"time":"2026-05-26T22:48:28.683Z","pid":43394,"hostname":"95cf947da62c","name":"urateam","component":"git","args":["log","--name-only","--format=","origin..HEAD"],"cwd":"/nonexistent/path/xyz","stderr":"","msg":"git log failed"}
@urateam/core:test:  ✓ src/__tests__/coordination.test.ts (17 tests) 1818ms
@urateam/core:test:    ✓ coordination > upsertActiveWork > advances updatedAt on re-upsert  1129ms
@urateam/core:test: {"level":30,"time":"2026-05-26T22:48:29.558Z","pid":43777,"hostname":"95cf947da62c","name":"urateam","component":"git","issueId":"BEC-999","filtered":[".claude/"],"trackedScratchpad":[],"msg":"auto-commit filtered scratchpad paths (BEC-157)"}
@urateam/core:test: {"level":40,"time":"2026-05-26T22:48:29.572Z","pid":43777,"hostname":"95cf947da62c","name":"urateam","component":"git","issueId":"BEC-999","worktreePath":"/tmp/urateam-bec157-naPLki","msg":"auto-committing uncommitted changes (agent did not commit)"}
@urateam/core:test: {"level":30,"time":"2026-05-26T22:48:29.715Z","pid":43777,"hostname":"95cf947da62c","name":"urateam","component":"git","issueId":"BEC-999","filtered":["BEC-149-INDEX.md","BEC-149-PR-CHECKLIST.md"],"trackedScratchpad":[],"msg":"auto-commit filtered scratchpad paths (BEC-157)"}
@urateam/core:test: {"level":40,"time":"2026-05-26T22:48:29.715Z","pid":43777,"hostname":"95cf947da62c","name":"urateam","component":"git","issueId":"BEC-999","worktreePath":"/tmp/urateam-bec157-GnODfn","msg":"auto-committing uncommitted changes (agent did not commit)"}
@urateam/core:test: {"level":30,"time":"2026-05-26T22:48:29.815Z","pid":43777,"hostname":"95cf947da62c","name":"urateam","component":"git","issueId":"BEC-999","filtered":["verify-fix.mjs","verify-thing.ts"],"trackedScratchpad":[],"msg":"auto-commit filtered scratchpad paths (BEC-157)"}
@urateam/core:test: {"level":40,"time":"2026-05-26T22:48:29.815Z","pid":43777,"hostname":"95cf947da62c","name":"urateam","component":"git","issueId":"BEC-999","worktreePath":"/tmp/urateam-bec157-okKLKB","msg":"auto-committing uncommitted changes (agent did not commit)"}
@urateam/core:test: {"level":40,"time":"2026-05-26T22:48:29.893Z","pid":43777,"hostname":"95cf947da62c","name":"urateam","component":"git","issueId":"BEC-999","worktreePath":"/tmp/urateam-bec157-lBFejD","msg":"auto-committing uncommitted changes (agent did not commit)"}
@urateam/core:test: {"level":40,"time":"2026-05-26T22:48:29.994Z","pid":43777,"hostname":"95cf947da62c","name":"urateam","component":"git","issueId":"BEC-999","worktreePath":"/tmp/urateam-bec157-lnjnHG","msg":"auto-committing uncommitted changes (agent did not commit)"}
@urateam/core:test: {"level":30,"time":"2026-05-26T22:48:30.094Z","pid":43777,"hostname":"95cf947da62c","name":"urateam","component":"git","issueId":"BEC-999","filtered":[".claude/","BEC-200-OUTPUT.md"],"trackedScratchpad":[],"msg":"auto-commit filtered scratchpad paths (BEC-157)"}
@urateam/core:test: {"level":40,"time":"2026-05-26T22:48:30.094Z","pid":43777,"hostname":"95cf947da62c","name":"urateam","component":"git","issueId":"BEC-999","worktreePath":"/tmp/urateam-bec157-MPFfBM","allFiltered":[".claude/","BEC-200-OUTPUT.md"],"msg":"auto-commit: no real changes after scratchpad filter (skipping commit)"}
@urateam/core:test: {"level":40,"time":"2026-05-26T22:48:30.173Z","pid":43777,"hostname":"95cf947da62c","name":"urateam","component":"git","issueId":"BEC-999","worktreePath":"/tmp/urateam-bec157-dAlAfN","msg":"auto-committing uncommitted changes (agent did not commit)"}
@urateam/core:test:  ✓ src/__tests__/auto-commit-scratchpad.test.ts (14 tests) 751ms
@urateam/core:test: {"level":30,"time":"2026-05-26T22:48:30.496Z","pid":43682,"hostname":"95cf947da62c","name":"urateam","component":"PmAgent:triage","issueId":"BEC-100","priority":2,"labels":["feature","auto-implement"],"pipelineLabel":"auto-implement","complexity":"small","msg":"triaged issue"}
@urateam/core:test: {"level":30,"time":"2026-05-26T22:48:30.501Z","pid":43682,"hostname":"95cf947da62c","name":"urateam","component":"PmAgent:triage","issueId":"BEC-100","priority":2,"labels":["feature","auto-implement"],"pipelineLabel":"auto-implement","complexity":"small","msg":"triaged issue"}
@urateam/core:test: {"level":40,"time":"2026-05-26T22:48:30.503Z","pid":43682,"hostname":"95cf947da62c","name":"urateam","component":"PmAgent:triage","issueId":"BEC-101","openQuestionsCount":2,"msg":"Tier 4 open-questions routing: ticket forced to needs-design (Claude flagged unanswered questions)"}
@urateam/core:test: {"level":30,"time":"2026-05-26T22:48:30.503Z","pid":43682,"hostname":"95cf947da62c","name":"urateam","component":"PmAgent:triage","issueId":"BEC-101","priority":3,"labels":["feature","needs-design"],"pipelineLabel":"needs-design","complexity":"small","msg":"triaged issue"}
@urateam/core:test: {"level":40,"time":"2026-05-26T22:48:30.504Z","pid":43682,"hostname":"95cf947da62c","name":"urateam","component":"PmAgent:triage","issueId":"BEC-101","openQuestionsCount":1,"msg":"Tier 4 open-questions routing: ticket forced to needs-design (Claude flagged unanswered questions)"}
@urateam/core:test: {"level":30,"time":"2026-05-26T22:48:30.504Z","pid":43682,"hostname":"95cf947da62c","name":"urateam","component":"PmAgent:triage","issueId":"BEC-101","priority":3,"labels":["feature","needs-design"],"pipelineLabel":"needs-design","complexity":"small","msg":"triaged issue"}
@urateam/core:test: {"level":40,"time":"2026-05-26T22:48:30.505Z","pid":43682,"hostname":"95cf947da62c","name":"urateam","component":"PmAgent:triage","issueId":"BEC-101","openQuestionsCount":1,"msg":"Tier 4 open-questions routing: ticket forced to needs-design (Claude flagged unanswered questions)"}
@urateam/core:test: {"level":30,"time":"2026-05-26T22:48:30.505Z","pid":43682,"hostname":"95cf947da62c","name":"urateam","component":"PmAgent:triage","issueId":"BEC-101","priority":3,"labels":["feature","needs-design"],"pipelineLabel":"needs-design","complexity":"small","msg":"triaged issue"}
@urateam/core:test: {"level":30,"time":"2026-05-26T22:48:30.506Z","pid":43682,"hostname":"95cf947da62c","name":"urateam","component":"PmAgent:triage","issueId":"BEC-100","priority":2,"labels":["feature","auto-implement"],"pipelineLabel":"auto-implement","complexity":"small","msg":"triaged issue"}
@urateam/core:test:  ✓ src/__tests__/pm-triage-design-doc.test.ts (6 tests) 18ms
@urateam/core:test: {"level":30,"time":"2026-05-26T22:48:32.157Z","pid":43896,"hostname":"95cf947da62c","name":"urateam","component":"GitHubWebhookHandler","runId":"run-bec186","prUrl":"https://github.com/org/repo/pull/235","msg":"pr-merged: updated pipeline run auto_merged=true"}
@urateam/core:test: {"level":30,"time":"2026-05-26T22:48:32.184Z","pid":43896,"hostname":"95cf947da62c","name":"urateam","component":"GitHubWebhookHandler","runId":"run-bec186","prUrl":"https://github.com/org/repo/pull/235","msg":"pr-merged: updated pipeline run auto_merged=true"}
@urateam/core:test: {"level":30,"time":"2026-05-26T22:48:32.189Z","pid":43896,"hostname":"95cf947da62c","name":"urateam","component":"GitHubWebhookHandler","runId":"run-bec186","prUrl":"https://github.com/org/repo/pull/235","msg":"pr-merged: updated pipeline run auto_merged=true"}
@urateam/core:test: {"level":30,"time":"2026-05-26T22:48:32.225Z","pid":43896,"hostname":"95cf947da62c","name":"urateam","component":"GitHubWebhookHandler","runId":"run-bec186","prUrl":"https://github.com/org/repo/pull/235","msg":"pr-merged: updated pipeline run auto_merged=true"}
@urateam/core:test:  ✓ src/__tests__/bec-186-repro.test.ts (7 tests) 101ms
@urateam/core:test: {"level":50,"time":"2026-05-26T22:48:33.253Z","pid":43911,"hostname":"95cf947da62c","name":"urateam","component":"PmAgent:scheduler","err":{"type":"TypeError","message":"db.select is not a function","stack":"TypeError: db.select is not a function\n    at selectProbeCandidates (/home/ura/data/runs/B7TEaqaYubzZqR2vcvyha/worktree/packages/core/src/pm/actions/select-probe-candidates.ts:47:6)\n    at Object.tick (/home/ura/data/runs/B7TEaqaYubzZqR2vcvyha/worktree/packages/core/src/pm/scheduler.ts:368:38)\n    at processTicksAndRejections (node:internal/process/task_queues:103:5)\n    at /home/ura/data/runs/B7TEaqaYubzZqR2vcvyha/worktree/packages/core/src/__tests__/pm-scheduler.test.ts:107:5\n    at file:///home/ura/data/runs/B7TEaqaYubzZqR2vcvyha/worktree/node_modules/.pnpm/@vitest+runner@3.2.4/node_modules/@vitest/runner/dist/chunk-hooks.js:752:20"},"msg":"selectProbeCandidates failed"}
@urateam/core:test: {"level":30,"time":"2026-05-26T22:48:33.275Z","pid":43911,"hostname":"95cf947da62c","name":"urateam","component":"license","tier":"pro","customerId":"cust_test","expiresAt":"2026-05-27T22:48:33.000Z","msg":"license key validated"}
@urateam/core:test: {"level":30,"time":"2026-05-26T22:48:33.277Z","pid":43911,"hostname":"95cf947da62c","name":"urateam","component":"PmAgent:scheduler","triaged":0,"promoted":0,"errors":1,"msg":"tick complete"}
@urateam/core:test: {"level":50,"time":"2026-05-26T22:48:33.284Z","pid":43911,"hostname":"95cf947da62c","name":"urateam","component":"PmAgent:scheduler","err":{"type":"TypeError","message":"db.select is not a function","stack":"TypeError: db.select is not a function\n    at selectProbeCandidates (/home/ura/data/runs/B7TEaqaYubzZqR2vcvyha/worktree/packages/core/src/pm/actions/select-probe-candidates.ts:47:6)\n    at Object.tick (/home/ura/data/runs/B7TEaqaYubzZqR2vcvyha/worktree/packages/core/src/pm/scheduler.ts:368:38)\n    at processTicksAndRejections (node:internal/process/task_queues:103:5)\n    at /home/ura/data/runs/B7TEaqaYubzZqR2vcvyha/worktree/packages/core/src/__tests__/pm-scheduler.test.ts:116:5\n    at file:///home/ura/data/runs/B7TEaqaYubzZqR2vcvyha/worktree/node_modules/.pnpm/@vitest+runner@3.2.4/node_modules/@vitest/runner/dist/chunk-hooks.js:752:20"},"msg":"selectProbeCandidates failed"}
@urateam/core:test: {"level":30,"time":"2026-05-26T22:48:33.285Z","pid":43911,"hostname":"95cf947da62c","name":"urateam","component":"license","tier":"pro","customerId":"cust_test","expiresAt":"2026-05-27T22:48:33.000Z","msg":"license key validated"}
@urateam/core:test: {"level":30,"time":"2026-05-26T22:48:33.286Z","pid":43911,"hostname":"95cf947da62c","name":"urateam","component":"PmAgent:scheduler","triaged":0,"promoted":0,"errors":1,"msg":"tick complete"}
@urateam/core:test: {"level":50,"time":"2026-05-26T22:48:33.286Z","pid":43911,"hostname":"95cf947da62c","name":"urateam","component":"PmAgent:scheduler","err":{"type":"TypeError","message":"db.select is not a function","stack":"TypeError: db.select is not a function\n    at selectProbeCandidates (/home/ura/data/runs/B7TEaqaYubzZqR2vcvyha/worktree/packages/core/src/pm/actions/select-probe-candidates.ts:47:6)\n    at Object.tick (/home/ura/data/runs/B7TEaqaYubzZqR2vcvyha/worktree/packages/core/src/pm/scheduler.ts:368:38)\n    at processTicksAndRejections (node:internal/process/task_queues:103:5)\n    at /home/ura/data/runs/B7TEaqaYubzZqR2vcvyha/worktree/packages/core/src/__tests__/pm-scheduler.test.ts:117:5\n    at file:///home/ura/data/runs/B7TEaqaYubzZqR2vcvyha/worktree/node_modules/.pnpm/@vitest+runner@3.2.4/node_modules/@vitest/runner/dist/chunk-hooks.js:752:20"},"msg":"selectProbeCandidates failed"}
@urateam/core:test: {"level":30,"time":"2026-05-26T22:48:33.288Z","pid":43911,"hostname":"95cf947da62c","name":"urateam","component":"PmAgent:scheduler","triaged":0,"promoted":0,"errors":1,"msg":"tick complete"}
@urateam/core:test: {"level":40,"time":"2026-05-26T22:48:33.293Z","pid":43911,"hostname":"95cf947da62c","name":"urateam","component":"audit.writer","err":{"type":"TypeError","message":"db.insert is not a function","stack":"TypeError: db.insert is not a function\n    at insertAuditEvent (/home/ura/data/runs/B7TEaqaYubzZqR2vcvyha/worktree/packages/core/src/audit/writer.ts:10:23)\n    at logAuditEventUnchecked (/home/ura/data/runs/B7TEaqaYubzZqR2vcvyha/worktree/packages/core/src/audit/writer.ts:79:9)\n    at Object.tick (/home/ura/data/runs/B7TEaqaYubzZqR2vcvyha/worktree/packages/core/src/pm/scheduler.ts:225:18)\n    at processTicksAndRejections (node:internal/process/task_queues:103:5)\n    at /home/ura/data/runs/B7TEaqaYubzZqR2vcvyha/worktree/packages/core/src/__tests__/pm-scheduler.test.ts:134:5\n    at file:///home/ura/data/runs/B7TEaqaYubzZqR2vcvyha/worktree/node_modules/.pnpm/@vitest+runner@3.2.4/node_modules/@vitest/runner/dist/chunk-hooks.js:752:20"},"eventType":"budget.run_refused","id":"evt_cca83b71-6319-47e6-9007-23319bacea03","msg":"audit event write failed"}
@urateam/core:test: {"level":50,"time":"2026-05-26T22:48:33.294Z","pid":43911,"hostname":"95cf947da62c","name":"urateam","component":"PmAgent:scheduler","err":{"type":"TypeError","message":"db.select is not a function","stack":"TypeError: db.select is not a function\n    at selectProbeCandidates (/home/ura/data/runs/B7TEaqaYubzZqR2vcvyha/worktree/packages/core/src/pm/actions/select-probe-candidates.ts:47:6)\n    at Object.tick (/home/ura/data/runs/B7TEaqaYubzZqR2vcvyha/worktree/packages/core/src/pm/scheduler.ts:368:38)\n    at processTicksAndRejections (node:internal/process/task_queues:103:5)\n    at /home/ura/data/runs/B7TEaqaYubzZqR2vcvyha/worktree/packages/core/src/__tests__/pm-scheduler.test.ts:134:5\n    at file:///home/ura/data/runs/B7TEaqaYubzZqR2vcvyha/worktree/node_modules/.pnpm/@vitest+runner@3.2.4/node_modules/@vitest/runner/dist/chunk-hooks.js:752:20"},"msg":"selectProbeCandidates failed"}
@urateam/core:test: {"level":30,"time":"2026-05-26T22:48:33.295Z","pid":43911,"hostname":"95cf947da62c","name":"urateam","component":"license","tier":"pro","customerId":"cust_test","expiresAt":"2026-05-27T22:48:33.000Z","msg":"license key validated"}
@urateam/core:test: {"level":30,"time":"2026-05-26T22:48:33.295Z","pid":43911,"hostname":"95cf947da62c","name":"urateam","component":"PmAgent:scheduler","triaged":0,"promoted":0,"errors":1,"msg":"tick complete"}
@urateam/core:test: {"level":40,"time":"2026-05-26T22:48:33.299Z","pid":43911,"hostname":"95cf947da62c","name":"urateam","component":"audit.writer","err":{"type":"TypeError","message":"db.insert is not a function","stack":"TypeError: db.insert is not a function\n    at insertAuditEvent (/home/ura/data/runs/B7TEaqaYubzZqR2vcvyha/worktree/packages/core/src/audit/writer.ts:10:23)\n    at logAuditEventUnchecked (/home/ura/data/runs/B7TEaqaYubzZqR2vcvyha/worktree/packages/core/src/audit/writer.ts:79:9)\n    at Object.tick (/home/ura/data/runs/B7TEaqaYubzZqR2vcvyha/worktree/packages/core/src/pm/scheduler.ts:225:18)\n    at processTicksAndRejections (node:internal/process/task_queues:103:5)\n    at /home/ura/data/runs/B7TEaqaYubzZqR2vcvyha/worktree/packages/core/src/__tests__/pm-scheduler.test.ts:146:5\n    at file:///home/ura/data/runs/B7TEaqaYubzZqR2vcvyha/worktree/node_modules/.pnpm/@vitest+runner@3.2.4/node_modules/@vitest/runner/dist/chunk-hooks.js:752:20"},"eventType":"budget.run_refused","id":"evt_7c398d73-4f8c-4330-9bd2-3fc9a2373684","msg":"audit event write failed"}
@urateam/core:test: {"level":50,"time":"2026-05-26T22:48:33.301Z","pid":43911,"hostname":"95cf947da62c","name":"urateam","component":"PmAgent:scheduler","err":{"type":"TypeError","message":"db.select is not a function","stack":"TypeError: db.select is not a function\n    at selectProbeCandidates (/home/ura/data/runs/B7TEaqaYubzZqR2vcvyha/worktree/packages/core/src/pm/actions/select-probe-candidates.ts:47:6)\n    at Object.tick (/home/ura/data/runs/B7TEaqaYubzZqR2vcvyha/worktree/packages/core/src/pm/scheduler.ts:368:38)\n    at processTicksAndRejections (node:internal/process/task_queues:103:5)\n    at /home/ura/data/runs/B7TEaqaYubzZqR2vcvyha/worktree/packages/core/src/__tests__/pm-scheduler.test.ts:146:5\n    at file:///home/ura/data/runs/B7TEaqaYubzZqR2vcvyha/worktree/node_modules/.pnpm/@vitest+runner@3.2.4/node_modules/@vitest/runner/dist/chunk-hooks.js:752:20"},"msg":"selectProbeCandidates failed"}
@urateam/core:test: {"level":30,"time":"2026-05-26T22:48:33.302Z","pid":43911,"hostname":"95cf947da62c","name":"urateam","component":"license","tier":"pro","customerId":"cust_test","expiresAt":"2026-05-27T22:48:33.000Z","msg":"license key validated"}
@urateam/core:test: {"level":30,"time":"2026-05-26T22:48:33.302Z","pid":43911,"hostname":"95cf947da62c","name":"urateam","component":"PmAgent:scheduler","triaged":1,"promoted":0,"errors":1,"msg":"tick complete"}
@urateam/core:test: {"level":40,"time":"2026-05-26T22:48:33.311Z","pid":43911,"hostname":"95cf947da62c","name":"urateam","component":"audit.writer","err":{"type":"TypeError","message":"db.insert is not a function","stack":"TypeError: db.insert is not a function\n    at insertAuditEvent (/home/ura/data/runs/B7TEaqaYubzZqR2vcvyha/worktree/packages/core/src/audit/writer.ts:10:23)\n    at logAuditEventUnchecked (/home/ura/data/runs/B7TEaqaYubzZqR2vcvyha/worktree/packages/core/src/audit/writer.ts:79:9)\n    at Object.tick (/home/ura/data/runs/B7TEaqaYubzZqR2vcvyha/worktree/packages/core/src/pm/scheduler.ts:225:18)\n    at processTicksAndRejections (node:internal/process/task_queues:103:5)\n    at /home/ura/data/runs/B7TEaqaYubzZqR2vcvyha/worktree/packages/core/src/__tests__/pm-scheduler.test.ts:160:5\n    at file:///home/ura/data/runs/B7TEaqaYubzZqR2vcvyha/worktree/node_modules/.pnpm/@vitest+runner@3.2.4/node_modules/@vitest/runner/dist/chunk-hooks.js:752:20"},"eventType":"budget.run_refused","id":"evt_03eb16d7-7a85-4324-9693-8d095db4c98c","msg":"audit event write failed"}
@urateam/core:test: {"level":50,"time":"2026-05-26T22:48:33.312Z","pid":43911,"hostname":"95cf947da62c","name":"urateam","component":"PmAgent:scheduler","err":{"type":"TypeError","message":"db.select is not a function","stack":"TypeError: db.select is not a function\n    at selectProbeCandidates (/home/ura/data/runs/B7TEaqaYubzZqR2vcvyha/worktree/packages/core/src/pm/actions/select-probe-candidates.ts:47:6)\n    at Object.tick (/home/ura/data/runs/B7TEaqaYubzZqR2vcvyha/worktree/packages/core/src/pm/scheduler.ts:368:38)\n    at processTicksAndRejections (node:internal/process/task_queues:103:5)\n    at /home/ura/data/runs/B7TEaqaYubzZqR2vcvyha/worktree/packages/core/src/__tests__/pm-scheduler.test.ts:160:5\n    at file:///home/ura/data/runs/B7TEaqaYubzZqR2vcvyha/worktree/node_modules/.pnpm/@vitest+runner@3.2.4/node_modules/@vitest/runner/dist/chunk-hooks.js:752:20"},"msg":"selectProbeCandidates failed"}
@urateam/core:test: {"level":50,"time":"2026-05-26T22:48:33.314Z","pid":43911,"hostname":"95cf947da62c","name":"urateam","component":"PmAgent:scheduler","err":{"type":"Error","message":"Linear API down","stack":"Error: Linear API down\n    at /home/ura/data/runs/B7TEaqaYubzZqR2vcvyha/worktree/packages/core/src/__tests__/pm-scheduler.test.ts:157:51\n    at file:///home/ura/data/runs/B7TEaqaYubzZqR2vcvyha/worktree/node_modules/.pnpm/@vitest+runner@3.2.4/node_modules/@vitest/runner/dist/chunk-hooks.js:155:11\n    at file:///home/ura/data/runs/B7TEaqaYubzZqR2vcvyha/worktree/node_modules/.pnpm/@vitest+runner@3.2.4/node_modules/@vitest/runner/dist/chunk-hooks.js:752:26\n    at file:///home/ura/data/runs/B7TEaqaYubzZqR2vcvyha/worktree/node_modules/.pnpm/@vitest+runner@3.2.4/node_modules/@vitest/runner/dist/chunk-hooks.js:1897:20\n    at new Promise (<anonymous>)\n    at runWithTimeout (file:///home/ura/data/runs/B7TEaqaYubzZqR2vcvyha/worktree/node_modules/.pnpm/@vitest+runner@3.2.4/node_modules/@vitest/runner/dist/chunk-hooks.js:1863:10)\n    at runTest (file:///home/ura/data/runs/B7TEaqaYubzZqR2vcvyha/worktree/node_modules/.pnpm/@vitest+runner@3.2.4/node_modules/@vitest/runner/dist/chunk-hooks.js:1574:12)\n    at processTicksAndRejections (node:internal/process/task_queues:103:5)\n    at runSuite (file:///home/ura/data/runs/B7TEaqaYubzZqR2vcvyha/worktree/node_modules/.pnpm/@vitest+runner@3.2.4/node_modules/@vitest/runner/dist/chunk-hooks.js:1729:8)\n    at runSuite (file:///home/ura/data/runs/B7TEaqaYubzZqR2vcvyha/worktree/node_modules/.pnpm/@vitest+runner@3.2.4/node_modules/@vitest/runner/dist/chunk-hooks.js:1729:8)"},"msg":"triage failed"}
@urateam/core:test: {"level":30,"time":"2026-05-26T22:48:33.315Z","pid":43911,"hostname":"95cf947da62c","name":"urateam","component":"license","tier":"pro","customerId":"cust_test","expiresAt":"2026-05-27T22:48:33.000Z","msg":"license key validated"}
@urateam/core:test: {"level":30,"time":"2026-05-26T22:48:33.317Z","pid":43911,"hostname":"95cf947da62c","name":"urateam","component":"PmAgent:scheduler","triaged":0,"promoted":0,"errors":2,"msg":"tick complete"}
@urateam/core:test: {"level":40,"time":"2026-05-26T22:48:33.321Z","pid":43911,"hostname":"95cf947da62c","name":"urateam","component":"audit.writer","err":{"type":"TypeError","message":"db.insert is not a function","stack":"TypeError: db.insert is not a function\n    at insertAuditEvent (/home/ura/data/runs/B7TEaqaYubzZqR2vcvyha/worktree/packages/core/src/audit/writer.ts:10:23)\n    at logAuditEventUnchecked (/home/ura/data/runs/B7TEaqaYubzZqR2vcvyha/worktree/packages/core/src/audit/writer.ts:79:9)\n    at Object.tick (/home/ura/data/runs/B7TEaqaYubzZqR2vcvyha/worktree/packages/core/src/pm/scheduler.ts:225:18)\n    at processTicksAndRejections (node:internal/process/task_queues:103:5)\n    at /home/ura/data/runs/B7TEaqaYubzZqR2vcvyha/worktree/packages/core/src/__tests__/pm-scheduler.test.ts:193:7\n    at file:///home/ura/data/runs/B7TEaqaYubzZqR2vcvyha/worktree/node_modules/.pnpm/@vitest+runner@3.2.4/node_modules/@vitest/runner/dist/chunk-hooks.js:752:20"},"eventType":"budget.run_refused","id":"evt_48cbdcee-bb76-4ba5-822b-f1c8bf7eae35","msg":"audit event write failed"}
@urateam/core:test: {"level":50,"time":"2026-05-26T22:48:33.323Z","pid":43911,"hostname":"95cf947da62c","name":"urateam","component":"PmAgent:scheduler","err":{"type":"TypeError","message":"db.select is not a function","stack":"TypeError: db.select is not a function\n    at selectProbeCandidates (/home/ura/data/runs/B7TEaqaYubzZqR2vcvyha/worktree/packages/core/src/pm/actions/select-probe-candidates.ts:47:6)\n    at Object.tick (/home/ura/data/runs/B7TEaqaYubzZqR2vcvyha/worktree/packages/core/src/pm/scheduler.ts:368:38)\n    at processTicksAndRejections (node:internal/process/task_queues:103:5)\n    at /home/ura/data/runs/B7TEaqaYubzZqR2vcvyha/worktree/packages/core/src/__tests__/pm-scheduler.test.ts:193:7\n    at file:///home/ura/data/runs/B7TEaqaYubzZqR2vcvyha/worktree/node_modules/.pnpm/@vitest+runner@3.2.4/node_modules/@vitest/runner/dist/chunk-hooks.js:752:20"},"msg":"selectProbeCandidates failed"}
@urateam/core:test: {"level":50,"time":"2026-05-26T22:48:33.324Z","pid":43911,"hostname":"95cf947da62c","name":"urateam","component":"PmAgent:scheduler","err":{"type":"Error","message":"Linear API down","stack":"Error: Linear API down\n    at /home/ura/data/runs/B7TEaqaYubzZqR2vcvyha/worktree/packages/core/src/__tests__/pm-scheduler.test.ts:157:51\n    at file:///home/ura/data/runs/B7TEaqaYubzZqR2vcvyha/worktree/node_modules/.pnpm/@vitest+runner@3.2.4/node_modules/@vitest/runner/dist/chunk-hooks.js:155:11\n    at file:///home/ura/data/runs/B7TEaqaYubzZqR2vcvyha/worktree/node_modules/.pnpm/@vitest+runner@3.2.4/node_modules/@vitest/runner/dist/chunk-hooks.js:752:26\n    at file:///home/ura/data/runs/B7TEaqaYubzZqR2vcvyha/worktree/node_modules/.pnpm/@vitest+runner@3.2.4/node_modules/@vitest/runner/dist/chunk-hooks.js:1897:20\n    at new Promise (<anonymous>)\n    at runWithTimeout (file:///home/ura/data/runs/B7TEaqaYubzZqR2vcvyha/worktree/node_modules/.pnpm/@vitest+runner@3.2.4/node_modules/@vitest/runner/dist/chunk-hooks.js:1863:10)\n    at runTest (file:///home/ura/data/runs/B7TEaqaYubzZqR2vcvyha/worktree/node_modules/.pnpm/@vitest+runner@3.2.4/node_modules/@vitest/runner/dist/chunk-hooks.js:1574:12)\n    at processTicksAndRejections (node:internal/process/task_queues:103:5)\n    at runSuite (file:///home/ura/data/runs/B7TEaqaYubzZqR2vcvyha/worktree/node_modules/.pnpm/@vitest+runner@3.2.4/node_modules/@vitest/runner/dist/chunk-hooks.js:1729:8)\n    at runSuite (file:///home/ura/data/runs/B7TEaqaYubzZqR2vcvyha/worktree/node_modules/.pnpm/@vitest+runner@3.2.4/node_modules/@vitest/runner/dist/chunk-hooks.js:1729:8)"},"msg":"triage failed"}
@urateam/core:test: {"level":30,"time":"2026-05-26T22:48:33.324Z","pid":43911,"hostname":"95cf947da62c","name":"urateam","component":"PmAgent:scheduler","msg":"PM Agent is paused — skipping start-todo, recover-stuck, promote, deprioritize, and cancel"}
@urateam/core:test: {"level":30,"time":"2026-05-26T22:48:33.324Z","pid":43911,"hostname":"95cf947da62c","name":"urateam","component":"license","tier":"pro","customerId":"cust_test","expiresAt":"2026-05-27T22:48:33.000Z","msg":"license key validated"}
@urateam/core:test: {"level":30,"time":"2026-05-26T22:48:33.324Z","pid":43911,"hostname":"95cf947da62c","name":"urateam","component":"PmAgent:scheduler","triaged":0,"promoted":0,"errors":2,"msg":"tick complete"}
@urateam/core:test: {"level":40,"time":"2026-05-26T22:48:33.327Z","pid":43911,"hostname":"95cf947da62c","name":"urateam","component":"audit.writer","err":{"type":"TypeError","message":"db.insert is not a function","stack":"TypeError: db.insert is not a function\n    at insertAuditEvent (/home/ura/data/runs/B7TEaqaYubzZqR2vcvyha/worktree/packages/core/src/audit/writer.ts:10:23)\n    at logAuditEventUnchecked (/home/ura/data/runs/B7TEaqaYubzZqR2vcvyha/worktree/packages/core/src/audit/writer.ts:79:9)\n    at Object.tick (/home/ura/data/runs/B7TEaqaYubzZqR2vcvyha/worktree/packages/core/src/pm/scheduler.ts:225:18)\n    at processTicksAndRejections (node:internal/process/task_queues:103:5)\n    at /home/ura/data/runs/B7TEaqaYubzZqR2vcvyha/worktree/packages/core/src/__tests__/pm-scheduler.test.ts:219:7\n    at file:///home/ura/data/runs/B7TEaqaYubzZqR2vcvyha/worktree/node_modules/.pnpm/@vitest+runner@3.2.4/node_modules/@vitest/runner/dist/chunk-hooks.js:752:20"},"eventType":"budget.run_refused","id":"evt_d63cc554-c048-421f-b05b-23e140929547","msg":"audit event write failed"}
@urateam/core:test: {"level":50,"time":"2026-05-26T22:48:33.332Z","pid":43911,"hostname":"95cf947da62c","name":"urateam","component":"PmAgent:scheduler","err":{"type":"TypeError","message":"db.select is not a function","stack":"TypeError: db.select is not a function\n    at selectProbeCandidates (/home/ura/data/runs/B7TEaqaYubzZqR2vcvyha/worktree/packages/core/src/pm/actions/select-probe-candidates.ts:47:6)\n    at Object.tick (/home/ura/data/runs/B7TEaqaYubzZqR2vcvyha/worktree/packages/core/src/pm/scheduler.ts:368:38)\n    at processTicksAndRejections (node:internal/process/task_queues:103:5)\n    at /home/ura/data/runs/B7TEaqaYubzZqR2vcvyha/worktree/packages/core/src/__tests__/pm-scheduler.test.ts:219:7\n    at file:///home/ura/data/runs/B7TEaqaYubzZqR2vcvyha/worktree/node_modules/.pnpm/@vitest+runner@3.2.4/node_modules/@vitest/runner/dist/chunk-hooks.js:752:20"},"msg":"selectProbeCandidates failed"}
@urateam/core:test: {"level":50,"time":"2026-05-26T22:48:33.333Z","pid":43911,"hostname":"95cf947da62c","name":"urateam","component":"PmAgent:scheduler","err":{"type":"Error","message":"Linear API down","stack":"Error: Linear API down\n    at /home/ura/data/runs/B7TEaqaYubzZqR2vcvyha/worktree/packages/core/src/__tests__/pm-scheduler.test.ts:157:51\n    at file:///home/ura/data/runs/B7TEaqaYubzZqR2vcvyha/worktree/node_modules/.pnpm/@vitest+runner@3.2.4/node_modules/@vitest/runner/dist/chunk-hooks.js:155:11\n    at file:///home/ura/data/runs/B7TEaqaYubzZqR2vcvyha/worktree/node_modules/.pnpm/@vitest+runner@3.2.4/node_modules/@vitest/runner/dist/chunk-hooks.js:752:26\n    at file:///home/ura/data/runs/B7TEaqaYubzZqR2vcvyha/worktree/node_modules/.pnpm/@vitest+runner@3.2.4/node_modules/@vitest/runner/dist/chunk-hooks.js:1897:20\n    at new Promise (<anonymous>)\n    at runWithTimeout (file:///home/ura/data/runs/B7TEaqaYubzZqR2vcvyha/worktree/node_modules/.pnpm/@vitest+runner@3.2.4/node_modules/@vitest/runner/dist/chunk-hooks.js:1863:10)\n    at runTest (file:///home/ura/data/runs/B7TEaqaYubzZqR2vcvyha/worktree/node_modules/.pnpm/@vitest+runner@3.2.4/node_modules/@vitest/runner/dist/chunk-hooks.js:1574:12)\n    at processTicksAndRejections (node:internal/process/task_queues:103:5)\n    at runSuite (file:///home/ura/data/runs/B7TEaqaYubzZqR2vcvyha/worktree/node_modules/.pnpm/@vitest+runner@3.2.4/node_modules/@vitest/runner/dist/chunk-hooks.js:1729:8)\n    at runSuite (file:///home/ura/data/runs/B7TEaqaYubzZqR2vcvyha/worktree/node_modules/.pnpm/@vitest+runner@3.2.4/node_modules/@vitest/runner/dist/chunk-hooks.js:1729:8)"},"msg":"triage failed"}
@urateam/core:test: {"level":30,"time":"2026-05-26T22:48:33.333Z","pid":43911,"hostname":"95cf947da62c","name":"urateam","component":"PmAgent:scheduler","msg":"PM Agent is paused — skipping start-todo, recover-stuck, promote, deprioritize, and cancel"}
@urateam/core:test: {"level":30,"time":"2026-05-26T22:48:33.333Z","pid":43911,"hostname":"95cf947da62c","name":"urateam","component":"license","tier":"pro","customerId":"cust_test","expiresAt":"2026-05-27T22:48:33.000Z","msg":"license key validated"}
@urateam/core:test: {"level":30,"time":"2026-05-26T22:48:33.333Z","pid":43911,"hostname":"95cf947da62c","name":"urateam","component":"PmAgent:scheduler","triaged":0,"promoted":0,"errors":2,"msg":"tick complete"}
@urateam/core:test: {"level":40,"time":"2026-05-26T22:48:33.345Z","pid":43911,"hostname":"95cf947da62c","name":"urateam","component":"audit.writer","err":{"type":"TypeError","message":"db.insert is not a function","stack":"TypeError: db.insert is not a function\n    at insertAuditEvent (/home/ura/data/runs/B7TEaqaYubzZqR2vcvyha/worktree/packages/core/src/audit/writer.ts:10:23)\n    at logAuditEventUnchecked (/home/ura/data/runs/B7TEaqaYubzZqR2vcvyha/worktree/packages/core/src/audit/writer.ts:79:9)\n    at Object.tick (/home/ura/data/runs/B7TEaqaYubzZqR2vcvyha/worktree/packages/core/src/pm/scheduler.ts:225:18)\n    at processTicksAndRejections (node:internal/process/task_queues:103:5)\n    at /home/ura/data/runs/B7TEaqaYubzZqR2vcvyha/worktree/packages/core/src/__tests__/pm-scheduler.test.ts:228:7\n    at file:///home/ura/data/runs/B7TEaqaYubzZqR2vcvyha/worktree/node_modules/.pnpm/@vitest+runner@3.2.4/node_modules/@vitest/runner/dist/chunk-hooks.js:752:20"},"eventType":"budget.run_refused","id":"evt_d30911ac-f611-4cde-815e-17e8aa09c804","msg":"audit event write failed"}
@urateam/core:test: {"level":50,"time":"2026-05-26T22:48:33.347Z","pid":43911,"hostname":"95cf947da62c","name":"urateam","component":"PmAgent:scheduler","err":{"type":"TypeError","message":"db.select is not a function","stack":"TypeError: db.select is not a function\n    at selectProbeCandidates (/home/ura/data/runs/B7TEaqaYubzZqR2vcvyha/worktree/packages/core/src/pm/actions/select-probe-candidates.ts:47:6)\n    at Object.tick (/home/ura/data/runs/B7TEaqaYubzZqR2vcvyha/worktree/packages/core/src/pm/scheduler.ts:368:38)\n    at processTicksAndRejections (node:internal/process/task_queues:103:5)\n    at /home/ura/data/runs/B7TEaqaYubzZqR2vcvyha/worktree/packages/core/src/__tests__/pm-scheduler.test.ts:228:7\n    at file:///home/ura/data/runs/B7TEaqaYubzZqR2vcvyha/worktree/node_modules/.pnpm/@vitest+runner@3.2.4/node_modules/@vitest/runner/dist/chunk-hooks.js:752:20"},"msg":"selectProbeCandidates failed"}
@urateam/core:test: {"level":50,"time":"2026-05-26T22:48:33.348Z","pid":43911,"hostname":"95cf947da62c","name":"urateam","component":"PmAgent:scheduler","err":{"type":"Error","message":"Linear API down","stack":"Error: Linear API down\n    at /home/ura/data/runs/B7TEaqaYubzZqR2vcvyha/worktree/packages/core/src/__tests__/pm-scheduler.test.ts:157:51\n    at file:///home/ura/data/runs/B7TEaqaYubzZqR2vcvyha/worktree/node_modules/.pnpm/@vitest+runner@3.2.4/node_modules/@vitest/runner/dist/chunk-hooks.js:155:11\n    at file:///home/ura/data/runs/B7TEaqaYubzZqR2vcvyha/worktree/node_modules/.pnpm/@vitest+runner@3.2.4/node_modules/@vitest/runner/dist/chunk-hooks.js:752:26\n    at file:///home/ura/data/runs/B7TEaqaYubzZqR2vcvyha/worktree/node_modules/.pnpm/@vitest+runner@3.2.4/node_modules/@vitest/runner/dist/chunk-hooks.js:1897:20\n    at new Promise (<anonymous>)\n    at runWithTimeout (file:///home/ura/data/runs/B7TEaqaYubzZqR2vcvyha/worktree/node_modules/.pnpm/@vitest+runner@3.2.4/node_modules/@vitest/runner/dist/chunk-hooks.js:1863:10)\n    at runTest (file:///home/ura/data/runs/B7TEaqaYubzZqR2vcvyha/worktree/node_modules/.pnpm/@vitest+runner@3.2.4/node_modules/@vitest/runner/dist/chunk-hooks.js:1574:12)\n    at processTicksAndRejections (node:internal/process/task_queues:103:5)\n    at runSuite (file:///home/ura/data/runs/B7TEaqaYubzZqR2vcvyha/worktree/node_modules/.pnpm/@vitest+runner@3.2.4/node_modules/@vitest/runner/dist/chunk-hooks.js:1729:8)\n    at runSuite (file:///home/ura/data/runs/B7TEaqaYubzZqR2vcvyha/worktree/node_modules/.pnpm/@vitest+runner@3.2.4/node_modules/@vitest/runner/dist/chunk-hooks.js:1729:8)"},"msg":"triage failed"}
@urateam/core:test: {"level":30,"time":"2026-05-26T22:48:33.348Z","pid":43911,"hostname":"95cf947da62c","name":"urateam","component":"PmAgent:scheduler","msg":"PM Agent is paused — skipping start-todo, recover-stuck, promote, deprioritize, and cancel"}
@urateam/core:test: {"level":30,"time":"2026-05-26T22:48:33.349Z","pid":43911,"hostname":"95cf947da62c","name":"urateam","component":"license","tier":"pro","customerId":"cust_test","expiresAt":"2026-05-27T22:48:33.000Z","msg":"license key validated"}
@urateam/core:test: {"level":30,"time":"2026-05-26T22:48:33.349Z","pid":43911,"hostname":"95cf947da62c","name":"urateam","component":"PmAgent:scheduler","triaged":0,"promoted":0,"errors":2,"msg":"tick complete"}
@urateam/core:test: {"level":50,"time":"2026-05-26T22:48:33.349Z","pid":43911,"hostname":"95cf947da62c","name":"urateam","component":"PmAgent:scheduler","err":{"type":"TypeError","message":"db.select is not a function","stack":"TypeError: db.select is not a function\n    at selectProbeCandidates (/home/ura/data/runs/B7TEaqaYubzZqR2vcvyha/worktree/packages/core/src/pm/actions/select-probe-candidates.ts:47:6)\n    at Object.tick (/home/ura/data/runs/B7TEaqaYubzZqR2vcvyha/worktree/packages/core/src/pm/scheduler.ts:368:38)\n    at processTicksAndRejections (node:internal/process/task_queues:103:5)\n    at /home/ura/data/runs/B7TEaqaYubzZqR2vcvyha/worktree/packages/core/src/__tests__/pm-scheduler.test.ts:235:7\n    at file:///home/ura/data/runs/B7TEaqaYubzZqR2vcvyha/worktree/node_modules/.pnpm/@vitest+runner@3.2.4/node_modules/@vitest/runner/dist/chunk-hooks.js:752:20"},"msg":"selectProbeCandidates failed"}
@urateam/core:test: {"level":50,"time":"2026-05-26T22:48:33.351Z","pid":43911,"hostname":"95cf947da62c","name":"urateam","component":"PmAgent:scheduler","err":{"type":"Error","message":"Linear API down","stack":"Error: Linear API down\n    at /home/ura/data/runs/B7TEaqaYubzZqR2vcvyha/worktree/packages/core/src/__tests__/pm-scheduler.test.ts:157:51\n    at file:///home/ura/data/runs/B7TEaqaYubzZqR2vcvyha/worktree/node_modules/.pnpm/@vitest+runner@3.2.4/node_modules/@vitest/runner/dist/chunk-hooks.js:155:11\n    at file:///home/ura/data/runs/B7TEaqaYubzZqR2vcvyha/worktree/node_modules/.pnpm/@vitest+runner@3.2.4/node_modules/@vitest/runner/dist/chunk-hooks.js:752:26\n    at file:///home/ura/data/runs/B7TEaqaYubzZqR2vcvyha/worktree/node_modules/.pnpm/@vitest+runner@3.2.4/node_modules/@vitest/runner/dist/chunk-hooks.js:1897:20\n    at new Promise (<anonymous>)\n    at runWithTimeout (file:///home/ura/data/runs/B7TEaqaYubzZqR2vcvyha/worktree/node_modules/.pnpm/@vitest+runner@3.2.4/node_modules/@vitest/runner/dist/chunk-hooks.js:1863:10)\n    at runTest (file:///home/ura/data/runs/B7TEaqaYubzZqR2vcvyha/worktree/node_modules/.pnpm/@vitest+runner@3.2.4/node_modules/@vitest/runner/dist/chunk-hooks.js:1574:12)\n    at processTicksAndRejections (node:internal/process/task_queues:103:5)\n    at runSuite (file:///home/ura/data/runs/B7TEaqaYubzZqR2vcvyha/worktree/node_modules/.pnpm/@vitest+runner@3.2.4/node_modules/@vitest/runner/dist/chunk-hooks.js:1729:8)\n    at runSuite (file:///home/ura/data/runs/B7TEaqaYubzZqR2vcvyha/worktree/node_modules/.pnpm/@vitest+runner@3.2.4/node_modules/@vitest/runner/dist/chunk-hooks.js:1729:8)"},"msg":"triage failed"}
@urateam/core:test: {"level":30,"time":"2026-05-26T22:48:33.351Z","pid":43911,"hostname":"95cf947da62c","name":"urateam","component":"PmAgent:scheduler","triaged":0,"promoted":0,"errors":2,"msg":"tick complete"}
@urateam/core:test:  ✓ src/__tests__/pm-scheduler.test.ts (8 tests) 114ms
@urateam/core:test:  ✓ src/__tests__/db-migrations.test.ts (11 tests) 637ms
@urateam/core:test:    ✓ database migrations > migrations are idempotent (can be run multiple times safely)  364ms
@urateam/core:test: {"level":30,"time":"2026-05-26T22:48:35.517Z","pid":44076,"hostname":"95cf947da62c","name":"urateam","component":"Executor","runId":"run-bec81","issueId":"BEC-81","stage":"implement","authMethod":"mounted-session","msg":"Claude auth method resolved"}
@urateam/core:test: {"level":30,"time":"2026-05-26T22:48:35.520Z","pid":44076,"hostname":"95cf947da62c","name":"urateam","component":"Executor","runId":"run-bec81","issueId":"BEC-81","stage":"implement","workdir":"/tmp/test-workdir","msg":"importing Agent SDK"}
@urateam/core:test: {"level":30,"time":"2026-05-26T22:48:35.524Z","pid":44076,"hostname":"95cf947da62c","name":"urateam","component":"Executor","runId":"run-bec81","issueId":"BEC-81","stage":"implement","workdir":"/tmp/test-workdir","msg":"starting agent query"}
@urateam/core:test: {"level":30,"time":"2026-05-26T22:48:35.525Z","pid":44076,"hostname":"95cf947da62c","name":"urateam","component":"Executor","runId":"run-bec81","issueId":"BEC-81","stage":"implement","msg":"iterating agent messages"}
@urateam/core:test: {"level":30,"time":"2026-05-26T22:48:35.529Z","pid":44076,"hostname":"95cf947da62c","name":"urateam","component":"Executor","runId":"run-bec81","issueId":"BEC-81","stage":"implement","inputTokens":0,"outputTokens":0,"turns":1,"msg":"stage completed"}
@urateam/core:test: {"level":30,"time":"2026-05-26T22:48:35.553Z","pid":44076,"hostname":"95cf947da62c","name":"urateam","component":"Executor","runId":"run-bec81-complete","issueId":"BEC-81","stage":"triage","authMethod":"mounted-session","msg":"Claude auth method resolved"}
@urateam/core:test: {"level":30,"time":"2026-05-26T22:48:35.553Z","pid":44076,"hostname":"95cf947da62c","name":"urateam","component":"Executor","runId":"run-bec81-complete","issueId":"BEC-81","stage":"triage","workdir":"/tmp/test-workdir","msg":"importing Agent SDK"}
@urateam/core:test: {"level":30,"time":"2026-05-26T22:48:35.559Z","pid":44076,"hostname":"95cf947da62c","name":"urateam","component":"Executor","runId":"run-bec81-complete","issueId":"BEC-81","stage":"triage","workdir":"/tmp/test-workdir","msg":"starting agent query"}
@urateam/core:test: {"level":30,"time":"2026-05-26T22:48:35.559Z","pid":44076,"hostname":"95cf947da62c","name":"urateam","component":"Executor","runId":"run-bec81-complete","issueId":"BEC-81","stage":"triage","msg":"iterating agent messages"}
@urateam/core:test: {"level":30,"time":"2026-05-26T22:48:35.560Z","pid":44076,"hostname":"95cf947da62c","name":"urateam","component":"Executor","runId":"run-bec81-complete","issueId":"BEC-81","stage":"triage","inputTokens":0,"outputTokens":0,"turns":1,"msg":"stage completed"}
@urateam/core:test: {"level":30,"time":"2026-05-26T22:48:35.591Z","pid":44076,"hostname":"95cf947da62c","name":"urateam","component":"Executor","runId":"run-bec81-fail","issueId":"BEC-81","stage":"review","authMethod":"mounted-session","msg":"Claude auth method resolved"}
@urateam/core:test: {"level":30,"time":"2026-05-26T22:48:35.591Z","pid":44076,"hostname":"95cf947da62c","name":"urateam","component":"Executor","runId":"run-bec81-fail","issueId":"BEC-81","stage":"review","workdir":"/tmp/test-workdir","msg":"importing Agent SDK"}
@urateam/core:test: {"level":30,"time":"2026-05-26T22:48:35.594Z","pid":44076,"hostname":"95cf947da62c","name":"urateam","component":"Executor","runId":"run-bec81-fail","issueId":"BEC-81","stage":"review","workdir":"/tmp/test-workdir","msg":"starting agent query"}
@urateam/core:test: {"level":30,"time":"2026-05-26T22:48:35.591Z","pid":44160,"hostname":"95cf947da62c","name":"urateam","component":"PmAgent:conflict-detector","issueId":"LOW","priority":3,"msg":"deferring issue — file conflict with higher-priority assignment"}
@urateam/core:test: {"level":30,"time":"2026-05-26T22:48:35.596Z","pid":44160,"hostname":"95cf947da62c","name":"urateam","component":"PmAgent:conflict-detector","issueId":"B","priority":2,"msg":"deferring issue — file conflict with higher-priority assignment"}
@urateam/core:test: {"level":30,"time":"2026-05-26T22:48:35.607Z","pid":44160,"hostname":"95cf947da62c","name":"urateam","component":"PmAgent:conflict-detector","issueId":"NOPRIORITY","priority":0,"msg":"deferring issue — file conflict with higher-priority assignment"}
@urateam/core:test: {"level":50,"time":"2026-05-26T22:48:35.595Z","pid":44076,"hostname":"95cf947da62c","name":"urateam","component":"Executor","runId":"run-bec81-fail","issueId":"BEC-81","stage":"review","err":{"type":"Error","message":"simulated SDK failure","stack":"Error: simulated SDK failure\n    at /home/ura/data/runs/B7TEaqaYubzZqR2vcvyha/worktree/packages/core/src/__tests__/executor-issue-id.test.ts:182:13\n    at mockCall (file:///home/ura/data/runs/B7TEaqaYubzZqR2vcvyha/worktree/node_modules/.pnpm/@vitest+spy@3.2.4/node_modules/@vitest/spy/dist/index.js:96:15)\n    at spy (file:///home/ura/data/runs/B7TEaqaYubzZqR2vcvyha/worktree/node_modules/.pnpm/tinyspy@4.0.4/node_modules/tinyspy/dist/index.js:47:80)\n    at Module.executeStage (/home/ura/data/runs/B7TEaqaYubzZqR2vcvyha/worktree/packages/core/src/executor/executor.ts:319:22)\n    at processTicksAndRejections (node:internal/process/task_queues:103:5)\n    at /home/ura/data/runs/B7TEaqaYubzZqR2vcvyha/worktree/packages/core/src/__tests__/executor-issue-id.test.ts:187:20\n    at file:///home/ura/data/runs/B7TEaqaYubzZqR2vcvyha/worktree/node_modules/.pnpm/@vitest+runner@3.2.4/node_modules/@vitest/runner/dist/chunk-hooks.js:752:20"},"msg":"stage failed"}
@urateam/core:test:  ✓ src/__tests__/conflict-detector.test.ts (23 tests) 76ms
@urateam/core:test: {"level":30,"time":"2026-05-26T22:48:35.657Z","pid":44076,"hostname":"95cf947da62c","name":"urateam","component":"Executor","runId":"run-A","issueId":"BEC-10","stage":"triage","authMethod":"mounted-session","msg":"Claude auth method resolved"}
@urateam/core:test: {"level":30,"time":"2026-05-26T22:48:35.660Z","pid":44076,"hostname":"95cf947da62c","name":"urateam","component":"Executor","runId":"run-B","issueId":"BEC-20","stage":"triage","authMethod":"mounted-session","msg":"Claude auth method resolved"}
@urateam/core:test: {"level":30,"time":"2026-05-26T22:48:35.660Z","pid":44076,"hostname":"95cf947da62c","name":"urateam","component":"Executor","runId":"run-A","issueId":"BEC-10","stage":"triage","workdir":"/tmp/workdir-A","msg":"importing Agent SDK"}
@urateam/core:test: {"level":30,"time":"2026-05-26T22:48:35.660Z","pid":44076,"hostname":"95cf947da62c","name":"urateam","component":"Executor","runId":"run-B","issueId":"BEC-20","stage":"triage","workdir":"/tmp/workdir-B","msg":"importing Agent SDK"}
@urateam/core:test: {"level":30,"time":"2026-05-26T22:48:35.671Z","pid":44076,"hostname":"95cf947da62c","name":"urateam","component":"Executor","runId":"run-A","issueId":"BEC-10","stage":"triage","workdir":"/tmp/workdir-A","msg":"starting agent query"}
@urateam/core:test: {"level":30,"time":"2026-05-26T22:48:35.671Z","pid":44076,"hostname":"95cf947da62c","name":"urateam","component":"Executor","runId":"run-A","issueId":"BEC-10","stage":"triage","msg":"iterating agent messages"}
@urateam/core:test: {"level":30,"time":"2026-05-26T22:48:35.671Z","pid":44076,"hostname":"95cf947da62c","name":"urateam","component":"Executor","runId":"run-A","issueId":"BEC-10","stage":"triage","inputTokens":0,"outputTokens":0,"turns":1,"msg":"stage completed"}
@urateam/core:test: {"level":30,"time":"2026-05-26T22:48:35.886Z","pid":44076,"hostname":"95cf947da62c","name":"urateam","component":"Executor","runId":"run-B","issueId":"BEC-20","stage":"triage","workdir":"/tmp/workdir-B","msg":"starting agent query"}
@urateam/core:test: {"level":30,"time":"2026-05-26T22:48:35.913Z","pid":44076,"hostname":"95cf947da62c","name":"urateam","component":"Executor","runId":"run-B","issueId":"BEC-20","stage":"triage","msg":"iterating agent messages"}
@urateam/core:test: {"level":50,"time":"2026-05-26T22:48:35.918Z","pid":44076,"hostname":"95cf947da62c","name":"urateam","component":"Executor","runId":"run-B","issueId":"BEC-20","stage":"triage","err":{"type":"ReferenceError","message":"Claude Code executable not found at /home/ura/data/runs/B7TEaqaYubzZqR2vcvyha/worktree/node_modules/.pnpm/@anthropic-ai+claude-agent-sdk@0.2.101_zod@4.3.6/node_modules/@anthropic-ai/claude-agent-sdk/cli.js. Is options.pathToClaudeCodeExecutable set?","stack":"ReferenceError: Claude Code executable not found at /home/ura/data/runs/B7TEaqaYubzZqR2vcvyha/worktree/node_modules/.pnpm/@anthropic-ai+claude-agent-sdk@0.2.101_zod@4.3.6/node_modules/@anthropic-ai/claude-agent-sdk/cli.js. Is options.pathToClaudeCodeExecutable set?\n    at ChildProcess.<anonymous> (file:///home/ura/data/runs/B7TEaqaYubzZqR2vcvyha/worktree/node_modules/.pnpm/@anthropic-ai+claude-agent-sdk@0.2.101_zod@4.3.6/node_modules/@anthropic-ai/claude-agent-sdk/sdk.mjs:58:7577)\n    at ChildProcess.emit (node:events:531:35)\n    at Process.ChildProcess._handle.onexit (node:internal/child_process:291:12)\n    at onErrorNT (node:internal/child_process:483:16)\n    at processTicksAndRejections (node:internal/process/task_queues:89:21)"},"msg":"stage failed"}
@urateam/core:test:  ✓ src/__tests__/executor-issue-id.test.ts (4 tests) 449ms
@urateam/core:test:  ✓ src/__tests__/token-budget.test.ts (14 tests) 54ms
@urateam/core:test:  ✓ src/__tests__/auto-deep-review.test.ts (21 tests) 27ms
@urateam/core:test: {"level":50,"time":"2026-05-26T22:48:38.010Z","pid":44220,"hostname":"95cf947da62c","name":"urateam","component":"PmAgent:budget-alerts","err":{"type":"Error","message":"slack is down","stack":"Error: slack is down\n    at /home/ura/data/runs/B7TEaqaYubzZqR2vcvyha/worktree/packages/core/src/__tests__/pm-budget-alerts.test.ts:153:30\n    at file:///home/ura/data/runs/B7TEaqaYubzZqR2vcvyha/worktree/node_modules/.pnpm/@vitest+runner@3.2.4/node_modules/@vitest/runner/dist/chunk-hooks.js:155:11\n    at file:///home/ura/data/runs/B7TEaqaYubzZqR2vcvyha/worktree/node_modules/.pnpm/@vitest+runner@3.2.4/node_modules/@vitest/runner/dist/chunk-hooks.js:752:26\n    at file:///home/ura/data/runs/B7TEaqaYubzZqR2vcvyha/worktree/node_modules/.pnpm/@vitest+runner@3.2.4/node_modules/@vitest/runner/dist/chunk-hooks.js:1897:20\n    at new Promise (<anonymous>)\n    at runWithTimeout (file:///home/ura/data/runs/B7TEaqaYubzZqR2vcvyha/worktree/node_modules/.pnpm/@vitest+runner@3.2.4/node_modules/@vitest/runner/dist/chunk-hooks.js:1863:10)\n    at runTest (file:///home/ura/data/runs/B7TEaqaYubzZqR2vcvyha/worktree/node_modules/.pnpm/@vitest+runner@3.2.4/node_modules/@vitest/runner/dist/chunk-hooks.js:1574:12)\n    at processTicksAndRejections (node:internal/process/task_queues:103:5)\n    at runSuite (file:///home/ura/data/runs/B7TEaqaYubzZqR2vcvyha/worktree/node_modules/.pnpm/@vitest+runner@3.2.4/node_modules/@vitest/runner/dist/chunk-hooks.js:1729:8)\n    at runSuite (file:///home/ura/data/runs/B7TEaqaYubzZqR2vcvyha/worktree/node_modules/.pnpm/@vitest+runner@3.2.4/node_modules/@vitest/runner/dist/chunk-hooks.js:1729:8)"},"scope":"global","threshold":50,"msg":"failed to post budget alert to slack — rolling back dedup row so next tick retries"}
@urateam/core:test: {"level":50,"time":"2026-05-26T22:48:38.056Z","pid":44220,"hostname":"95cf947da62c","name":"urateam","component":"PmAgent:budget-alerts","err":{"type":"Error","message":"db is down","stack":"Error: db is down\n    at Object.insert (/home/ura/data/runs/B7TEaqaYubzZqR2vcvyha/worktree/packages/core/src/__tests__/pm-budget-alerts.test.ts:168:15)\n    at tryInsertAlert (/home/ura/data/runs/B7TEaqaYubzZqR2vcvyha/worktree/packages/core/src/pm/budget-alerts.ts:102:8)\n    at maybeFireAlerts (/home/ura/data/runs/B7TEaqaYubzZqR2vcvyha/worktree/packages/core/src/pm/budget-alerts.ts:46:30)\n    at /home/ura/data/runs/B7TEaqaYubzZqR2vcvyha/worktree/packages/core/src/__tests__/pm-budget-alerts.test.ts:172:11\n    at file:///home/ura/data/runs/B7TEaqaYubzZqR2vcvyha/worktree/node_modules/.pnpm/@vitest+runner@3.2.4/node_modules/@vitest/runner/dist/chunk-hooks.js:155:11\n    at file:///home/ura/data/runs/B7TEaqaYubzZqR2vcvyha/worktree/node_modules/.pnpm/@vitest+runner@3.2.4/node_modules/@vitest/runner/dist/chunk-hooks.js:752:26\n    at file:///home/ura/data/runs/B7TEaqaYubzZqR2vcvyha/worktree/node_modules/.pnpm/@vitest+runner@3.2.4/node_modules/@vitest/runner/dist/chunk-hooks.js:1897:20\n    at new Promise (<anonymous>)\n    at runWithTimeout (file:///home/ura/data/runs/B7TEaqaYubzZqR2vcvyha/worktree/node_modules/.pnpm/@vitest+runner@3.2.4/node_modules/@vitest/runner/dist/chunk-hooks.js:1863:10)\n    at runTest (file:///home/ura/data/runs/B7TEaqaYubzZqR2vcvyha/worktree/node_modules/.pnpm/@vitest+runner@3.2.4/node_modules/@vitest/runner/dist/chunk-hooks.js:1574:12)"},"scopeKey":"global","threshold":50,"msg":"failed to insert budget_alerts row"}
@urateam/core:test:  ✓ src/__tests__/pm-budget-alerts.test.ts (20 tests | 10 skipped) 226ms
@urateam/core:test:  ✓ src/__tests__/triage-v2-render.test.ts (17 tests) 38ms
@urateam/core:test: {"level":50,"time":"2026-05-26T22:48:39.239Z","pid":44396,"hostname":"95cf947da62c","name":"urateam","component":"AuthCheck","msg":"Claude auth check failed — credentials may be expired. Run: claude login"}
@urateam/core:test: {"level":50,"time":"2026-05-26T22:48:39.252Z","pid":44396,"hostname":"95cf947da62c","name":"urateam","component":"AuthCheck","msg":"Claude auth check failed — credentials may be expired. Run: claude login"}
@urateam/core:test:  ✓ src/__tests__/auth-check.test.ts (19 tests) 36ms
@urateam/core:test:  ✓ src/__tests__/reproduce-bec48-distributed-race.test.ts (4 tests) 230ms
@urateam/core:test:  ✓ src/__tests__/pm-circuit-breaker.test.ts (10 tests) 359ms
@urateam/core:test:  ✓ src/__tests__/reproduce-bec184-long-running.test.ts (3 tests) 19ms
@urateam/core:test:  ✓ src/__tests__/release-manager-qarun-query.test.ts (4 tests) 203ms
@urateam/core:test:  ✓ src/__tests__/spec-vs-impl-gate.test.ts (16 tests) 27ms
@urateam/core:test:  ✓ src/__tests__/reproduce-bec212.test.ts (6 tests) 16ms
@urateam/core:test:  ✓ src/__tests__/e2e-fanout.test.ts (1 test) 471ms
@urateam/core:test:    ✓ E2E fanout integration (BEC-134 Task 14) > runs both providers, persists review_model_runs rows, and routes findings correctly  470ms
@urateam/core:test:  ✓ src/__tests__/audit-immutability.test.ts (4 tests) 181ms
@urateam/core:test: {"level":30,"time":"2026-05-26T22:48:46.749Z","pid":44858,"hostname":"95cf947da62c","name":"urateam","component":"license","tier":"oss","msg":"no license key set — running in OSS mode"}
@urateam/core:test: {"level":30,"time":"2026-05-26T22:48:46.754Z","pid":44858,"hostname":"95cf947da62c","name":"urateam","component":"license","tier":"oss","msg":"no license key set — running in OSS mode"}
@urateam/core:test: {"level":30,"time":"2026-05-26T22:48:46.757Z","pid":44858,"hostname":"95cf947da62c","name":"urateam","component":"license","tier":"oss","msg":"no license key set — running in OSS mode"}
@urateam/core:test: {"level":30,"time":"2026-05-26T22:48:46.771Z","pid":44858,"hostname":"95cf947da62c","name":"urateam","component":"license","tier":"pro","customerId":"cust_test","expiresAt":"2026-05-27T22:48:46.000Z","msg":"license key validated"}
@urateam/core:test: {"level":30,"time":"2026-05-26T22:48:46.780Z","pid":44858,"hostname":"95cf947da62c","name":"urateam","component":"license","tier":"enterprise","customerId":"cust_acme","expiresAt":"2026-05-27T22:48:46.000Z","msg":"license key validated"}
@urateam/core:test: {"level":30,"time":"2026-05-26T22:48:46.782Z","pid":44858,"hostname":"95cf947da62c","name":"urateam","component":"license","tier":"pro","customerId":"cust_partial","expiresAt":"2026-05-27T22:48:46.000Z","msg":"license key validated"}
@urateam/core:test: {"level":40,"time":"2026-05-26T22:48:46.785Z","pid":44858,"hostname":"95cf947da62c","name":"urateam","component":"license","reason":"expired","msg":"license key invalid — running in OSS mode"}
@urateam/core:test: {"level":40,"time":"2026-05-26T22:48:46.789Z","pid":44858,"hostname":"95cf947da62c","name":"urateam","component":"license","reason":"wrong-issuer","msg":"license key invalid — running in OSS mode"}
@urateam/core:test: {"level":40,"time":"2026-05-26T22:48:46.793Z","pid":44858,"hostname":"95cf947da62c","name":"urateam","component":"license","reason":"bad-signature","msg":"license key invalid — running in OSS mode"}
@urateam/core:test: {"level":40,"time":"2026-05-26T22:48:46.795Z","pid":44858,"hostname":"95cf947da62c","name":"urateam","component":"license","reason":"malformed","msg":"license key invalid — running in OSS mode"}
@urateam/core:test: {"level":40,"time":"2026-05-26T22:48:46.798Z","pid":44858,"hostname":"95cf947da62c","name":"urateam","component":"license","reason":"malformed","msg":"license key invalid — running in OSS mode"}
@urateam/core:test: {"level":40,"time":"2026-05-26T22:48:46.798Z","pid":44858,"hostname":"95cf947da62c","name":"urateam","component":"license","reason":"malformed","msg":"license key invalid — running in OSS mode"}
@urateam/core:test: {"level":40,"time":"2026-05-26T22:48:46.798Z","pid":44858,"hostname":"95cf947da62c","name":"urateam","component":"license","reason":"malformed","msg":"license key invalid — running in OSS mode"}
@urateam/core:test: {"level":40,"time":"2026-05-26T22:48:46.798Z","pid":44858,"hostname":"95cf947da62c","name":"urateam","component":"license","reason":"malformed","msg":"license key invalid — running in OSS mode"}
@urateam/core:test:  ✓ src/__tests__/license.test.ts (12 tests) 58ms
@urateam/core:test:  ✓ src/__tests__/agent-stream.test.ts (17 tests) 815ms
@urateam/core:test: {"level":30,"time":"2026-05-26T22:48:48.708Z","pid":44964,"hostname":"95cf947da62c","name":"urateam","component":"Executor","runId":"run-first-resumable","issueId":"BEC-227","stage":"reproduce","authMethod":"mounted-session","msg":"Claude auth method resolved"}
@urateam/core:test: {"level":30,"time":"2026-05-26T22:48:48.713Z","pid":44964,"hostname":"95cf947da62c","name":"urateam","component":"Executor","runId":"run-first-resumable","issueId":"BEC-227","stage":"reproduce","workdir":"/tmp/bec227-workdir","msg":"importing Agent SDK"}
@urateam/core:test: {"level":30,"time":"2026-05-26T22:48:48.716Z","pid":44964,"hostname":"95cf947da62c","name":"urateam","component":"Executor","runId":"run-first-resumable","issueId":"BEC-227","stage":"reproduce","workdir":"/tmp/bec227-workdir","msg":"starting agent query"}
@urateam/core:test: {"level":30,"time":"2026-05-26T22:48:48.717Z","pid":44964,"hostname":"95cf947da62c","name":"urateam","component":"Executor","runId":"run-first-resumable","issueId":"BEC-227","stage":"reproduce","msg":"iterating agent messages"}
@urateam/core:test: {"level":30,"time":"2026-05-26T22:48:48.723Z","pid":44964,"hostname":"95cf947da62c","name":"urateam","component":"Executor","runId":"run-first-resumable","issueId":"BEC-227","stage":"reproduce","inputTokens":0,"outputTokens":0,"turns":1,"msg":"stage completed"}
@urateam/core:test: {"level":30,"time":"2026-05-26T22:48:48.753Z","pid":44964,"hostname":"95cf947da62c","name":"urateam","component":"Executor","runId":"run-non-first-resumable","issueId":"BEC-227","stage":"implement","authMethod":"mounted-session","msg":"Claude auth method resolved"}
@urateam/core:test: {"level":30,"time":"2026-05-26T22:48:48.755Z","pid":44964,"hostname":"95cf947da62c","name":"urateam","component":"Executor","runId":"run-non-first-resumable","issueId":"BEC-227","stage":"implement","workdir":"/tmp/bec227-workdir","msg":"importing Agent SDK"}
@urateam/core:test: {"level":30,"time":"2026-05-26T22:48:48.756Z","pid":44964,"hostname":"95cf947da62c","name":"urateam","component":"Executor","runId":"run-non-first-resumable","issueId":"BEC-227","stage":"implement","workdir":"/tmp/bec227-workdir","msg":"starting agent query"}
@urateam/core:test: {"level":40,"time":"2026-05-26T22:48:48.764Z","pid":44964,"hostname":"95cf947da62c","name":"urateam","component":"SessionResolver","err":"ENOENT: no such file or directory, open '/home/ura/.claude/projects/-tmp-bec227-workdir/uuid-1.jsonl'","stage":"implement","msg":"failed to count prior session messages — emitting resumed event with count=0"}
@urateam/core:test: {"level":30,"time":"2026-05-26T22:48:48.765Z","pid":44964,"hostname":"95cf947da62c","name":"urateam","component":"Executor","runId":"run-non-first-resumable","issueId":"BEC-227","stage":"implement","msg":"iterating agent messages"}
@urateam/core:test: {"level":30,"time":"2026-05-26T22:48:48.768Z","pid":44964,"hostname":"95cf947da62c","name":"urateam","component":"Executor","runId":"run-non-first-resumable","issueId":"BEC-227","stage":"implement","inputTokens":0,"outputTokens":0,"turns":1,"msg":"stage completed"}
@urateam/core:test: {"level":30,"time":"2026-05-26T22:48:48.790Z","pid":44964,"hostname":"95cf947da62c","name":"urateam","component":"Executor","runId":"run-flag-off","issueId":"BEC-227","stage":"implement","authMethod":"mounted-session","msg":"Claude auth method resolved"}
@urateam/core:test: {"level":30,"time":"2026-05-26T22:48:48.790Z","pid":44964,"hostname":"95cf947da62c","name":"urateam","component":"Executor","runId":"run-flag-off","issueId":"BEC-227","stage":"implement","workdir":"/tmp/bec227-workdir","msg":"importing Agent SDK"}
@urateam/core:test: {"level":30,"time":"2026-05-26T22:48:48.793Z","pid":44964,"hostname":"95cf947da62c","name":"urateam","component":"Executor","runId":"run-flag-off","issueId":"BEC-227","stage":"implement","workdir":"/tmp/bec227-workdir","msg":"starting agent query"}
@urateam/core:test: {"level":30,"time":"2026-05-26T22:48:48.793Z","pid":44964,"hostname":"95cf947da62c","name":"urateam","component":"Executor","runId":"run-flag-off","issueId":"BEC-227","stage":"implement","msg":"iterating agent messages"}
@urateam/core:test: {"level":30,"time":"2026-05-26T22:48:48.794Z","pid":44964,"hostname":"95cf947da62c","name":"urateam","component":"Executor","runId":"run-flag-off","issueId":"BEC-227","stage":"implement","inputTokens":0,"outputTokens":0,"turns":1,"msg":"stage completed"}
@urateam/core:test: {"level":30,"time":"2026-05-26T22:48:48.797Z","pid":44964,"hostname":"95cf947da62c","name":"urateam","component":"license","tier":"oss","msg":"no license key set — running in OSS mode"}
@urateam/core:test:  ✓ src/__tests__/execute-stage-session-opts.test.ts (3 tests) 129ms
@urateam/core:test:  ✓ src/__tests__/triage-v2-prediction-emission.test.ts (10 tests) 24ms
@urateam/core:test: {"level":50,"time":"2026-05-26T22:48:49.777Z","pid":45184,"hostname":"95cf947da62c","name":"urateam","component":"DiscordNotifier","err":{"type":"Error","message":"network error","stack":"Error: network error\n    at /home/ura/data/runs/B7TEaqaYubzZqR2vcvyha/worktree/packages/core/src/__tests__/notifier-discord.test.ts:102:33\n    at file:///home/ura/data/runs/B7TEaqaYubzZqR2vcvyha/worktree/node_modules/.pnpm/@vitest+runner@3.2.4/node_modules/@vitest/runner/dist/chunk-hooks.js:155:11\n    at file:///home/ura/data/runs/B7TEaqaYubzZqR2vcvyha/worktree/node_modules/.pnpm/@vitest+runner@3.2.4/node_modules/@vitest/runner/dist/chunk-hooks.js:752:26\n    at file:///home/ura/data/runs/B7TEaqaYubzZqR2vcvyha/worktree/node_modules/.pnpm/@vitest+runner@3.2.4/node_modules/@vitest/runner/dist/chunk-hooks.js:1897:20\n    at new Promise (<anonymous>)\n    at runWithTimeout (file:///home/ura/data/runs/B7TEaqaYubzZqR2vcvyha/worktree/node_modules/.pnpm/@vitest+runner@3.2.4/node_modules/@vitest/runner/dist/chunk-hooks.js:1863:10)\n    at runTest (file:///home/ura/data/runs/B7TEaqaYubzZqR2vcvyha/worktree/node_modules/.pnpm/@vitest+runner@3.2.4/node_modules/@vitest/runner/dist/chunk-hooks.js:1574:12)\n    at processTicksAndRejections (node:internal/process/task_queues:103:5)\n    at runSuite (file:///home/ura/data/runs/B7TEaqaYubzZqR2vcvyha/worktree/node_modules/.pnpm/@vitest+runner@3.2.4/node_modules/@vitest/runner/dist/chunk-hooks.js:1729:8)\n    at runSuite (file:///home/ura/data/runs/B7TEaqaYubzZqR2vcvyha/worktree/node_modules/.pnpm/@vitest+runner@3.2.4/node_modules/@vitest/runner/dist/chunk-hooks.js:1729:8)"},"msg":"Discord notification failed"}
@urateam/core:test:  ✓ src/__tests__/notifier-discord.test.ts (10 tests) 105ms
@urateam/core:test:  ✓ src/__tests__/executor.test.ts (21 tests) 29ms
@urateam/core:test: {"level":30,"time":"2026-05-26T22:48:50.695Z","pid":45264,"hostname":"95cf947da62c","name":"urateam","component":"RALPH","msg":"no acceptance criteria defined, skipping requirements check"}
@urateam/core:test: {"level":50,"time":"2026-05-26T22:48:50.731Z","pid":45264,"hostname":"95cf947da62c","name":"urateam","component":"git","args":["diff","--stat","HEAD"],"cwd":"/tmp","stderr":"warning: Not a git repository. Use --no-index to compare two paths outside a working tree\nusage: git diff --no-index [<options>] <path> <path> [<pathspec>...]\n\nDiff output format options\n    -p, --pat","msg":"git diff failed"}
@urateam/core:test: {"level":50,"time":"2026-05-26T22:48:50.757Z","pid":45264,"hostname":"95cf947da62c","name":"urateam","component":"git","args":["diff","--stat","HEAD"],"cwd":"/tmp","stderr":"warning: Not a git repository. Use --no-index to compare two paths outside a working tree\nusage: git diff --no-index [<options>] <path> <path> [<pathspec>...]\n\nDiff output format options\n    -p, --pat","msg":"git diff failed"}
@urateam/core:test: {"level":50,"time":"2026-05-26T22:48:50.789Z","pid":45264,"hostname":"95cf947da62c","name":"urateam","component":"git","args":["diff","--stat","HEAD"],"cwd":"/tmp","stderr":"warning: Not a git repository. Use --no-index to compare two paths outside a working tree\nusage: git diff --no-index [<options>] <path> <path> [<pathspec>...]\n\nDiff output format options\n    -p, --pat","msg":"git diff failed"}
@urateam/core:test: {"level":50,"time":"2026-05-26T22:48:50.791Z","pid":45264,"hostname":"95cf947da62c","name":"urateam","component":"RALPH","err":"Reached maximum number of turns (6)","msg":"requirements check agent failed"}
@urateam/core:test: {"level":50,"time":"2026-05-26T22:48:50.803Z","pid":45264,"hostname":"95cf947da62c","name":"urateam","component":"git","args":["diff","--stat","HEAD"],"cwd":"/tmp","stderr":"warning: Not a git repository. Use --no-index to compare two paths outside a working tree\nusage: git diff --no-index [<options>] <path> <path> [<pathspec>...]\n\nDiff output format options\n    -p, --pat","msg":"git diff failed"}
@urateam/core:test: {"level":40,"time":"2026-05-26T22:48:50.806Z","pid":45264,"hostname":"95cf947da62c","name":"urateam","component":"RALPH","msg":"requirements check agent did not produce structured output"}
@urateam/core:test: {"level":50,"time":"2026-05-26T22:48:50.817Z","pid":45264,"hostname":"95cf947da62c","name":"urateam","component":"git","args":["diff","--stat","HEAD"],"cwd":"/tmp","stderr":"warning: Not a git repository. Use --no-index to compare two paths outside a working tree\nusage: git diff --no-index [<options>] <path> <path> [<pathspec>...]\n\nDiff output format options\n    -p, --pat","msg":"git diff failed"}
@urateam/core:test: {"level":50,"time":"2026-05-26T22:48:50.841Z","pid":45264,"hostname":"95cf947da62c","name":"urateam","component":"git","args":["diff","--stat","HEAD"],"cwd":"/tmp","stderr":"warning: Not a git repository. Use --no-index to compare two paths outside a working tree\nusage: git diff --no-index [<options>] <path> <path> [<pathspec>...]\n\nDiff output format options\n    -p, --pat","msg":"git diff failed"}
@urateam/core:test: {"level":50,"time":"2026-05-26T22:48:50.856Z","pid":45264,"hostname":"95cf947da62c","name":"urateam","component":"git","args":["diff","--stat","HEAD"],"cwd":"/tmp","stderr":"warning: Not a git repository. Use --no-index to compare two paths outside a working tree\nusage: git diff --no-index [<options>] <path> <path> [<pathspec>...]\n\nDiff output format options\n    -p, --pat","msg":"git diff failed"}
@urateam/core:test:  ✓ src/__tests__/ralph.test.ts (9 tests) 173ms
@urateam/core:test:  ✓ src/__tests__/typecheck-gate.test.ts (12 tests) 29ms
@urateam/core:test: {"level":50,"time":"2026-05-26T22:48:51.682Z","pid":45331,"hostname":"95cf947da62c","name":"urateam","component":"SlackNotifier","err":{"type":"Error","message":"network error","stack":"Error: network error\n    at /home/ura/data/runs/B7TEaqaYubzZqR2vcvyha/worktree/packages/core/src/__tests__/notifier-slack.test.ts:69:33\n    at file:///home/ura/data/runs/B7TEaqaYubzZqR2vcvyha/worktree/node_modules/.pnpm/@vitest+runner@3.2.4/node_modules/@vitest/runner/dist/chunk-hooks.js:155:11\n    at file:///home/ura/data/runs/B7TEaqaYubzZqR2vcvyha/worktree/node_modules/.pnpm/@vitest+runner@3.2.4/node_modules/@vitest/runner/dist/chunk-hooks.js:752:26\n    at file:///home/ura/data/runs/B7TEaqaYubzZqR2vcvyha/worktree/node_modules/.pnpm/@vitest+runner@3.2.4/node_modules/@vitest/runner/dist/chunk-hooks.js:1897:20\n    at new Promise (<anonymous>)\n    at runWithTimeout (file:///home/ura/data/runs/B7TEaqaYubzZqR2vcvyha/worktree/node_modules/.pnpm/@vitest+runner@3.2.4/node_modules/@vitest/runner/dist/chunk-hooks.js:1863:10)\n    at runTest (file:///home/ura/data/runs/B7TEaqaYubzZqR2vcvyha/worktree/node_modules/.pnpm/@vitest+runner@3.2.4/node_modules/@vitest/runner/dist/chunk-hooks.js:1574:12)\n    at processTicksAndRejections (node:internal/process/task_queues:103:5)\n    at runSuite (file:///home/ura/data/runs/B7TEaqaYubzZqR2vcvyha/worktree/node_modules/.pnpm/@vitest+runner@3.2.4/node_modules/@vitest/runner/dist/chunk-hooks.js:1729:8)\n    at runSuite (file:///home/ura/data/runs/B7TEaqaYubzZqR2vcvyha/worktree/node_modules/.pnpm/@vitest+runner@3.2.4/node_modules/@vitest/runner/dist/chunk-hooks.js:1729:8)"},"msg":"Slack notification failed"}
@urateam/core:test:  ✓ src/__tests__/notifier-slack.test.ts (10 tests) 62ms
@urateam/core:test:  ✓ src/__tests__/pm-types.test.ts (21 tests) 30ms
@urateam/core:test:  ✓ src/__tests__/openrouter-client.test.ts (8 tests) 70ms
@urateam/core:test: {"level":30,"time":"2026-05-26T22:48:54.233Z","pid":45422,"hostname":"95cf947da62c","name":"urateam","component":"license","tier":"enterprise","customerId":"cust_test","expiresAt":"2026-05-27T22:48:54.000Z","msg":"license key validated"}
@urateam/core:test: {"level":30,"time":"2026-05-26T22:48:54.242Z","pid":45422,"hostname":"95cf947da62c","name":"urateam","component":"cost.rollup","firstDate":"2026-04-26","yesterdayStr":"2026-05-25","days":30,"msg":"cost rollup: first run, backfilling"}
@urateam/core:test: {"level":30,"time":"2026-05-26T22:48:54.245Z","pid":45422,"hostname":"95cf947da62c","name":"urateam","component":"cost.rollup","date":"2026-04-26","rowsWritten":0,"msg":"no runs to roll up"}
@urateam/core:test: {"level":30,"time":"2026-05-26T22:48:54.246Z","pid":45422,"hostname":"95cf947da62c","name":"urateam","component":"cost.rollup","date":"2026-04-27","rowsWritten":0,"msg":"no runs to roll up"}
@urateam/core:test: {"level":30,"time":"2026-05-26T22:48:54.246Z","pid":45422,"hostname":"95cf947da62c","name":"urateam","component":"cost.rollup","date":"2026-04-28","rowsWritten":0,"msg":"no runs to roll up"}
@urateam/core:test: {"level":30,"time":"2026-05-26T22:48:54.249Z","pid":45422,"hostname":"95cf947da62c","name":"urateam","component":"cost.rollup","date":"2026-04-29","rowsWritten":0,"msg":"no runs to roll up"}
@urateam/core:test: {"level":30,"time":"2026-05-26T22:48:54.250Z","pid":45422,"hostname":"95cf947da62c","name":"urateam","component":"cost.rollup","date":"2026-04-30","rowsWritten":0,"msg":"no runs to roll up"}
@urateam/core:test: {"level":30,"time":"2026-05-26T22:48:54.251Z","pid":45422,"hostname":"95cf947da62c","name":"urateam","component":"cost.rollup","date":"2026-05-01","rowsWritten":0,"msg":"no runs to roll up"}
@urateam/core:test: {"level":30,"time":"2026-05-26T22:48:54.251Z","pid":45422,"hostname":"95cf947da62c","name":"urateam","component":"cost.rollup","date":"2026-05-02","rowsWritten":0,"msg":"no runs to roll up"}
@urateam/core:test: {"level":30,"time":"2026-05-26T22:48:54.254Z","pid":45422,"hostname":"95cf947da62c","name":"urateam","component":"cost.rollup","date":"2026-05-03","rowsWritten":0,"msg":"no runs to roll up"}
@urateam/core:test: {"level":30,"time":"2026-05-26T22:48:54.256Z","pid":45422,"hostname":"95cf947da62c","name":"urateam","component":"cost.rollup","date":"2026-05-04","rowsWritten":0,"msg":"no runs to roll up"}
@urateam/core:test: {"level":30,"time":"2026-05-26T22:48:54.256Z","pid":45422,"hostname":"95cf947da62c","name":"urateam","component":"cost.rollup","date":"2026-05-05","rowsWritten":0,"msg":"no runs to roll up"}
@urateam/core:test: {"level":30,"time":"2026-05-26T22:48:54.257Z","pid":45422,"hostname":"95cf947da62c","name":"urateam","component":"cost.rollup","date":"2026-05-06","rowsWritten":0,"msg":"no runs to roll up"}
@urateam/core:test: {"level":30,"time":"2026-05-26T22:48:54.258Z","pid":45422,"hostname":"95cf947da62c","name":"urateam","component":"cost.rollup","date":"2026-05-07","rowsWritten":0,"msg":"no runs to roll up"}
@urateam/core:test: {"level":30,"time":"2026-05-26T22:48:54.258Z","pid":45422,"hostname":"95cf947da62c","name":"urateam","component":"cost.rollup","date":"2026-05-08","rowsWritten":0,"msg":"no runs to roll up"}
@urateam/core:test: {"level":30,"time":"2026-05-26T22:48:54.259Z","pid":45422,"hostname":"95cf947da62c","name":"urateam","component":"cost.rollup","date":"2026-05-09","rowsWritten":0,"msg":"no runs to roll up"}
@urateam/core:test: {"level":30,"time":"2026-05-26T22:48:54.260Z","pid":45422,"hostname":"95cf947da62c","name":"urateam","component":"cost.rollup","date":"2026-05-10","rowsWritten":0,"msg":"no runs to roll up"}
@urateam/core:test: {"level":30,"time":"2026-05-26T22:48:54.261Z","pid":45422,"hostname":"95cf947da62c","name":"urateam","component":"cost.rollup","date":"2026-05-11","rowsWritten":0,"msg":"no runs to roll up"}
@urateam/core:test: {"level":30,"time":"2026-05-26T22:48:54.262Z","pid":45422,"hostname":"95cf947da62c","name":"urateam","component":"cost.rollup","date":"2026-05-12","rowsWritten":0,"msg":"no runs to roll up"}
@urateam/core:test: {"level":30,"time":"2026-05-26T22:48:54.262Z","pid":45422,"hostname":"95cf947da62c","name":"urateam","component":"cost.rollup","date":"2026-05-13","rowsWritten":0,"msg":"no runs to roll up"}
@urateam/core:test: {"level":30,"time":"2026-05-26T22:48:54.262Z","pid":45422,"hostname":"95cf947da62c","name":"urateam","component":"cost.rollup","date":"2026-05-14","rowsWritten":0,"msg":"no runs to roll up"}
@urateam/core:test: {"level":30,"time":"2026-05-26T22:48:54.263Z","pid":45422,"hostname":"95cf947da62c","name":"urateam","component":"cost.rollup","date":"2026-05-15","rowsWritten":0,"msg":"no runs to roll up"}
@urateam/core:test: {"level":30,"time":"2026-05-26T22:48:54.263Z","pid":45422,"hostname":"95cf947da62c","name":"urateam","component":"cost.rollup","date":"2026-05-16","rowsWritten":0,"msg":"no runs to roll up"}
@urateam/core:test: {"level":30,"time":"2026-05-26T22:48:54.267Z","pid":45422,"hostname":"95cf947da62c","name":"urateam","component":"cost.rollup","date":"2026-05-17","rowsWritten":0,"msg":"no runs to roll up"}
@urateam/core:test: {"level":30,"time":"2026-05-26T22:48:54.268Z","pid":45422,"hostname":"95cf947da62c","name":"urateam","component":"cost.rollup","date":"2026-05-18","rowsWritten":0,"msg":"no runs to roll up"}
@urateam/core:test: {"level":30,"time":"2026-05-26T22:48:54.269Z","pid":45422,"hostname":"95cf947da62c","name":"urateam","component":"cost.rollup","date":"2026-05-19","rowsWritten":0,"msg":"no runs to roll up"}
@urateam/core:test: {"level":30,"time":"2026-05-26T22:48:54.269Z","pid":45422,"hostname":"95cf947da62c","name":"urateam","component":"cost.rollup","date":"2026-05-20","rowsWritten":0,"msg":"no runs to roll up"}
@urateam/core:test: {"level":30,"time":"2026-05-26T22:48:54.270Z","pid":45422,"hostname":"95cf947da62c","name":"urateam","component":"cost.rollup","date":"2026-05-21","rowsWritten":0,"msg":"no runs to roll up"}
@urateam/core:test: {"level":30,"time":"2026-05-26T22:48:54.271Z","pid":45422,"hostname":"95cf947da62c","name":"urateam","component":"cost.rollup","date":"2026-05-22","rowsWritten":0,"msg":"no runs to roll up"}
@urateam/core:test: {"level":30,"time":"2026-05-26T22:48:54.271Z","pid":45422,"hostname":"95cf947da62c","name":"urateam","component":"cost.rollup","date":"2026-05-23","rowsWritten":0,"msg":"no runs to roll up"}
@urateam/core:test: {"level":30,"time":"2026-05-26T22:48:54.272Z","pid":45422,"hostname":"95cf947da62c","name":"urateam","component":"cost.rollup","date":"2026-05-24","rowsWritten":0,"msg":"no runs to roll up"}
@urateam/core:test: {"level":30,"time":"2026-05-26T22:48:54.280Z","pid":45422,"hostname":"95cf947da62c","name":"urateam","component":"cost.rollup","date":"2026-05-25","rowsWritten":1,"msg":"cost rollup complete"}
@urateam/core:test: {"level":30,"time":"2026-05-26T22:48:54.310Z","pid":45422,"hostname":"95cf947da62c","name":"urateam","component":"license","tier":"enterprise","customerId":"cust_test","expiresAt":"2026-05-27T22:48:54.000Z","msg":"license key validated"}
@urateam/core:test: {"level":30,"time":"2026-05-26T22:48:54.312Z","pid":45422,"hostname":"95cf947da62c","name":"urateam","component":"cost.rollup","firstDate":"2026-04-26","yesterdayStr":"2026-05-25","days":30,"msg":"cost rollup: first run, backfilling"}
@urateam/core:test: {"level":30,"time":"2026-05-26T22:48:54.313Z","pid":45422,"hostname":"95cf947da62c","name":"urateam","component":"cost.rollup","date":"2026-04-26","rowsWritten":0,"msg":"no runs to roll up"}
@urateam/core:test: {"level":30,"time":"2026-05-26T22:48:54.315Z","pid":45422,"hostname":"95cf947da62c","name":"urateam","component":"cost.rollup","date":"2026-04-27","rowsWritten":0,"msg":"no runs to roll up"}
@urateam/core:test: {"level":30,"time":"2026-05-26T22:48:54.315Z","pid":45422,"hostname":"95cf947da62c","name":"urateam","component":"cost.rollup","date":"2026-04-28","rowsWritten":0,"msg":"no runs to roll up"}
@urateam/core:test: {"level":30,"time":"2026-05-26T22:48:54.316Z","pid":45422,"hostname":"95cf947da62c","name":"urateam","component":"cost.rollup","date":"2026-04-29","rowsWritten":0,"msg":"no runs to roll up"}
@urateam/core:test: {"level":30,"time":"2026-05-26T22:48:54.317Z","pid":45422,"hostname":"95cf947da62c","name":"urateam","component":"cost.rollup","date":"2026-04-30","rowsWritten":0,"msg":"no runs to roll up"}
@urateam/core:test: {"level":30,"time":"2026-05-26T22:48:54.317Z","pid":45422,"hostname":"95cf947da62c","name":"urateam","component":"cost.rollup","date":"2026-05-01","rowsWritten":0,"msg":"no runs to roll up"}
@urateam/core:test: {"level":30,"time":"2026-05-26T22:48:54.317Z","pid":45422,"hostname":"95cf947da62c","name":"urateam","component":"cost.rollup","date":"2026-05-02","rowsWritten":0,"msg":"no runs to roll up"}
@urateam/core:test: {"level":30,"time":"2026-05-26T22:48:54.318Z","pid":45422,"hostname":"95cf947da62c","name":"urateam","component":"cost.rollup","date":"2026-05-03","rowsWritten":0,"msg":"no runs to roll up"}
@urateam/core:test: {"level":30,"time":"2026-05-26T22:48:54.318Z","pid":45422,"hostname":"95cf947da62c","name":"urateam","component":"cost.rollup","date":"2026-05-04","rowsWritten":0,"msg":"no runs to roll up"}
@urateam/core:test: {"level":30,"time":"2026-05-26T22:48:54.320Z","pid":45422,"hostname":"95cf947da62c","name":"urateam","component":"cost.rollup","date":"2026-05-05","rowsWritten":0,"msg":"no runs to roll up"}
@urateam/core:test: {"level":30,"time":"2026-05-26T22:48:54.321Z","pid":45422,"hostname":"95cf947da62c","name":"urateam","component":"cost.rollup","date":"2026-05-06","rowsWritten":0,"msg":"no runs to roll up"}
@urateam/core:test: {"level":30,"time":"2026-05-26T22:48:54.322Z","pid":45422,"hostname":"95cf947da62c","name":"urateam","component":"cost.rollup","date":"2026-05-07","rowsWritten":0,"msg":"no runs to roll up"}
@urateam/core:test: {"level":30,"time":"2026-05-26T22:48:54.323Z","pid":45422,"hostname":"95cf947da62c","name":"urateam","component":"cost.rollup","date":"2026-05-08","rowsWritten":0,"msg":"no runs to roll up"}
@urateam/core:test: {"level":30,"time":"2026-05-26T22:48:54.323Z","pid":45422,"hostname":"95cf947da62c","name":"urateam","component":"cost.rollup","date":"2026-05-09","rowsWritten":0,"msg":"no runs to roll up"}
@urateam/core:test: {"level":30,"time":"2026-05-26T22:48:54.324Z","pid":45422,"hostname":"95cf947da62c","name":"urateam","component":"cost.rollup","date":"2026-05-10","rowsWritten":0,"msg":"no runs to roll up"}
@urateam/core:test: {"level":30,"time":"2026-05-26T22:48:54.324Z","pid":45422,"hostname":"95cf947da62c","name":"urateam","component":"cost.rollup","date":"2026-05-11","rowsWritten":0,"msg":"no runs to roll up"}
@urateam/core:test: {"level":30,"time":"2026-05-26T22:48:54.326Z","pid":45422,"hostname":"95cf947da62c","name":"urateam","component":"cost.rollup","date":"2026-05-12","rowsWritten":0,"msg":"no runs to roll up"}
@urateam/core:test: {"level":30,"time":"2026-05-26T22:48:54.327Z","pid":45422,"hostname":"95cf947da62c","name":"urateam","component":"cost.rollup","date":"2026-05-13","rowsWritten":0,"msg":"no runs to roll up"}
@urateam/core:test: {"level":30,"time":"2026-05-26T22:48:54.327Z","pid":45422,"hostname":"95cf947da62c","name":"urateam","component":"cost.rollup","date":"2026-05-14","rowsWritten":0,"msg":"no runs to roll up"}
@urateam/core:test: {"level":30,"time":"2026-05-26T22:48:54.327Z","pid":45422,"hostname":"95cf947da62c","name":"urateam","component":"cost.rollup","date":"2026-05-15","rowsWritten":0,"msg":"no runs to roll up"}
@urateam/core:test: {"level":30,"time":"2026-05-26T22:48:54.328Z","pid":45422,"hostname":"95cf947da62c","name":"urateam","component":"cost.rollup","date":"2026-05-16","rowsWritten":0,"msg":"no runs to roll up"}
@urateam/core:test: {"level":30,"time":"2026-05-26T22:48:54.328Z","pid":45422,"hostname":"95cf947da62c","name":"urateam","component":"cost.rollup","date":"2026-05-17","rowsWritten":0,"msg":"no runs to roll up"}
@urateam/core:test: {"level":30,"time":"2026-05-26T22:48:54.328Z","pid":45422,"hostname":"95cf947da62c","name":"urateam","component":"cost.rollup","date":"2026-05-18","rowsWritten":0,"msg":"no runs to roll up"}
@urateam/core:test: {"level":30,"time":"2026-05-26T22:48:54.329Z","pid":45422,"hostname":"95cf947da62c","name":"urateam","component":"cost.rollup","date":"2026-05-19","rowsWritten":0,"msg":"no runs to roll up"}
@urateam/core:test: {"level":30,"time":"2026-05-26T22:48:54.330Z","pid":45422,"hostname":"95cf947da62c","name":"urateam","component":"cost.rollup","date":"2026-05-20","rowsWritten":0,"msg":"no runs to roll up"}
@urateam/core:test: {"level":30,"time":"2026-05-26T22:48:54.331Z","pid":45422,"hostname":"95cf947da62c","name":"urateam","component":"cost.rollup","date":"2026-05-21","rowsWritten":0,"msg":"no runs to roll up"}
@urateam/core:test: {"level":30,"time":"2026-05-26T22:48:54.334Z","pid":45422,"hostname":"95cf947da62c","name":"urateam","component":"cost.rollup","date":"2026-05-22","rowsWritten":0,"msg":"no runs to roll up"}
@urateam/core:test: {"level":30,"time":"2026-05-26T22:48:54.334Z","pid":45422,"hostname":"95cf947da62c","name":"urateam","component":"cost.rollup","date":"2026-05-23","rowsWritten":0,"msg":"no runs to roll up"}
@urateam/core:test: {"level":30,"time":"2026-05-26T22:48:54.334Z","pid":45422,"hostname":"95cf947da62c","name":"urateam","component":"cost.rollup","date":"2026-05-24","rowsWritten":0,"msg":"no runs to roll up"}
@urateam/core:test: {"level":30,"time":"2026-05-26T22:48:54.339Z","pid":45422,"hostname":"95cf947da62c","name":"urateam","component":"cost.rollup","date":"2026-05-25","rowsWritten":1,"msg":"cost rollup complete"}
@urateam/core:test: {"level":30,"time":"2026-05-26T22:48:54.343Z","pid":45422,"hostname":"95cf947da62c","name":"urateam","component":"cost.rollup","date":"2026-05-25","rowsWritten":1,"msg":"cost rollup complete"}
@urateam/core:test: {"level":30,"time":"2026-05-26T22:48:54.362Z","pid":45422,"hostname":"95cf947da62c","name":"urateam","component":"license","tier":"enterprise","customerId":"cust_test","expiresAt":"2026-05-27T22:48:54.000Z","msg":"license key validated"}
@urateam/core:test: {"level":30,"time":"2026-05-26T22:48:54.363Z","pid":45422,"hostname":"95cf947da62c","name":"urateam","component":"cost.rollup","firstDate":"2026-04-26","yesterdayStr":"2026-05-25","days":30,"msg":"cost rollup: first run, backfilling"}
@urateam/core:test: {"level":30,"time":"2026-05-26T22:48:54.363Z","pid":45422,"hostname":"95cf947da62c","name":"urateam","component":"cost.rollup","date":"2026-04-26","rowsWritten":0,"msg":"no runs to roll up"}
@urateam/core:test: {"level":30,"time":"2026-05-26T22:48:54.364Z","pid":45422,"hostname":"95cf947da62c","name":"urateam","component":"cost.rollup","date":"2026-04-27","rowsWritten":0,"msg":"no runs to roll up"}
@urateam/core:test: {"level":30,"time":"2026-05-26T22:48:54.364Z","pid":45422,"hostname":"95cf947da62c","name":"urateam","component":"cost.rollup","date":"2026-04-28","rowsWritten":0,"msg":"no runs to roll up"}
@urateam/core:test: {"level":30,"time":"2026-05-26T22:48:54.365Z","pid":45422,"hostname":"95cf947da62c","name":"urateam","component":"cost.rollup","date":"2026-04-29","rowsWritten":0,"msg":"no runs to roll up"}
@urateam/core:test: {"level":30,"time":"2026-05-26T22:48:54.365Z","pid":45422,"hostname":"95cf947da62c","name":"urateam","component":"cost.rollup","date":"2026-04-30","rowsWritten":0,"msg":"no runs to roll up"}
@urateam/core:test: {"level":30,"time":"2026-05-26T22:48:54.366Z","pid":45422,"hostname":"95cf947da62c","name":"urateam","component":"cost.rollup","date":"2026-05-01","rowsWritten":0,"msg":"no runs to roll up"}
@urateam/core:test: {"level":30,"time":"2026-05-26T22:48:54.366Z","pid":45422,"hostname":"95cf947da62c","name":"urateam","component":"cost.rollup","date":"2026-05-02","rowsWritten":0,"msg":"no runs to roll up"}
@urateam/core:test: {"level":30,"time":"2026-05-26T22:48:54.366Z","pid":45422,"hostname":"95cf947da62c","name":"urateam","component":"cost.rollup","date":"2026-05-03","rowsWritten":0,"msg":"no runs to roll up"}
@urateam/core:test: {"level":30,"time":"2026-05-26T22:48:54.367Z","pid":45422,"hostname":"95cf947da62c","name":"urateam","component":"cost.rollup","date":"2026-05-04","rowsWritten":0,"msg":"no runs to roll up"}
@urateam/core:test: {"level":30,"time":"2026-05-26T22:48:54.367Z","pid":45422,"hostname":"95cf947da62c","name":"urateam","component":"cost.rollup","date":"2026-05-05","rowsWritten":0,"msg":"no runs to roll up"}
@urateam/core:test: {"level":30,"time":"2026-05-26T22:48:54.371Z","pid":45422,"hostname":"95cf947da62c","name":"urateam","component":"cost.rollup","date":"2026-05-06","rowsWritten":0,"msg":"no runs to roll up"}
@urateam/core:test: {"level":30,"time":"2026-05-26T22:48:54.372Z","pid":45422,"hostname":"95cf947da62c","name":"urateam","component":"cost.rollup","date":"2026-05-07","rowsWritten":0,"msg":"no runs to roll up"}
@urateam/core:test: {"level":30,"time":"2026-05-26T22:48:54.372Z","pid":45422,"hostname":"95cf947da62c","name":"urateam","component":"cost.rollup","date":"2026-05-08","rowsWritten":0,"msg":"no runs to roll up"}
@urateam/core:test: {"level":30,"time":"2026-05-26T22:48:54.372Z","pid":45422,"hostname":"95cf947da62c","name":"urateam","component":"cost.rollup","date":"2026-05-09","rowsWritten":0,"msg":"no runs to roll up"}
@urateam/core:test: {"level":30,"time":"2026-05-26T22:48:54.373Z","pid":45422,"hostname":"95cf947da62c","name":"urateam","component":"cost.rollup","date":"2026-05-10","rowsWritten":0,"msg":"no runs to roll up"}
@urateam/core:test: {"level":30,"time":"2026-05-26T22:48:54.373Z","pid":45422,"hostname":"95cf947da62c","name":"urateam","component":"cost.rollup","date":"2026-05-11","rowsWritten":0,"msg":"no runs to roll up"}
@urateam/core:test: {"level":30,"time":"2026-05-26T22:48:54.373Z","pid":45422,"hostname":"95cf947da62c","name":"urateam","component":"cost.rollup","date":"2026-05-12","rowsWritten":0,"msg":"no runs to roll up"}
@urateam/core:test: {"level":30,"time":"2026-05-26T22:48:54.378Z","pid":45422,"hostname":"95cf947da62c","name":"urateam","component":"cost.rollup","date":"2026-05-13","rowsWritten":0,"msg":"no runs to roll up"}
@urateam/core:test: {"level":30,"time":"2026-05-26T22:48:54.379Z","pid":45422,"hostname":"95cf947da62c","name":"urateam","component":"cost.rollup","date":"2026-05-14","rowsWritten":0,"msg":"no runs to roll up"}
@urateam/core:test: {"level":30,"time":"2026-05-26T22:48:54.381Z","pid":45422,"hostname":"95cf947da62c","name":"urateam","component":"cost.rollup","date":"2026-05-15","rowsWritten":0,"msg":"no runs to roll up"}
@urateam/core:test: {"level":30,"time":"2026-05-26T22:48:54.382Z","pid":45422,"hostname":"95cf947da62c","name":"urateam","component":"cost.rollup","date":"2026-05-16","rowsWritten":0,"msg":"no runs to roll up"}
@urateam/core:test: {"level":30,"time":"2026-05-26T22:48:54.382Z","pid":45422,"hostname":"95cf947da62c","name":"urateam","component":"cost.rollup","date":"2026-05-17","rowsWritten":0,"msg":"no runs to roll up"}
@urateam/core:test: {"level":30,"time":"2026-05-26T22:48:54.387Z","pid":45422,"hostname":"95cf947da62c","name":"urateam","component":"cost.rollup","date":"2026-05-18","rowsWritten":0,"msg":"no runs to roll up"}
@urateam/core:test: {"level":30,"time":"2026-05-26T22:48:54.387Z","pid":45422,"hostname":"95cf947da62c","name":"urateam","component":"cost.rollup","date":"2026-05-19","rowsWritten":0,"msg":"no runs to roll up"}
@urateam/core:test: {"level":30,"time":"2026-05-26T22:48:54.387Z","pid":45422,"hostname":"95cf947da62c","name":"urateam","component":"cost.rollup","date":"2026-05-20","rowsWritten":0,"msg":"no runs to roll up"}
@urateam/core:test: {"level":30,"time":"2026-05-26T22:48:54.387Z","pid":45422,"hostname":"95cf947da62c","name":"urateam","component":"cost.rollup","date":"2026-05-21","rowsWritten":0,"msg":"no runs to roll up"}
@urateam/core:test: {"level":30,"time":"2026-05-26T22:48:54.388Z","pid":45422,"hostname":"95cf947da62c","name":"urateam","component":"cost.rollup","date":"2026-05-22","rowsWritten":0,"msg":"no runs to roll up"}
@urateam/core:test: {"level":30,"time":"2026-05-26T22:48:54.388Z","pid":45422,"hostname":"95cf947da62c","name":"urateam","component":"cost.rollup","date":"2026-05-23","rowsWritten":0,"msg":"no runs to roll up"}
@urateam/core:test: {"level":30,"time":"2026-05-26T22:48:54.394Z","pid":45422,"hostname":"95cf947da62c","name":"urateam","component":"cost.rollup","date":"2026-05-24","rowsWritten":0,"msg":"no runs to roll up"}
@urateam/core:test: {"level":30,"time":"2026-05-26T22:48:54.402Z","pid":45422,"hostname":"95cf947da62c","name":"urateam","component":"cost.rollup","date":"2026-05-25","rowsWritten":1,"msg":"cost rollup complete"}
@urateam/core:test: {"level":30,"time":"2026-05-26T22:48:54.406Z","pid":45422,"hostname":"95cf947da62c","name":"urateam","component":"cost.rollup","date":"2026-05-25","rowsWritten":1,"msg":"cost rollup complete"}
@urateam/core:test: {"level":30,"time":"2026-05-26T22:48:54.428Z","pid":45422,"hostname":"95cf947da62c","name":"urateam","component":"license","tier":"enterprise","customerId":"cust_test","expiresAt":"2026-05-27T22:48:54.000Z","msg":"license key validated"}
@urateam/core:test: {"level":30,"time":"2026-05-26T22:48:54.433Z","pid":45422,"hostname":"95cf947da62c","name":"urateam","component":"cost.rollup","firstDate":"2026-04-26","yesterdayStr":"2026-05-25","days":30,"msg":"cost rollup: first run, backfilling"}
@urateam/core:test: {"level":30,"time":"2026-05-26T22:48:54.434Z","pid":45422,"hostname":"95cf947da62c","name":"urateam","component":"cost.rollup","date":"2026-04-26","rowsWritten":0,"msg":"no runs to roll up"}
@urateam/core:test: {"level":30,"time":"2026-05-26T22:48:54.434Z","pid":45422,"hostname":"95cf947da62c","name":"urateam","component":"cost.rollup","date":"2026-04-27","rowsWritten":0,"msg":"no runs to roll up"}
@urateam/core:test: {"level":30,"time":"2026-05-26T22:48:54.435Z","pid":45422,"hostname":"95cf947da62c","name":"urateam","component":"cost.rollup","date":"2026-04-28","rowsWritten":0,"msg":"no runs to roll up"}
@urateam/core:test: {"level":30,"time":"2026-05-26T22:48:54.436Z","pid":45422,"hostname":"95cf947da62c","name":"urateam","component":"cost.rollup","date":"2026-04-29","rowsWritten":0,"msg":"no runs to roll up"}
@urateam/core:test: {"level":30,"time":"2026-05-26T22:48:54.436Z","pid":45422,"hostname":"95cf947da62c","name":"urateam","component":"cost.rollup","date":"2026-04-30","rowsWritten":0,"msg":"no runs to roll up"}
@urateam/core:test: {"level":30,"time":"2026-05-26T22:48:54.436Z","pid":45422,"hostname":"95cf947da62c","name":"urateam","component":"cost.rollup","date":"2026-05-01","rowsWritten":0,"msg":"no runs to roll up"}
@urateam/core:test: {"level":30,"time":"2026-05-26T22:48:54.436Z","pid":45422,"hostname":"95cf947da62c","name":"urateam","component":"cost.rollup","date":"2026-05-02","rowsWritten":0,"msg":"no runs to roll up"}
@urateam/core:test: {"level":30,"time":"2026-05-26T22:48:54.437Z","pid":45422,"hostname":"95cf947da62c","name":"urateam","component":"cost.rollup","date":"2026-05-03","rowsWritten":0,"msg":"no runs to roll up"}
@urateam/core:test: {"level":30,"time":"2026-05-26T22:48:54.437Z","pid":45422,"hostname":"95cf947da62c","name":"urateam","component":"cost.rollup","date":"2026-05-04","rowsWritten":0,"msg":"no runs to roll up"}
@urateam/core:test: {"level":30,"time":"2026-05-26T22:48:54.440Z","pid":45422,"hostname":"95cf947da62c","name":"urateam","component":"cost.rollup","date":"2026-05-05","rowsWritten":0,"msg":"no runs to roll up"}
@urateam/core:test: {"level":30,"time":"2026-05-26T22:48:54.441Z","pid":45422,"hostname":"95cf947da62c","name":"urateam","component":"cost.rollup","date":"2026-05-06","rowsWritten":1,"msg":"cost rollup complete"}
@urateam/core:test: {"level":30,"time":"2026-05-26T22:48:54.442Z","pid":45422,"hostname":"95cf947da62c","name":"urateam","component":"cost.rollup","date":"2026-05-07","rowsWritten":0,"msg":"no runs to roll up"}
@urateam/core:test: {"level":30,"time":"2026-05-26T22:48:54.442Z","pid":45422,"hostname":"95cf947da62c","name":"urateam","component":"cost.rollup","date":"2026-05-08","rowsWritten":0,"msg":"no runs to roll up"}
@urateam/core:test: {"level":30,"time":"2026-05-26T22:48:54.443Z","pid":45422,"hostname":"95cf947da62c","name":"urateam","component":"cost.rollup","date":"2026-05-09","rowsWritten":0,"msg":"no runs to roll up"}
@urateam/core:test: {"level":30,"time":"2026-05-26T22:48:54.443Z","pid":45422,"hostname":"95cf947da62c","name":"urateam","component":"cost.rollup","date":"2026-05-10","rowsWritten":0,"msg":"no runs to roll up"}
@urateam/core:test: {"level":30,"time":"2026-05-26T22:48:54.443Z","pid":45422,"hostname":"95cf947da62c","name":"urateam","component":"cost.rollup","date":"2026-05-11","rowsWritten":0,"msg":"no runs to roll up"}
@urateam/core:test: {"level":30,"time":"2026-05-26T22:48:54.444Z","pid":45422,"hostname":"95cf947da62c","name":"urateam","component":"cost.rollup","date":"2026-05-12","rowsWritten":0,"msg":"no runs to roll up"}
@urateam/core:test: {"level":30,"time":"2026-05-26T22:48:54.444Z","pid":45422,"hostname":"95cf947da62c","name":"urateam","component":"cost.rollup","date":"2026-05-13","rowsWritten":0,"msg":"no runs to roll up"}
@urateam/core:test: {"level":30,"time":"2026-05-26T22:48:54.444Z","pid":45422,"hostname":"95cf947da62c","name":"urateam","component":"cost.rollup","date":"2026-05-14","rowsWritten":0,"msg":"no runs to roll up"}
@urateam/core:test: {"level":30,"time":"2026-05-26T22:48:54.445Z","pid":45422,"hostname":"95cf947da62c","name":"urateam","component":"cost.rollup","date":"2026-05-15","rowsWritten":0,"msg":"no runs to roll up"}
@urateam/core:test: {"level":30,"time":"2026-05-26T22:48:54.447Z","pid":45422,"hostname":"95cf947da62c","name":"urateam","component":"cost.rollup","date":"2026-05-16","rowsWritten":1,"msg":"cost rollup complete"}
@urateam/core:test: {"level":30,"time":"2026-05-26T22:48:54.447Z","pid":45422,"hostname":"95cf947da62c","name":"urateam","component":"cost.rollup","date":"2026-05-17","rowsWritten":0,"msg":"no runs to roll up"}
@urateam/core:test: {"level":30,"time":"2026-05-26T22:48:54.447Z","pid":45422,"hostname":"95cf947da62c","name":"urateam","component":"cost.rollup","date":"2026-05-18","rowsWritten":0,"msg":"no runs to roll up"}
@urateam/core:test: {"level":30,"time":"2026-05-26T22:48:54.448Z","pid":45422,"hostname":"95cf947da62c","name":"urateam","component":"cost.rollup","date":"2026-05-19","rowsWritten":0,"msg":"no runs to roll up"}
@urateam/core:test: {"level":30,"time":"2026-05-26T22:48:54.448Z","pid":45422,"hostname":"95cf947da62c","name":"urateam","component":"cost.rollup","date":"2026-05-20","rowsWritten":0,"msg":"no runs to roll up"}
@urateam/core:test: {"level":30,"time":"2026-05-26T22:48:54.449Z","pid":45422,"hostname":"95cf947da62c","name":"urateam","component":"cost.rollup","date":"2026-05-21","rowsWritten":1,"msg":"cost rollup complete"}
@urateam/core:test: {"level":30,"time":"2026-05-26T22:48:54.449Z","pid":45422,"hostname":"95cf947da62c","name":"urateam","component":"cost.rollup","date":"2026-05-22","rowsWritten":0,"msg":"no runs to roll up"}
@urateam/core:test: {"level":30,"time":"2026-05-26T22:48:54.450Z","pid":45422,"hostname":"95cf947da62c","name":"urateam","component":"cost.rollup","date":"2026-05-23","rowsWritten":0,"msg":"no runs to roll up"}
@urateam/core:test: {"level":30,"time":"2026-05-26T22:48:54.450Z","pid":45422,"hostname":"95cf947da62c","name":"urateam","component":"cost.rollup","date":"2026-05-24","rowsWritten":0,"msg":"no runs to roll up"}
@urateam/core:test: {"level":30,"time":"2026-05-26T22:48:54.456Z","pid":45422,"hostname":"95cf947da62c","name":"urateam","component":"cost.rollup","date":"2026-05-25","rowsWritten":0,"msg":"no runs to roll up"}
@urateam/core:test: {"level":30,"time":"2026-05-26T22:48:54.498Z","pid":45422,"hostname":"95cf947da62c","name":"urateam","component":"license","tier":"enterprise","customerId":"cust_test","expiresAt":"2026-05-27T22:48:54.000Z","msg":"license key validated"}
@urateam/core:test: {"level":30,"time":"2026-05-26T22:48:54.500Z","pid":45422,"hostname":"95cf947da62c","name":"urateam","component":"cost.rollup","latestDate":"2026-05-23","firstDate":"2026-05-24","yesterdayStr":"2026-05-25","days":2,"msg":"cost rollup: backfilling missing days"}
@urateam/core:test: {"level":30,"time":"2026-05-26T22:48:54.502Z","pid":45422,"hostname":"95cf947da62c","name":"urateam","component":"cost.rollup","date":"2026-05-24","rowsWritten":1,"msg":"cost rollup complete"}
@urateam/core:test: {"level":30,"time":"2026-05-26T22:48:54.507Z","pid":45422,"hostname":"95cf947da62c","name":"urateam","component":"cost.rollup","date":"2026-05-25","rowsWritten":1,"msg":"cost rollup complete"}
@urateam/core:test:  ✓ src/__tests__/cost/rollup.test.ts (5 tests) 333ms
@urateam/core:test: {"level":30,"time":"2026-05-26T22:48:54.765Z","pid":45502,"hostname":"95cf947da62c","name":"urateam","component":"PmAgent:sweep-recovery","recovered":["BEC-1"],"msg":"circuit-breaker recovery sweep cleared issues"}
@urateam/core:test: {"level":30,"time":"2026-05-26T22:48:54.826Z","pid":45502,"hostname":"95cf947da62c","name":"urateam","component":"PmAgent:sweep-recovery","recovered":["BEC-1"],"msg":"circuit-breaker recovery sweep cleared issues"}
@urateam/core:test:  ✓ src/__tests__/circuit-breaker-integration.test.ts (3 tests) 173ms
@urateam/core:test: {"level":40,"time":"2026-05-26T22:48:56.635Z","pid":45618,"hostname":"95cf947da62c","name":"urateam","component":"review.provider","var":"REVIEW_MODELS_MAX_OUTPUT_TOKENS","value":10,"floor":256,"msg":"REVIEW_MODELS_MAX_OUTPUT_TOKENS is below the sane floor — model responses will likely be truncated mid-finding and produce zero parseable output. Consider setting it to at least 1024."}
@urateam/core:test:  ✓ src/__tests__/review-provider-registry.test.ts (15 tests) 21ms
@urateam/core:test:  ✓ src/__tests__/validate-review-models.test.ts (9 tests) 41ms
@urateam/core:test:  ✓ src/__tests__/types.test.ts (12 tests) 28ms
@urateam/core:test: {"level":30,"time":"2026-05-26T22:48:59.254Z","pid":45803,"hostname":"95cf947da62c","name":"urateam","component":"PmAgent:deprioritize","issueId":"DEP-0","ageDays":20,"msg":"deprioritize approval requested"}
@urateam/core:test: {"level":30,"time":"2026-05-26T22:48:59.255Z","pid":45803,"hostname":"95cf947da62c","name":"urateam","component":"PmAgent:deprioritize","issueId":"DEP-1","ageDays":20,"msg":"deprioritize approval requested"}
@urateam/core:test: {"level":30,"time":"2026-05-26T22:48:59.255Z","pid":45803,"hostname":"95cf947da62c","name":"urateam","component":"PmAgent:deprioritize","issueId":"DEP-2","ageDays":20,"msg":"deprioritize approval requested"}
@urateam/core:test: {"level":30,"time":"2026-05-26T22:48:59.255Z","pid":45803,"hostname":"95cf947da62c","name":"urateam","component":"PmAgent:deprioritize","issueId":"DEP-3","ageDays":20,"msg":"deprioritize approval requested"}
@urateam/core:test: {"level":30,"time":"2026-05-26T22:48:59.255Z","pid":45803,"hostname":"95cf947da62c","name":"urateam","component":"PmAgent:deprioritize","issueId":"DEP-4","ageDays":20,"msg":"deprioritize approval requested"}
@urateam/core:test: stdout | src/__tests__/repro-bec58-n-plus-one.test.ts > BEC-58 fix: deprioritizeStaleIssues — batch SELECT > issues exactly 1 batch SELECT for N issues (not N individual queries)
@urateam/core:test: deprioritize: 5 issues → 1 SELECT queries (expected: 1 batch SELECT)
@urateam/core:test: 
@urateam/core:test: {"level":30,"time":"2026-05-26T22:48:59.267Z","pid":45803,"hostname":"95cf947da62c","name":"urateam","component":"PmAgent:cancel","issueId":"BLG-0","ageDays":35,"stateName":"Backlog","msg":"cancel approval requested"}
@urateam/core:test: {"level":30,"time":"2026-05-26T22:48:59.267Z","pid":45803,"hostname":"95cf947da62c","name":"urateam","component":"PmAgent:cancel","issueId":"BLG-1","ageDays":35,"stateName":"Backlog","msg":"cancel approval requested"}
@urateam/core:test: {"level":30,"time":"2026-05-26T22:48:59.267Z","pid":45803,"hostname":"95cf947da62c","name":"urateam","component":"PmAgent:cancel","issueId":"BLG-2","ageDays":35,"stateName":"Backlog","msg":"cancel approval requested"}
@urateam/core:test: {"level":30,"time":"2026-05-26T22:48:59.267Z","pid":45803,"hostname":"95cf947da62c","name":"urateam","component":"PmAgent:cancel","issueId":"BLG-3","ageDays":35,"stateName":"Backlog","msg":"cancel approval requested"}
@urateam/core:test: {"level":30,"time":"2026-05-26T22:48:59.269Z","pid":45803,"hostname":"95cf947da62c","name":"urateam","component":"PmAgent:cancel","issueId":"ICE-0","ageDays":35,"stateName":"Icebox","msg":"cancel approval requested"}
@urateam/core:test: {"level":30,"time":"2026-05-26T22:48:59.269Z","pid":45803,"hostname":"95cf947da62c","name":"urateam","component":"PmAgent:cancel","issueId":"ICE-1","ageDays":35,"stateName":"Icebox","msg":"cancel approval requested"}
@urateam/core:test: {"level":30,"time":"2026-05-26T22:48:59.269Z","pid":45803,"hostname":"95cf947da62c","name":"urateam","component":"PmAgent:cancel","issueId":"ICE-2","ageDays":35,"stateName":"Icebox","msg":"cancel approval requested"}
@urateam/core:test: stdout | src/__tests__/repro-bec58-n-plus-one.test.ts > BEC-58 fix: cancelAbandonedIssues — batch SELECT > issues exactly 1 batch SELECT covering all issues across Backlog and Icebox
@urateam/core:test: cancel: 7 issues across 2 states → 1 SELECT queries (expected: 1 batch SELECT)
@urateam/core:test: 
@urateam/core:test:  ✓ src/__tests__/repro-bec58-n-plus-one.test.ts (4 tests) 28ms
@urateam/core:test: {"level":30,"time":"2026-05-26T22:48:59.443Z","pid":45750,"hostname":"95cf947da62c","name":"urateam","component":"PmAgent:promote","issueId":"BEC-101","overlapRisk":"none","msg":"promoted to Todo"}
@urateam/core:test: {"level":30,"time":"2026-05-26T22:48:59.495Z","pid":45750,"hostname":"95cf947da62c","name":"urateam","component":"PmAgent:triage","issueId":"BEC-202","priority":2,"labels":["feature","auto-implement"],"pipelineLabel":"auto-implement","complexity":"small","msg":"triaged issue"}
@urateam/core:test: {"level":30,"time":"2026-05-26T22:48:59.529Z","pid":45750,"hostname":"95cf947da62c","name":"urateam","component":"PmAgent:approvals","issueId":"BEC-301","action":"deprioritize","msg":"approval executed"}
@urateam/core:test: {"level":30,"time":"2026-05-26T22:48:59.547Z","pid":45750,"hostname":"95cf947da62c","name":"urateam","component":"PmAgent:approvals","issueId":"BEC-401","action":"cancel","msg":"approval executed"}
@urateam/core:test:  ✓ src/__tests__/pm-action-audit-events.test.ts (4 tests) 189ms
@urateam/core:test: {"level":40,"time":"2026-05-26T22:49:01.342Z","pid":45908,"hostname":"95cf947da62c","name":"urateam","component":"SessionResolver","err":"ENOENT: no such file or directory, open '/fake/path/session.jsonl'","stage":"implement","msg":"failed to count prior session messages — emitting resumed event with count=0"}
@urateam/core:test: {"level":40,"time":"2026-05-26T22:49:01.426Z","pid":45908,"hostname":"95cf947da62c","name":"urateam","component":"SessionResolver","err":"ENOENT: no such file or directory, open '/fake/path/session.jsonl'","stage":"review:reuse","msg":"failed to count prior session messages — emitting resumed event with count=0"}
@urateam/core:test:  ✓ src/__tests__/session-resolver.test.ts (6 tests) 124ms
@urateam/core:test:  ✓ src/__tests__/pipeline-config.test.ts (20 tests) 36ms
@urateam/core:test:  ✓ src/__tests__/sanitizer.test.ts (27 tests) 30ms
@urateam/core:test: {"level":30,"time":"2026-05-26T22:49:04.018Z","pid":46092,"hostname":"95cf947da62c","name":"urateam","component":"Executor","runId":"run-bec231-retry-create","issueId":"BEC-227","stage":"implement","authMethod":"mounted-session","msg":"Claude auth method resolved"}
@urateam/core:test: {"level":30,"time":"2026-05-26T22:49:04.021Z","pid":46092,"hostname":"95cf947da62c","name":"urateam","component":"Executor","runId":"run-bec231-retry-create","issueId":"BEC-227","stage":"implement","workdir":"/nonexistent/path/bec231","msg":"importing Agent SDK"}
@urateam/core:test: {"level":30,"time":"2026-05-26T22:49:04.025Z","pid":46092,"hostname":"95cf947da62c","name":"urateam","component":"Executor","runId":"run-bec231-retry-create","issueId":"BEC-227","stage":"implement","workdir":"/nonexistent/path/bec231","msg":"starting agent query"}
@urateam/core:test: {"level":30,"time":"2026-05-26T22:49:04.026Z","pid":46092,"hostname":"95cf947da62c","name":"urateam","component":"Executor","runId":"run-bec231-retry-create","issueId":"BEC-227","stage":"implement","msg":"iterating agent messages"}
@urateam/core:test: {"level":30,"time":"2026-05-26T22:49:04.029Z","pid":46092,"hostname":"95cf947da62c","name":"urateam","component":"Executor","runId":"run-bec231-retry-create","issueId":"BEC-227","stage":"implement","inputTokens":0,"outputTokens":0,"turns":1,"msg":"stage completed"}
@urateam/core:test:  ✓ src/__tests__/session-resume-fallback.test.ts (1 test) 87ms
@urateam/core:test:  ✓ src/__tests__/pm-budget.test.ts (9 tests) 39ms
@urateam/core:test:  ✓ src/__tests__/select-repo-config.test.ts (13 tests) 40ms
@urateam/core:test: {"level":30,"time":"2026-05-26T22:49:06.443Z","pid":46284,"hostname":"95cf947da62c","name":"urateam","component":"Executor","runId":"run-bec231-stage2-recreate","issueId":"BEC-231","stage":"implement","authMethod":"mounted-session","msg":"Claude auth method resolved"}
@urateam/core:test: {"level":30,"time":"2026-05-26T22:49:06.446Z","pid":46284,"hostname":"95cf947da62c","name":"urateam","component":"Executor","runId":"run-bec231-stage2-recreate","issueId":"BEC-231","stage":"implement","workdir":"/tmp/bec231-workdir","msg":"importing Agent SDK"}
@urateam/core:test: {"level":30,"time":"2026-05-26T22:49:06.452Z","pid":46284,"hostname":"95cf947da62c","name":"urateam","component":"Executor","runId":"run-bec231-stage2-recreate","issueId":"BEC-231","stage":"implement","workdir":"/tmp/bec231-workdir","msg":"starting agent query"}
@urateam/core:test: {"level":30,"time":"2026-05-26T22:49:06.453Z","pid":46284,"hostname":"95cf947da62c","name":"urateam","component":"Executor","runId":"run-bec231-stage2-recreate","issueId":"BEC-231","stage":"implement","msg":"iterating agent messages"}
@urateam/core:test: {"level":30,"time":"2026-05-26T22:49:06.463Z","pid":46284,"hostname":"95cf947da62c","name":"urateam","component":"Executor","runId":"run-bec231-stage2-recreate","issueId":"BEC-231","stage":"implement","inputTokens":0,"outputTokens":0,"turns":1,"msg":"stage completed"}
@urateam/core:test: {"level":30,"time":"2026-05-26T22:49:06.498Z","pid":46284,"hostname":"95cf947da62c","name":"urateam","component":"Executor","runId":"run-bec231-restarted","issueId":"BEC-231","stage":"implement","authMethod":"mounted-session","msg":"Claude auth method resolved"}
@urateam/core:test: {"level":30,"time":"2026-05-26T22:49:06.502Z","pid":46284,"hostname":"95cf947da62c","name":"urateam","component":"Executor","runId":"run-bec231-restarted","issueId":"BEC-231","stage":"implement","workdir":"/tmp/bec231-workdir","msg":"importing Agent SDK"}
@urateam/core:test: {"level":30,"time":"2026-05-26T22:49:06.506Z","pid":46284,"hostname":"95cf947da62c","name":"urateam","component":"Executor","runId":"run-bec231-restarted","issueId":"BEC-231","stage":"implement","workdir":"/tmp/bec231-workdir","msg":"starting agent query"}
@urateam/core:test: {"level":40,"time":"2026-05-26T22:49:06.518Z","pid":46284,"hostname":"95cf947da62c","name":"urateam","component":"SessionResolver","err":"ENOENT: no such file or directory, open '/home/ura/.claude/projects/-tmp-bec231-workdir/uuid-bec231-existing.jsonl'","stage":"implement","msg":"failed to count prior session messages — emitting resumed event with count=0"}
@urateam/core:test: {"level":30,"time":"2026-05-26T22:49:06.524Z","pid":46284,"hostname":"95cf947da62c","name":"urateam","component":"Executor","runId":"run-bec231-restarted","issueId":"BEC-231","stage":"implement","msg":"iterating agent messages"}
@urateam/core:test: {"level":30,"time":"2026-05-26T22:49:06.525Z","pid":46284,"hostname":"95cf947da62c","name":"urateam","component":"Executor","runId":"run-bec231-restarted","issueId":"BEC-231","stage":"implement","inputTokens":0,"outputTokens":0,"turns":1,"msg":"stage completed"}
@urateam/core:test:  ✓ src/__tests__/session-lazy-creation.test.ts (2 tests) 156ms
@urateam/core:test: {"level":30,"time":"2026-05-26T22:49:06.538Z","pid":46284,"hostname":"95cf947da62c","name":"urateam","component":"license","tier":"oss","msg":"no license key set — running in OSS mode"}
@urateam/core:test:  ✓ src/__tests__/reproduce-bec209-implement-hang-detection.test.ts (16 tests) 25ms
@urateam/core:test: {"level":30,"time":"2026-05-26T22:49:07.988Z","pid":46396,"hostname":"95cf947da62c","name":"urateam","component":"PmAgent:deprioritize","issueId":"BEC-100","ageDays":20,"msg":"deprioritize approval requested"}
@urateam/core:test: {"level":30,"time":"2026-05-26T22:49:07.994Z","pid":46396,"hostname":"95cf947da62c","name":"urateam","component":"PmAgent:deprioritize","issueId":"BEC-101","ageDays":20,"msg":"deprioritize approval requested"}
@urateam/core:test: {"level":30,"time":"2026-05-26T22:49:07.994Z","pid":46396,"hostname":"95cf947da62c","name":"urateam","component":"PmAgent:deprioritize","issueId":"BEC-102","ageDays":20,"msg":"deprioritize approval requested"}
@urateam/core:test: {"level":30,"time":"2026-05-26T22:49:07.994Z","pid":46396,"hostname":"95cf947da62c","name":"urateam","component":"PmAgent:deprioritize","issueId":"BEC-103","ageDays":20,"msg":"deprioritize approval requested"}
@urateam/core:test: {"level":30,"time":"2026-05-26T22:49:07.994Z","pid":46396,"hostname":"95cf947da62c","name":"urateam","component":"PmAgent:deprioritize","issueId":"BEC-104","ageDays":20,"msg":"deprioritize approval requested"}
@urateam/core:test: stdout | src/__tests__/pm-approvals-n1.repro.test.ts > BEC-58 fix — deprioritize batch SELECT > fires exactly one batch SELECT for all issues (not one per issue)
@urateam/core:test: deprioritize: issued 1 SELECT queries for 5 issues
@urateam/core:test: 
@urateam/core:test: {"level":30,"time":"2026-05-26T22:49:08.004Z","pid":46396,"hostname":"95cf947da62c","name":"urateam","component":"PmAgent:cancel","issueId":"BEC-200","ageDays":35,"stateName":"Backlog","msg":"cancel approval requested"}
@urateam/core:test: {"level":30,"time":"2026-05-26T22:49:08.005Z","pid":46396,"hostname":"95cf947da62c","name":"urateam","component":"PmAgent:cancel","issueId":"BEC-201","ageDays":35,"stateName":"Backlog","msg":"cancel approval requested"}
@urateam/core:test: {"level":30,"time":"2026-05-26T22:49:08.005Z","pid":46396,"hostname":"95cf947da62c","name":"urateam","component":"PmAgent:cancel","issueId":"BEC-202","ageDays":35,"stateName":"Backlog","msg":"cancel approval requested"}
@urateam/core:test: {"level":30,"time":"2026-05-26T22:49:08.005Z","pid":46396,"hostname":"95cf947da62c","name":"urateam","component":"PmAgent:cancel","issueId":"BEC-210","ageDays":35,"stateName":"Icebox","msg":"cancel approval requested"}
@urateam/core:test: {"level":30,"time":"2026-05-26T22:49:08.005Z","pid":46396,"hostname":"95cf947da62c","name":"urateam","component":"PmAgent:cancel","issueId":"BEC-211","ageDays":35,"stateName":"Icebox","msg":"cancel approval requested"}
@urateam/core:test: {"level":30,"time":"2026-05-26T22:49:08.005Z","pid":46396,"hostname":"95cf947da62c","name":"urateam","component":"PmAgent:cancel","issueId":"BEC-212","ageDays":35,"stateName":"Icebox","msg":"cancel approval requested"}
@urateam/core:test: {"level":30,"time":"2026-05-26T22:49:08.005Z","pid":46396,"hostname":"95cf947da62c","name":"urateam","component":"PmAgent:cancel","issueId":"BEC-213","ageDays":35,"stateName":"Icebox","msg":"cancel approval requested"}
@urateam/core:test: stdout | src/__tests__/pm-approvals-n1.repro.test.ts > BEC-58 fix — cancel batch SELECT > fires exactly one batch SELECT covering both Backlog and Icebox issues
@urateam/core:test: cancel: issued 1 SELECT queries for 7 issues
@urateam/core:test: 
@urateam/core:test: stdout | src/__tests__/pm-approvals-n1.repro.test.ts > BEC-58 fix — cancel batch SELECT > dedup still works: skips issues that already have a pending approval
@urateam/core:test: dedup test: 1 SELECT queries fired (expected 1 after fix)
@urateam/core:test: 
@urateam/core:test:  ✓ src/__tests__/pm-approvals-n1.repro.test.ts (3 tests) 34ms
@urateam/core:test:  ✓ src/__tests__/fail-on-auto-commit.test.ts (6 tests) 157ms
@urateam/core:test: {"level":40,"time":"2026-05-26T22:49:10.295Z","pid":46578,"hostname":"95cf947da62c","name":"urateam","component":"audit.writer","err":{"type":"TypeError","message":"db.insert is not a function","stack":"TypeError: db.insert is not a function\n    at insertAuditEvent (/home/ura/data/runs/B7TEaqaYubzZqR2vcvyha/worktree/packages/core/src/audit/writer.ts:10:23)\n    at logAuditEventUnchecked (/home/ura/data/runs/B7TEaqaYubzZqR2vcvyha/worktree/packages/core/src/audit/writer.ts:79:9)\n    at triggerWorkflow (/home/ura/data/runs/B7TEaqaYubzZqR2vcvyha/worktree/packages/core/src/qa/github.ts:114:8)\n    at processTicksAndRejections (node:internal/process/task_queues:103:5)\n    at /home/ura/data/runs/B7TEaqaYubzZqR2vcvyha/worktree/packages/core/src/__tests__/qa-github.test.ts:70:20\n    at file:///home/ura/data/runs/B7TEaqaYubzZqR2vcvyha/worktree/node_modules/.pnpm/@vitest+runner@3.2.4/node_modules/@vitest/runner/dist/chunk-hooks.js:752:20"},"eventType":"qa.run_triggered","id":"evt_bf42c599-bd62-4267-a393-01673b23c6e5","msg":"audit event write failed"}
@urateam/core:test:  ✓ src/__tests__/qa-github.test.ts (10 tests) 29ms
@urateam/core:test:  ✓ src/__tests__/pm-budget-utc-boundary.test.ts (8 tests) 398ms
@urateam/core:test:  ✓ src/__tests__/bec146-repro.test.ts (3 tests) 137ms
@urateam/core:test:  ✓ src/__tests__/templates.test.ts (14 tests) 24ms
@urateam/core:test:  ✓ src/__tests__/triage-v2-prompt.test.ts (18 tests) 36ms
@urateam/core:test:  ✓ src/__tests__/policy/reviewer-gate.test.ts (14 tests) 26ms
@urateam/core:test: {"level":50,"time":"2026-05-26T22:49:14.657Z","pid":46937,"hostname":"95cf947da62c","name":"urateam","component":"git","args":["diff","--name-only","--diff-filter=A","origin/main...HEAD"],"cwd":"/tmp","stderr":"warning: Not a git repository. Use --no-index to compare two paths outside a working tree\nusage: git diff --no-index [<options>] <path> <path> [<pathspec>...]\n\nDiff output format options\n    -p, --pat","msg":"git diff failed"}
@urateam/core:test: {"level":50,"time":"2026-05-26T22:49:14.671Z","pid":46937,"hostname":"95cf947da62c","name":"urateam","component":"git","args":["status","--porcelain"],"cwd":"/tmp","stderr":"fatal: not a git repository (or any of the parent directories): .git\n","msg":"git status failed"}
@urateam/core:test:  ✓ src/__tests__/scratch-file-guard.test.ts (21 tests) 67ms
@urateam/core:test:  ✓ src/__tests__/review-convention-prompt.test.ts (10 tests) 196ms
@urateam/core:test: {"level":40,"time":"2026-05-26T22:49:15.925Z","pid":47052,"hostname":"95cf947da62c","name":"urateam","component":"OpenRouterFanout","modelId":"m1","msg":"fanout: structured parse failed, preserving raw output"}
@urateam/core:test:  ✓ src/__tests__/openrouter-fanout.test.ts (6 tests) 470ms
@urateam/core:test:    ✓ OpenRouterFanoutProvider > runs N parallel calls and returns one ReviewModelRun per model  449ms
@urateam/core:test: {"level":30,"time":"2026-05-26T22:49:18.185Z","pid":47092,"hostname":"95cf947da62c","name":"urateam","component":"license","tier":"enterprise","customerId":"cust_test","expiresAt":"2026-05-27T22:49:18.000Z","msg":"license key validated"}
@urateam/core:test: {"level":30,"time":"2026-05-26T22:49:18.281Z","pid":47092,"hostname":"95cf947da62c","name":"urateam","component":"license","tier":"enterprise","customerId":"cust_test","expiresAt":"2026-05-27T22:49:18.000Z","msg":"license key validated"}
@urateam/core:test: {"level":30,"time":"2026-05-26T22:49:18.406Z","pid":47092,"hostname":"95cf947da62c","name":"urateam","component":"license","tier":"enterprise","customerId":"cust_test","expiresAt":"2026-05-27T22:49:18.000Z","msg":"license key validated"}
@urateam/core:test:  ✓ src/__tests__/surgical-review-fix-runner.test.ts (4 tests) 401ms
@urateam/core:test: {"level":30,"time":"2026-05-26T22:49:18.840Z","pid":47161,"hostname":"95cf947da62c","name":"urateam","component":"license","tier":"enterprise","customerId":"cust_test","expiresAt":"2026-05-27T22:49:18.000Z","msg":"license key validated"}
@urateam/core:test: {"level":30,"time":"2026-05-26T22:49:18.879Z","pid":47161,"hostname":"95cf947da62c","name":"urateam","component":"license","tier":"enterprise","customerId":"cust_test","expiresAt":"2026-05-27T22:49:18.000Z","msg":"license key validated"}
@urateam/core:test: {"level":30,"time":"2026-05-26T22:49:18.926Z","pid":47161,"hostname":"95cf947da62c","name":"urateam","component":"license","tier":"enterprise","customerId":"cust_test","expiresAt":"2026-05-27T22:49:18.000Z","msg":"license key validated"}
@urateam/core:test: {"level":30,"time":"2026-05-26T22:49:18.953Z","pid":47161,"hostname":"95cf947da62c","name":"urateam","component":"license","tier":"enterprise","customerId":"cust_test","expiresAt":"2026-05-27T22:49:18.000Z","msg":"license key validated"}
@urateam/core:test: {"level":30,"time":"2026-05-26T22:49:18.976Z","pid":47161,"hostname":"95cf947da62c","name":"urateam","component":"license","tier":"enterprise","customerId":"cust_test","expiresAt":"2026-05-27T22:49:18.000Z","msg":"license key validated"}
@urateam/core:test: {"level":30,"time":"2026-05-26T22:49:19.002Z","pid":47161,"hostname":"95cf947da62c","name":"urateam","component":"license","tier":"enterprise","customerId":"cust_test","expiresAt":"2026-05-27T22:49:18.000Z","msg":"license key validated"}
@urateam/core:test: {"level":30,"time":"2026-05-26T22:49:19.045Z","pid":47161,"hostname":"95cf947da62c","name":"urateam","component":"license","tier":"enterprise","customerId":"cust_test","expiresAt":"2026-05-27T22:49:19.000Z","msg":"license key validated"}
@urateam/core:test: {"level":30,"time":"2026-05-26T22:49:19.138Z","pid":47161,"hostname":"95cf947da62c","name":"urateam","component":"license","tier":"enterprise","customerId":"cust_test","expiresAt":"2026-05-27T22:49:19.000Z","msg":"license key validated"}
@urateam/core:test: {"level":30,"time":"2026-05-26T22:49:19.170Z","pid":47161,"hostname":"95cf947da62c","name":"urateam","component":"license","tier":"enterprise","customerId":"cust_test","expiresAt":"2026-05-27T22:49:19.000Z","msg":"license key validated"}
@urateam/core:test:  ✓ src/__tests__/audit/reader.test.ts (11 tests) 473ms
@urateam/core:test:  ✓ src/__tests__/db.test.ts (5 tests) 181ms
@urateam/core:test: {"level":40,"time":"2026-05-26T22:49:21.407Z","pid":47337,"hostname":"95cf947da62c","name":"urateam","component":"agent-branch-sweep","branch":"agent/BEC-100-stale-no-pr","err":"gh API down","msg":"hasOpenPR check failed — preserving branch"}
@urateam/core:test: {"level":40,"time":"2026-05-26T22:49:21.410Z","pid":47337,"hostname":"95cf947da62c","name":"urateam","component":"agent-branch-sweep","branch":"agent/BEC-101-stale-with-pr","err":"gh API down","msg":"hasOpenPR check failed — preserving branch"}
@urateam/core:test:  ✓ src/__tests__/agent-branch-sweep.test.ts (4 tests) 1396ms
@urateam/core:test:    ✓ sweepStaleAgentBranches > deletes only stale branches with no open PR  482ms
@urateam/core:test:    ✓ sweepStaleAgentBranches > returns empty result when no agent/* branches exist  492ms
@urateam/core:test:    ✓ sweepStaleAgentBranches > treats hasOpenPR errors as 'has PR' (fail-safe — never deletes a branch we can't verify)  418ms
@urateam/core:test:  ✓ src/__tests__/bec-238-repro.test.ts (7 tests) 31ms
@urateam/core:test:  ✓ src/__tests__/triage-v2-schema.test.ts (18 tests) 93ms
@urateam/core:test: {"level":50,"time":"2026-05-26T22:49:22.632Z","pid":47777,"hostname":"95cf947da62c","name":"urateam","component":"Validator","stage":"implement","err":"SDK connection failed","msg":"validation agent failed"}
@urateam/core:test:  ✓ src/__tests__/validate.test.ts (6 tests) 71ms
@urateam/core:test: {"level":30,"time":"2026-05-26T22:49:23.508Z","pid":47878,"hostname":"95cf947da62c","name":"urateam","component":"executor.profiles","stage":"test","profile":{"tools":["Read","Write","Edit","Bash","Glob","Grep"],"maxInputTokens":80000,"maxTurns":75,"model":"claude-haiku-4-5"},"msg":"URATEAM_AGENT_PROFILES override applied"}
@urateam/core:test: {"level":30,"time":"2026-05-26T22:49:23.514Z","pid":47878,"hostname":"95cf947da62c","name":"urateam","component":"executor.profiles","stage":"test","profile":{"tools":["Read","Bash"],"maxInputTokens":30000,"maxTurns":50,"model":"claude-sonnet-4-6"},"msg":"URATEAM_AGENT_PROFILES override applied"}
@urateam/core:test: {"level":40,"time":"2026-05-26T22:49:23.519Z","pid":47878,"hostname":"95cf947da62c","name":"urateam","component":"executor.profiles","stage":"flarble","knownStages":["triage","reproduce","implement","test","review"],"msg":"URATEAM_AGENT_PROFILES override targets unknown stage — ignoring"}
@urateam/core:test: {"level":40,"time":"2026-05-26T22:49:23.520Z","pid":47878,"hostname":"95cf947da62c","name":"urateam","component":"executor.profiles","stage":"test","field":"maxInputTokens","got":"lots","ceiling":500000,"msg":"URATEAM_AGENT_PROFILES override: maxInputTokens must be a positive integer ≤ ceiling — ignoring this field"}
@urateam/core:test: {"level":40,"time":"2026-05-26T22:49:23.520Z","pid":47878,"hostname":"95cf947da62c","name":"urateam","component":"executor.profiles","stage":"test","field":"model","got":"","msg":"URATEAM_AGENT_PROFILES override: model must be a non-empty string — ignoring this field"}
@urateam/core:test: {"level":30,"time":"2026-05-26T22:49:23.521Z","pid":47878,"hostname":"95cf947da62c","name":"urateam","component":"executor.profiles","stage":"test","profile":{"tools":["Read","Write","Edit","Bash","Glob","Grep"],"maxInputTokens":30000,"maxTurns":75,"model":"claude-haiku-4-5"},"msg":"URATEAM_AGENT_PROFILES override applied"}
@urateam/core:test: {"level":40,"time":"2026-05-26T22:49:23.523Z","pid":47878,"hostname":"95cf947da62c","name":"urateam","component":"executor.profiles","stage":"test","field":"maxInputTokens","got":-1,"ceiling":500000,"msg":"URATEAM_AGENT_PROFILES override: maxInputTokens must be a positive integer ≤ ceiling — ignoring this field"}
@urateam/core:test: {"level":40,"time":"2026-05-26T22:49:23.523Z","pid":47878,"hostname":"95cf947da62c","name":"urateam","component":"executor.profiles","stage":"test","field":"maxTurns","got":0,"ceiling":500,"msg":"URATEAM_AGENT_PROFILES override: maxTurns must be a positive integer ≤ ceiling — ignoring this field"}
@urateam/core:test: {"level":30,"time":"2026-05-26T22:49:23.523Z","pid":47878,"hostname":"95cf947da62c","name":"urateam","component":"executor.profiles","stage":"test","profile":{"tools":["Read","Write","Edit","Bash","Glob","Grep"],"maxInputTokens":30000,"maxTurns":50,"model":"claude-haiku-4-5"},"msg":"URATEAM_AGENT_PROFILES override applied"}
@urateam/core:test: {"level":40,"time":"2026-05-26T22:49:23.524Z","pid":47878,"hostname":"95cf947da62c","name":"urateam","component":"executor.profiles","err":"Expected property name or '}' in JSON at position 1 (line 1 column 2)","msg":"URATEAM_AGENT_PROFILES is not valid JSON — falling back to defaults"}
@urateam/core:test: {"level":40,"time":"2026-05-26T22:49:23.527Z","pid":47878,"hostname":"95cf947da62c","name":"urateam","component":"executor.profiles","msg":"URATEAM_AGENT_PROFILES must be a JSON object keyed by stage name — falling back to defaults"}
@urateam/core:test: {"level":40,"time":"2026-05-26T22:49:23.527Z","pid":47878,"hostname":"95cf947da62c","name":"urateam","component":"executor.profiles","msg":"URATEAM_AGENT_PROFILES must be a JSON object keyed by stage name — falling back to defaults"}
@urateam/core:test: {"level":40,"time":"2026-05-26T22:49:23.528Z","pid":47878,"hostname":"95cf947da62c","name":"urateam","component":"executor.profiles","stage":"test","got":"string","msg":"URATEAM_AGENT_PROFILES per-stage value must be an object — ignoring"}
@urateam/core:test: {"level":30,"time":"2026-05-26T22:49:23.530Z","pid":47878,"hostname":"95cf947da62c","name":"urateam","component":"executor.profiles","stage":"implement","profile":{"tools":["Read","Write","Edit","Bash","Glob","Grep"],"maxInputTokens":100000,"maxTurns":75,"model":"claude-sonnet-4-6"},"msg":"URATEAM_AGENT_PROFILES override applied"}
@urateam/core:test: {"level":30,"time":"2026-05-26T22:49:23.531Z","pid":47878,"hostname":"95cf947da62c","name":"urateam","component":"executor.profiles","stage":"test","profile":{"tools":["Read","Write","Edit","Bash","Glob","Grep"],"maxInputTokens":30000,"maxTurns":50,"model":"claude-haiku-4-5"},"msg":"URATEAM_AGENT_PROFILES override applied"}
@urateam/core:test:  ✓ src/__tests__/agent-profiles.test.ts (12 tests) 47ms
@urateam/core:test: {"level":30,"time":"2026-05-26T22:49:24.392Z","pid":47871,"hostname":"95cf947da62c","name":"urateam","component":"PmAgent:deprioritize","issueId":"BEC-80","ageDays":20,"msg":"deprioritize approval requested"}
@urateam/core:test: {"level":30,"time":"2026-05-26T22:49:24.410Z","pid":47871,"hostname":"95cf947da62c","name":"urateam","component":"PmAgent:cancel","issueId":"BEC-90","ageDays":35,"stateName":"Backlog","msg":"cancel approval requested"}
@urateam/core:test: {"level":30,"time":"2026-05-26T22:49:24.416Z","pid":47871,"hostname":"95cf947da62c","name":"urateam","component":"PmAgent:approvals","issueId":"BEC-80","action":"deprioritize","msg":"approval executed"}
@urateam/core:test: {"level":30,"time":"2026-05-26T22:49:24.424Z","pid":47871,"hostname":"95cf947da62c","name":"urateam","component":"PmAgent:approvals","issueId":"BEC-81","action":"cancel","msg":"approval expired"}
@urateam/core:test:  ✓ src/__tests__/pm-approvals.test.ts (4 tests) 57ms
@urateam/core:test: {"level":30,"time":"2026-05-26T22:49:25.374Z","pid":48023,"hostname":"95cf947da62c","name":"urateam","component":"git","hookPath":"/tmp/stale-worktree-test-JPnegk/.git/hooks/pre-push","msg":"installed pre-push branch-safety hook"}
@urateam/core:test: {"level":30,"time":"2026-05-26T22:49:25.481Z","pid":48023,"hostname":"95cf947da62c","name":"urateam","component":"git","hookPath":"/tmp/stale-worktree-test-kCDnJp/.git/hooks/pre-push","msg":"installed pre-push branch-safety hook"}
@urateam/core:test: {"level":50,"time":"2026-05-26T22:49:25.497Z","pid":48023,"hostname":"95cf947da62c","name":"urateam","component":"git","args":["worktree","add","-B","agent/iss-1","/tmp/stale-worktree-runs-noAOgA/run-2/worktree"],"cwd":"/tmp/stale-worktree-test-kCDnJp","stderr":"fatal: 'agent/iss-1' is already used by worktree at '/tmp/stale-worktree-runs-noAOgA/run-1/worktree'\n","msg":"git worktree failed"}
@urateam/core:test: {"level":40,"time":"2026-05-26T22:49:25.497Z","pid":48023,"hostname":"95cf947da62c","name":"urateam","component":"git","stalePath":"/tmp/stale-worktree-runs-noAOgA/run-1/worktree","worktreePath":"/tmp/stale-worktree-runs-noAOgA/run-2/worktree","msg":"removing stale worktree blocking branch checkout"}
@urateam/core:test: {"level":30,"time":"2026-05-26T22:49:25.537Z","pid":48023,"hostname":"95cf947da62c","name":"urateam","component":"git","hookPath":"/tmp/stale-worktree-test-kCDnJp/.git/hooks/pre-push","msg":"installed pre-push branch-safety hook"}
@urateam/core:test: {"level":30,"time":"2026-05-26T22:49:25.610Z","pid":48023,"hostname":"95cf947da62c","name":"urateam","component":"git","hookPath":"/tmp/stale-worktree-test-CMpbND/.git/hooks/pre-push","msg":"installed pre-push branch-safety hook"}
@urateam/core:test: {"level":30,"time":"2026-05-26T22:49:25.640Z","pid":48023,"hostname":"95cf947da62c","name":"urateam","component":"git","hookPath":"/tmp/stale-worktree-test-CMpbND/.git/hooks/pre-push","msg":"installed pre-push branch-safety hook"}
@urateam/core:test: {"level":50,"time":"2026-05-26T22:49:25.698Z","pid":48023,"hostname":"95cf947da62c","name":"urateam","component":"git","args":["worktree","add","-B","agent/blocked","/tmp/stale-worktree-runs-dnEgNH/not-a-dir/run-fail/worktree"],"cwd":"/tmp/stale-worktree-test-EFcAOG","stderr":"Preparing worktree (new branch 'agent/blocked')\nfatal: could not create leading directories of '/tmp/stale-worktree-runs-dnEgNH/not-a-dir/run-fail/worktree/.git': Not a directory\n","msg":"git worktree failed"}
@urateam/core:test:  ✓ src/__tests__/worktree-stale-recovery.test.ts (4 tests) 455ms
@urateam/core:test:  ✓ src/__tests__/orphan-stage-runs-repro.test.ts (4 tests) 88ms
@urateam/core:test: {"level":50,"time":"2026-05-26T22:49:27.028Z","pid":48200,"hostname":"95cf947da62c","name":"urateam","component":"git","args":["push","origin","agent/iss-1","--force-with-lease"],"cwd":"/tmp/push-stale-test-LLIGFK/clone","stderr":"To /tmp/push-stale-test-LLIGFK/origin.git\n ! [rejected]        agent/iss-1 -> agent/iss-1 (stale info)\nerror: failed to push some refs to '/tmp/push-stale-test-LLIGFK/origin.git'\n","msg":"git push failed"}
@urateam/core:test: {"level":40,"time":"2026-05-26T22:49:27.032Z","pid":48200,"hostname":"95cf947da62c","name":"urateam","component":"git","branch":"agent/iss-1","msg":"force-with-lease push rejected with stale info — fetching+pruning origin and retrying (urateam#115)"}
@urateam/core:test: {"level":50,"time":"2026-05-26T22:49:27.417Z","pid":48200,"hostname":"95cf947da62c","name":"urateam","component":"git","args":["push","origin","agent/iss-1","--force-with-lease"],"cwd":"/tmp/push-stale-test-GOlCEh/clone","stderr":"fatal: '/nonexistent/origin.git' does not appear to be a git repository\nfatal: Could not read from remote repository.\n\nPlease make sure you have the correct access rights\nand the repository exists.\n","msg":"git push failed"}
@urateam/core:test:  ✓ src/__tests__/push-stale-info-recovery.test.ts (2 tests) 676ms
@urateam/core:test:    ✓ pushBranchForce — stale-info recovery (urateam#115) > recovers from 'stale info' rejection by fetching+pruning and retrying  364ms
@urateam/core:test:    ✓ pushBranchForce — stale-info recovery (urateam#115) > propagates non-stale-info push errors instead of swallowing them  310ms
@urateam/core:test:  ✓ src/__tests__/release-manager-decide.test.ts (11 tests) 22ms
@urateam/core:test:  ✓ src/__tests__/audit-reader-triage-quality.test.ts (8 tests) 289ms
@urateam/core:test: {"level":50,"time":"2026-05-26T22:49:29.498Z","pid":48495,"hostname":"95cf947da62c","name":"urateam","component":"AuthCheck","msg":"Claude auth check failed — credentials may be expired. Run: claude login"}
@urateam/core:test:  ✓ src/__tests__/resolve-claude-auth.test.ts (9 tests) 29ms
@urateam/core:test:  ✓ src/__tests__/review/model-health.test.ts (6 tests) 127ms
@urateam/core:test: {"level":30,"time":"2026-05-26T22:49:32.661Z","pid":48600,"hostname":"95cf947da62c","name":"urateam","component":"license","tier":"enterprise","customerId":"cust_test","expiresAt":"2026-05-27T22:49:32.000Z","msg":"license key validated"}
@urateam/core:test: {"level":30,"time":"2026-05-26T22:49:32.716Z","pid":48600,"hostname":"95cf947da62c","name":"urateam","component":"license","tier":"enterprise","customerId":"cust_test","expiresAt":"2026-05-27T22:49:32.000Z","msg":"license key validated"}
@urateam/core:test: {"level":30,"time":"2026-05-26T22:49:32.755Z","pid":48600,"hostname":"95cf947da62c","name":"urateam","component":"license","tier":"enterprise","customerId":"cust_test","expiresAt":"2026-05-27T22:49:32.000Z","msg":"license key validated"}
@urateam/core:test: {"level":30,"time":"2026-05-26T22:49:32.783Z","pid":48600,"hostname":"95cf947da62c","name":"urateam","component":"license","tier":"enterprise","customerId":"cust_test","expiresAt":"2026-05-27T22:49:32.000Z","msg":"license key validated"}
@urateam/core:test: {"level":30,"time":"2026-05-26T22:49:32.825Z","pid":48600,"hostname":"95cf947da62c","name":"urateam","component":"license","tier":"enterprise","customerId":"cust_test","expiresAt":"2026-05-27T22:49:32.000Z","msg":"license key validated"}
@urateam/core:test:  ✓ src/__tests__/audit/csv.test.ts (6 tests) 328ms
@urateam/core:test: {"level":30,"time":"2026-05-26T22:49:35.066Z","pid":48739,"hostname":"95cf947da62c","name":"urateam","component":"license","tier":"enterprise","customerId":"cust_test","expiresAt":"2026-05-27T22:49:34.000Z","msg":"license key validated"}
@urateam/core:test: {"level":30,"time":"2026-05-26T22:49:35.074Z","pid":48739,"hostname":"95cf947da62c","name":"urateam","component":"audit.retention","retentionDays":365,"cutoff":"2025-05-26T22:49:35.074Z","deleted":0,"msg":"audit log pruned"}
@urateam/core:test: {"level":30,"time":"2026-05-26T22:49:35.074Z","pid":48739,"hostname":"95cf947da62c","name":"urateam","component":"auth.session","deleted":0,"msg":"expired sessions pruned"}
@urateam/core:test: {"level":30,"time":"2026-05-26T22:49:35.080Z","pid":48739,"hostname":"95cf947da62c","name":"urateam","component":"cost.rollup","firstDate":"2026-04-26","yesterdayStr":"2026-05-25","days":30,"msg":"cost rollup: first run, backfilling"}
@urateam/core:test: {"level":30,"time":"2026-05-26T22:49:35.081Z","pid":48739,"hostname":"95cf947da62c","name":"urateam","component":"cost.rollup","date":"2026-04-26","rowsWritten":0,"msg":"no runs to roll up"}
@urateam/core:test: {"level":30,"time":"2026-05-26T22:49:35.084Z","pid":48739,"hostname":"95cf947da62c","name":"urateam","component":"cost.rollup","date":"2026-04-27","rowsWritten":0,"msg":"no runs to roll up"}
@urateam/core:test: {"level":30,"time":"2026-05-26T22:49:35.087Z","pid":48739,"hostname":"95cf947da62c","name":"urateam","component":"cost.rollup","date":"2026-04-28","rowsWritten":0,"msg":"no runs to roll up"}
@urateam/core:test: {"level":30,"time":"2026-05-26T22:49:35.089Z","pid":48739,"hostname":"95cf947da62c","name":"urateam","component":"cost.rollup","date":"2026-04-29","rowsWritten":0,"msg":"no runs to roll up"}
@urateam/core:test: {"level":30,"time":"2026-05-26T22:49:35.090Z","pid":48739,"hostname":"95cf947da62c","name":"urateam","component":"cost.rollup","date":"2026-04-30","rowsWritten":0,"msg":"no runs to roll up"}
@urateam/core:test: {"level":30,"time":"2026-05-26T22:49:35.094Z","pid":48739,"hostname":"95cf947da62c","name":"urateam","component":"cost.rollup","date":"2026-05-01","rowsWritten":0,"msg":"no runs to roll up"}
@urateam/core:test: {"level":30,"time":"2026-05-26T22:49:35.096Z","pid":48739,"hostname":"95cf947da62c","name":"urateam","component":"cost.rollup","date":"2026-05-02","rowsWritten":0,"msg":"no runs to roll up"}
@urateam/core:test: {"level":30,"time":"2026-05-26T22:49:35.096Z","pid":48739,"hostname":"95cf947da62c","name":"urateam","component":"cost.rollup","date":"2026-05-03","rowsWritten":0,"msg":"no runs to roll up"}
@urateam/core:test: {"level":30,"time":"2026-05-26T22:49:35.097Z","pid":48739,"hostname":"95cf947da62c","name":"urateam","component":"cost.rollup","date":"2026-05-04","rowsWritten":0,"msg":"no runs to roll up"}
@urateam/core:test: {"level":30,"time":"2026-05-26T22:49:35.101Z","pid":48739,"hostname":"95cf947da62c","name":"urateam","component":"cost.rollup","date":"2026-05-05","rowsWritten":0,"msg":"no runs to roll up"}
@urateam/core:test: {"level":30,"time":"2026-05-26T22:49:35.102Z","pid":48739,"hostname":"95cf947da62c","name":"urateam","component":"cost.rollup","date":"2026-05-06","rowsWritten":0,"msg":"no runs to roll up"}
@urateam/core:test: {"level":30,"time":"2026-05-26T22:49:35.102Z","pid":48739,"hostname":"95cf947da62c","name":"urateam","component":"cost.rollup","date":"2026-05-07","rowsWritten":0,"msg":"no runs to roll up"}
@urateam/core:test: {"level":30,"time":"2026-05-26T22:49:35.103Z","pid":48739,"hostname":"95cf947da62c","name":"urateam","component":"cost.rollup","date":"2026-05-08","rowsWritten":0,"msg":"no runs to roll up"}
@urateam/core:test: {"level":30,"time":"2026-05-26T22:49:35.103Z","pid":48739,"hostname":"95cf947da62c","name":"urateam","component":"cost.rollup","date":"2026-05-09","rowsWritten":0,"msg":"no runs to roll up"}
@urateam/core:test: {"level":30,"time":"2026-05-26T22:49:35.107Z","pid":48739,"hostname":"95cf947da62c","name":"urateam","component":"cost.rollup","date":"2026-05-10","rowsWritten":0,"msg":"no runs to roll up"}
@urateam/core:test: {"level":30,"time":"2026-05-26T22:49:35.108Z","pid":48739,"hostname":"95cf947da62c","name":"urateam","component":"cost.rollup","date":"2026-05-11","rowsWritten":0,"msg":"no runs to roll up"}
@urateam/core:test: {"level":30,"time":"2026-05-26T22:49:35.108Z","pid":48739,"hostname":"95cf947da62c","name":"urateam","component":"cost.rollup","date":"2026-05-12","rowsWritten":0,"msg":"no runs to roll up"}
@urateam/core:test: {"level":30,"time":"2026-05-26T22:49:35.109Z","pid":48739,"hostname":"95cf947da62c","name":"urateam","component":"cost.rollup","date":"2026-05-13","rowsWritten":0,"msg":"no runs to roll up"}
@urateam/core:test: {"level":30,"time":"2026-05-26T22:49:35.113Z","pid":48739,"hostname":"95cf947da62c","name":"urateam","component":"cost.rollup","date":"2026-05-14","rowsWritten":0,"msg":"no runs to roll up"}
@urateam/core:test: {"level":30,"time":"2026-05-26T22:49:35.114Z","pid":48739,"hostname":"95cf947da62c","name":"urateam","component":"cost.rollup","date":"2026-05-15","rowsWritten":0,"msg":"no runs to roll up"}
@urateam/core:test: {"level":30,"time":"2026-05-26T22:49:35.114Z","pid":48739,"hostname":"95cf947da62c","name":"urateam","component":"cost.rollup","date":"2026-05-16","rowsWritten":0,"msg":"no runs to roll up"}
@urateam/core:test: {"level":30,"time":"2026-05-26T22:49:35.114Z","pid":48739,"hostname":"95cf947da62c","name":"urateam","component":"cost.rollup","date":"2026-05-17","rowsWritten":0,"msg":"no runs to roll up"}
@urateam/core:test: {"level":30,"time":"2026-05-26T22:49:35.115Z","pid":48739,"hostname":"95cf947da62c","name":"urateam","component":"cost.rollup","date":"2026-05-18","rowsWritten":0,"msg":"no runs to roll up"}
@urateam/core:test: {"level":30,"time":"2026-05-26T22:49:35.115Z","pid":48739,"hostname":"95cf947da62c","name":"urateam","component":"cost.rollup","date":"2026-05-19","rowsWritten":0,"msg":"no runs to roll up"}
@urateam/core:test: {"level":30,"time":"2026-05-26T22:49:35.119Z","pid":48739,"hostname":"95cf947da62c","name":"urateam","component":"cost.rollup","date":"2026-05-20","rowsWritten":0,"msg":"no runs to roll up"}
@urateam/core:test: {"level":30,"time":"2026-05-26T22:49:35.120Z","pid":48739,"hostname":"95cf947da62c","name":"urateam","component":"cost.rollup","date":"2026-05-21","rowsWritten":0,"msg":"no runs to roll up"}
@urateam/core:test: {"level":30,"time":"2026-05-26T22:49:35.120Z","pid":48739,"hostname":"95cf947da62c","name":"urateam","component":"cost.rollup","date":"2026-05-22","rowsWritten":0,"msg":"no runs to roll up"}
@urateam/core:test: {"level":30,"time":"2026-05-26T22:49:35.122Z","pid":48739,"hostname":"95cf947da62c","name":"urateam","component":"cost.rollup","date":"2026-05-23","rowsWritten":0,"msg":"no runs to roll up"}
@urateam/core:test: {"level":30,"time":"2026-05-26T22:49:35.124Z","pid":48739,"hostname":"95cf947da62c","name":"urateam","component":"cost.rollup","date":"2026-05-24","rowsWritten":0,"msg":"no runs to roll up"}
@urateam/core:test: {"level":30,"time":"2026-05-26T22:49:35.129Z","pid":48739,"hostname":"95cf947da62c","name":"urateam","component":"cost.rollup","date":"2026-05-25","rowsWritten":0,"msg":"no runs to roll up"}
@urateam/core:test: {"level":30,"time":"2026-05-26T22:49:35.129Z","pid":48739,"hostname":"95cf947da62c","name":"urateam","component":"PmAgent:scheduler","triaged":0,"promoted":0,"errors":0,"msg":"tick complete"}
@urateam/core:test: {"level":30,"time":"2026-05-26T22:49:35.186Z","pid":48739,"hostname":"95cf947da62c","name":"urateam","component":"license","tier":"enterprise","customerId":"cust_test","expiresAt":"2026-05-27T22:49:35.000Z","msg":"license key validated"}
@urateam/core:test: {"level":30,"time":"2026-05-26T22:49:35.186Z","pid":48739,"hostname":"95cf947da62c","name":"urateam","component":"audit.retention","retentionDays":365,"cutoff":"2025-05-26T22:49:35.186Z","deleted":0,"msg":"audit log pruned"}
@urateam/core:test: {"level":30,"time":"2026-05-26T22:49:35.187Z","pid":48739,"hostname":"95cf947da62c","name":"urateam","component":"auth.session","deleted":0,"msg":"expired sessions pruned"}
@urateam/core:test: {"level":30,"time":"2026-05-26T22:49:35.191Z","pid":48739,"hostname":"95cf947da62c","name":"urateam","component":"cost.rollup","firstDate":"2026-04-26","yesterdayStr":"2026-05-25","days":30,"msg":"cost rollup: first run, backfilling"}
@urateam/core:test: {"level":30,"time":"2026-05-26T22:49:35.192Z","pid":48739,"hostname":"95cf947da62c","name":"urateam","component":"cost.rollup","date":"2026-04-26","rowsWritten":0,"msg":"no runs to roll up"}
@urateam/core:test: {"level":30,"time":"2026-05-26T22:49:35.192Z","pid":48739,"hostname":"95cf947da62c","name":"urateam","component":"cost.rollup","date":"2026-04-27","rowsWritten":0,"msg":"no runs to roll up"}
@urateam/core:test: {"level":30,"time":"2026-05-26T22:49:35.193Z","pid":48739,"hostname":"95cf947da62c","name":"urateam","component":"cost.rollup","date":"2026-04-28","rowsWritten":0,"msg":"no runs to roll up"}
@urateam/core:test: {"level":30,"time":"2026-05-26T22:49:35.194Z","pid":48739,"hostname":"95cf947da62c","name":"urateam","component":"cost.rollup","date":"2026-04-29","rowsWritten":0,"msg":"no runs to roll up"}
@urateam/core:test: {"level":30,"time":"2026-05-26T22:49:35.195Z","pid":48739,"hostname":"95cf947da62c","name":"urateam","component":"cost.rollup","date":"2026-04-30","rowsWritten":0,"msg":"no runs to roll up"}
@urateam/core:test: {"level":30,"time":"2026-05-26T22:49:35.196Z","pid":48739,"hostname":"95cf947da62c","name":"urateam","component":"cost.rollup","date":"2026-05-01","rowsWritten":0,"msg":"no runs to roll up"}
@urateam/core:test: {"level":30,"time":"2026-05-26T22:49:35.199Z","pid":48739,"hostname":"95cf947da62c","name":"urateam","component":"cost.rollup","date":"2026-05-02","rowsWritten":0,"msg":"no runs to roll up"}
@urateam/core:test: {"level":30,"time":"2026-05-26T22:49:35.200Z","pid":48739,"hostname":"95cf947da62c","name":"urateam","component":"cost.rollup","date":"2026-05-03","rowsWritten":0,"msg":"no runs to roll up"}
@urateam/core:test: {"level":30,"time":"2026-05-26T22:49:35.200Z","pid":48739,"hostname":"95cf947da62c","name":"urateam","component":"cost.rollup","date":"2026-05-04","rowsWritten":0,"msg":"no runs to roll up"}
@urateam/core:test: {"level":30,"time":"2026-05-26T22:49:35.201Z","pid":48739,"hostname":"95cf947da62c","name":"urateam","component":"cost.rollup","date":"2026-05-05","rowsWritten":0,"msg":"no runs to roll up"}
@urateam/core:test: {"level":30,"time":"2026-05-26T22:49:35.203Z","pid":48739,"hostname":"95cf947da62c","name":"urateam","component":"cost.rollup","date":"2026-05-06","rowsWritten":0,"msg":"no runs to roll up"}
@urateam/core:test: {"level":30,"time":"2026-05-26T22:49:35.204Z","pid":48739,"hostname":"95cf947da62c","name":"urateam","component":"cost.rollup","date":"2026-05-07","rowsWritten":0,"msg":"no runs to roll up"}
@urateam/core:test: {"level":30,"time":"2026-05-26T22:49:35.204Z","pid":48739,"hostname":"95cf947da62c","name":"urateam","component":"cost.rollup","date":"2026-05-08","rowsWritten":0,"msg":"no runs to roll up"}
@urateam/core:test: {"level":30,"time":"2026-05-26T22:49:35.208Z","pid":48739,"hostname":"95cf947da62c","name":"urateam","component":"cost.rollup","date":"2026-05-09","rowsWritten":0,"msg":"no runs to roll up"}
@urateam/core:test: {"level":30,"time":"2026-05-26T22:49:35.208Z","pid":48739,"hostname":"95cf947da62c","name":"urateam","component":"cost.rollup","date":"2026-05-10","rowsWritten":0,"msg":"no runs to roll up"}
@urateam/core:test: {"level":30,"time":"2026-05-26T22:49:35.210Z","pid":48739,"hostname":"95cf947da62c","name":"urateam","component":"cost.rollup","date":"2026-05-11","rowsWritten":0,"msg":"no runs to roll up"}
@urateam/core:test: {"level":30,"time":"2026-05-26T22:49:35.211Z","pid":48739,"hostname":"95cf947da62c","name":"urateam","component":"cost.rollup","date":"2026-05-12","rowsWritten":0,"msg":"no runs to roll up"}
@urateam/core:test: {"level":30,"time":"2026-05-26T22:49:35.211Z","pid":48739,"hostname":"95cf947da62c","name":"urateam","component":"cost.rollup","date":"2026-05-13","rowsWritten":0,"msg":"no runs to roll up"}
@urateam/core:test: {"level":30,"time":"2026-05-26T22:49:35.221Z","pid":48739,"hostname":"95cf947da62c","name":"urateam","component":"cost.rollup","date":"2026-05-14","rowsWritten":0,"msg":"no runs to roll up"}
@urateam/core:test: {"level":30,"time":"2026-05-26T22:49:35.221Z","pid":48739,"hostname":"95cf947da62c","name":"urateam","component":"cost.rollup","date":"2026-05-15","rowsWritten":0,"msg":"no runs to roll up"}
@urateam/core:test: {"level":30,"time":"2026-05-26T22:49:35.221Z","pid":48739,"hostname":"95cf947da62c","name":"urateam","component":"cost.rollup","date":"2026-05-16","rowsWritten":0,"msg":"no runs to roll up"}
@urateam/core:test: {"level":30,"time":"2026-05-26T22:49:35.222Z","pid":48739,"hostname":"95cf947da62c","name":"urateam","component":"cost.rollup","date":"2026-05-17","rowsWritten":0,"msg":"no runs to roll up"}
@urateam/core:test: {"level":30,"time":"2026-05-26T22:49:35.222Z","pid":48739,"hostname":"95cf947da62c","name":"urateam","component":"cost.rollup","date":"2026-05-18","rowsWritten":0,"msg":"no runs to roll up"}
@urateam/core:test: {"level":30,"time":"2026-05-26T22:49:35.222Z","pid":48739,"hostname":"95cf947da62c","name":"urateam","component":"cost.rollup","date":"2026-05-19","rowsWritten":0,"msg":"no runs to roll up"}
@urateam/core:test: {"level":30,"time":"2026-05-26T22:49:35.230Z","pid":48739,"hostname":"95cf947da62c","name":"urateam","component":"cost.rollup","date":"2026-05-20","rowsWritten":0,"msg":"no runs to roll up"}
@urateam/core:test: {"level":30,"time":"2026-05-26T22:49:35.230Z","pid":48739,"hostname":"95cf947da62c","name":"urateam","component":"cost.rollup","date":"2026-05-21","rowsWritten":0,"msg":"no runs to roll up"}
@urateam/core:test: {"level":30,"time":"2026-05-26T22:49:35.230Z","pid":48739,"hostname":"95cf947da62c","name":"urateam","component":"cost.rollup","date":"2026-05-22","rowsWritten":0,"msg":"no runs to roll up"}
@urateam/core:test: {"level":30,"time":"2026-05-26T22:49:35.230Z","pid":48739,"hostname":"95cf947da62c","name":"urateam","component":"cost.rollup","date":"2026-05-23","rowsWritten":0,"msg":"no runs to roll up"}
@urateam/core:test: {"level":30,"time":"2026-05-26T22:49:35.231Z","pid":48739,"hostname":"95cf947da62c","name":"urateam","component":"cost.rollup","date":"2026-05-24","rowsWritten":0,"msg":"no runs to roll up"}
@urateam/core:test: {"level":30,"time":"2026-05-26T22:49:35.231Z","pid":48739,"hostname":"95cf947da62c","name":"urateam","component":"cost.rollup","date":"2026-05-25","rowsWritten":0,"msg":"no runs to roll up"}
@urateam/core:test: {"level":30,"time":"2026-05-26T22:49:35.235Z","pid":48739,"hostname":"95cf947da62c","name":"urateam","component":"PmAgent:scheduler","triaged":0,"promoted":0,"errors":0,"msg":"tick complete"}
@urateam/core:test:  ✓ src/__tests__/pm-budget-refused-event.test.ts (2 tests) 282ms
@urateam/core:test: {"level":40,"time":"2026-05-26T22:49:35.734Z","pid":48884,"hostname":"95cf947da62c","name":"urateam","component":"ReviewProvidersRunner","err":{"type":"TypeError","message":"db.select is not a function","stack":"TypeError: db.select is not a function\n    at getModelHealthScores (/home/ura/data/runs/B7TEaqaYubzZqR2vcvyha/worktree/packages/core/src/executor/review/model-health.ts:33:6)\n    at runReviewProviders (/home/ura/data/runs/B7TEaqaYubzZqR2vcvyha/worktree/packages/core/src/pipeline/review-providers-runner.ts:62:26)\n    at /home/ura/data/runs/B7TEaqaYubzZqR2vcvyha/worktree/packages/core/src/__tests__/runner-fanout-integration.test.ts:64:26\n    at processTicksAndRejections (node:internal/process/task_queues:103:5)\n    at file:///home/ura/data/runs/B7TEaqaYubzZqR2vcvyha/worktree/node_modules/.pnpm/@vitest+runner@3.2.4/node_modules/@vitest/runner/dist/chunk-hooks.js:752:20"},"msg":"model-health probe failed — skipping flagging this tick"}
@urateam/core:test: {"level":40,"time":"2026-05-26T22:49:35.763Z","pid":48884,"hostname":"95cf947da62c","name":"urateam","component":"ReviewProvidersRunner","err":{"type":"TypeError","message":"db.select is not a function","stack":"TypeError: db.select is not a function\n    at getModelHealthScores (/home/ura/data/runs/B7TEaqaYubzZqR2vcvyha/worktree/packages/core/src/executor/review/model-health.ts:33:6)\n    at runReviewProviders (/home/ura/data/runs/B7TEaqaYubzZqR2vcvyha/worktree/packages/core/src/pipeline/review-providers-runner.ts:62:26)\n    at /home/ura/data/runs/B7TEaqaYubzZqR2vcvyha/worktree/packages/core/src/__tests__/runner-fanout-integration.test.ts:89:11\n    at processTicksAndRejections (node:internal/process/task_queues:103:5)\n    at file:///home/ura/data/runs/B7TEaqaYubzZqR2vcvyha/worktree/node_modules/.pnpm/@vitest+runner@3.2.4/node_modules/@vitest/runner/dist/chunk-hooks.js:752:20"},"msg":"model-health probe failed — skipping flagging this tick"}
@urateam/core:test: {"level":40,"time":"2026-05-26T22:49:35.768Z","pid":48884,"hostname":"95cf947da62c","name":"urateam","component":"ReviewProvidersRunner","err":{"type":"TypeError","message":"db.select is not a function","stack":"TypeError: db.select is not a function\n    at getModelHealthScores (/home/ura/data/runs/B7TEaqaYubzZqR2vcvyha/worktree/packages/core/src/executor/review/model-health.ts:33:6)\n    at runReviewProviders (/home/ura/data/runs/B7TEaqaYubzZqR2vcvyha/worktree/packages/core/src/pipeline/review-providers-runner.ts:62:26)\n    at /home/ura/data/runs/B7TEaqaYubzZqR2vcvyha/worktree/packages/core/src/__tests__/runner-fanout-integration.test.ts:108:26\n    at processTicksAndRejections (node:internal/process/task_queues:103:5)\n    at file:///home/ura/data/runs/B7TEaqaYubzZqR2vcvyha/worktree/node_modules/.pnpm/@vitest+runner@3.2.4/node_modules/@vitest/runner/dist/chunk-hooks.js:752:20"},"msg":"model-health probe failed — skipping flagging this tick"}
@urateam/core:test: {"level":40,"time":"2026-05-26T22:49:35.768Z","pid":48884,"hostname":"95cf947da62c","name":"urateam","component":"ReviewProvidersRunner","providerId":"openrouter","err":"network gone","msg":"review provider threw — recording as advisory failure"}
@urateam/core:test:  ✓ src/__tests__/runner-fanout-integration.test.ts (3 tests) 1886ms
@urateam/core:test:    ✓ runner fanout integration > runs fanout once per stage execution and persists rows; runner posts comments separately  1870ms
@urateam/core:test: {"level":30,"time":"2026-05-26T22:49:38.269Z","pid":48999,"hostname":"95cf947da62c","name":"urateam","component":"license","tier":"enterprise","customerId":"cust_test","expiresAt":"2026-05-27T22:49:38.000Z","msg":"license key validated"}
@urateam/core:test: {"level":30,"time":"2026-05-26T22:49:38.273Z","pid":48999,"hostname":"95cf947da62c","name":"urateam","component":"cost.rollup","firstDate":"2026-03-27","yesterdayStr":"2026-05-25","days":60,"msg":"cost rollup: explicit backfill"}
@urateam/core:test: {"level":30,"time":"2026-05-26T22:49:38.279Z","pid":48999,"hostname":"95cf947da62c","name":"urateam","component":"cost.rollup","date":"2026-03-27","rowsWritten":0,"msg":"no runs to roll up"}
@urateam/core:test: {"level":30,"time":"2026-05-26T22:49:38.281Z","pid":48999,"hostname":"95cf947da62c","name":"urateam","component":"cost.rollup","date":"2026-03-28","rowsWritten":0,"msg":"no runs to roll up"}
@urateam/core:test: {"level":30,"time":"2026-05-26T22:49:38.281Z","pid":48999,"hostname":"95cf947da62c","name":"urateam","component":"cost.rollup","date":"2026-03-29","rowsWritten":0,"msg":"no runs to roll up"}
@urateam/core:test: {"level":30,"time":"2026-05-26T22:49:38.285Z","pid":48999,"hostname":"95cf947da62c","name":"urateam","component":"cost.rollup","date":"2026-03-30","rowsWritten":0,"msg":"no runs to roll up"}
@urateam/core:test: {"level":30,"time":"2026-05-26T22:49:38.285Z","pid":48999,"hostname":"95cf947da62c","name":"urateam","component":"cost.rollup","date":"2026-03-31","rowsWritten":0,"msg":"no runs to roll up"}
@urateam/core:test: {"level":30,"time":"2026-05-26T22:49:38.286Z","pid":48999,"hostname":"95cf947da62c","name":"urateam","component":"cost.rollup","date":"2026-04-01","rowsWritten":0,"msg":"no runs to roll up"}
@urateam/core:test: {"level":30,"time":"2026-05-26T22:49:38.293Z","pid":48999,"hostname":"95cf947da62c","name":"urateam","component":"cost.rollup","date":"2026-04-02","rowsWritten":0,"msg":"no runs to roll up"}
@urateam/core:test: {"level":30,"time":"2026-05-26T22:49:38.293Z","pid":48999,"hostname":"95cf947da62c","name":"urateam","component":"cost.rollup","date":"2026-04-03","rowsWritten":0,"msg":"no runs to roll up"}
@urateam/core:test: {"level":30,"time":"2026-05-26T22:49:38.294Z","pid":48999,"hostname":"95cf947da62c","name":"urateam","component":"cost.rollup","date":"2026-04-04","rowsWritten":0,"msg":"no runs to roll up"}
@urateam/core:test: {"level":30,"time":"2026-05-26T22:49:38.294Z","pid":48999,"hostname":"95cf947da62c","name":"urateam","component":"cost.rollup","date":"2026-04-05","rowsWritten":0,"msg":"no runs to roll up"}
@urateam/core:test: {"level":30,"time":"2026-05-26T22:49:38.297Z","pid":48999,"hostname":"95cf947da62c","name":"urateam","component":"cost.rollup","date":"2026-04-06","rowsWritten":0,"msg":"no runs to roll up"}
@urateam/core:test: {"level":30,"time":"2026-05-26T22:49:38.297Z","pid":48999,"hostname":"95cf947da62c","name":"urateam","component":"cost.rollup","date":"2026-04-07","rowsWritten":0,"msg":"no runs to roll up"}
@urateam/core:test: {"level":30,"time":"2026-05-26T22:49:38.297Z","pid":48999,"hostname":"95cf947da62c","name":"urateam","component":"cost.rollup","date":"2026-04-08","rowsWritten":0,"msg":"no runs to roll up"}
@urateam/core:test: {"level":30,"time":"2026-05-26T22:49:38.298Z","pid":48999,"hostname":"95cf947da62c","name":"urateam","component":"cost.rollup","date":"2026-04-09","rowsWritten":0,"msg":"no runs to roll up"}
@urateam/core:test: {"level":30,"time":"2026-05-26T22:49:38.300Z","pid":48999,"hostname":"95cf947da62c","name":"urateam","component":"cost.rollup","date":"2026-04-10","rowsWritten":0,"msg":"no runs to roll up"}
@urateam/core:test: {"level":30,"time":"2026-05-26T22:49:38.314Z","pid":48999,"hostname":"95cf947da62c","name":"urateam","component":"cost.rollup","date":"2026-04-11","rowsWritten":1,"msg":"cost rollup complete"}
@urateam/core:test: {"level":30,"time":"2026-05-26T22:49:38.315Z","pid":48999,"hostname":"95cf947da62c","name":"urateam","component":"cost.rollup","date":"2026-04-12","rowsWritten":0,"msg":"no runs to roll up"}
@urateam/core:test: {"level":30,"time":"2026-05-26T22:49:38.321Z","pid":48999,"hostname":"95cf947da62c","name":"urateam","component":"cost.rollup","date":"2026-04-13","rowsWritten":0,"msg":"no runs to roll up"}
@urateam/core:test: {"level":30,"time":"2026-05-26T22:49:38.321Z","pid":48999,"hostname":"95cf947da62c","name":"urateam","component":"cost.rollup","date":"2026-04-14","rowsWritten":0,"msg":"no runs to roll up"}
@urateam/core:test: {"level":30,"time":"2026-05-26T22:49:38.321Z","pid":48999,"hostname":"95cf947da62c","name":"urateam","component":"cost.rollup","date":"2026-04-15","rowsWritten":0,"msg":"no runs to roll up"}
@urateam/core:test: {"level":30,"time":"2026-05-26T22:49:38.322Z","pid":48999,"hostname":"95cf947da62c","name":"urateam","component":"cost.rollup","date":"2026-04-16","rowsWritten":0,"msg":"no runs to roll up"}
@urateam/core:test: {"level":30,"time":"2026-05-26T22:49:38.322Z","pid":48999,"hostname":"95cf947da62c","name":"urateam","component":"cost.rollup","date":"2026-04-17","rowsWritten":0,"msg":"no runs to roll up"}
@urateam/core:test: {"level":30,"time":"2026-05-26T22:49:38.324Z","pid":48999,"hostname":"95cf947da62c","name":"urateam","component":"cost.rollup","date":"2026-04-18","rowsWritten":0,"msg":"no runs to roll up"}
@urateam/core:test: {"level":30,"time":"2026-05-26T22:49:38.325Z","pid":48999,"hostname":"95cf947da62c","name":"urateam","component":"cost.rollup","date":"2026-04-19","rowsWritten":0,"msg":"no runs to roll up"}
@urateam/core:test: {"level":30,"time":"2026-05-26T22:49:38.328Z","pid":48999,"hostname":"95cf947da62c","name":"urateam","component":"cost.rollup","date":"2026-04-20","rowsWritten":0,"msg":"no runs to roll up"}
@urateam/core:test: {"level":30,"time":"2026-05-26T22:49:38.334Z","pid":48999,"hostname":"95cf947da62c","name":"urateam","component":"cost.rollup","date":"2026-04-21","rowsWritten":1,"msg":"cost rollup complete"}
@urateam/core:test: {"level":30,"time":"2026-05-26T22:49:38.334Z","pid":48999,"hostname":"95cf947da62c","name":"urateam","component":"cost.rollup","date":"2026-04-22","rowsWritten":0,"msg":"no runs to roll up"}
@urateam/core:test: {"level":30,"time":"2026-05-26T22:49:38.334Z","pid":48999,"hostname":"95cf947da62c","name":"urateam","component":"cost.rollup","date":"2026-04-23","rowsWritten":0,"msg":"no runs to roll up"}
@urateam/core:test: {"level":30,"time":"2026-05-26T22:49:38.335Z","pid":48999,"hostname":"95cf947da62c","name":"urateam","component":"cost.rollup","date":"2026-04-24","rowsWritten":0,"msg":"no runs to roll up"}
@urateam/core:test: {"level":30,"time":"2026-05-26T22:49:38.335Z","pid":48999,"hostname":"95cf947da62c","name":"urateam","component":"cost.rollup","date":"2026-04-25","rowsWritten":0,"msg":"no runs to roll up"}
@urateam/core:test: {"level":30,"time":"2026-05-26T22:49:38.343Z","pid":48999,"hostname":"95cf947da62c","name":"urateam","component":"cost.rollup","date":"2026-04-26","rowsWritten":0,"msg":"no runs to roll up"}
@urateam/core:test: {"level":30,"time":"2026-05-26T22:49:38.343Z","pid":48999,"hostname":"95cf947da62c","name":"urateam","component":"cost.rollup","date":"2026-04-27","rowsWritten":0,"msg":"no runs to roll up"}
@urateam/core:test: {"level":30,"time":"2026-05-26T22:49:38.345Z","pid":48999,"hostname":"95cf947da62c","name":"urateam","component":"cost.rollup","date":"2026-04-28","rowsWritten":0,"msg":"no runs to roll up"}
@urateam/core:test: {"level":30,"time":"2026-05-26T22:49:38.345Z","pid":48999,"hostname":"95cf947da62c","name":"urateam","component":"cost.rollup","date":"2026-04-29","rowsWritten":0,"msg":"no runs to roll up"}
@urateam/core:test: {"level":30,"time":"2026-05-26T22:49:38.346Z","pid":48999,"hostname":"95cf947da62c","name":"urateam","component":"cost.rollup","date":"2026-04-30","rowsWritten":0,"msg":"no runs to roll up"}
@urateam/core:test: {"level":30,"time":"2026-05-26T22:49:38.348Z","pid":48999,"hostname":"95cf947da62c","name":"urateam","component":"cost.rollup","date":"2026-05-01","rowsWritten":0,"msg":"no runs to roll up"}
@urateam/core:test: {"level":30,"time":"2026-05-26T22:49:38.349Z","pid":48999,"hostname":"95cf947da62c","name":"urateam","component":"cost.rollup","date":"2026-05-02","rowsWritten":0,"msg":"no runs to roll up"}
@urateam/core:test: {"level":30,"time":"2026-05-26T22:49:38.349Z","pid":48999,"hostname":"95cf947da62c","name":"urateam","component":"cost.rollup","date":"2026-05-03","rowsWritten":0,"msg":"no runs to roll up"}
@urateam/core:test: {"level":30,"time":"2026-05-26T22:49:38.350Z","pid":48999,"hostname":"95cf947da62c","name":"urateam","component":"cost.rollup","date":"2026-05-04","rowsWritten":0,"msg":"no runs to roll up"}
@urateam/core:test: {"level":30,"time":"2026-05-26T22:49:38.351Z","pid":48999,"hostname":"95cf947da62c","name":"urateam","component":"cost.rollup","date":"2026-05-05","rowsWritten":0,"msg":"no runs to roll up"}
@urateam/core:test: {"level":30,"time":"2026-05-26T22:49:38.351Z","pid":48999,"hostname":"95cf947da62c","name":"urateam","component":"cost.rollup","date":"2026-05-06","rowsWritten":0,"msg":"no runs to roll up"}
@urateam/core:test: {"level":30,"time":"2026-05-26T22:49:38.351Z","pid":48999,"hostname":"95cf947da62c","name":"urateam","component":"cost.rollup","date":"2026-05-07","rowsWritten":0,"msg":"no runs to roll up"}
@urateam/core:test: {"level":30,"time":"2026-05-26T22:49:38.354Z","pid":48999,"hostname":"95cf947da62c","name":"urateam","component":"cost.rollup","date":"2026-05-08","rowsWritten":0,"msg":"no runs to roll up"}
@urateam/core:test: {"level":30,"time":"2026-05-26T22:49:38.354Z","pid":48999,"hostname":"95cf947da62c","name":"urateam","component":"cost.rollup","date":"2026-05-09","rowsWritten":0,"msg":"no runs to roll up"}
@urateam/core:test: {"level":30,"time":"2026-05-26T22:49:38.354Z","pid":48999,"hostname":"95cf947da62c","name":"urateam","component":"cost.rollup","date":"2026-05-10","rowsWritten":0,"msg":"no runs to roll up"}
@urateam/core:test: {"level":30,"time":"2026-05-26T22:49:38.355Z","pid":48999,"hostname":"95cf947da62c","name":"urateam","component":"cost.rollup","date":"2026-05-11","rowsWritten":0,"msg":"no runs to roll up"}
@urateam/core:test: {"level":30,"time":"2026-05-26T22:49:38.355Z","pid":48999,"hostname":"95cf947da62c","name":"urateam","component":"cost.rollup","date":"2026-05-12","rowsWritten":0,"msg":"no runs to roll up"}
@urateam/core:test: {"level":30,"time":"2026-05-26T22:49:38.357Z","pid":48999,"hostname":"95cf947da62c","name":"urateam","component":"cost.rollup","date":"2026-05-13","rowsWritten":0,"msg":"no runs to roll up"}
@urateam/core:test: {"level":30,"time":"2026-05-26T22:49:38.358Z","pid":48999,"hostname":"95cf947da62c","name":"urateam","component":"cost.rollup","date":"2026-05-14","rowsWritten":0,"msg":"no runs to roll up"}
@urateam/core:test: {"level":30,"time":"2026-05-26T22:49:38.358Z","pid":48999,"hostname":"95cf947da62c","name":"urateam","component":"cost.rollup","date":"2026-05-15","rowsWritten":0,"msg":"no runs to roll up"}
@urateam/core:test: {"level":30,"time":"2026-05-26T22:49:38.358Z","pid":48999,"hostname":"95cf947da62c","name":"urateam","component":"cost.rollup","date":"2026-05-16","rowsWritten":0,"msg":"no runs to roll up"}
@urateam/core:test: {"level":30,"time":"2026-05-26T22:49:38.358Z","pid":48999,"hostname":"95cf947da62c","name":"urateam","component":"cost.rollup","date":"2026-05-17","rowsWritten":0,"msg":"no runs to roll up"}
@urateam/core:test: {"level":30,"time":"2026-05-26T22:49:38.362Z","pid":48999,"hostname":"95cf947da62c","name":"urateam","component":"cost.rollup","date":"2026-05-18","rowsWritten":0,"msg":"no runs to roll up"}
@urateam/core:test: {"level":30,"time":"2026-05-26T22:49:38.362Z","pid":48999,"hostname":"95cf947da62c","name":"urateam","component":"cost.rollup","date":"2026-05-19","rowsWritten":0,"msg":"no runs to roll up"}
@urateam/core:test: {"level":30,"time":"2026-05-26T22:49:38.362Z","pid":48999,"hostname":"95cf947da62c","name":"urateam","component":"cost.rollup","date":"2026-05-20","rowsWritten":0,"msg":"no runs to roll up"}
@urateam/core:test: {"level":30,"time":"2026-05-26T22:49:38.363Z","pid":48999,"hostname":"95cf947da62c","name":"urateam","component":"cost.rollup","date":"2026-05-21","rowsWritten":0,"msg":"no runs to roll up"}
@urateam/core:test: {"level":30,"time":"2026-05-26T22:49:38.363Z","pid":48999,"hostname":"95cf947da62c","name":"urateam","component":"cost.rollup","date":"2026-05-22","rowsWritten":0,"msg":"no runs to roll up"}
@urateam/core:test: {"level":30,"time":"2026-05-26T22:49:38.365Z","pid":48999,"hostname":"95cf947da62c","name":"urateam","component":"cost.rollup","date":"2026-05-23","rowsWritten":0,"msg":"no runs to roll up"}
@urateam/core:test: {"level":30,"time":"2026-05-26T22:49:38.366Z","pid":48999,"hostname":"95cf947da62c","name":"urateam","component":"cost.rollup","date":"2026-05-24","rowsWritten":0,"msg":"no runs to roll up"}
@urateam/core:test: {"level":30,"time":"2026-05-26T22:49:38.371Z","pid":48999,"hostname":"95cf947da62c","name":"urateam","component":"cost.rollup","date":"2026-05-25","rowsWritten":1,"msg":"cost rollup complete"}
@urateam/core:test: {"level":30,"time":"2026-05-26T22:49:38.399Z","pid":48999,"hostname":"95cf947da62c","name":"urateam","component":"license","tier":"enterprise","customerId":"cust_test","expiresAt":"2026-05-27T22:49:38.000Z","msg":"license key validated"}
@urateam/core:test: {"level":30,"time":"2026-05-26T22:49:38.423Z","pid":48999,"hostname":"95cf947da62c","name":"urateam","component":"license","tier":"enterprise","customerId":"cust_test","expiresAt":"2026-05-27T22:49:38.000Z","msg":"license key validated"}
@urateam/core:test: {"level":30,"time":"2026-05-26T22:49:38.423Z","pid":48999,"hostname":"95cf947da62c","name":"urateam","component":"cost.rollup","firstDate":"2026-05-23","yesterdayStr":"2026-05-25","days":3,"msg":"cost rollup: explicit backfill"}
@urateam/core:test: {"level":30,"time":"2026-05-26T22:49:38.424Z","pid":48999,"hostname":"95cf947da62c","name":"urateam","component":"cost.rollup","date":"2026-05-23","rowsWritten":0,"msg":"no runs to roll up"}
@urateam/core:test: {"level":30,"time":"2026-05-26T22:49:38.424Z","pid":48999,"hostname":"95cf947da62c","name":"urateam","component":"cost.rollup","date":"2026-05-24","rowsWritten":0,"msg":"no runs to roll up"}
@urateam/core:test: {"level":30,"time":"2026-05-26T22:49:38.428Z","pid":48999,"hostname":"95cf947da62c","name":"urateam","component":"cost.rollup","date":"2026-05-25","rowsWritten":1,"msg":"cost rollup complete"}
@urateam/core:test: {"level":30,"time":"2026-05-26T22:49:38.428Z","pid":48999,"hostname":"95cf947da62c","name":"urateam","component":"cost.rollup","firstDate":"2026-05-23","yesterdayStr":"2026-05-25","days":3,"msg":"cost rollup: explicit backfill"}
@urateam/core:test: {"level":30,"time":"2026-05-26T22:49:38.428Z","pid":48999,"hostname":"95cf947da62c","name":"urateam","component":"cost.rollup","date":"2026-05-23","rowsWritten":0,"msg":"no runs to roll up"}
@urateam/core:test: {"level":30,"time":"2026-05-26T22:49:38.429Z","pid":48999,"hostname":"95cf947da62c","name":"urateam","component":"cost.rollup","date":"2026-05-24","rowsWritten":0,"msg":"no runs to roll up"}
@urateam/core:test: {"level":30,"time":"2026-05-26T22:49:38.432Z","pid":48999,"hostname":"95cf947da62c","name":"urateam","component":"cost.rollup","date":"2026-05-25","rowsWritten":1,"msg":"cost rollup complete"}
@urateam/core:test: {"level":30,"time":"2026-05-26T22:49:38.460Z","pid":48999,"hostname":"95cf947da62c","name":"urateam","component":"license","tier":"enterprise","customerId":"cust_test","expiresAt":"2026-05-27T22:49:38.000Z","msg":"license key validated"}
@urateam/core:test: {"level":30,"time":"2026-05-26T22:49:38.460Z","pid":48999,"hostname":"95cf947da62c","name":"urateam","component":"cost.rollup","firstDate":"2026-04-26","yesterdayStr":"2026-05-25","days":30,"msg":"cost rollup: first run, backfilling"}
@urateam/core:test: {"level":30,"time":"2026-05-26T22:49:38.464Z","pid":48999,"hostname":"95cf947da62c","name":"urateam","component":"cost.rollup","date":"2026-04-26","rowsWritten":0,"msg":"no runs to roll up"}
@urateam/core:test: {"level":30,"time":"2026-05-26T22:49:38.464Z","pid":48999,"hostname":"95cf947da62c","name":"urateam","component":"cost.rollup","date":"2026-04-27","rowsWritten":0,"msg":"no runs to roll up"}
@urateam/core:test: {"level":30,"time":"2026-05-26T22:49:38.465Z","pid":48999,"hostname":"95cf947da62c","name":"urateam","component":"cost.rollup","date":"2026-04-28","rowsWritten":0,"msg":"no runs to roll up"}
@urateam/core:test: {"level":30,"time":"2026-05-26T22:49:38.465Z","pid":48999,"hostname":"95cf947da62c","name":"urateam","component":"cost.rollup","date":"2026-04-29","rowsWritten":0,"msg":"no runs to roll up"}
@urateam/core:test: {"level":30,"time":"2026-05-26T22:49:38.465Z","pid":48999,"hostname":"95cf947da62c","name":"urateam","component":"cost.rollup","date":"2026-04-30","rowsWritten":0,"msg":"no runs to roll up"}
@urateam/core:test: {"level":30,"time":"2026-05-26T22:49:38.470Z","pid":48999,"hostname":"95cf947da62c","name":"urateam","component":"cost.rollup","date":"2026-05-01","rowsWritten":0,"msg":"no runs to roll up"}
@urateam/core:test: {"level":30,"time":"2026-05-26T22:49:38.471Z","pid":48999,"hostname":"95cf947da62c","name":"urateam","component":"cost.rollup","date":"2026-05-02","rowsWritten":0,"msg":"no runs to roll up"}
@urateam/core:test: {"level":30,"time":"2026-05-26T22:49:38.471Z","pid":48999,"hostname":"95cf947da62c","name":"urateam","component":"cost.rollup","date":"2026-05-03","rowsWritten":0,"msg":"no runs to roll up"}
@urateam/core:test: {"level":30,"time":"2026-05-26T22:49:38.471Z","pid":48999,"hostname":"95cf947da62c","name":"urateam","component":"cost.rollup","date":"2026-05-04","rowsWritten":0,"msg":"no runs to roll up"}
@urateam/core:test: {"level":30,"time":"2026-05-26T22:49:38.472Z","pid":48999,"hostname":"95cf947da62c","name":"urateam","component":"cost.rollup","date":"2026-05-05","rowsWritten":0,"msg":"no runs to roll up"}
@urateam/core:test: {"level":30,"time":"2026-05-26T22:49:38.472Z","pid":48999,"hostname":"95cf947da62c","name":"urateam","component":"cost.rollup","date":"2026-05-06","rowsWritten":0,"msg":"no runs to roll up"}
@urateam/core:test: {"level":30,"time":"2026-05-26T22:49:38.485Z","pid":48999,"hostname":"95cf947da62c","name":"urateam","component":"cost.rollup","date":"2026-05-07","rowsWritten":0,"msg":"no runs to roll up"}
@urateam/core:test: {"level":30,"time":"2026-05-26T22:49:38.485Z","pid":48999,"hostname":"95cf947da62c","name":"urateam","component":"cost.rollup","date":"2026-05-08","rowsWritten":0,"msg":"no runs to roll up"}
@urateam/core:test: {"level":30,"time":"2026-05-26T22:49:38.485Z","pid":48999,"hostname":"95cf947da62c","name":"urateam","component":"cost.rollup","date":"2026-05-09","rowsWritten":0,"msg":"no runs to roll up"}
@urateam/core:test: {"level":30,"time":"2026-05-26T22:49:38.486Z","pid":48999,"hostname":"95cf947da62c","name":"urateam","component":"cost.rollup","date":"2026-05-10","rowsWritten":0,"msg":"no runs to roll up"}
@urateam/core:test: {"level":30,"time":"2026-05-26T22:49:38.486Z","pid":48999,"hostname":"95cf947da62c","name":"urateam","component":"cost.rollup","date":"2026-05-11","rowsWritten":0,"msg":"no runs to roll up"}
@urateam/core:test: {"level":30,"time":"2026-05-26T22:49:38.495Z","pid":48999,"hostname":"95cf947da62c","name":"urateam","component":"cost.rollup","date":"2026-05-12","rowsWritten":0,"msg":"no runs to roll up"}
@urateam/core:test: {"level":30,"time":"2026-05-26T22:49:38.496Z","pid":48999,"hostname":"95cf947da62c","name":"urateam","component":"cost.rollup","date":"2026-05-13","rowsWritten":0,"msg":"no runs to roll up"}
@urateam/core:test: {"level":30,"time":"2026-05-26T22:49:38.496Z","pid":48999,"hostname":"95cf947da62c","name":"urateam","component":"cost.rollup","date":"2026-05-14","rowsWritten":0,"msg":"no runs to roll up"}
@urateam/core:test: {"level":30,"time":"2026-05-26T22:49:38.496Z","pid":48999,"hostname":"95cf947da62c","name":"urateam","component":"cost.rollup","date":"2026-05-15","rowsWritten":0,"msg":"no runs to roll up"}
@urateam/core:test: {"level":30,"time":"2026-05-26T22:49:38.497Z","pid":48999,"hostname":"95cf947da62c","name":"urateam","component":"cost.rollup","date":"2026-05-16","rowsWritten":0,"msg":"no runs to roll up"}
@urateam/core:test: {"level":30,"time":"2026-05-26T22:49:38.497Z","pid":48999,"hostname":"95cf947da62c","name":"urateam","component":"cost.rollup","date":"2026-05-17","rowsWritten":0,"msg":"no runs to roll up"}
@urateam/core:test: {"level":30,"time":"2026-05-26T22:49:38.505Z","pid":48999,"hostname":"95cf947da62c","name":"urateam","component":"cost.rollup","date":"2026-05-18","rowsWritten":0,"msg":"no runs to roll up"}
@urateam/core:test: {"level":30,"time":"2026-05-26T22:49:38.505Z","pid":48999,"hostname":"95cf947da62c","name":"urateam","component":"cost.rollup","date":"2026-05-19","rowsWritten":0,"msg":"no runs to roll up"}
@urateam/core:test: {"level":30,"time":"2026-05-26T22:49:38.514Z","pid":48999,"hostname":"95cf947da62c","name":"urateam","component":"cost.rollup","date":"2026-05-20","rowsWritten":0,"msg":"no runs to roll up"}
@urateam/core:test: {"level":30,"time":"2026-05-26T22:49:38.515Z","pid":48999,"hostname":"95cf947da62c","name":"urateam","component":"cost.rollup","date":"2026-05-21","rowsWritten":0,"msg":"no runs to roll up"}
@urateam/core:test: {"level":30,"time":"2026-05-26T22:49:38.515Z","pid":48999,"hostname":"95cf947da62c","name":"urateam","component":"cost.rollup","date":"2026-05-22","rowsWritten":0,"msg":"no runs to roll up"}
@urateam/core:test: {"level":30,"time":"2026-05-26T22:49:38.518Z","pid":48999,"hostname":"95cf947da62c","name":"urateam","component":"cost.rollup","date":"2026-05-23","rowsWritten":0,"msg":"no runs to roll up"}
@urateam/core:test: {"level":30,"time":"2026-05-26T22:49:38.519Z","pid":48999,"hostname":"95cf947da62c","name":"urateam","component":"cost.rollup","date":"2026-05-24","rowsWritten":0,"msg":"no runs to roll up"}
@urateam/core:test: {"level":30,"time":"2026-05-26T22:49:38.519Z","pid":48999,"hostname":"95cf947da62c","name":"urateam","component":"cost.rollup","date":"2026-05-25","rowsWritten":0,"msg":"no runs to roll up"}
@urateam/core:test: {"level":30,"time":"2026-05-26T22:49:38.520Z","pid":48999,"hostname":"95cf947da62c","name":"urateam","component":"cost.rollup","firstDate":"2026-03-27","yesterdayStr":"2026-05-25","days":60,"msg":"cost rollup: first run, backfilling"}
@urateam/core:test: {"level":30,"time":"2026-05-26T22:49:38.524Z","pid":48999,"hostname":"95cf947da62c","name":"urateam","component":"cost.rollup","date":"2026-03-27","rowsWritten":0,"msg":"no runs to roll up"}
@urateam/core:test: {"level":30,"time":"2026-05-26T22:49:38.524Z","pid":48999,"hostname":"95cf947da62c","name":"urateam","component":"cost.rollup","date":"2026-03-28","rowsWritten":0,"msg":"no runs to roll up"}
@urateam/core:test: {"level":30,"time":"2026-05-26T22:49:38.524Z","pid":48999,"hostname":"95cf947da62c","name":"urateam","component":"cost.rollup","date":"2026-03-29","rowsWritten":0,"msg":"no runs to roll up"}
@urateam/core:test: {"level":30,"time":"2026-05-26T22:49:38.525Z","pid":48999,"hostname":"95cf947da62c","name":"urateam","component":"cost.rollup","date":"2026-03-30","rowsWritten":0,"msg":"no runs to roll up"}
@urateam/core:test: {"level":30,"time":"2026-05-26T22:49:38.525Z","pid":48999,"hostname":"95cf947da62c","name":"urateam","component":"cost.rollup","date":"2026-03-31","rowsWritten":0,"msg":"no runs to roll up"}
@urateam/core:test: {"level":30,"time":"2026-05-26T22:49:38.525Z","pid":48999,"hostname":"95cf947da62c","name":"urateam","component":"cost.rollup","date":"2026-04-01","rowsWritten":0,"msg":"no runs to roll up"}
@urateam/core:test: {"level":30,"time":"2026-05-26T22:49:38.529Z","pid":48999,"hostname":"95cf947da62c","name":"urateam","component":"cost.rollup","date":"2026-04-02","rowsWritten":0,"msg":"no runs to roll up"}
@urateam/core:test: {"level":30,"time":"2026-05-26T22:49:38.529Z","pid":48999,"hostname":"95cf947da62c","name":"urateam","component":"cost.rollup","date":"2026-04-03","rowsWritten":0,"msg":"no runs to roll up"}
@urateam/core:test: {"level":30,"time":"2026-05-26T22:49:38.531Z","pid":48999,"hostname":"95cf947da62c","name":"urateam","component":"cost.rollup","date":"2026-04-04","rowsWritten":0,"msg":"no runs to roll up"}
@urateam/core:test: {"level":30,"time":"2026-05-26T22:49:38.532Z","pid":48999,"hostname":"95cf947da62c","name":"urateam","component":"cost.rollup","date":"2026-04-05","rowsWritten":0,"msg":"no runs to roll up"}
@urateam/core:test: {"level":30,"time":"2026-05-26T22:49:38.535Z","pid":48999,"hostname":"95cf947da62c","name":"urateam","component":"cost.rollup","date":"2026-04-06","rowsWritten":0,"msg":"no runs to roll up"}
@urateam/core:test: {"level":30,"time":"2026-05-26T22:49:38.535Z","pid":48999,"hostname":"95cf947da62c","name":"urateam","component":"cost.rollup","date":"2026-04-07","rowsWritten":0,"msg":"no runs to roll up"}
@urateam/core:test: {"level":30,"time":"2026-05-26T22:49:38.535Z","pid":48999,"hostname":"95cf947da62c","name":"urateam","component":"cost.rollup","date":"2026-04-08","rowsWritten":0,"msg":"no runs to roll up"}
@urateam/core:test: {"level":30,"time":"2026-05-26T22:49:38.537Z","pid":48999,"hostname":"95cf947da62c","name":"urateam","component":"cost.rollup","date":"2026-04-09","rowsWritten":0,"msg":"no runs to roll up"}
@urateam/core:test: {"level":30,"time":"2026-05-26T22:49:38.538Z","pid":48999,"hostname":"95cf947da62c","name":"urateam","component":"cost.rollup","date":"2026-04-10","rowsWritten":0,"msg":"no runs to roll up"}
@urateam/core:test: {"level":30,"time":"2026-05-26T22:49:38.540Z","pid":48999,"hostname":"95cf947da62c","name":"urateam","component":"cost.rollup","date":"2026-04-11","rowsWritten":1,"msg":"cost rollup complete"}
@urateam/core:test: {"level":30,"time":"2026-05-26T22:49:38.540Z","pid":48999,"hostname":"95cf947da62c","name":"urateam","component":"cost.rollup","date":"2026-04-12","rowsWritten":0,"msg":"no runs to roll up"}
@urateam/core:test: {"level":30,"time":"2026-05-26T22:49:38.540Z","pid":48999,"hostname":"95cf947da62c","name":"urateam","component":"cost.rollup","date":"2026-04-13","rowsWritten":0,"msg":"no runs to roll up"}
@urateam/core:test: {"level":30,"time":"2026-05-26T22:49:38.541Z","pid":48999,"hostname":"95cf947da62c","name":"urateam","component":"cost.rollup","date":"2026-04-14","rowsWritten":0,"msg":"no runs to roll up"}
@urateam/core:test: {"level":30,"time":"2026-05-26T22:49:38.541Z","pid":48999,"hostname":"95cf947da62c","name":"urateam","component":"cost.rollup","date":"2026-04-15","rowsWritten":0,"msg":"no runs to roll up"}
@urateam/core:test: {"level":30,"time":"2026-05-26T22:49:38.544Z","pid":48999,"hostname":"95cf947da62c","name":"urateam","component":"cost.rollup","date":"2026-04-16","rowsWritten":0,"msg":"no runs to roll up"}
@urateam/core:test: {"level":30,"time":"2026-05-26T22:49:38.546Z","pid":48999,"hostname":"95cf947da62c","name":"urateam","component":"cost.rollup","date":"2026-04-17","rowsWritten":0,"msg":"no runs to roll up"}
@urateam/core:test: {"level":30,"time":"2026-05-26T22:49:38.547Z","pid":48999,"hostname":"95cf947da62c","name":"urateam","component":"cost.rollup","date":"2026-04-18","rowsWritten":0,"msg":"no runs to roll up"}
@urateam/core:test: {"level":30,"time":"2026-05-26T22:49:38.547Z","pid":48999,"hostname":"95cf947da62c","name":"urateam","component":"cost.rollup","date":"2026-04-19","rowsWritten":0,"msg":"no runs to roll up"}
@urateam/core:test: {"level":30,"time":"2026-05-26T22:49:38.547Z","pid":48999,"hostname":"95cf947da62c","name":"urateam","component":"cost.rollup","date":"2026-04-20","rowsWritten":0,"msg":"no runs to roll up"}
@urateam/core:test: {"level":30,"time":"2026-05-26T22:49:38.548Z","pid":48999,"hostname":"95cf947da62c","name":"urateam","component":"cost.rollup","date":"2026-04-21","rowsWritten":0,"msg":"no runs to roll up"}
@urateam/core:test: {"level":30,"time":"2026-05-26T22:49:38.548Z","pid":48999,"hostname":"95cf947da62c","name":"urateam","component":"cost.rollup","date":"2026-04-22","rowsWritten":0,"msg":"no runs to roll up"}
@urateam/core:test: {"level":30,"time":"2026-05-26T22:49:38.548Z","pid":48999,"hostname":"95cf947da62c","name":"urateam","component":"cost.rollup","date":"2026-04-23","rowsWritten":0,"msg":"no runs to roll up"}
@urateam/core:test: {"level":30,"time":"2026-05-26T22:49:38.548Z","pid":48999,"hostname":"95cf947da62c","name":"urateam","component":"cost.rollup","date":"2026-04-24","rowsWritten":0,"msg":"no runs to roll up"}
@urateam/core:test: {"level":30,"time":"2026-05-26T22:49:38.560Z","pid":48999,"hostname":"95cf947da62c","name":"urateam","component":"cost.rollup","date":"2026-04-25","rowsWritten":0,"msg":"no runs to roll up"}
@urateam/core:test: {"level":30,"time":"2026-05-26T22:49:38.561Z","pid":48999,"hostname":"95cf947da62c","name":"urateam","component":"cost.rollup","date":"2026-04-26","rowsWritten":0,"msg":"no runs to roll up"}
@urateam/core:test: {"level":30,"time":"2026-05-26T22:49:38.561Z","pid":48999,"hostname":"95cf947da62c","name":"urateam","component":"cost.rollup","date":"2026-04-27","rowsWritten":0,"msg":"no runs to roll up"}
@urateam/core:test: {"level":30,"time":"2026-05-26T22:49:38.567Z","pid":48999,"hostname":"95cf947da62c","name":"urateam","component":"cost.rollup","date":"2026-04-28","rowsWritten":0,"msg":"no runs to roll up"}
@urateam/core:test: {"level":30,"time":"2026-05-26T22:49:38.568Z","pid":48999,"hostname":"95cf947da62c","name":"urateam","component":"cost.rollup","date":"2026-04-29","rowsWritten":0,"msg":"no runs to roll up"}
@urateam/core:test: {"level":30,"time":"2026-05-26T22:49:38.568Z","pid":48999,"hostname":"95cf947da62c","name":"urateam","component":"cost.rollup","date":"2026-04-30","rowsWritten":0,"msg":"no runs to roll up"}
@urateam/core:test: {"level":30,"time":"2026-05-26T22:49:38.568Z","pid":48999,"hostname":"95cf947da62c","name":"urateam","component":"cost.rollup","date":"2026-05-01","rowsWritten":0,"msg":"no runs to roll up"}
@urateam/core:test: {"level":30,"time":"2026-05-26T22:49:38.569Z","pid":48999,"hostname":"95cf947da62c","name":"urateam","component":"cost.rollup","date":"2026-05-02","rowsWritten":0,"msg":"no runs to roll up"}
@urateam/core:test: {"level":30,"time":"2026-05-26T22:49:38.569Z","pid":48999,"hostname":"95cf947da62c","name":"urateam","component":"cost.rollup","date":"2026-05-03","rowsWritten":0,"msg":"no runs to roll up"}
@urateam/core:test: {"level":30,"time":"2026-05-26T22:49:38.569Z","pid":48999,"hostname":"95cf947da62c","name":"urateam","component":"cost.rollup","date":"2026-05-04","rowsWritten":0,"msg":"no runs to roll up"}
@urateam/core:test: {"level":30,"time":"2026-05-26T22:49:38.572Z","pid":48999,"hostname":"95cf947da62c","name":"urateam","component":"cost.rollup","date":"2026-05-05","rowsWritten":0,"msg":"no runs to roll up"}
@urateam/core:test: {"level":30,"time":"2026-05-26T22:49:38.572Z","pid":48999,"hostname":"95cf947da62c","name":"urateam","component":"cost.rollup","date":"2026-05-06","rowsWritten":0,"msg":"no runs to roll up"}
@urateam/core:test: {"level":30,"time":"2026-05-26T22:49:38.573Z","pid":48999,"hostname":"95cf947da62c","name":"urateam","component":"cost.rollup","date":"2026-05-07","rowsWritten":0,"msg":"no runs to roll up"}
@urateam/core:test: {"level":30,"time":"2026-05-26T22:49:38.573Z","pid":48999,"hostname":"95cf947da62c","name":"urateam","component":"cost.rollup","date":"2026-05-08","rowsWritten":0,"msg":"no runs to roll up"}
@urateam/core:test: {"level":30,"time":"2026-05-26T22:49:38.573Z","pid":48999,"hostname":"95cf947da62c","name":"urateam","component":"cost.rollup","date":"2026-05-09","rowsWritten":0,"msg":"no runs to roll up"}
@urateam/core:test: {"level":30,"time":"2026-05-26T22:49:38.574Z","pid":48999,"hostname":"95cf947da62c","name":"urateam","component":"cost.rollup","date":"2026-05-10","rowsWritten":0,"msg":"no runs to roll up"}
@urateam/core:test: {"level":30,"time":"2026-05-26T22:49:38.574Z","pid":48999,"hostname":"95cf947da62c","name":"urateam","component":"cost.rollup","date":"2026-05-11","rowsWritten":0,"msg":"no runs to roll up"}
@urateam/core:test: {"level":30,"time":"2026-05-26T22:49:38.575Z","pid":48999,"hostname":"95cf947da62c","name":"urateam","component":"cost.rollup","date":"2026-05-12","rowsWritten":0,"msg":"no runs to roll up"}
@urateam/core:test: {"level":30,"time":"2026-05-26T22:49:38.575Z","pid":48999,"hostname":"95cf947da62c","name":"urateam","component":"cost.rollup","date":"2026-05-13","rowsWritten":0,"msg":"no runs to roll up"}
@urateam/core:test: {"level":30,"time":"2026-05-26T22:49:38.576Z","pid":48999,"hostname":"95cf947da62c","name":"urateam","component":"cost.rollup","date":"2026-05-14","rowsWritten":0,"msg":"no runs to roll up"}
@urateam/core:test: {"level":30,"time":"2026-05-26T22:49:38.576Z","pid":48999,"hostname":"95cf947da62c","name":"urateam","component":"cost.rollup","date":"2026-05-15","rowsWritten":0,"msg":"no runs to roll up"}
@urateam/core:test: {"level":30,"time":"2026-05-26T22:49:38.578Z","pid":48999,"hostname":"95cf947da62c","name":"urateam","component":"cost.rollup","date":"2026-05-16","rowsWritten":0,"msg":"no runs to roll up"}
@urateam/core:test: {"level":30,"time":"2026-05-26T22:49:38.579Z","pid":48999,"hostname":"95cf947da62c","name":"urateam","component":"cost.rollup","date":"2026-05-17","rowsWritten":0,"msg":"no runs to roll up"}
@urateam/core:test: {"level":30,"time":"2026-05-26T22:49:38.579Z","pid":48999,"hostname":"95cf947da62c","name":"urateam","component":"cost.rollup","date":"2026-05-18","rowsWritten":0,"msg":"no runs to roll up"}
@urateam/core:test: {"level":30,"time":"2026-05-26T22:49:38.579Z","pid":48999,"hostname":"95cf947da62c","name":"urateam","component":"cost.rollup","date":"2026-05-19","rowsWritten":0,"msg":"no runs to roll up"}
@urateam/core:test: {"level":30,"time":"2026-05-26T22:49:38.579Z","pid":48999,"hostname":"95cf947da62c","name":"urateam","component":"cost.rollup","date":"2026-05-20","rowsWritten":0,"msg":"no runs to roll up"}
@urateam/core:test: {"level":30,"time":"2026-05-26T22:49:38.585Z","pid":48999,"hostname":"95cf947da62c","name":"urateam","component":"cost.rollup","date":"2026-05-21","rowsWritten":0,"msg":"no runs to roll up"}
@urateam/core:test: {"level":30,"time":"2026-05-26T22:49:38.586Z","pid":48999,"hostname":"95cf947da62c","name":"urateam","component":"cost.rollup","date":"2026-05-22","rowsWritten":0,"msg":"no runs to roll up"}
@urateam/core:test: {"level":30,"time":"2026-05-26T22:49:38.586Z","pid":48999,"hostname":"95cf947da62c","name":"urateam","component":"cost.rollup","date":"2026-05-23","rowsWritten":0,"msg":"no runs to roll up"}
@urateam/core:test: {"level":30,"time":"2026-05-26T22:49:38.586Z","pid":48999,"hostname":"95cf947da62c","name":"urateam","component":"cost.rollup","date":"2026-05-24","rowsWritten":0,"msg":"no runs to roll up"}
@urateam/core:test: {"level":30,"time":"2026-05-26T22:49:38.586Z","pid":48999,"hostname":"95cf947da62c","name":"urateam","component":"cost.rollup","date":"2026-05-25","rowsWritten":0,"msg":"no runs to roll up"}
@urateam/core:test: {"level":30,"time":"2026-05-26T22:49:38.603Z","pid":48999,"hostname":"95cf947da62c","name":"urateam","component":"license","tier":"enterprise","customerId":"cust_test","expiresAt":"2026-05-27T22:49:38.000Z","msg":"license key validated"}
@urateam/core:test: {"level":40,"time":"2026-05-26T22:49:38.604Z","pid":48999,"hostname":"95cf947da62c","name":"urateam","component":"cost.rollup","raw":"not-a-number","msg":"COST_ROLLUP_MAX_BACKFILL_DAYS is not a positive integer — using default"}
@urateam/core:test: {"level":30,"time":"2026-05-26T22:49:38.604Z","pid":48999,"hostname":"95cf947da62c","name":"urateam","component":"cost.rollup","firstDate":"2026-04-26","yesterdayStr":"2026-05-25","days":30,"msg":"cost rollup: first run, backfilling"}
@urateam/core:test: {"level":30,"time":"2026-05-26T22:49:38.606Z","pid":48999,"hostname":"95cf947da62c","name":"urateam","component":"cost.rollup","date":"2026-04-26","rowsWritten":0,"msg":"no runs to roll up"}
@urateam/core:test: {"level":30,"time":"2026-05-26T22:49:38.607Z","pid":48999,"hostname":"95cf947da62c","name":"urateam","component":"cost.rollup","date":"2026-04-27","rowsWritten":0,"msg":"no runs to roll up"}
@urateam/core:test: {"level":30,"time":"2026-05-26T22:49:38.607Z","pid":48999,"hostname":"95cf947da62c","name":"urateam","component":"cost.rollup","date":"2026-04-28","rowsWritten":0,"msg":"no runs to roll up"}
@urateam/core:test: {"level":30,"time":"2026-05-26T22:49:38.608Z","pid":48999,"hostname":"95cf947da62c","name":"urateam","component":"cost.rollup","date":"2026-04-29","rowsWritten":0,"msg":"no runs to roll up"}
@urateam/core:test: {"level":30,"time":"2026-05-26T22:49:38.608Z","pid":48999,"hostname":"95cf947da62c","name":"urateam","component":"cost.rollup","date":"2026-04-30","rowsWritten":0,"msg":"no runs to roll up"}
@urateam/core:test: {"level":30,"time":"2026-05-26T22:49:38.608Z","pid":48999,"hostname":"95cf947da62c","name":"urateam","component":"cost.rollup","date":"2026-05-01","rowsWritten":0,"msg":"no runs to roll up"}
@urateam/core:test: {"level":30,"time":"2026-05-26T22:49:38.611Z","pid":48999,"hostname":"95cf947da62c","name":"urateam","component":"cost.rollup","date":"2026-05-02","rowsWritten":0,"msg":"no runs to roll up"}
@urateam/core:test: {"level":30,"time":"2026-05-26T22:49:38.611Z","pid":48999,"hostname":"95cf947da62c","name":"urateam","component":"cost.rollup","date":"2026-05-03","rowsWritten":0,"msg":"no runs to roll up"}
@urateam/core:test: {"level":30,"time":"2026-05-26T22:49:38.611Z","pid":48999,"hostname":"95cf947da62c","name":"urateam","component":"cost.rollup","date":"2026-05-04","rowsWritten":0,"msg":"no runs to roll up"}
@urateam/core:test: {"level":30,"time":"2026-05-26T22:49:38.613Z","pid":48999,"hostname":"95cf947da62c","name":"urateam","component":"cost.rollup","date":"2026-05-05","rowsWritten":0,"msg":"no runs to roll up"}
@urateam/core:test: {"level":30,"time":"2026-05-26T22:49:38.615Z","pid":48999,"hostname":"95cf947da62c","name":"urateam","component":"cost.rollup","date":"2026-05-06","rowsWritten":0,"msg":"no runs to roll up"}
@urateam/core:test: {"level":30,"time":"2026-05-26T22:49:38.615Z","pid":48999,"hostname":"95cf947da62c","name":"urateam","component":"cost.rollup","date":"2026-05-07","rowsWritten":0,"msg":"no runs to roll up"}
@urateam/core:test: {"level":30,"time":"2026-05-26T22:49:38.616Z","pid":48999,"hostname":"95cf947da62c","name":"urateam","component":"cost.rollup","date":"2026-05-08","rowsWritten":0,"msg":"no runs to roll up"}
@urateam/core:test: {"level":30,"time":"2026-05-26T22:49:38.616Z","pid":48999,"hostname":"95cf947da62c","name":"urateam","component":"cost.rollup","date":"2026-05-09","rowsWritten":0,"msg":"no runs to roll up"}
@urateam/core:test: {"level":30,"time":"2026-05-26T22:49:38.617Z","pid":48999,"hostname":"95cf947da62c","name":"urateam","component":"cost.rollup","date":"2026-05-10","rowsWritten":0,"msg":"no runs to roll up"}
@urateam/core:test: {"level":30,"time":"2026-05-26T22:49:38.618Z","pid":48999,"hostname":"95cf947da62c","name":"urateam","component":"cost.rollup","date":"2026-05-11","rowsWritten":0,"msg":"no runs to roll up"}
@urateam/core:test: {"level":30,"time":"2026-05-26T22:49:38.618Z","pid":48999,"hostname":"95cf947da62c","name":"urateam","component":"cost.rollup","date":"2026-05-12","rowsWritten":0,"msg":"no runs to roll up"}
@urateam/core:test: {"level":30,"time":"2026-05-26T22:49:38.618Z","pid":48999,"hostname":"95cf947da62c","name":"urateam","component":"cost.rollup","date":"2026-05-13","rowsWritten":0,"msg":"no runs to roll up"}
@urateam/core:test: {"level":30,"time":"2026-05-26T22:49:38.619Z","pid":48999,"hostname":"95cf947da62c","name":"urateam","component":"cost.rollup","date":"2026-05-14","rowsWritten":0,"msg":"no runs to roll up"}
@urateam/core:test: {"level":30,"time":"2026-05-26T22:49:38.619Z","pid":48999,"hostname":"95cf947da62c","name":"urateam","component":"cost.rollup","date":"2026-05-15","rowsWritten":0,"msg":"no runs to roll up"}
@urateam/core:test: {"level":30,"time":"2026-05-26T22:49:38.621Z","pid":48999,"hostname":"95cf947da62c","name":"urateam","component":"cost.rollup","date":"2026-05-16","rowsWritten":0,"msg":"no runs to roll up"}
@urateam/core:test: {"level":30,"time":"2026-05-26T22:49:38.622Z","pid":48999,"hostname":"95cf947da62c","name":"urateam","component":"cost.rollup","date":"2026-05-17","rowsWritten":0,"msg":"no runs to roll up"}
@urateam/core:test: {"level":30,"time":"2026-05-26T22:49:38.622Z","pid":48999,"hostname":"95cf947da62c","name":"urateam","component":"cost.rollup","date":"2026-05-18","rowsWritten":0,"msg":"no runs to roll up"}
@urateam/core:test: {"level":30,"time":"2026-05-26T22:49:38.625Z","pid":48999,"hostname":"95cf947da62c","name":"urateam","component":"cost.rollup","date":"2026-05-19","rowsWritten":0,"msg":"no runs to roll up"}
@urateam/core:test: {"level":30,"time":"2026-05-26T22:49:38.626Z","pid":48999,"hostname":"95cf947da62c","name":"urateam","component":"cost.rollup","date":"2026-05-20","rowsWritten":0,"msg":"no runs to roll up"}
@urateam/core:test: {"level":30,"time":"2026-05-26T22:49:38.626Z","pid":48999,"hostname":"95cf947da62c","name":"urateam","component":"cost.rollup","date":"2026-05-21","rowsWritten":0,"msg":"no runs to roll up"}
@urateam/core:test: {"level":30,"time":"2026-05-26T22:49:38.626Z","pid":48999,"hostname":"95cf947da62c","name":"urateam","component":"cost.rollup","date":"2026-05-22","rowsWritten":0,"msg":"no runs to roll up"}
@urateam/core:test: {"level":30,"time":"2026-05-26T22:49:38.627Z","pid":48999,"hostname":"95cf947da62c","name":"urateam","component":"cost.rollup","date":"2026-05-23","rowsWritten":0,"msg":"no runs to roll up"}
@urateam/core:test: {"level":30,"time":"2026-05-26T22:49:38.627Z","pid":48999,"hostname":"95cf947da62c","name":"urateam","component":"cost.rollup","date":"2026-05-24","rowsWritten":0,"msg":"no runs to roll up"}
@urateam/core:test: {"level":30,"time":"2026-05-26T22:49:38.628Z","pid":48999,"hostname":"95cf947da62c","name":"urateam","component":"cost.rollup","date":"2026-05-25","rowsWritten":0,"msg":"no runs to roll up"}
@urateam/core:test:  ✓ src/__tests__/cost-backfill.test.ts (5 tests) 428ms
@urateam/core:test: {"level":30,"time":"2026-05-26T22:49:38.705Z","pid":49029,"hostname":"95cf947da62c","name":"urateam","component":"license","tier":"oss","msg":"no license key set — running in OSS mode"}
@urateam/core:test: {"level":40,"time":"2026-05-26T22:49:38.713Z","pid":49029,"hostname":"95cf947da62c","name":"urateam","component":"cost.per-run","feature":"cost-roi","pipelineKey":"quick-fix","msg":"computeRunCost called without an enterprise license — returning zero cost"}
@urateam/core:test: {"level":30,"time":"2026-05-26T22:49:38.749Z","pid":49029,"hostname":"95cf947da62c","name":"urateam","component":"license","tier":"oss","msg":"no license key set — running in OSS mode"}
@urateam/core:test: {"level":40,"time":"2026-05-26T22:49:38.749Z","pid":49029,"hostname":"95cf947da62c","name":"urateam","component":"cost.aggregate","feature":"cost-roi","msg":"aggregateHybrid called without an enterprise license — returning empty result"}
@urateam/core:test: {"level":30,"time":"2026-05-26T22:49:38.770Z","pid":49029,"hostname":"95cf947da62c","name":"urateam","component":"license","tier":"oss","msg":"no license key set — running in OSS mode"}
@urateam/core:test: {"level":40,"time":"2026-05-26T22:49:38.771Z","pid":49029,"hostname":"95cf947da62c","name":"urateam","component":"cost.aggregate","feature":"cost-roi","msg":"aggregateHybrid called without an enterprise license — returning empty result"}
@urateam/core:test: {"level":30,"time":"2026-05-26T22:49:38.784Z","pid":49029,"hostname":"95cf947da62c","name":"urateam","component":"license","tier":"oss","msg":"no license key set — running in OSS mode"}
@urateam/core:test: {"level":40,"time":"2026-05-26T22:49:38.784Z","pid":49029,"hostname":"95cf947da62c","name":"urateam","component":"cost.rollup","feature":"cost-roi","msg":"recomputeCostRollups called without an enterprise license — skipping"}
@urateam/core:test: {"level":30,"time":"2026-05-26T22:49:38.799Z","pid":49029,"hostname":"95cf947da62c","name":"urateam","component":"license","tier":"oss","msg":"no license key set — running in OSS mode"}
@urateam/core:test: {"level":40,"time":"2026-05-26T22:49:38.800Z","pid":49029,"hostname":"95cf947da62c","name":"urateam","component":"cost.csv","feature":"cost-roi","msg":"streamCostCsv called without an enterprise license — returning empty stream"}
@urateam/core:test: {"level":30,"time":"2026-05-26T22:49:38.826Z","pid":49029,"hostname":"95cf947da62c","name":"urateam","component":"license","tier":"pro","customerId":"cust_test","expiresAt":"2026-05-27T22:49:38.000Z","msg":"license key validated"}
@urateam/core:test: {"level":40,"time":"2026-05-26T22:49:38.826Z","pid":49029,"hostname":"95cf947da62c","name":"urateam","component":"cost.per-run","feature":"cost-roi","pipelineKey":"quick-fix","msg":"computeRunCost called without an enterprise license — returning zero cost"}
@urateam/core:test: {"level":30,"time":"2026-05-26T22:49:38.846Z","pid":49029,"hostname":"95cf947da62c","name":"urateam","component":"license","tier":"pro","customerId":"cust_test","expiresAt":"2026-05-27T22:49:38.000Z","msg":"license key validated"}
@urateam/core:test: {"level":40,"time":"2026-05-26T22:49:38.846Z","pid":49029,"hostname":"95cf947da62c","name":"urateam","component":"cost.aggregate","feature":"cost-roi","msg":"aggregateHybrid called without an enterprise license — returning empty result"}
@urateam/core:test: {"level":30,"time":"2026-05-26T22:49:38.866Z","pid":49029,"hostname":"95cf947da62c","name":"urateam","component":"license","tier":"enterprise","customerId":"cust_test","expiresAt":"2026-05-27T22:49:38.000Z","msg":"license key validated"}
@urateam/core:test:  ✓ src/__tests__/cost-defensive.test.ts (8 tests) 223ms
@urateam/core:test:  ✓ src/__tests__/session-resume-flag.test.ts (4 tests) 98ms
@urateam/core:test:  ✓ src/__tests__/circuit-breaker-probe.test.ts (7 tests) 189ms
@urateam/core:test:  ✓ src/__tests__/validate-run-mode.test.ts (3 tests) 19ms
@urateam/core:test:  ✓ src/__tests__/qa-eval.test.ts (8 tests) 36ms
@urateam/core:test: {"level":30,"time":"2026-05-26T22:49:44.676Z","pid":49390,"hostname":"95cf947da62c","name":"urateam","component":"license","tier":"oss","msg":"no license key set — running in OSS mode"}
@urateam/core:test: {"level":30,"time":"2026-05-26T22:49:44.686Z","pid":49390,"hostname":"95cf947da62c","name":"urateam","component":"server","tier":"oss","licensed":false,"msg":"license status"}
@urateam/core:test: {"level":30,"time":"2026-05-26T22:49:44.790Z","pid":49390,"hostname":"95cf947da62c","name":"urateam","component":"license","tier":"oss","msg":"no license key set — running in OSS mode"}
@urateam/core:test: {"level":30,"time":"2026-05-26T22:49:44.791Z","pid":49390,"hostname":"95cf947da62c","name":"urateam","component":"server","tier":"oss","licensed":false,"msg":"license status"}
@urateam/core:test: {"level":30,"time":"2026-05-26T22:49:44.826Z","pid":49390,"hostname":"95cf947da62c","name":"urateam","component":"license","tier":"oss","msg":"no license key set — running in OSS mode"}
@urateam/core:test: {"level":30,"time":"2026-05-26T22:49:44.834Z","pid":49390,"hostname":"95cf947da62c","name":"urateam","component":"server","tier":"oss","licensed":false,"msg":"license status"}
@urateam/core:test: {"level":30,"time":"2026-05-26T22:49:44.866Z","pid":49390,"hostname":"95cf947da62c","name":"urateam","component":"license","tier":"oss","msg":"no license key set — running in OSS mode"}
@urateam/core:test: {"level":30,"time":"2026-05-26T22:49:44.868Z","pid":49390,"hostname":"95cf947da62c","name":"urateam","component":"server","tier":"oss","licensed":false,"msg":"license status"}
@urateam/core:test: {"level":40,"time":"2026-05-26T22:49:44.892Z","pid":49390,"hostname":"95cf947da62c","name":"urateam","component":"server","feature":"slack-interface","msg":"pmSlack is configured but the slack-interface feature requires a Pro license — Slack routes will NOT be mounted"}
@urateam/core:test: {"level":30,"time":"2026-05-26T22:49:44.910Z","pid":49390,"hostname":"95cf947da62c","name":"urateam","component":"license","tier":"pro","customerId":"cust_test","expiresAt":"2026-05-27T22:49:44.000Z","msg":"license key validated"}
@urateam/core:test: {"level":30,"time":"2026-05-26T22:49:44.910Z","pid":49390,"hostname":"95cf947da62c","name":"urateam","component":"server","tier":"pro","licensed":true,"msg":"license status"}
@urateam/core:test:  ✓ src/__tests__/server.test.ts (5 tests) 306ms
@urateam/core:test:  ✓ src/__tests__/auth/user-store.test.ts (8 tests) 355ms
@urateam/core:test: {"level":30,"time":"2026-05-26T22:49:48.759Z","pid":49620,"hostname":"95cf947da62c","name":"urateam","component":"license","tier":"enterprise","customerId":"cust_test","expiresAt":"2026-05-27T22:49:48.000Z","msg":"license key validated"}
@urateam/core:test: {"level":30,"time":"2026-05-26T22:49:48.769Z","pid":49620,"hostname":"95cf947da62c","name":"urateam","component":"audit.retention","retentionDays":365,"cutoff":"2025-05-26T22:49:48.768Z","deleted":1,"msg":"audit log pruned"}
@urateam/core:test: {"level":30,"time":"2026-05-26T22:49:48.773Z","pid":49620,"hostname":"95cf947da62c","name":"urateam","component":"auth.session","deleted":0,"msg":"expired sessions pruned"}
@urateam/core:test: {"level":30,"time":"2026-05-26T22:49:48.774Z","pid":49620,"hostname":"95cf947da62c","name":"urateam","component":"cost.rollup","firstDate":"2026-04-26","yesterdayStr":"2026-05-25","days":30,"msg":"cost rollup: first run, backfilling"}
@urateam/core:test: {"level":30,"time":"2026-05-26T22:49:48.785Z","pid":49620,"hostname":"95cf947da62c","name":"urateam","component":"cost.rollup","date":"2026-04-26","rowsWritten":0,"msg":"no runs to roll up"}
@urateam/core:test: {"level":30,"time":"2026-05-26T22:49:48.786Z","pid":49620,"hostname":"95cf947da62c","name":"urateam","component":"cost.rollup","date":"2026-04-27","rowsWritten":0,"msg":"no runs to roll up"}
@urateam/core:test: {"level":30,"time":"2026-05-26T22:49:48.791Z","pid":49620,"hostname":"95cf947da62c","name":"urateam","component":"cost.rollup","date":"2026-04-28","rowsWritten":0,"msg":"no runs to roll up"}
@urateam/core:test: {"level":30,"time":"2026-05-26T22:49:48.792Z","pid":49620,"hostname":"95cf947da62c","name":"urateam","component":"cost.rollup","date":"2026-04-29","rowsWritten":0,"msg":"no runs to roll up"}
@urateam/core:test: {"level":30,"time":"2026-05-26T22:49:48.794Z","pid":49620,"hostname":"95cf947da62c","name":"urateam","component":"cost.rollup","date":"2026-04-30","rowsWritten":0,"msg":"no runs to roll up"}
@urateam/core:test: {"level":30,"time":"2026-05-26T22:49:48.795Z","pid":49620,"hostname":"95cf947da62c","name":"urateam","component":"cost.rollup","date":"2026-05-01","rowsWritten":0,"msg":"no runs to roll up"}
@urateam/core:test: {"level":30,"time":"2026-05-26T22:49:48.798Z","pid":49620,"hostname":"95cf947da62c","name":"urateam","component":"cost.rollup","date":"2026-05-02","rowsWritten":0,"msg":"no runs to roll up"}
@urateam/core:test: {"level":30,"time":"2026-05-26T22:49:48.801Z","pid":49620,"hostname":"95cf947da62c","name":"urateam","component":"cost.rollup","date":"2026-05-03","rowsWritten":0,"msg":"no runs to roll up"}
@urateam/core:test: {"level":30,"time":"2026-05-26T22:49:48.801Z","pid":49620,"hostname":"95cf947da62c","name":"urateam","component":"cost.rollup","date":"2026-05-04","rowsWritten":0,"msg":"no runs to roll up"}
@urateam/core:test: {"level":30,"time":"2026-05-26T22:49:48.808Z","pid":49620,"hostname":"95cf947da62c","name":"urateam","component":"cost.rollup","date":"2026-05-05","rowsWritten":0,"msg":"no runs to roll up"}
@urateam/core:test: {"level":30,"time":"2026-05-26T22:49:48.808Z","pid":49620,"hostname":"95cf947da62c","name":"urateam","component":"cost.rollup","date":"2026-05-06","rowsWritten":0,"msg":"no runs to roll up"}
@urateam/core:test: {"level":30,"time":"2026-05-26T22:49:48.808Z","pid":49620,"hostname":"95cf947da62c","name":"urateam","component":"cost.rollup","date":"2026-05-07","rowsWritten":0,"msg":"no runs to roll up"}
@urateam/core:test: {"level":30,"time":"2026-05-26T22:49:48.809Z","pid":49620,"hostname":"95cf947da62c","name":"urateam","component":"cost.rollup","date":"2026-05-08","rowsWritten":0,"msg":"no runs to roll up"}
@urateam/core:test: {"level":30,"time":"2026-05-26T22:49:48.809Z","pid":49620,"hostname":"95cf947da62c","name":"urateam","component":"cost.rollup","date":"2026-05-09","rowsWritten":0,"msg":"no runs to roll up"}
@urateam/core:test: {"level":30,"time":"2026-05-26T22:49:48.818Z","pid":49620,"hostname":"95cf947da62c","name":"urateam","component":"cost.rollup","date":"2026-05-10","rowsWritten":0,"msg":"no runs to roll up"}
@urateam/core:test: {"level":30,"time":"2026-05-26T22:49:48.818Z","pid":49620,"hostname":"95cf947da62c","name":"urateam","component":"cost.rollup","date":"2026-05-11","rowsWritten":0,"msg":"no runs to roll up"}
@urateam/core:test: {"level":30,"time":"2026-05-26T22:49:48.819Z","pid":49620,"hostname":"95cf947da62c","name":"urateam","component":"cost.rollup","date":"2026-05-12","rowsWritten":0,"msg":"no runs to roll up"}
@urateam/core:test: {"level":30,"time":"2026-05-26T22:49:48.819Z","pid":49620,"hostname":"95cf947da62c","name":"urateam","component":"cost.rollup","date":"2026-05-13","rowsWritten":0,"msg":"no runs to roll up"}
@urateam/core:test: {"level":30,"time":"2026-05-26T22:49:48.825Z","pid":49620,"hostname":"95cf947da62c","name":"urateam","component":"cost.rollup","date":"2026-05-14","rowsWritten":0,"msg":"no runs to roll up"}
@urateam/core:test: {"level":30,"time":"2026-05-26T22:49:48.826Z","pid":49620,"hostname":"95cf947da62c","name":"urateam","component":"cost.rollup","date":"2026-05-15","rowsWritten":0,"msg":"no runs to roll up"}
@urateam/core:test: {"level":30,"time":"2026-05-26T22:49:48.826Z","pid":49620,"hostname":"95cf947da62c","name":"urateam","component":"cost.rollup","date":"2026-05-16","rowsWritten":0,"msg":"no runs to roll up"}
@urateam/core:test: {"level":30,"time":"2026-05-26T22:49:48.826Z","pid":49620,"hostname":"95cf947da62c","name":"urateam","component":"cost.rollup","date":"2026-05-17","rowsWritten":0,"msg":"no runs to roll up"}
@urateam/core:test: {"level":30,"time":"2026-05-26T22:49:48.827Z","pid":49620,"hostname":"95cf947da62c","name":"urateam","component":"cost.rollup","date":"2026-05-18","rowsWritten":0,"msg":"no runs to roll up"}
@urateam/core:test: {"level":30,"time":"2026-05-26T22:49:48.827Z","pid":49620,"hostname":"95cf947da62c","name":"urateam","component":"cost.rollup","date":"2026-05-19","rowsWritten":0,"msg":"no runs to roll up"}
@urateam/core:test: {"level":30,"time":"2026-05-26T22:49:48.832Z","pid":49620,"hostname":"95cf947da62c","name":"urateam","component":"cost.rollup","date":"2026-05-20","rowsWritten":0,"msg":"no runs to roll up"}
@urateam/core:test: {"level":30,"time":"2026-05-26T22:49:48.833Z","pid":49620,"hostname":"95cf947da62c","name":"urateam","component":"cost.rollup","date":"2026-05-21","rowsWritten":0,"msg":"no runs to roll up"}
@urateam/core:test: {"level":30,"time":"2026-05-26T22:49:48.833Z","pid":49620,"hostname":"95cf947da62c","name":"urateam","component":"cost.rollup","date":"2026-05-22","rowsWritten":0,"msg":"no runs to roll up"}
@urateam/core:test: {"level":30,"time":"2026-05-26T22:49:48.833Z","pid":49620,"hostname":"95cf947da62c","name":"urateam","component":"cost.rollup","date":"2026-05-23","rowsWritten":0,"msg":"no runs to roll up"}
@urateam/core:test: {"level":30,"time":"2026-05-26T22:49:48.834Z","pid":49620,"hostname":"95cf947da62c","name":"urateam","component":"cost.rollup","date":"2026-05-24","rowsWritten":0,"msg":"no runs to roll up"}
@urateam/core:test: {"level":30,"time":"2026-05-26T22:49:48.838Z","pid":49620,"hostname":"95cf947da62c","name":"urateam","component":"cost.rollup","date":"2026-05-25","rowsWritten":0,"msg":"no runs to roll up"}
@urateam/core:test: {"level":30,"time":"2026-05-26T22:49:48.838Z","pid":49620,"hostname":"95cf947da62c","name":"urateam","component":"PmAgent:scheduler","triaged":0,"promoted":0,"errors":0,"msg":"tick complete"}
@urateam/core:test: {"level":30,"time":"2026-05-26T22:49:48.882Z","pid":49620,"hostname":"95cf947da62c","name":"urateam","component":"license","tier":"enterprise","customerId":"cust_test","expiresAt":"2026-05-27T22:49:48.000Z","msg":"license key validated"}
@urateam/core:test: {"level":30,"time":"2026-05-26T22:49:48.886Z","pid":49620,"hostname":"95cf947da62c","name":"urateam","component":"audit.retention","retentionDays":365,"cutoff":"2025-05-26T22:49:48.886Z","deleted":1,"msg":"audit log pruned"}
@urateam/core:test: {"level":30,"time":"2026-05-26T22:49:48.887Z","pid":49620,"hostname":"95cf947da62c","name":"urateam","component":"auth.session","deleted":0,"msg":"expired sessions pruned"}
@urateam/core:test: {"level":30,"time":"2026-05-26T22:49:48.887Z","pid":49620,"hostname":"95cf947da62c","name":"urateam","component":"cost.rollup","firstDate":"2026-04-26","yesterdayStr":"2026-05-25","days":30,"msg":"cost rollup: first run, backfilling"}
@urateam/core:test: {"level":30,"time":"2026-05-26T22:49:48.887Z","pid":49620,"hostname":"95cf947da62c","name":"urateam","component":"cost.rollup","date":"2026-04-26","rowsWritten":0,"msg":"no runs to roll up"}
@urateam/core:test: {"level":30,"time":"2026-05-26T22:49:48.887Z","pid":49620,"hostname":"95cf947da62c","name":"urateam","component":"cost.rollup","date":"2026-04-27","rowsWritten":0,"msg":"no runs to roll up"}
@urateam/core:test: {"level":30,"time":"2026-05-26T22:49:48.888Z","pid":49620,"hostname":"95cf947da62c","name":"urateam","component":"cost.rollup","date":"2026-04-28","rowsWritten":0,"msg":"no runs to roll up"}
@urateam/core:test: {"level":30,"time":"2026-05-26T22:49:48.888Z","pid":49620,"hostname":"95cf947da62c","name":"urateam","component":"cost.rollup","date":"2026-04-29","rowsWritten":0,"msg":"no runs to roll up"}
@urateam/core:test: {"level":30,"time":"2026-05-26T22:49:48.892Z","pid":49620,"hostname":"95cf947da62c","name":"urateam","component":"cost.rollup","date":"2026-04-30","rowsWritten":0,"msg":"no runs to roll up"}
@urateam/core:test: {"level":30,"time":"2026-05-26T22:49:48.893Z","pid":49620,"hostname":"95cf947da62c","name":"urateam","component":"cost.rollup","date":"2026-05-01","rowsWritten":0,"msg":"no runs to roll up"}
@urateam/core:test: {"level":30,"time":"2026-05-26T22:49:48.893Z","pid":49620,"hostname":"95cf947da62c","name":"urateam","component":"cost.rollup","date":"2026-05-02","rowsWritten":0,"msg":"no runs to roll up"}
@urateam/core:test: {"level":30,"time":"2026-05-26T22:49:48.893Z","pid":49620,"hostname":"95cf947da62c","name":"urateam","component":"cost.rollup","date":"2026-05-03","rowsWritten":0,"msg":"no runs to roll up"}
@urateam/core:test: {"level":30,"time":"2026-05-26T22:49:48.894Z","pid":49620,"hostname":"95cf947da62c","name":"urateam","component":"cost.rollup","date":"2026-05-04","rowsWritten":0,"msg":"no runs to roll up"}
@urateam/core:test: {"level":30,"time":"2026-05-26T22:49:48.894Z","pid":49620,"hostname":"95cf947da62c","name":"urateam","component":"cost.rollup","date":"2026-05-05","rowsWritten":0,"msg":"no runs to roll up"}
@urateam/core:test: {"level":30,"time":"2026-05-26T22:49:48.898Z","pid":49620,"hostname":"95cf947da62c","name":"urateam","component":"cost.rollup","date":"2026-05-06","rowsWritten":0,"msg":"no runs to roll up"}
@urateam/core:test: {"level":30,"time":"2026-05-26T22:49:48.899Z","pid":49620,"hostname":"95cf947da62c","name":"urateam","component":"cost.rollup","date":"2026-05-07","rowsWritten":0,"msg":"no runs to roll up"}
@urateam/core:test: {"level":30,"time":"2026-05-26T22:49:48.899Z","pid":49620,"hostname":"95cf947da62c","name":"urateam","component":"cost.rollup","date":"2026-05-08","rowsWritten":0,"msg":"no runs to roll up"}
@urateam/core:test: {"level":30,"time":"2026-05-26T22:49:48.899Z","pid":49620,"hostname":"95cf947da62c","name":"urateam","component":"cost.rollup","date":"2026-05-09","rowsWritten":0,"msg":"no runs to roll up"}
@urateam/core:test: {"level":30,"time":"2026-05-26T22:49:48.899Z","pid":49620,"hostname":"95cf947da62c","name":"urateam","component":"cost.rollup","date":"2026-05-10","rowsWritten":0,"msg":"no runs to roll up"}
@urateam/core:test: {"level":30,"time":"2026-05-26T22:49:48.900Z","pid":49620,"hostname":"95cf947da62c","name":"urateam","component":"cost.rollup","date":"2026-05-11","rowsWritten":0,"msg":"no runs to roll up"}
@urateam/core:test: {"level":30,"time":"2026-05-26T22:49:48.904Z","pid":49620,"hostname":"95cf947da62c","name":"urateam","component":"cost.rollup","date":"2026-05-12","rowsWritten":0,"msg":"no runs to roll up"}
@urateam/core:test: {"level":30,"time":"2026-05-26T22:49:48.904Z","pid":49620,"hostname":"95cf947da62c","name":"urateam","component":"cost.rollup","date":"2026-05-13","rowsWritten":0,"msg":"no runs to roll up"}
@urateam/core:test: {"level":30,"time":"2026-05-26T22:49:48.906Z","pid":49620,"hostname":"95cf947da62c","name":"urateam","component":"cost.rollup","date":"2026-05-14","rowsWritten":0,"msg":"no runs to roll up"}
@urateam/core:test: {"level":30,"time":"2026-05-26T22:49:48.908Z","pid":49620,"hostname":"95cf947da62c","name":"urateam","component":"cost.rollup","date":"2026-05-15","rowsWritten":0,"msg":"no runs to roll up"}
@urateam/core:test: {"level":30,"time":"2026-05-26T22:49:48.909Z","pid":49620,"hostname":"95cf947da62c","name":"urateam","component":"cost.rollup","date":"2026-05-16","rowsWritten":0,"msg":"no runs to roll up"}
@urateam/core:test: {"level":30,"time":"2026-05-26T22:49:48.911Z","pid":49620,"hostname":"95cf947da62c","name":"urateam","component":"cost.rollup","date":"2026-05-17","rowsWritten":0,"msg":"no runs to roll up"}
@urateam/core:test: {"level":30,"time":"2026-05-26T22:49:48.912Z","pid":49620,"hostname":"95cf947da62c","name":"urateam","component":"cost.rollup","date":"2026-05-18","rowsWritten":0,"msg":"no runs to roll up"}
@urateam/core:test: {"level":30,"time":"2026-05-26T22:49:48.912Z","pid":49620,"hostname":"95cf947da62c","name":"urateam","component":"cost.rollup","date":"2026-05-19","rowsWritten":0,"msg":"no runs to roll up"}
@urateam/core:test: {"level":30,"time":"2026-05-26T22:49:48.912Z","pid":49620,"hostname":"95cf947da62c","name":"urateam","component":"cost.rollup","date":"2026-05-20","rowsWritten":0,"msg":"no runs to roll up"}
@urateam/core:test: {"level":30,"time":"2026-05-26T22:49:48.913Z","pid":49620,"hostname":"95cf947da62c","name":"urateam","component":"cost.rollup","date":"2026-05-21","rowsWritten":0,"msg":"no runs to roll up"}
@urateam/core:test: {"level":30,"time":"2026-05-26T22:49:48.913Z","pid":49620,"hostname":"95cf947da62c","name":"urateam","component":"cost.rollup","date":"2026-05-22","rowsWritten":0,"msg":"no runs to roll up"}
@urateam/core:test: {"level":30,"time":"2026-05-26T22:49:48.918Z","pid":49620,"hostname":"95cf947da62c","name":"urateam","component":"cost.rollup","date":"2026-05-23","rowsWritten":0,"msg":"no runs to roll up"}
@urateam/core:test: {"level":30,"time":"2026-05-26T22:49:48.918Z","pid":49620,"hostname":"95cf947da62c","name":"urateam","component":"cost.rollup","date":"2026-05-24","rowsWritten":0,"msg":"no runs to roll up"}
@urateam/core:test: {"level":30,"time":"2026-05-26T22:49:48.919Z","pid":49620,"hostname":"95cf947da62c","name":"urateam","component":"cost.rollup","date":"2026-05-25","rowsWritten":0,"msg":"no runs to roll up"}
@urateam/core:test: {"level":30,"time":"2026-05-26T22:49:48.919Z","pid":49620,"hostname":"95cf947da62c","name":"urateam","component":"PmAgent:scheduler","triaged":0,"promoted":0,"errors":0,"msg":"tick complete"}
@urateam/core:test: {"level":30,"time":"2026-05-26T22:49:48.954Z","pid":49620,"hostname":"95cf947da62c","name":"urateam","component":"license","tier":"enterprise","customerId":"cust_test","expiresAt":"2026-05-27T22:49:48.000Z","msg":"license key validated"}
@urateam/core:test: {"level":40,"time":"2026-05-26T22:49:48.958Z","pid":49620,"hostname":"95cf947da62c","name":"urateam","component":"PmAgent:scheduler","err":{"type":"SqliteError","message":"no such table: audit_events","stack":"SqliteError: no such table: audit_events\n    at Database.prepare (/home/ura/data/runs/B7TEaqaYubzZqR2vcvyha/worktree/node_modules/.pnpm/better-sqlite3@11.10.0/node_modules/better-sqlite3/lib/methods/wrappers.js:5:21)\n    at BetterSQLiteSession.prepareQuery (file:///home/ura/data/runs/B7TEaqaYubzZqR2vcvyha/worktree/node_modules/.pnpm/drizzle-orm@0.38.4_@types+better-sqlite3@7.6.13_better-sqlite3@11.10.0_postgres@3.4.9/node_modules/src/better-sqlite3/session.ts:50:28)\n    at BetterSQLiteSession.prepareOneTimeQuery (file:///home/ura/data/runs/B7TEaqaYubzZqR2vcvyha/worktree/node_modules/.pnpm/drizzle-orm@0.38.4_@types+better-sqlite3@7.6.13_better-sqlite3@11.10.0_postgres@3.4.9/node_modules/src/sqlite-core/session.ts:135:15)\n    at QueryPromise._prepare (file:///home/ura/data/runs/B7TEaqaYubzZqR2vcvyha/worktree/node_modules/.pnpm/drizzle-orm@0.38.4_@types+better-sqlite3@7.6.13_better-sqlite3@11.10.0_postgres@3.4.9/node_modules/src/sqlite-core/query-builders/delete.ts:266:78)\n    at QueryPromise.execute (file:///home/ura/data/runs/B7TEaqaYubzZqR2vcvyha/worktree/node_modules/.pnpm/drizzle-orm@0.38.4_@types+better-sqlite3@7.6.13_better-sqlite3@11.10.0_postgres@3.4.9/node_modules/src/sqlite-core/query-builders/delete.ts:295:15)\n    at QueryPromise.then (file:///home/ura/data/runs/B7TEaqaYubzZqR2vcvyha/worktree/node_modules/.pnpm/drizzle-orm@0.38.4_@types+better-sqlite3@7.6.13_better-sqlite3@11.10.0_postgres@3.4.9/node_modules/src/query-promise.ts:31:15)\n    at processTicksAndRejections (node:internal/process/task_queues:103:5)","code":"SQLITE_ERROR"},"msg":"audit retention sweep failed"}
@urateam/core:test: {"level":30,"time":"2026-05-26T22:49:48.980Z","pid":49620,"hostname":"95cf947da62c","name":"urateam","component":"auth.session","deleted":0,"msg":"expired sessions pruned"}
@urateam/core:test: {"level":30,"time":"2026-05-26T22:49:48.981Z","pid":49620,"hostname":"95cf947da62c","name":"urateam","component":"cost.rollup","firstDate":"2026-04-26","yesterdayStr":"2026-05-25","days":30,"msg":"cost rollup: first run, backfilling"}
@urateam/core:test: {"level":30,"time":"2026-05-26T22:49:48.984Z","pid":49620,"hostname":"95cf947da62c","name":"urateam","component":"cost.rollup","date":"2026-04-26","rowsWritten":0,"msg":"no runs to roll up"}
@urateam/core:test: {"level":30,"time":"2026-05-26T22:49:48.986Z","pid":49620,"hostname":"95cf947da62c","name":"urateam","component":"cost.rollup","date":"2026-04-27","rowsWritten":0,"msg":"no runs to roll up"}
@urateam/core:test: {"level":30,"time":"2026-05-26T22:49:48.987Z","pid":49620,"hostname":"95cf947da62c","name":"urateam","component":"cost.rollup","date":"2026-04-28","rowsWritten":0,"msg":"no runs to roll up"}
@urateam/core:test: {"level":30,"time":"2026-05-26T22:49:48.987Z","pid":49620,"hostname":"95cf947da62c","name":"urateam","component":"cost.rollup","date":"2026-04-29","rowsWritten":0,"msg":"no runs to roll up"}
@urateam/core:test: {"level":30,"time":"2026-05-26T22:49:48.990Z","pid":49620,"hostname":"95cf947da62c","name":"urateam","component":"cost.rollup","date":"2026-04-30","rowsWritten":0,"msg":"no runs to roll up"}
@urateam/core:test: {"level":30,"time":"2026-05-26T22:49:48.992Z","pid":49620,"hostname":"95cf947da62c","name":"urateam","component":"cost.rollup","date":"2026-05-01","rowsWritten":0,"msg":"no runs to roll up"}
@urateam/core:test: {"level":30,"time":"2026-05-26T22:49:48.995Z","pid":49620,"hostname":"95cf947da62c","name":"urateam","component":"cost.rollup","date":"2026-05-02","rowsWritten":0,"msg":"no runs to roll up"}
@urateam/core:test: {"level":30,"time":"2026-05-26T22:49:48.996Z","pid":49620,"hostname":"95cf947da62c","name":"urateam","component":"cost.rollup","date":"2026-05-03","rowsWritten":0,"msg":"no runs to roll up"}
@urateam/core:test: {"level":30,"time":"2026-05-26T22:49:48.996Z","pid":49620,"hostname":"95cf947da62c","name":"urateam","component":"cost.rollup","date":"2026-05-04","rowsWritten":0,"msg":"no runs to roll up"}
@urateam/core:test: {"level":30,"time":"2026-05-26T22:49:48.996Z","pid":49620,"hostname":"95cf947da62c","name":"urateam","component":"cost.rollup","date":"2026-05-05","rowsWritten":0,"msg":"no runs to roll up"}
@urateam/core:test: {"level":30,"time":"2026-05-26T22:49:48.997Z","pid":49620,"hostname":"95cf947da62c","name":"urateam","component":"cost.rollup","date":"2026-05-06","rowsWritten":0,"msg":"no runs to roll up"}
@urateam/core:test: {"level":30,"time":"2026-05-26T22:49:48.997Z","pid":49620,"hostname":"95cf947da62c","name":"urateam","component":"cost.rollup","date":"2026-05-07","rowsWritten":0,"msg":"no runs to roll up"}
@urateam/core:test: {"level":30,"time":"2026-05-26T22:49:48.997Z","pid":49620,"hostname":"95cf947da62c","name":"urateam","component":"cost.rollup","date":"2026-05-08","rowsWritten":0,"msg":"no runs to roll up"}
@urateam/core:test: {"level":30,"time":"2026-05-26T22:49:49.004Z","pid":49620,"hostname":"95cf947da62c","name":"urateam","component":"cost.rollup","date":"2026-05-09","rowsWritten":0,"msg":"no runs to roll up"}
@urateam/core:test: {"level":30,"time":"2026-05-26T22:49:49.005Z","pid":49620,"hostname":"95cf947da62c","name":"urateam","component":"cost.rollup","date":"2026-05-10","rowsWritten":0,"msg":"no runs to roll up"}
@urateam/core:test: {"level":30,"time":"2026-05-26T22:49:49.005Z","pid":49620,"hostname":"95cf947da62c","name":"urateam","component":"cost.rollup","date":"2026-05-11","rowsWritten":0,"msg":"no runs to roll up"}
@urateam/core:test: {"level":30,"time":"2026-05-26T22:49:49.005Z","pid":49620,"hostname":"95cf947da62c","name":"urateam","component":"cost.rollup","date":"2026-05-12","rowsWritten":0,"msg":"no runs to roll up"}
@urateam/core:test: {"level":30,"time":"2026-05-26T22:49:49.015Z","pid":49620,"hostname":"95cf947da62c","name":"urateam","component":"cost.rollup","date":"2026-05-13","rowsWritten":0,"msg":"no runs to roll up"}
@urateam/core:test: {"level":30,"time":"2026-05-26T22:49:49.015Z","pid":49620,"hostname":"95cf947da62c","name":"urateam","component":"cost.rollup","date":"2026-05-14","rowsWritten":0,"msg":"no runs to roll up"}
@urateam/core:test: {"level":30,"time":"2026-05-26T22:49:49.015Z","pid":49620,"hostname":"95cf947da62c","name":"urateam","component":"cost.rollup","date":"2026-05-15","rowsWritten":0,"msg":"no runs to roll up"}
@urateam/core:test: {"level":30,"time":"2026-05-26T22:49:49.016Z","pid":49620,"hostname":"95cf947da62c","name":"urateam","component":"cost.rollup","date":"2026-05-16","rowsWritten":0,"msg":"no runs to roll up"}
@urateam/core:test: {"level":30,"time":"2026-05-26T22:49:49.016Z","pid":49620,"hostname":"95cf947da62c","name":"urateam","component":"cost.rollup","date":"2026-05-17","rowsWritten":0,"msg":"no runs to roll up"}
@urateam/core:test: {"level":30,"time":"2026-05-26T22:49:49.026Z","pid":49620,"hostname":"95cf947da62c","name":"urateam","component":"cost.rollup","date":"2026-05-18","rowsWritten":0,"msg":"no runs to roll up"}
@urateam/core:test: {"level":30,"time":"2026-05-26T22:49:49.027Z","pid":49620,"hostname":"95cf947da62c","name":"urateam","component":"cost.rollup","date":"2026-05-19","rowsWritten":0,"msg":"no runs to roll up"}
@urateam/core:test: {"level":30,"time":"2026-05-26T22:49:49.027Z","pid":49620,"hostname":"95cf947da62c","name":"urateam","component":"cost.rollup","date":"2026-05-20","rowsWritten":0,"msg":"no runs to roll up"}
@urateam/core:test: {"level":30,"time":"2026-05-26T22:49:49.027Z","pid":49620,"hostname":"95cf947da62c","name":"urateam","component":"cost.rollup","date":"2026-05-21","rowsWritten":0,"msg":"no runs to roll up"}
@urateam/core:test: {"level":30,"time":"2026-05-26T22:49:49.028Z","pid":49620,"hostname":"95cf947da62c","name":"urateam","component":"cost.rollup","date":"2026-05-22","rowsWritten":0,"msg":"no runs to roll up"}
@urateam/core:test: {"level":30,"time":"2026-05-26T22:49:49.028Z","pid":49620,"hostname":"95cf947da62c","name":"urateam","component":"cost.rollup","date":"2026-05-23","rowsWritten":0,"msg":"no runs to roll up"}
@urateam/core:test: {"level":30,"time":"2026-05-26T22:49:49.032Z","pid":49620,"hostname":"95cf947da62c","name":"urateam","component":"cost.rollup","date":"2026-05-24","rowsWritten":0,"msg":"no runs to roll up"}
@urateam/core:test: {"level":30,"time":"2026-05-26T22:49:49.037Z","pid":49620,"hostname":"95cf947da62c","name":"urateam","component":"cost.rollup","date":"2026-05-25","rowsWritten":0,"msg":"no runs to roll up"}
@urateam/core:test: {"level":30,"time":"2026-05-26T22:49:49.037Z","pid":49620,"hostname":"95cf947da62c","name":"urateam","component":"PmAgent:scheduler","triaged":0,"promoted":0,"errors":0,"msg":"tick complete"}
@urateam/core:test:  ✓ src/__tests__/pm-audit-retention-step.test.ts (3 tests) 357ms
@urateam/core:test: {"level":30,"time":"2026-05-26T22:49:50.228Z","pid":49725,"hostname":"95cf947da62c","name":"urateam","component":"license","tier":"enterprise","customerId":"cust_test","expiresAt":"2026-05-27T22:49:50.000Z","msg":"license key validated"}
@urateam/core:test: {"level":30,"time":"2026-05-26T22:49:50.280Z","pid":49725,"hostname":"95cf947da62c","name":"urateam","component":"license","tier":"enterprise","customerId":"cust_test","expiresAt":"2026-05-27T22:49:50.000Z","msg":"license key validated"}
@urateam/core:test: {"level":30,"time":"2026-05-26T22:49:50.330Z","pid":49725,"hostname":"95cf947da62c","name":"urateam","component":"license","tier":"enterprise","customerId":"cust_test","expiresAt":"2026-05-27T22:49:50.000Z","msg":"license key validated"}
@urateam/core:test:  ✓ src/__tests__/cost/csv.test.ts (3 tests) 157ms
@urateam/core:test: 
@urateam/core:test: > @urateam/cli@0.1.71 build /home/ura/data/runs/B7TEaqaYubzZqR2vcvyha/worktree/packages/cli
@urateam/core:test: > tsc
@urateam/core:test: 
@urateam/core:test: {"level":30,"time":"2026-05-26T22:49:53.620Z","pid":49894,"hostname":"95cf947da62c","name":"urateam","component":"PmAgent:sweep-recovery","recovered":["BEC-1"],"msg":"circuit-breaker recovery sweep cleared issues"}
@urateam/core:test: {"level":30,"time":"2026-05-26T22:49:53.675Z","pid":49894,"hostname":"95cf947da62c","name":"urateam","component":"PmAgent:sweep-recovery","recovered":["BEC-1","BEC-2"],"msg":"circuit-breaker recovery sweep cleared issues"}
@urateam/core:test:  ✓ src/__tests__/circuit-breaker-sweep.test.ts (4 tests) 269ms
@urateam/core:test: {"level":30,"time":"2026-05-26T22:49:56.511Z","pid":50165,"hostname":"95cf947da62c","name":"urateam","component":"license","tier":"enterprise","customerId":"cust_test","expiresAt":"2026-05-27T22:49:56.000Z","msg":"license key validated"}
@urateam/core:test: {"level":30,"time":"2026-05-26T22:49:56.523Z","pid":50165,"hostname":"95cf947da62c","name":"urateam","component":"license","tier":"enterprise","customerId":"cust_test","expiresAt":"2026-05-27T22:49:56.000Z","msg":"license key validated"}
@urateam/core:test: {"level":30,"time":"2026-05-26T22:49:56.528Z","pid":50165,"hostname":"95cf947da62c","name":"urateam","component":"license","tier":"enterprise","customerId":"cust_test","expiresAt":"2026-05-27T22:49:56.000Z","msg":"license key validated"}
@urateam/core:test: {"level":30,"time":"2026-05-26T22:49:56.535Z","pid":50165,"hostname":"95cf947da62c","name":"urateam","component":"license","tier":"enterprise","customerId":"cust_test","expiresAt":"2026-05-27T22:49:56.000Z","msg":"license key validated"}
@urateam/core:test:  ✓ src/__tests__/cost/per-run-multi-model.test.ts (4 tests) 52ms
@urateam/core:test:  ✓ src/__tests__/pipeline/pr-cost-summary.test.ts (6 tests) 135ms
@urateam/core:test: {"level":30,"time":"2026-05-26T22:50:00.991Z","pid":50368,"hostname":"95cf947da62c","name":"urateam","component":"PmAgent:recover","runId":"run-1","issueId":"BEC-100","retryCount":1,"isRestartInterrupt":false,"msg":"retriable run requeued for resume"}
@urateam/core:test: {"level":40,"time":"2026-05-26T22:50:01.005Z","pid":50368,"hostname":"95cf947da62c","name":"urateam","component":"PmAgent:recover","runId":"run-1","issueId":"BEC-200","retryCount":3,"msg":"retriable run exhausted max retries — marking as failed"}
@urateam/core:test: {"level":50,"time":"2026-05-26T22:50:01.012Z","pid":50368,"hostname":"95cf947da62c","name":"urateam","component":"PmAgent:recover","runId":"run-1","issueId":"BEC-300","err":{"type":"Error","message":"resume failed","stack":"Error: resume failed\n    at /home/ura/data/runs/B7TEaqaYubzZqR2vcvyha/worktree/packages/core/src/__tests__/pm-recover.test.ts:85:56\n    at file:///home/ura/data/runs/B7TEaqaYubzZqR2vcvyha/worktree/node_modules/.pnpm/@vitest+runner@3.2.4/node_modules/@vitest/runner/dist/chunk-hooks.js:155:11\n    at file:///home/ura/data/runs/B7TEaqaYubzZqR2vcvyha/worktree/node_modules/.pnpm/@vitest+runner@3.2.4/node_modules/@vitest/runner/dist/chunk-hooks.js:752:26\n    at file:///home/ura/data/runs/B7TEaqaYubzZqR2vcvyha/worktree/node_modules/.pnpm/@vitest+runner@3.2.4/node_modules/@vitest/runner/dist/chunk-hooks.js:1897:20\n    at new Promise (<anonymous>)\n    at runWithTimeout (file:///home/ura/data/runs/B7TEaqaYubzZqR2vcvyha/worktree/node_modules/.pnpm/@vitest+runner@3.2.4/node_modules/@vitest/runner/dist/chunk-hooks.js:1863:10)\n    at runTest (file:///home/ura/data/runs/B7TEaqaYubzZqR2vcvyha/worktree/node_modules/.pnpm/@vitest+runner@3.2.4/node_modules/@vitest/runner/dist/chunk-hooks.js:1574:12)\n    at processTicksAndRejections (node:internal/process/task_queues:103:5)\n    at runSuite (file:///home/ura/data/runs/B7TEaqaYubzZqR2vcvyha/worktree/node_modules/.pnpm/@vitest+runner@3.2.4/node_modules/@vitest/runner/dist/chunk-hooks.js:1729:8)\n    at runSuite (file:///home/ura/data/runs/B7TEaqaYubzZqR2vcvyha/worktree/node_modules/.pnpm/@vitest+runner@3.2.4/node_modules/@vitest/runner/dist/chunk-hooks.js:1729:8)"},"msg":"failed to requeue retriable run — rolled back to retriable"}
@urateam/core:test:  ✓ src/__tests__/pm-recover.test.ts (4 tests) 62ms
@urateam/core:test:  ✓ src/__tests__/db-review-model-runs.test.ts (4 tests) 1433ms
@urateam/core:test:    ✓ review_model_runs migration (sqlite) > inserts and reads rows  600ms
@urateam/core:test:    ✓ insertReviewModelRuns > writes one row per ReviewModelRun  471ms
@urateam/core:test: {"level":30,"time":"2026-05-26T22:52:08.417Z","pid":50740,"hostname":"95cf947da62c","name":"urateam","component":"license","tier":"enterprise","customerId":"cust_test","expiresAt":"2026-05-27T22:52:08.000Z","msg":"license key validated"}
@urateam/core:test: {"level":30,"time":"2026-05-26T22:52:08.428Z","pid":50740,"hostname":"95cf947da62c","name":"urateam","component":"audit.retention","retentionDays":365,"cutoff":"2025-05-26T22:52:08.424Z","deleted":0,"msg":"audit log pruned"}
@urateam/core:test: {"level":30,"time":"2026-05-26T22:52:08.429Z","pid":50740,"hostname":"95cf947da62c","name":"urateam","component":"auth.session","deleted":0,"msg":"expired sessions pruned"}
@urateam/core:test: {"level":30,"time":"2026-05-26T22:52:08.432Z","pid":50740,"hostname":"95cf947da62c","name":"urateam","component":"cost.rollup","firstDate":"2026-04-26","yesterdayStr":"2026-05-25","days":30,"msg":"cost rollup: first run, backfilling"}
@urateam/core:test: {"level":30,"time":"2026-05-26T22:52:08.439Z","pid":50740,"hostname":"95cf947da62c","name":"urateam","component":"cost.rollup","date":"2026-04-26","rowsWritten":0,"msg":"no runs to roll up"}
@urateam/core:test: {"level":30,"time":"2026-05-26T22:52:08.445Z","pid":50740,"hostname":"95cf947da62c","name":"urateam","component":"cost.rollup","date":"2026-04-27","rowsWritten":0,"msg":"no runs to roll up"}
@urateam/core:test: {"level":30,"time":"2026-05-26T22:52:08.449Z","pid":50740,"hostname":"95cf947da62c","name":"urateam","component":"cost.rollup","date":"2026-04-28","rowsWritten":0,"msg":"no runs to roll up"}
@urateam/core:test: {"level":30,"time":"2026-05-26T22:52:08.450Z","pid":50740,"hostname":"95cf947da62c","name":"urateam","component":"cost.rollup","date":"2026-04-29","rowsWritten":0,"msg":"no runs to roll up"}
@urateam/core:test: {"level":30,"time":"2026-05-26T22:52:08.451Z","pid":50740,"hostname":"95cf947da62c","name":"urateam","component":"cost.rollup","date":"2026-04-30","rowsWritten":0,"msg":"no runs to roll up"}
@urateam/core:test: {"level":30,"time":"2026-05-26T22:52:08.457Z","pid":50740,"hostname":"95cf947da62c","name":"urateam","component":"cost.rollup","date":"2026-05-01","rowsWritten":0,"msg":"no runs to roll up"}
@urateam/core:test: {"level":30,"time":"2026-05-26T22:52:08.461Z","pid":50740,"hostname":"95cf947da62c","name":"urateam","component":"cost.rollup","date":"2026-05-02","rowsWritten":0,"msg":"no runs to roll up"}
@urateam/core:test: {"level":30,"time":"2026-05-26T22:52:08.461Z","pid":50740,"hostname":"95cf947da62c","name":"urateam","component":"cost.rollup","date":"2026-05-03","rowsWritten":0,"msg":"no runs to roll up"}
@urateam/core:test: {"level":30,"time":"2026-05-26T22:52:08.462Z","pid":50740,"hostname":"95cf947da62c","name":"urateam","component":"cost.rollup","date":"2026-05-04","rowsWritten":0,"msg":"no runs to roll up"}
@urateam/core:test: {"level":30,"time":"2026-05-26T22:52:08.462Z","pid":50740,"hostname":"95cf947da62c","name":"urateam","component":"cost.rollup","date":"2026-05-05","rowsWritten":0,"msg":"no runs to roll up"}
@urateam/core:test: {"level":30,"time":"2026-05-26T22:52:08.468Z","pid":50740,"hostname":"95cf947da62c","name":"urateam","component":"cost.rollup","date":"2026-05-06","rowsWritten":0,"msg":"no runs to roll up"}
@urateam/core:test: {"level":30,"time":"2026-05-26T22:52:08.469Z","pid":50740,"hostname":"95cf947da62c","name":"urateam","component":"cost.rollup","date":"2026-05-07","rowsWritten":0,"msg":"no runs to roll up"}
@urateam/core:test: {"level":30,"time":"2026-05-26T22:52:08.469Z","pid":50740,"hostname":"95cf947da62c","name":"urateam","component":"cost.rollup","date":"2026-05-08","rowsWritten":0,"msg":"no runs to roll up"}
@urateam/core:test: {"level":30,"time":"2026-05-26T22:52:08.470Z","pid":50740,"hostname":"95cf947da62c","name":"urateam","component":"cost.rollup","date":"2026-05-09","rowsWritten":0,"msg":"no runs to roll up"}
@urateam/core:test: {"level":30,"time":"2026-05-26T22:52:08.470Z","pid":50740,"hostname":"95cf947da62c","name":"urateam","component":"cost.rollup","date":"2026-05-10","rowsWritten":0,"msg":"no runs to roll up"}
@urateam/core:test: {"level":30,"time":"2026-05-26T22:52:08.476Z","pid":50740,"hostname":"95cf947da62c","name":"urateam","component":"cost.rollup","date":"2026-05-11","rowsWritten":0,"msg":"no runs to roll up"}
@urateam/core:test: {"level":30,"time":"2026-05-26T22:52:08.479Z","pid":50740,"hostname":"95cf947da62c","name":"urateam","component":"cost.rollup","date":"2026-05-12","rowsWritten":0,"msg":"no runs to roll up"}
@urateam/core:test: {"level":30,"time":"2026-05-26T22:52:08.480Z","pid":50740,"hostname":"95cf947da62c","name":"urateam","component":"cost.rollup","date":"2026-05-13","rowsWritten":0,"msg":"no runs to roll up"}
@urateam/core:test: {"level":30,"time":"2026-05-26T22:52:08.480Z","pid":50740,"hostname":"95cf947da62c","name":"urateam","component":"cost.rollup","date":"2026-05-14","rowsWritten":0,"msg":"no runs to roll up"}
@urateam/core:test: {"level":30,"time":"2026-05-26T22:52:08.485Z","pid":50740,"hostname":"95cf947da62c","name":"urateam","component":"cost.rollup","date":"2026-05-15","rowsWritten":0,"msg":"no runs to roll up"}
@urateam/core:test: {"level":30,"time":"2026-05-26T22:52:08.485Z","pid":50740,"hostname":"95cf947da62c","name":"urateam","component":"cost.rollup","date":"2026-05-16","rowsWritten":0,"msg":"no runs to roll up"}
@urateam/core:test: {"level":30,"time":"2026-05-26T22:52:08.486Z","pid":50740,"hostname":"95cf947da62c","name":"urateam","component":"cost.rollup","date":"2026-05-17","rowsWritten":0,"msg":"no runs to roll up"}
@urateam/core:test: {"level":30,"time":"2026-05-26T22:52:08.486Z","pid":50740,"hostname":"95cf947da62c","name":"urateam","component":"cost.rollup","date":"2026-05-18","rowsWritten":0,"msg":"no runs to roll up"}
@urateam/core:test: {"level":30,"time":"2026-05-26T22:52:08.489Z","pid":50740,"hostname":"95cf947da62c","name":"urateam","component":"cost.rollup","date":"2026-05-19","rowsWritten":0,"msg":"no runs to roll up"}
@urateam/core:test: {"level":30,"time":"2026-05-26T22:52:08.489Z","pid":50740,"hostname":"95cf947da62c","name":"urateam","component":"cost.rollup","date":"2026-05-20","rowsWritten":0,"msg":"no runs to roll up"}
@urateam/core:test: {"level":30,"time":"2026-05-26T22:52:08.493Z","pid":50740,"hostname":"95cf947da62c","name":"urateam","component":"cost.rollup","date":"2026-05-21","rowsWritten":0,"msg":"no runs to roll up"}
@urateam/core:test: {"level":30,"time":"2026-05-26T22:52:08.494Z","pid":50740,"hostname":"95cf947da62c","name":"urateam","component":"cost.rollup","date":"2026-05-22","rowsWritten":0,"msg":"no runs to roll up"}
@urateam/core:test: {"level":30,"time":"2026-05-26T22:52:08.494Z","pid":50740,"hostname":"95cf947da62c","name":"urateam","component":"cost.rollup","date":"2026-05-23","rowsWritten":0,"msg":"no runs to roll up"}
@urateam/core:test: {"level":30,"time":"2026-05-26T22:52:08.501Z","pid":50740,"hostname":"95cf947da62c","name":"urateam","component":"cost.rollup","date":"2026-05-24","rowsWritten":0,"msg":"no runs to roll up"}
@urateam/core:test: {"level":30,"time":"2026-05-26T22:52:08.521Z","pid":50740,"hostname":"95cf947da62c","name":"urateam","component":"cost.rollup","date":"2026-05-25","rowsWritten":1,"msg":"cost rollup complete"}
@urateam/core:test: {"level":30,"time":"2026-05-26T22:52:08.521Z","pid":50740,"hostname":"95cf947da62c","name":"urateam","component":"PmAgent:scheduler","triaged":0,"promoted":0,"errors":0,"msg":"tick complete"}
@urateam/core:test: {"level":30,"time":"2026-05-26T22:52:08.609Z","pid":50740,"hostname":"95cf947da62c","name":"urateam","component":"license","tier":"enterprise","customerId":"cust_test","expiresAt":"2026-05-27T22:52:08.000Z","msg":"license key validated"}
@urateam/core:test: {"level":30,"time":"2026-05-26T22:52:08.609Z","pid":50740,"hostname":"95cf947da62c","name":"urateam","component":"audit.retention","retentionDays":365,"cutoff":"2025-05-26T22:52:08.609Z","deleted":0,"msg":"audit log pruned"}
@urateam/core:test: {"level":30,"time":"2026-05-26T22:52:08.609Z","pid":50740,"hostname":"95cf947da62c","name":"urateam","component":"auth.session","deleted":0,"msg":"expired sessions pruned"}
@urateam/core:test: {"level":40,"time":"2026-05-26T22:52:08.613Z","pid":50740,"hostname":"95cf947da62c","name":"urateam","component":"PmAgent:scheduler","err":{"type":"SqliteError","message":"no such table: cost_rollups_daily","stack":"SqliteError: no such table: cost_rollups_daily\n    at Database.prepare (/home/ura/data/runs/B7TEaqaYubzZqR2vcvyha/worktree/node_modules/.pnpm/better-sqlite3@11.10.0/node_modules/better-sqlite3/lib/methods/wrappers.js:5:21)\n    at BetterSQLiteSession.prepareQuery (file:///home/ura/data/runs/B7TEaqaYubzZqR2vcvyha/worktree/node_modules/.pnpm/drizzle-orm@0.38.4_@types+better-sqlite3@7.6.13_better-sqlite3@11.10.0_postgres@3.4.9/node_modules/src/better-sqlite3/session.ts:50:28)\n    at BetterSQLiteSession.prepareOneTimeQuery (file:///home/ura/data/runs/B7TEaqaYubzZqR2vcvyha/worktree/node_modules/.pnpm/drizzle-orm@0.38.4_@types+better-sqlite3@7.6.13_better-sqlite3@11.10.0_postgres@3.4.9/node_modules/src/sqlite-core/session.ts:135:15)\n    at SQLiteSelectBase._prepare (file:///home/ura/data/runs/B7TEaqaYubzZqR2vcvyha/worktree/node_modules/.pnpm/drizzle-orm@0.38.4_@types+better-sqlite3@7.6.13_better-sqlite3@11.10.0_postgres@3.4.9/node_modules/src/sqlite-core/query-builders/select.ts:865:85)\n    at SQLiteSelectBase.all (file:///home/ura/data/runs/B7TEaqaYubzZqR2vcvyha/worktree/node_modules/.pnpm/drizzle-orm@0.38.4_@types+better-sqlite3@7.6.13_better-sqlite3@11.10.0_postgres@3.4.9/node_modules/src/sqlite-core/query-builders/select.ts:884:15)\n    at SQLiteSelectBase.execute (file:///home/ura/data/runs/B7TEaqaYubzZqR2vcvyha/worktree/node_modules/.pnpm/drizzle-orm@0.38.4_@types+better-sqlite3@7.6.13_better-sqlite3@11.10.0_postgres@3.4.9/node_modules/src/sqlite-core/query-builders/select.ts:896:15)\n    at SQLiteSelectBase.then (file:///home/ura/data/runs/B7TEaqaYubzZqR2vcvyha/worktree/node_modules/.pnpm/drizzle-orm@0.38.4_@types+better-sqlite3@7.6.13_better-sqlite3@11.10.0_postgres@3.4.9/node_modules/src/query-promise.ts:31:15)\n    at processTicksAndRejections (node:internal/process/task_queues:103:5)","code":"SQLITE_ERROR"},"msg":"cost rollup failed"}
@urateam/core:test: {"level":30,"time":"2026-05-26T22:52:08.654Z","pid":50740,"hostname":"95cf947da62c","name":"urateam","component":"PmAgent:scheduler","triaged":0,"promoted":0,"errors":0,"msg":"tick complete"}
@urateam/core:test:  ✓ src/__tests__/pm-cost-rollup-step.test.ts (2 tests) 417ms
@urateam/core:test: {"level":30,"time":"2026-05-26T22:52:10.456Z","pid":51079,"hostname":"95cf947da62c","name":"urateam","component":"devcontainer","worktreePath":"/repo","msg":"starting container"}
@urateam/core:test: {"level":30,"time":"2026-05-26T22:52:10.457Z","pid":51079,"hostname":"95cf947da62c","name":"urateam","component":"devcontainer","args":["up","--workspace-folder","/repo"],"msg":"devcontainer exec"}
@urateam/core:test: {"level":30,"time":"2026-05-26T22:52:10.467Z","pid":51079,"hostname":"95cf947da62c","name":"urateam","component":"devcontainer","worktreePath":"/repo","msg":"starting container"}
@urateam/core:test: {"level":30,"time":"2026-05-26T22:52:10.477Z","pid":51079,"hostname":"95cf947da62c","name":"urateam","component":"devcontainer","args":["up","--workspace-folder","/repo"],"msg":"devcontainer exec"}
@urateam/core:test: {"level":30,"time":"2026-05-26T22:52:10.477Z","pid":51079,"hostname":"95cf947da62c","name":"urateam","component":"devcontainer","worktreePath":"/repo","workspaceFolder":"/workspaces/my-project","msg":"container started"}
@urateam/core:test: {"level":30,"time":"2026-05-26T22:52:10.478Z","pid":51079,"hostname":"95cf947da62c","name":"urateam","component":"devcontainer","worktreePath":"/repo","msg":"starting container"}
@urateam/core:test: {"level":30,"time":"2026-05-26T22:52:10.478Z","pid":51079,"hostname":"95cf947da62c","name":"urateam","component":"devcontainer","args":["up","--workspace-folder","/repo"],"msg":"devcontainer exec"}
@urateam/core:test: {"level":30,"time":"2026-05-26T22:52:10.481Z","pid":51079,"hostname":"95cf947da62c","name":"urateam","component":"devcontainer","worktreePath":"/repo","workspaceFolder":"/workspaces/worktree","msg":"container started"}
@urateam/core:test:  ✓ src/__tests__/devcontainer.test.ts (8 tests) 90ms
@urateam/core:test: {"level":50,"time":"2026-05-26T22:52:15.902Z","pid":51203,"hostname":"95cf947da62c","name":"urateam","component":"PmAgent:scheduler","err":{"type":"TypeError","message":"actions.recoverRetriableRuns is not a function","stack":"TypeError: actions.recoverRetriableRuns is not a function\n    at Object.tick (/home/ura/data/runs/B7TEaqaYubzZqR2vcvyha/worktree/packages/core/src/pm/scheduler.ts:286:29)\n    at processTicksAndRejections (node:internal/process/task_queues:103:5)\n    at testActionSkippedWhenPaused (/home/ura/data/runs/B7TEaqaYubzZqR2vcvyha/worktree/packages/core/src/__tests__/reproduce-bec62.test.ts:79:5)\n    at /home/ura/data/runs/B7TEaqaYubzZqR2vcvyha/worktree/packages/core/src/__tests__/reproduce-bec62.test.ts:87:5\n    at file:///home/ura/data/runs/B7TEaqaYubzZqR2vcvyha/worktree/node_modules/.pnpm/@vitest+runner@3.2.4/node_modules/@vitest/runner/dist/chunk-hooks.js:752:20"},"msg":"recovery sweep failed"}
@urateam/core:test: {"level":50,"time":"2026-05-26T22:52:15.941Z","pid":51203,"hostname":"95cf947da62c","name":"urateam","component":"PmAgent:scheduler","err":{"type":"TypeError","message":"db.select is not a function","stack":"TypeError: db.select is not a function\n    at selectProbeCandidates (/home/ura/data/runs/B7TEaqaYubzZqR2vcvyha/worktree/packages/core/src/pm/actions/select-probe-candidates.ts:47:6)\n    at Object.tick (/home/ura/data/runs/B7TEaqaYubzZqR2vcvyha/worktree/packages/core/src/pm/scheduler.ts:368:38)\n    at processTicksAndRejections (node:internal/process/task_queues:103:5)\n    at testActionSkippedWhenPaused (/home/ura/data/runs/B7TEaqaYubzZqR2vcvyha/worktree/packages/core/src/__tests__/reproduce-bec62.test.ts:79:5)\n    at /home/ura/data/runs/B7TEaqaYubzZqR2vcvyha/worktree/packages/core/src/__tests__/reproduce-bec62.test.ts:87:5\n    at file:///home/ura/data/runs/B7TEaqaYubzZqR2vcvyha/worktree/node_modules/.pnpm/@vitest+runner@3.2.4/node_modules/@vitest/runner/dist/chunk-hooks.js:752:20"},"msg":"selectProbeCandidates failed"}
@urateam/core:test: {"level":30,"time":"2026-05-26T22:52:15.948Z","pid":51203,"hostname":"95cf947da62c","name":"urateam","component":"PmAgent:scheduler","msg":"PM Agent is paused — skipping start-todo, recover-stuck, promote, deprioritize, and cancel"}
@urateam/core:test: {"level":30,"time":"2026-05-26T22:52:15.949Z","pid":51203,"hostname":"95cf947da62c","name":"urateam","component":"license","tier":"oss","msg":"no license key set — running in OSS mode"}
@urateam/core:test: {"level":30,"time":"2026-05-26T22:52:15.949Z","pid":51203,"hostname":"95cf947da62c","name":"urateam","component":"PmAgent:scheduler","triaged":0,"promoted":0,"errors":2,"msg":"tick complete"}
@urateam/core:test: {"level":50,"time":"2026-05-26T22:52:15.954Z","pid":51203,"hostname":"95cf947da62c","name":"urateam","component":"PmAgent:scheduler","err":{"type":"TypeError","message":"actions.recoverRetriableRuns is not a function","stack":"TypeError: actions.recoverRetriableRuns is not a function\n    at Object.tick (/home/ura/data/runs/B7TEaqaYubzZqR2vcvyha/worktree/packages/core/src/pm/scheduler.ts:286:29)\n    at processTicksAndRejections (node:internal/process/task_queues:103:5)\n    at testActionSkippedWhenPaused (/home/ura/data/runs/B7TEaqaYubzZqR2vcvyha/worktree/packages/core/src/__tests__/reproduce-bec62.test.ts:79:5)\n    at /home/ura/data/runs/B7TEaqaYubzZqR2vcvyha/worktree/packages/core/src/__tests__/reproduce-bec62.test.ts:91:5\n    at file:///home/ura/data/runs/B7TEaqaYubzZqR2vcvyha/worktree/node_modules/.pnpm/@vitest+runner@3.2.4/node_modules/@vitest/runner/dist/chunk-hooks.js:752:20"},"msg":"recovery sweep failed"}
@urateam/core:test: {"level":50,"time":"2026-05-26T22:52:15.958Z","pid":51203,"hostname":"95cf947da62c","name":"urateam","component":"PmAgent:scheduler","err":{"type":"TypeError","message":"db.select is not a function","stack":"TypeError: db.select is not a function\n    at selectProbeCandidates (/home/ura/data/runs/B7TEaqaYubzZqR2vcvyha/worktree/packages/core/src/pm/actions/select-probe-candidates.ts:47:6)\n    at Object.tick (/home/ura/data/runs/B7TEaqaYubzZqR2vcvyha/worktree/packages/core/src/pm/scheduler.ts:368:38)\n    at processTicksAndRejections (node:internal/process/task_queues:103:5)\n    at testActionSkippedWhenPaused (/home/ura/data/runs/B7TEaqaYubzZqR2vcvyha/worktree/packages/core/src/__tests__/reproduce-bec62.test.ts:79:5)\n    at /home/ura/data/runs/B7TEaqaYubzZqR2vcvyha/worktree/packages/core/src/__tests__/reproduce-bec62.test.ts:91:5\n    at file:///home/ura/data/runs/B7TEaqaYubzZqR2vcvyha/worktree/node_modules/.pnpm/@vitest+runner@3.2.4/node_modules/@vitest/runner/dist/chunk-hooks.js:752:20"},"msg":"selectProbeCandidates failed"}
@urateam/core:test: {"level":30,"time":"2026-05-26T22:52:15.959Z","pid":51203,"hostname":"95cf947da62c","name":"urateam","component":"PmAgent:scheduler","msg":"PM Agent is paused — skipping start-todo, recover-stuck, promote, deprioritize, and cancel"}
@urateam/core:test: {"level":30,"time":"2026-05-26T22:52:15.959Z","pid":51203,"hostname":"95cf947da62c","name":"urateam","component":"PmAgent:scheduler","triaged":0,"promoted":0,"errors":2,"msg":"tick complete"}
@urateam/core:test: {"level":50,"time":"2026-05-26T22:52:15.963Z","pid":51203,"hostname":"95cf947da62c","name":"urateam","component":"PmAgent:scheduler","err":{"type":"TypeError","message":"actions.recoverRetriableRuns is not a function","stack":"TypeError: actions.recoverRetriableRuns is not a function\n    at Object.tick (/home/ura/data/runs/B7TEaqaYubzZqR2vcvyha/worktree/packages/core/src/pm/scheduler.ts:286:29)\n    at processTicksAndRejections (node:internal/process/task_queues:103:5)\n    at testActionSkippedWhenPaused (/home/ura/data/runs/B7TEaqaYubzZqR2vcvyha/worktree/packages/core/src/__tests__/reproduce-bec62.test.ts:79:5)\n    at /home/ura/data/runs/B7TEaqaYubzZqR2vcvyha/worktree/packages/core/src/__tests__/reproduce-bec62.test.ts:95:5\n    at file:///home/ura/data/runs/B7TEaqaYubzZqR2vcvyha/worktree/node_modules/.pnpm/@vitest+runner@3.2.4/node_modules/@vitest/runner/dist/chunk-hooks.js:752:20"},"msg":"recovery sweep failed"}
@urateam/core:test: {"level":50,"time":"2026-05-26T22:52:15.968Z","pid":51203,"hostname":"95cf947da62c","name":"urateam","component":"PmAgent:scheduler","err":{"type":"TypeError","message":"db.select is not a function","stack":"TypeError: db.select is not a function\n    at selectProbeCandidates (/home/ura/data/runs/B7TEaqaYubzZqR2vcvyha/worktree/packages/core/src/pm/actions/select-probe-candidates.ts:47:6)\n    at Object.tick (/home/ura/data/runs/B7TEaqaYubzZqR2vcvyha/worktree/packages/core/src/pm/scheduler.ts:368:38)\n    at processTicksAndRejections (node:internal/process/task_queues:103:5)\n    at testActionSkippedWhenPaused (/home/ura/data/runs/B7TEaqaYubzZqR2vcvyha/worktree/packages/core/src/__tests__/reproduce-bec62.test.ts:79:5)\n    at /home/ura/data/runs/B7TEaqaYubzZqR2vcvyha/worktree/packages/core/src/__tests__/reproduce-bec62.test.ts:95:5\n    at file:///home/ura/data/runs/B7TEaqaYubzZqR2vcvyha/worktree/node_modules/.pnpm/@vitest+runner@3.2.4/node_modules/@vitest/runner/dist/chunk-hooks.js:752:20"},"msg":"selectProbeCandidates failed"}
@urateam/core:test: {"level":30,"time":"2026-05-26T22:52:15.969Z","pid":51203,"hostname":"95cf947da62c","name":"urateam","component":"PmAgent:scheduler","msg":"PM Agent is paused — skipping start-todo, recover-stuck, promote, deprioritize, and cancel"}
@urateam/core:test: {"level":30,"time":"2026-05-26T22:52:15.969Z","pid":51203,"hostname":"95cf947da62c","name":"urateam","component":"PmAgent:scheduler","triaged":0,"promoted":0,"errors":2,"msg":"tick complete"}
@urateam/core:test: {"level":50,"time":"2026-05-26T22:52:15.970Z","pid":51203,"hostname":"95cf947da62c","name":"urateam","component":"PmAgent:scheduler","err":{"type":"TypeError","message":"actions.recoverRetriableRuns is not a function","stack":"TypeError: actions.recoverRetriableRuns is not a function\n    at Object.tick (/home/ura/data/runs/B7TEaqaYubzZqR2vcvyha/worktree/packages/core/src/pm/scheduler.ts:286:29)\n    at processTicksAndRejections (node:internal/process/task_queues:103:5)\n    at /home/ura/data/runs/B7TEaqaYubzZqR2vcvyha/worktree/packages/core/src/__tests__/reproduce-bec62.test.ts:102:5\n    at file:///home/ura/data/runs/B7TEaqaYubzZqR2vcvyha/worktree/node_modules/.pnpm/@vitest+runner@3.2.4/node_modules/@vitest/runner/dist/chunk-hooks.js:752:20"},"msg":"recovery sweep failed"}
@urateam/core:test: {"level":50,"time":"2026-05-26T22:52:15.970Z","pid":51203,"hostname":"95cf947da62c","name":"urateam","component":"PmAgent:scheduler","err":{"type":"TypeError","message":"db.select is not a function","stack":"TypeError: db.select is not a function\n    at selectProbeCandidates (/home/ura/data/runs/B7TEaqaYubzZqR2vcvyha/worktree/packages/core/src/pm/actions/select-probe-candidates.ts:47:6)\n    at Object.tick (/home/ura/data/runs/B7TEaqaYubzZqR2vcvyha/worktree/packages/core/src/pm/scheduler.ts:368:38)\n    at processTicksAndRejections (node:internal/process/task_queues:103:5)\n    at /home/ura/data/runs/B7TEaqaYubzZqR2vcvyha/worktree/packages/core/src/__tests__/reproduce-bec62.test.ts:102:5\n    at file:///home/ura/data/runs/B7TEaqaYubzZqR2vcvyha/worktree/node_modules/.pnpm/@vitest+runner@3.2.4/node_modules/@vitest/runner/dist/chunk-hooks.js:752:20"},"msg":"selectProbeCandidates failed"}
@urateam/core:test: {"level":30,"time":"2026-05-26T22:52:15.978Z","pid":51203,"hostname":"95cf947da62c","name":"urateam","component":"PmAgent:scheduler","msg":"PM Agent is paused — skipping start-todo, recover-stuck, promote, deprioritize, and cancel"}
@urateam/core:test: {"level":30,"time":"2026-05-26T22:52:15.978Z","pid":51203,"hostname":"95cf947da62c","name":"urateam","component":"PmAgent:scheduler","triaged":0,"promoted":0,"errors":2,"msg":"tick complete"}
@urateam/core:test:  ✓ src/__tests__/reproduce-bec62.test.ts (5 tests) 97ms
@urateam/core:test:  ❯ src/__tests__/license-end-to-end.test.ts (1 test | 1 skipped) 147060ms
@urateam/core:test:    ↓ license end-to-end (CLI issue → core validate) > CLI-issued enterprise JWT validates and unlocks enterprise features
@urateam/core:test: {"level":40,"time":"2026-05-26T22:52:18.841Z","pid":51526,"hostname":"95cf947da62c","name":"urateam","component":"branch-classifier","err":{"type":"Error","message":"gh not available","stack":"Error: gh not available\n    at /home/ura/data/runs/B7TEaqaYubzZqR2vcvyha/worktree/packages/core/src/__tests__/branch-classifier.test.ts:80:51\n    at file:///home/ura/data/runs/B7TEaqaYubzZqR2vcvyha/worktree/node_modules/.pnpm/@vitest+runner@3.2.4/node_modules/@vitest/runner/dist/chunk-hooks.js:155:11\n    at file:///home/ura/data/runs/B7TEaqaYubzZqR2vcvyha/worktree/node_modules/.pnpm/@vitest+runner@3.2.4/node_modules/@vitest/runner/dist/chunk-hooks.js:752:26\n    at file:///home/ura/data/runs/B7TEaqaYubzZqR2vcvyha/worktree/node_modules/.pnpm/@vitest+runner@3.2.4/node_modules/@vitest/runner/dist/chunk-hooks.js:1897:20\n    at new Promise (<anonymous>)\n    at runWithTimeout (file:///home/ura/data/runs/B7TEaqaYubzZqR2vcvyha/worktree/node_modules/.pnpm/@vitest+runner@3.2.4/node_modules/@vitest/runner/dist/chunk-hooks.js:1863:10)\n    at runTest (file:///home/ura/data/runs/B7TEaqaYubzZqR2vcvyha/worktree/node_modules/.pnpm/@vitest+runner@3.2.4/node_modules/@vitest/runner/dist/chunk-hooks.js:1574:12)\n    at processTicksAndRejections (node:internal/process/task_queues:103:5)\n    at runSuite (file:///home/ura/data/runs/B7TEaqaYubzZqR2vcvyha/worktree/node_modules/.pnpm/@vitest+runner@3.2.4/node_modules/@vitest/runner/dist/chunk-hooks.js:1729:8)\n    at runSuite (file:///home/ura/data/runs/B7TEaqaYubzZqR2vcvyha/worktree/node_modules/.pnpm/@vitest+runner@3.2.4/node_modules/@vitest/runner/dist/chunk-hooks.js:1729:8)"},"branch":"agent/BEC-207-support-oauth-token","msg":"PR check failed — treating as stale"}
@urateam/core:test:  ✓ src/__tests__/branch-classifier.test.ts (6 tests) 79ms
@urateam/core:test:  ✓ src/__tests__/db-qa-gap-issues.test.ts (4 tests) 276ms
@urateam/core:test: {"level":30,"time":"2026-05-26T22:52:22.783Z","pid":51748,"hostname":"95cf947da62c","name":"urateam","component":"license","tier":"enterprise","customerId":"cust_test","expiresAt":"2026-05-27T22:52:22.000Z","msg":"license key validated"}
@urateam/core:test: {"level":30,"time":"2026-05-26T22:52:22.858Z","pid":51748,"hostname":"95cf947da62c","name":"urateam","component":"license","tier":"enterprise","customerId":"cust_test","expiresAt":"2026-05-27T22:52:22.000Z","msg":"license key validated"}
@urateam/core:test: {"level":30,"time":"2026-05-26T22:52:22.901Z","pid":51748,"hostname":"95cf947da62c","name":"urateam","component":"license","tier":"enterprise","customerId":"cust_test","expiresAt":"2026-05-27T22:52:22.000Z","msg":"license key validated"}
@urateam/core:test:  ✓ src/__tests__/policy/evaluate.test.ts (4 tests) 341ms
@urateam/core:test:  ✓ src/__tests__/audit/projection.test.ts (6 tests) 27ms
@urateam/core:test: {"level":30,"time":"2026-05-26T22:52:26.315Z","pid":52032,"hostname":"95cf947da62c","name":"urateam","component":"license","tier":"enterprise","customerId":"cust_test","expiresAt":"2026-05-27T22:52:26.000Z","msg":"license key validated"}
@urateam/core:test: {"level":30,"time":"2026-05-26T22:52:26.461Z","pid":52032,"hostname":"95cf947da62c","name":"urateam","component":"license","tier":"enterprise","customerId":"cust_test","expiresAt":"2026-05-27T22:52:26.000Z","msg":"license key validated"}
@urateam/core:test: {"level":30,"time":"2026-05-26T22:52:26.506Z","pid":52032,"hostname":"95cf947da62c","name":"urateam","component":"license","tier":"enterprise","customerId":"cust_test","expiresAt":"2026-05-27T22:52:26.000Z","msg":"license key validated"}
@urateam/core:test:  ✓ src/__tests__/rbac/user-role-store.test.ts (9 tests) 442ms
@urateam/core:test: {"level":30,"time":"2026-05-26T22:52:28.054Z","pid":52180,"hostname":"95cf947da62c","name":"urateam","component":"license","tier":"enterprise","customerId":"cust_test","expiresAt":"2026-05-27T22:52:27.000Z","msg":"license key validated"}
@urateam/core:test: {"level":30,"time":"2026-05-26T22:52:28.061Z","pid":52180,"hostname":"95cf947da62c","name":"urateam","component":"audit.retention","retentionDays":365,"cutoff":"2025-05-26T22:52:28.061Z","deleted":0,"msg":"audit log pruned"}
@urateam/core:test: {"level":30,"time":"2026-05-26T22:52:28.061Z","pid":52180,"hostname":"95cf947da62c","name":"urateam","component":"auth.session","deleted":1,"msg":"expired sessions pruned"}
@urateam/core:test: {"level":30,"time":"2026-05-26T22:52:28.062Z","pid":52180,"hostname":"95cf947da62c","name":"urateam","component":"cost.rollup","firstDate":"2026-04-26","yesterdayStr":"2026-05-25","days":30,"msg":"cost rollup: first run, backfilling"}
@urateam/core:test: {"level":30,"time":"2026-05-26T22:52:28.067Z","pid":52180,"hostname":"95cf947da62c","name":"urateam","component":"cost.rollup","date":"2026-04-26","rowsWritten":0,"msg":"no runs to roll up"}
@urateam/core:test: {"level":30,"time":"2026-05-26T22:52:28.068Z","pid":52180,"hostname":"95cf947da62c","name":"urateam","component":"cost.rollup","date":"2026-04-27","rowsWritten":0,"msg":"no runs to roll up"}
@urateam/core:test: {"level":30,"time":"2026-05-26T22:52:28.072Z","pid":52180,"hostname":"95cf947da62c","name":"urateam","component":"cost.rollup","date":"2026-04-28","rowsWritten":0,"msg":"no runs to roll up"}
@urateam/core:test: {"level":30,"time":"2026-05-26T22:52:28.073Z","pid":52180,"hostname":"95cf947da62c","name":"urateam","component":"cost.rollup","date":"2026-04-29","rowsWritten":0,"msg":"no runs to roll up"}
@urateam/core:test: {"level":30,"time":"2026-05-26T22:52:28.073Z","pid":52180,"hostname":"95cf947da62c","name":"urateam","component":"cost.rollup","date":"2026-04-30","rowsWritten":0,"msg":"no runs to roll up"}
@urateam/core:test: {"level":30,"time":"2026-05-26T22:52:28.074Z","pid":52180,"hostname":"95cf947da62c","name":"urateam","component":"cost.rollup","date":"2026-05-01","rowsWritten":0,"msg":"no runs to roll up"}
@urateam/core:test: {"level":30,"time":"2026-05-26T22:52:28.081Z","pid":52180,"hostname":"95cf947da62c","name":"urateam","component":"cost.rollup","date":"2026-05-02","rowsWritten":0,"msg":"no runs to roll up"}
@urateam/core:test: {"level":30,"time":"2026-05-26T22:52:28.081Z","pid":52180,"hostname":"95cf947da62c","name":"urateam","component":"cost.rollup","date":"2026-05-03","rowsWritten":0,"msg":"no runs to roll up"}
@urateam/core:test: {"level":30,"time":"2026-05-26T22:52:28.082Z","pid":52180,"hostname":"95cf947da62c","name":"urateam","component":"cost.rollup","date":"2026-05-04","rowsWritten":0,"msg":"no runs to roll up"}
@urateam/core:test: {"level":30,"time":"2026-05-26T22:52:28.082Z","pid":52180,"hostname":"95cf947da62c","name":"urateam","component":"cost.rollup","date":"2026-05-05","rowsWritten":0,"msg":"no runs to roll up"}
@urateam/core:test: {"level":30,"time":"2026-05-26T22:52:28.086Z","pid":52180,"hostname":"95cf947da62c","name":"urateam","component":"cost.rollup","date":"2026-05-06","rowsWritten":0,"msg":"no runs to roll up"}
@urateam/core:test: {"level":30,"time":"2026-05-26T22:52:28.087Z","pid":52180,"hostname":"95cf947da62c","name":"urateam","component":"cost.rollup","date":"2026-05-07","rowsWritten":0,"msg":"no runs to roll up"}
@urateam/core:test: {"level":30,"time":"2026-05-26T22:52:28.087Z","pid":52180,"hostname":"95cf947da62c","name":"urateam","component":"cost.rollup","date":"2026-05-08","rowsWritten":0,"msg":"no runs to roll up"}
@urateam/core:test: {"level":30,"time":"2026-05-26T22:52:28.088Z","pid":52180,"hostname":"95cf947da62c","name":"urateam","component":"cost.rollup","date":"2026-05-09","rowsWritten":0,"msg":"no runs to roll up"}
@urateam/core:test: {"level":30,"time":"2026-05-26T22:52:28.088Z","pid":52180,"hostname":"95cf947da62c","name":"urateam","component":"cost.rollup","date":"2026-05-10","rowsWritten":0,"msg":"no runs to roll up"}
@urateam/core:test: {"level":30,"time":"2026-05-26T22:52:28.093Z","pid":52180,"hostname":"95cf947da62c","name":"urateam","component":"cost.rollup","date":"2026-05-11","rowsWritten":0,"msg":"no runs to roll up"}
@urateam/core:test: {"level":30,"time":"2026-05-26T22:52:28.094Z","pid":52180,"hostname":"95cf947da62c","name":"urateam","component":"cost.rollup","date":"2026-05-12","rowsWritten":0,"msg":"no runs to roll up"}
@urateam/core:test: {"level":30,"time":"2026-05-26T22:52:28.094Z","pid":52180,"hostname":"95cf947da62c","name":"urateam","component":"cost.rollup","date":"2026-05-13","rowsWritten":0,"msg":"no runs to roll up"}
@urateam/core:test: {"level":30,"time":"2026-05-26T22:52:28.094Z","pid":52180,"hostname":"95cf947da62c","name":"urateam","component":"cost.rollup","date":"2026-05-14","rowsWritten":0,"msg":"no runs to roll up"}
@urateam/core:test: {"level":30,"time":"2026-05-26T22:52:28.095Z","pid":52180,"hostname":"95cf947da62c","name":"urateam","component":"cost.rollup","date":"2026-05-15","rowsWritten":0,"msg":"no runs to roll up"}
@urateam/core:test:  ✓ src/__tests__/review-prompt.test.ts (8 tests) 49ms
@urateam/core:test: {"level":30,"time":"2026-05-26T22:52:28.095Z","pid":52180,"hostname":"95cf947da62c","name":"urateam","component":"cost.rollup","date":"2026-05-16","rowsWritten":0,"msg":"no runs to roll up"}
@urateam/core:test: {"level":30,"time":"2026-05-26T22:52:28.100Z","pid":52180,"hostname":"95cf947da62c","name":"urateam","component":"cost.rollup","date":"2026-05-17","rowsWritten":0,"msg":"no runs to roll up"}
@urateam/core:test: {"level":30,"time":"2026-05-26T22:52:28.100Z","pid":52180,"hostname":"95cf947da62c","name":"urateam","component":"cost.rollup","date":"2026-05-18","rowsWritten":0,"msg":"no runs to roll up"}
@urateam/core:test: {"level":30,"time":"2026-05-26T22:52:28.101Z","pid":52180,"hostname":"95cf947da62c","name":"urateam","component":"cost.rollup","date":"2026-05-19","rowsWritten":0,"msg":"no runs to roll up"}
@urateam/core:test: {"level":30,"time":"2026-05-26T22:52:28.101Z","pid":52180,"hostname":"95cf947da62c","name":"urateam","component":"cost.rollup","date":"2026-05-20","rowsWritten":0,"msg":"no runs to roll up"}
@urateam/core:test: {"level":30,"time":"2026-05-26T22:52:28.105Z","pid":52180,"hostname":"95cf947da62c","name":"urateam","component":"cost.rollup","date":"2026-05-21","rowsWritten":0,"msg":"no runs to roll up"}
@urateam/core:test: {"level":30,"time":"2026-05-26T22:52:28.106Z","pid":52180,"hostname":"95cf947da62c","name":"urateam","component":"cost.rollup","date":"2026-05-22","rowsWritten":0,"msg":"no runs to roll up"}
@urateam/core:test: {"level":30,"time":"2026-05-26T22:52:28.106Z","pid":52180,"hostname":"95cf947da62c","name":"urateam","component":"cost.rollup","date":"2026-05-23","rowsWritten":0,"msg":"no runs to roll up"}
@urateam/core:test: {"level":30,"time":"2026-05-26T22:52:28.108Z","pid":52180,"hostname":"95cf947da62c","name":"urateam","component":"cost.rollup","date":"2026-05-24","rowsWritten":0,"msg":"no runs to roll up"}
@urateam/core:test: {"level":30,"time":"2026-05-26T22:52:28.109Z","pid":52180,"hostname":"95cf947da62c","name":"urateam","component":"cost.rollup","date":"2026-05-25","rowsWritten":0,"msg":"no runs to roll up"}
@urateam/core:test: {"level":30,"time":"2026-05-26T22:52:28.109Z","pid":52180,"hostname":"95cf947da62c","name":"urateam","component":"PmAgent:scheduler","triaged":0,"promoted":0,"errors":0,"msg":"tick complete"}
@urateam/core:test: {"level":30,"time":"2026-05-26T22:52:28.169Z","pid":52180,"hostname":"95cf947da62c","name":"urateam","component":"license","tier":"enterprise","customerId":"cust_test","expiresAt":"2026-05-27T22:52:28.000Z","msg":"license key validated"}
@urateam/core:test: {"level":30,"time":"2026-05-26T22:52:28.169Z","pid":52180,"hostname":"95cf947da62c","name":"urateam","component":"audit.retention","retentionDays":365,"cutoff":"2025-05-26T22:52:28.169Z","deleted":0,"msg":"audit log pruned"}
@urateam/core:test: {"level":40,"time":"2026-05-26T22:52:28.169Z","pid":52180,"hostname":"95cf947da62c","name":"urateam","component":"PmAgent:scheduler","err":{"type":"SqliteError","message":"no such table: dashboard_sessions","stack":"SqliteError: no such table: dashboard_sessions\n    at Database.prepare (/home/ura/data/runs/B7TEaqaYubzZqR2vcvyha/worktree/node_modules/.pnpm/better-sqlite3@11.10.0/node_modules/better-sqlite3/lib/methods/wrappers.js:5:21)\n    at BetterSQLiteSession.prepareQuery (file:///home/ura/data/runs/B7TEaqaYubzZqR2vcvyha/worktree/node_modules/.pnpm/drizzle-orm@0.38.4_@types+better-sqlite3@7.6.13_better-sqlite3@11.10.0_postgres@3.4.9/node_modules/src/better-sqlite3/session.ts:50:28)\n    at BetterSQLiteSession.prepareOneTimeQuery (file:///home/ura/data/runs/B7TEaqaYubzZqR2vcvyha/worktree/node_modules/.pnpm/drizzle-orm@0.38.4_@types+better-sqlite3@7.6.13_better-sqlite3@11.10.0_postgres@3.4.9/node_modules/src/sqlite-core/session.ts:135:15)\n    at QueryPromise._prepare (file:///home/ura/data/runs/B7TEaqaYubzZqR2vcvyha/worktree/node_modules/.pnpm/drizzle-orm@0.38.4_@types+better-sqlite3@7.6.13_better-sqlite3@11.10.0_postgres@3.4.9/node_modules/src/sqlite-core/query-builders/delete.ts:266:78)\n    at QueryPromise.execute (file:///home/ura/data/runs/B7TEaqaYubzZqR2vcvyha/worktree/node_modules/.pnpm/drizzle-orm@0.38.4_@types+better-sqlite3@7.6.13_better-sqlite3@11.10.0_postgres@3.4.9/node_modules/src/sqlite-core/query-builders/delete.ts:295:15)\n    at QueryPromise.then (file:///home/ura/data/runs/B7TEaqaYubzZqR2vcvyha/worktree/node_modules/.pnpm/drizzle-orm@0.38.4_@types+better-sqlite3@7.6.13_better-sqlite3@11.10.0_postgres@3.4.9/node_modules/src/query-promise.ts:31:15)\n    at processTicksAndRejections (node:internal/process/task_queues:103:5)","code":"SQLITE_ERROR"},"msg":"session prune failed"}
@urateam/core:test: {"level":30,"time":"2026-05-26T22:52:28.203Z","pid":52180,"hostname":"95cf947da62c","name":"urateam","component":"cost.rollup","firstDate":"2026-04-26","yesterdayStr":"2026-05-25","days":30,"msg":"cost rollup: first run, backfilling"}
@urateam/core:test: {"level":30,"time":"2026-05-26T22:52:28.204Z","pid":52180,"hostname":"95cf947da62c","name":"urateam","component":"cost.rollup","date":"2026-04-26","rowsWritten":0,"msg":"no runs to roll up"}
@urateam/core:test: {"level":30,"time":"2026-05-26T22:52:28.204Z","pid":52180,"hostname":"95cf947da62c","name":"urateam","component":"cost.rollup","date":"2026-04-27","rowsWritten":0,"msg":"no runs to roll up"}
@urateam/core:test: {"level":30,"time":"2026-05-26T22:52:28.206Z","pid":52180,"hostname":"95cf947da62c","name":"urateam","component":"cost.rollup","date":"2026-04-28","rowsWritten":0,"msg":"no runs to roll up"}
@urateam/core:test: {"level":30,"time":"2026-05-26T22:52:28.206Z","pid":52180,"hostname":"95cf947da62c","name":"urateam","component":"cost.rollup","date":"2026-04-29","rowsWritten":0,"msg":"no runs to roll up"}
@urateam/core:test: {"level":30,"time":"2026-05-26T22:52:28.207Z","pid":52180,"hostname":"95cf947da62c","name":"urateam","component":"cost.rollup","date":"2026-04-30","rowsWritten":0,"msg":"no runs to roll up"}
@urateam/core:test: {"level":30,"time":"2026-05-26T22:52:28.207Z","pid":52180,"hostname":"95cf947da62c","name":"urateam","component":"cost.rollup","date":"2026-05-01","rowsWritten":0,"msg":"no runs to roll up"}
@urateam/core:test: {"level":30,"time":"2026-05-26T22:52:28.208Z","pid":52180,"hostname":"95cf947da62c","name":"urateam","component":"cost.rollup","date":"2026-05-02","rowsWritten":0,"msg":"no runs to roll up"}
@urateam/core:test: {"level":30,"time":"2026-05-26T22:52:28.208Z","pid":52180,"hostname":"95cf947da62c","name":"urateam","component":"cost.rollup","date":"2026-05-03","rowsWritten":0,"msg":"no runs to roll up"}
@urateam/core:test: {"level":30,"time":"2026-05-26T22:52:28.209Z","pid":52180,"hostname":"95cf947da62c","name":"urateam","component":"cost.rollup","date":"2026-05-04","rowsWritten":0,"msg":"no runs to roll up"}
@urateam/core:test: {"level":30,"time":"2026-05-26T22:52:28.209Z","pid":52180,"hostname":"95cf947da62c","name":"urateam","component":"cost.rollup","date":"2026-05-05","rowsWritten":0,"msg":"no runs to roll up"}
@urateam/core:test: {"level":30,"time":"2026-05-26T22:52:28.210Z","pid":52180,"hostname":"95cf947da62c","name":"urateam","component":"cost.rollup","date":"2026-05-06","rowsWritten":0,"msg":"no runs to roll up"}
@urateam/core:test: {"level":30,"time":"2026-05-26T22:52:28.211Z","pid":52180,"hostname":"95cf947da62c","name":"urateam","component":"cost.rollup","date":"2026-05-07","rowsWritten":0,"msg":"no runs to roll up"}
@urateam/core:test: {"level":30,"time":"2026-05-26T22:52:28.211Z","pid":52180,"hostname":"95cf947da62c","name":"urateam","component":"cost.rollup","date":"2026-05-08","rowsWritten":0,"msg":"no runs to roll up"}
@urateam/core:test: {"level":30,"time":"2026-05-26T22:52:28.212Z","pid":52180,"hostname":"95cf947da62c","name":"urateam","component":"cost.rollup","date":"2026-05-09","rowsWritten":0,"msg":"no runs to roll up"}
@urateam/core:test: {"level":30,"time":"2026-05-26T22:52:28.213Z","pid":52180,"hostname":"95cf947da62c","name":"urateam","component":"cost.rollup","date":"2026-05-10","rowsWritten":0,"msg":"no runs to roll up"}
@urateam/core:test: {"level":30,"time":"2026-05-26T22:52:28.213Z","pid":52180,"hostname":"95cf947da62c","name":"urateam","component":"cost.rollup","date":"2026-05-11","rowsWritten":0,"msg":"no runs to roll up"}
@urateam/core:test: {"level":30,"time":"2026-05-26T22:52:28.213Z","pid":52180,"hostname":"95cf947da62c","name":"urateam","component":"cost.rollup","date":"2026-05-12","rowsWritten":0,"msg":"no runs to roll up"}
@urateam/core:test: {"level":30,"time":"2026-05-26T22:52:28.214Z","pid":52180,"hostname":"95cf947da62c","name":"urateam","component":"cost.rollup","date":"2026-05-13","rowsWritten":0,"msg":"no runs to roll up"}
@urateam/core:test: {"level":30,"time":"2026-05-26T22:52:28.214Z","pid":52180,"hostname":"95cf947da62c","name":"urateam","component":"cost.rollup","date":"2026-05-14","rowsWritten":0,"msg":"no runs to roll up"}
@urateam/core:test: {"level":30,"time":"2026-05-26T22:52:28.216Z","pid":52180,"hostname":"95cf947da62c","name":"urateam","component":"cost.rollup","date":"2026-05-15","rowsWritten":0,"msg":"no runs to roll up"}
@urateam/core:test: {"level":30,"time":"2026-05-26T22:52:28.217Z","pid":52180,"hostname":"95cf947da62c","name":"urateam","component":"cost.rollup","date":"2026-05-16","rowsWritten":0,"msg":"no runs to roll up"}
@urateam/core:test: {"level":30,"time":"2026-05-26T22:52:28.218Z","pid":52180,"hostname":"95cf947da62c","name":"urateam","component":"cost.rollup","date":"2026-05-17","rowsWritten":0,"msg":"no runs to roll up"}
@urateam/core:test: {"level":30,"time":"2026-05-26T22:52:28.218Z","pid":52180,"hostname":"95cf947da62c","name":"urateam","component":"cost.rollup","date":"2026-05-18","rowsWritten":0,"msg":"no runs to roll up"}
@urateam/core:test: {"level":30,"time":"2026-05-26T22:52:28.218Z","pid":52180,"hostname":"95cf947da62c","name":"urateam","component":"cost.rollup","date":"2026-05-19","rowsWritten":0,"msg":"no runs to roll up"}
@urateam/core:test: {"level":30,"time":"2026-05-26T22:52:28.218Z","pid":52180,"hostname":"95cf947da62c","name":"urateam","component":"cost.rollup","date":"2026-05-20","rowsWritten":0,"msg":"no runs to roll up"}
@urateam/core:test: {"level":30,"time":"2026-05-26T22:52:28.219Z","pid":52180,"hostname":"95cf947da62c","name":"urateam","component":"cost.rollup","date":"2026-05-21","rowsWritten":0,"msg":"no runs to roll up"}
@urateam/core:test: {"level":30,"time":"2026-05-26T22:52:28.219Z","pid":52180,"hostname":"95cf947da62c","name":"urateam","component":"cost.rollup","date":"2026-05-22","rowsWritten":0,"msg":"no runs to roll up"}
@urateam/core:test: {"level":30,"time":"2026-05-26T22:52:28.220Z","pid":52180,"hostname":"95cf947da62c","name":"urateam","component":"cost.rollup","date":"2026-05-23","rowsWritten":0,"msg":"no runs to roll up"}
@urateam/core:test: {"level":30,"time":"2026-05-26T22:52:28.220Z","pid":52180,"hostname":"95cf947da62c","name":"urateam","component":"cost.rollup","date":"2026-05-24","rowsWritten":0,"msg":"no runs to roll up"}
@urateam/core:test: {"level":30,"time":"2026-05-26T22:52:28.222Z","pid":52180,"hostname":"95cf947da62c","name":"urateam","component":"cost.rollup","date":"2026-05-25","rowsWritten":0,"msg":"no runs to roll up"}
@urateam/core:test: {"level":30,"time":"2026-05-26T22:52:28.223Z","pid":52180,"hostname":"95cf947da62c","name":"urateam","component":"PmAgent:scheduler","triaged":0,"promoted":0,"errors":0,"msg":"tick complete"}
@urateam/core:test:  ✓ src/__tests__/pm-sso-prune-step.test.ts (2 tests) 268ms
@urateam/core:test:  ✓ src/__tests__/tech-stack.test.ts (8 tests) 79ms
@urateam/core:test: {"level":40,"time":"2026-05-26T22:52:29.375Z","pid":52604,"hostname":"95cf947da62c","name":"urateam","component":"pipeline.config","envValue":"lots","var":"URATEAM_DEEP_REVIEW_PASSES","msg":"URATEAM_DEEP_REVIEW_PASSES must be a non-negative integer — ignoring"}
@urateam/core:test: {"level":40,"time":"2026-05-26T22:52:29.377Z","pid":52604,"hostname":"95cf947da62c","name":"urateam","component":"pipeline.config","envValue":"-1","var":"URATEAM_DEEP_REVIEW_PASSES","msg":"URATEAM_DEEP_REVIEW_PASSES must be a non-negative integer — ignoring"}
@urateam/core:test: {"level":40,"time":"2026-05-26T22:52:29.378Z","pid":52604,"hostname":"95cf947da62c","name":"urateam","component":"pipeline.config","envValue":"","var":"URATEAM_DEEP_REVIEW_PASSES","msg":"URATEAM_DEEP_REVIEW_PASSES must be a non-negative integer — ignoring"}
@urateam/core:test: {"level":40,"time":"2026-05-26T22:52:29.378Z","pid":52604,"hostname":"95cf947da62c","name":"urateam","component":"pipeline.config","envValue":"1.5","var":"URATEAM_DEEP_REVIEW_PASSES","msg":"URATEAM_DEEP_REVIEW_PASSES must be a non-negative integer — ignoring"}
@urateam/core:test: {"level":40,"time":"2026-05-26T22:52:29.378Z","pid":52604,"hostname":"95cf947da62c","name":"urateam","component":"pipeline.config","envValue":"1e2","var":"URATEAM_DEEP_REVIEW_PASSES","msg":"URATEAM_DEEP_REVIEW_PASSES must be a non-negative integer — ignoring"}
@urateam/core:test:  ✓ src/__tests__/deep-review-passes-override.test.ts (7 tests) 21ms
@urateam/core:test: {"level":50,"time":"2026-05-26T22:52:31.426Z","pid":52699,"hostname":"95cf947da62c","name":"urateam","component":"git","args":["diff","--stat","HEAD"],"cwd":"/tmp/x","stderr":"","msg":"git diff failed"}
@urateam/core:test:  ✓ src/__tests__/db-release-decisions.test.ts (3 tests) 182ms
@urateam/core:test: {"level":50,"time":"2026-05-26T22:52:31.750Z","pid":52699,"hostname":"95cf947da62c","name":"urateam","component":"DeepReview","agent":"quality","err":"Claude Code executable not found at /home/ura/data/runs/B7TEaqaYubzZqR2vcvyha/worktree/node_modules/.pnpm/@anthropic-ai+claude-agent-sdk@0.2.101_zod@4.3.6/node_modules/@anthropic-ai/claude-agent-sdk/cli.js. Is options.pathToClaudeCodeExecutable set?","msg":"deep-review sub-agent failed"}
@urateam/core:test: {"level":50,"time":"2026-05-26T22:52:31.751Z","pid":52699,"hostname":"95cf947da62c","name":"urateam","component":"DeepReview","agent":"efficiency","err":"Claude Code executable not found at /home/ura/data/runs/B7TEaqaYubzZqR2vcvyha/worktree/node_modules/.pnpm/@anthropic-ai+claude-agent-sdk@0.2.101_zod@4.3.6/node_modules/@anthropic-ai/claude-agent-sdk/cli.js. Is options.pathToClaudeCodeExecutable set?","msg":"deep-review sub-agent failed"}
@urateam/core:test: {"level":30,"time":"2026-05-26T22:52:31.751Z","pid":52699,"hostname":"95cf947da62c","name":"urateam","component":"DeepReview","reuse":0,"quality":0,"efficiency":0,"total":0,"msg":"deep review complete"}
@urateam/core:test: {"level":50,"time":"2026-05-26T22:52:31.762Z","pid":52699,"hostname":"95cf947da62c","name":"urateam","component":"git","args":["diff","--stat","HEAD"],"cwd":"/tmp/x","stderr":"","msg":"git diff failed"}
@urateam/core:test: {"level":50,"time":"2026-05-26T22:52:31.795Z","pid":52699,"hostname":"95cf947da62c","name":"urateam","component":"DeepReview","agent":"quality","err":"Claude Code executable not found at /home/ura/data/runs/B7TEaqaYubzZqR2vcvyha/worktree/node_modules/.pnpm/@anthropic-ai+claude-agent-sdk@0.2.101_zod@4.3.6/node_modules/@anthropic-ai/claude-agent-sdk/cli.js. Is options.pathToClaudeCodeExecutable set?","msg":"deep-review sub-agent failed"}
@urateam/core:test: {"level":50,"time":"2026-05-26T22:52:31.795Z","pid":52699,"hostname":"95cf947da62c","name":"urateam","component":"DeepReview","agent":"efficiency","err":"Claude Code executable not found at /home/ura/data/runs/B7TEaqaYubzZqR2vcvyha/worktree/node_modules/.pnpm/@anthropic-ai+claude-agent-sdk@0.2.101_zod@4.3.6/node_modules/@anthropic-ai/claude-agent-sdk/cli.js. Is options.pathToClaudeCodeExecutable set?","msg":"deep-review sub-agent failed"}
@urateam/core:test: {"level":30,"time":"2026-05-26T22:52:31.795Z","pid":52699,"hostname":"95cf947da62c","name":"urateam","component":"DeepReview","reuse":0,"quality":0,"efficiency":0,"total":0,"msg":"deep review complete"}
@urateam/core:test:  ✓ src/__tests__/deep-review-resume.test.ts (2 tests) 388ms
@urateam/core:test:    ✓ deep-review resume (BEC-227, Task 11) > agentSessionId provided + resumable model + not-first → passes resume in options  342ms
@urateam/core:test:  ✓ src/__tests__/release-manager-versioning.test.ts (11 tests) 19ms
@urateam/core:test:  ✓ src/__tests__/release-manager-github.test.ts (8 tests) 45ms
@urateam/core:test: {"level":50,"time":"2026-05-26T22:52:34.867Z","pid":53131,"hostname":"95cf947da62c","name":"urateam","component":"git","args":["worktree","prune"],"cwd":"/tmp/prune-base-PColbg/worktree-style","stderr":"fatal: not a git repository: /tmp/some-real-gitdir\n","msg":"git worktree failed"}
@urateam/core:test:  ✓ src/__tests__/prune-worktrees-in-repo-dirs.test.ts (4 tests) 175ms
@urateam/core:test:  ✓ src/__tests__/triage-results-store.test.ts (5 tests) 330ms
@urateam/core:test:  ✓ src/__tests__/agentic-deep-review-provider.test.ts (2 tests) 94ms
@urateam/core:test:  ✓ src/__tests__/mcp-resolver.test.ts (10 tests) 45ms
@urateam/core:test: {"level":30,"time":"2026-05-26T22:52:38.152Z","pid":53322,"hostname":"95cf947da62c","name":"urateam","component":"license","tier":"enterprise","customerId":"cust_test","expiresAt":"2026-05-27T22:52:38.000Z","msg":"license key validated"}
@urateam/core:test: {"level":30,"time":"2026-05-26T22:52:38.174Z","pid":53322,"hostname":"95cf947da62c","name":"urateam","component":"cost.rollup","firstDate":"2026-04-26","yesterdayStr":"2026-05-25","days":30,"msg":"cost rollup: first run, backfilling"}
@urateam/core:test: {"level":30,"time":"2026-05-26T22:52:38.175Z","pid":53322,"hostname":"95cf947da62c","name":"urateam","component":"cost.rollup","date":"2026-04-26","rowsWritten":0,"msg":"no runs to roll up"}
@urateam/core:test: {"level":30,"time":"2026-05-26T22:52:38.176Z","pid":53322,"hostname":"95cf947da62c","name":"urateam","component":"cost.rollup","date":"2026-04-27","rowsWritten":0,"msg":"no runs to roll up"}
@urateam/core:test: {"level":30,"time":"2026-05-26T22:52:38.177Z","pid":53322,"hostname":"95cf947da62c","name":"urateam","component":"cost.rollup","date":"2026-04-28","rowsWritten":0,"msg":"no runs to roll up"}
@urateam/core:test: {"level":30,"time":"2026-05-26T22:52:38.177Z","pid":53322,"hostname":"95cf947da62c","name":"urateam","component":"cost.rollup","date":"2026-04-29","rowsWritten":0,"msg":"no runs to roll up"}
@urateam/core:test: {"level":30,"time":"2026-05-26T22:52:38.178Z","pid":53322,"hostname":"95cf947da62c","name":"urateam","component":"cost.rollup","date":"2026-04-30","rowsWritten":0,"msg":"no runs to roll up"}
@urateam/core:test: {"level":30,"time":"2026-05-26T22:52:38.179Z","pid":53322,"hostname":"95cf947da62c","name":"urateam","component":"cost.rollup","date":"2026-05-01","rowsWritten":0,"msg":"no runs to roll up"}
@urateam/core:test: {"level":30,"time":"2026-05-26T22:52:38.180Z","pid":53322,"hostname":"95cf947da62c","name":"urateam","component":"cost.rollup","date":"2026-05-02","rowsWritten":0,"msg":"no runs to roll up"}
@urateam/core:test: {"level":30,"time":"2026-05-26T22:52:38.180Z","pid":53322,"hostname":"95cf947da62c","name":"urateam","component":"cost.rollup","date":"2026-05-03","rowsWritten":0,"msg":"no runs to roll up"}
@urateam/core:test: {"level":30,"time":"2026-05-26T22:52:38.181Z","pid":53322,"hostname":"95cf947da62c","name":"urateam","component":"cost.rollup","date":"2026-05-04","rowsWritten":0,"msg":"no runs to roll up"}
@urateam/core:test: {"level":30,"time":"2026-05-26T22:52:38.182Z","pid":53322,"hostname":"95cf947da62c","name":"urateam","component":"cost.rollup","date":"2026-05-05","rowsWritten":0,"msg":"no runs to roll up"}
@urateam/core:test: {"level":30,"time":"2026-05-26T22:52:38.183Z","pid":53322,"hostname":"95cf947da62c","name":"urateam","component":"cost.rollup","date":"2026-05-06","rowsWritten":0,"msg":"no runs to roll up"}
@urateam/core:test: {"level":30,"time":"2026-05-26T22:52:38.183Z","pid":53322,"hostname":"95cf947da62c","name":"urateam","component":"cost.rollup","date":"2026-05-07","rowsWritten":0,"msg":"no runs to roll up"}
@urateam/core:test: {"level":30,"time":"2026-05-26T22:52:38.183Z","pid":53322,"hostname":"95cf947da62c","name":"urateam","component":"cost.rollup","date":"2026-05-08","rowsWritten":0,"msg":"no runs to roll up"}
@urateam/core:test: {"level":30,"time":"2026-05-26T22:52:38.184Z","pid":53322,"hostname":"95cf947da62c","name":"urateam","component":"cost.rollup","date":"2026-05-09","rowsWritten":0,"msg":"no runs to roll up"}
@urateam/core:test: {"level":30,"time":"2026-05-26T22:52:38.185Z","pid":53322,"hostname":"95cf947da62c","name":"urateam","component":"cost.rollup","date":"2026-05-10","rowsWritten":0,"msg":"no runs to roll up"}
@urateam/core:test: {"level":30,"time":"2026-05-26T22:52:38.185Z","pid":53322,"hostname":"95cf947da62c","name":"urateam","component":"cost.rollup","date":"2026-05-11","rowsWritten":0,"msg":"no runs to roll up"}
@urateam/core:test: {"level":30,"time":"2026-05-26T22:52:38.186Z","pid":53322,"hostname":"95cf947da62c","name":"urateam","component":"cost.rollup","date":"2026-05-12","rowsWritten":0,"msg":"no runs to roll up"}
@urateam/core:test: {"level":30,"time":"2026-05-26T22:52:38.186Z","pid":53322,"hostname":"95cf947da62c","name":"urateam","component":"cost.rollup","date":"2026-05-13","rowsWritten":0,"msg":"no runs to roll up"}
@urateam/core:test: {"level":30,"time":"2026-05-26T22:52:38.187Z","pid":53322,"hostname":"95cf947da62c","name":"urateam","component":"cost.rollup","date":"2026-05-14","rowsWritten":0,"msg":"no runs to roll up"}
@urateam/core:test: {"level":30,"time":"2026-05-26T22:52:38.187Z","pid":53322,"hostname":"95cf947da62c","name":"urateam","component":"cost.rollup","date":"2026-05-15","rowsWritten":0,"msg":"no runs to roll up"}
@urateam/core:test: {"level":30,"time":"2026-05-26T22:52:38.188Z","pid":53322,"hostname":"95cf947da62c","name":"urateam","component":"cost.rollup","date":"2026-05-16","rowsWritten":0,"msg":"no runs to roll up"}
@urateam/core:test: {"level":30,"time":"2026-05-26T22:52:38.188Z","pid":53322,"hostname":"95cf947da62c","name":"urateam","component":"cost.rollup","date":"2026-05-17","rowsWritten":0,"msg":"no runs to roll up"}
@urateam/core:test: {"level":30,"time":"2026-05-26T22:52:38.189Z","pid":53322,"hostname":"95cf947da62c","name":"urateam","component":"cost.rollup","date":"2026-05-18","rowsWritten":0,"msg":"no runs to roll up"}
@urateam/core:test: {"level":30,"time":"2026-05-26T22:52:38.189Z","pid":53322,"hostname":"95cf947da62c","name":"urateam","component":"cost.rollup","date":"2026-05-19","rowsWritten":0,"msg":"no runs to roll up"}
@urateam/core:test: {"level":30,"time":"2026-05-26T22:52:38.190Z","pid":53322,"hostname":"95cf947da62c","name":"urateam","component":"cost.rollup","date":"2026-05-20","rowsWritten":0,"msg":"no runs to roll up"}
@urateam/core:test: {"level":30,"time":"2026-05-26T22:52:38.190Z","pid":53322,"hostname":"95cf947da62c","name":"urateam","component":"cost.rollup","date":"2026-05-21","rowsWritten":0,"msg":"no runs to roll up"}
@urateam/core:test: {"level":30,"time":"2026-05-26T22:52:38.191Z","pid":53322,"hostname":"95cf947da62c","name":"urateam","component":"cost.rollup","date":"2026-05-22","rowsWritten":0,"msg":"no runs to roll up"}
@urateam/core:test: {"level":30,"time":"2026-05-26T22:52:38.192Z","pid":53322,"hostname":"95cf947da62c","name":"urateam","component":"cost.rollup","date":"2026-05-23","rowsWritten":0,"msg":"no runs to roll up"}
@urateam/core:test: {"level":30,"time":"2026-05-26T22:52:38.192Z","pid":53322,"hostname":"95cf947da62c","name":"urateam","component":"cost.rollup","date":"2026-05-24","rowsWritten":0,"msg":"no runs to roll up"}
@urateam/core:test: {"level":30,"time":"2026-05-26T22:52:38.198Z","pid":53322,"hostname":"95cf947da62c","name":"urateam","component":"cost.rollup","date":"2026-05-25","rowsWritten":6,"msg":"cost rollup complete"}
@urateam/core:test:  ✓ src/__tests__/cost-integration.test.ts (1 test) 161ms
@urateam/core:test:  ✓ src/__tests__/auth/sso-config.test.ts (12 tests) 37ms
@urateam/core:test:  ✓ src/__tests__/release-manager-triggers.test.ts (12 tests) 26ms
@urateam/core:test:  ✓ src/__tests__/triage-v2-prediction.test.ts (8 tests) 25ms
@urateam/core:test:  ✓ src/__tests__/decisions-store.test.ts (4 tests) 180ms
@urateam/core:test: {"level":40,"time":"2026-05-26T22:52:43.003Z","pid":53739,"hostname":"95cf947da62c","name":"urateam","component":"pipeline.config","envValue":"yes","var":"URATEAM_AUTO_MERGE","msg":"URATEAM_AUTO_MERGE must be 'true' or 'false' — ignoring"}
@urateam/core:test: {"level":40,"time":"2026-05-26T22:52:43.008Z","pid":53739,"hostname":"95cf947da62c","name":"urateam","component":"pipeline.config","envValue":"1","var":"URATEAM_AUTO_MERGE","msg":"URATEAM_AUTO_MERGE must be 'true' or 'false' — ignoring"}
@urateam/core:test: {"level":40,"time":"2026-05-26T22:52:43.008Z","pid":53739,"hostname":"95cf947da62c","name":"urateam","component":"pipeline.config","envValue":"on","var":"URATEAM_AUTO_MERGE","msg":"URATEAM_AUTO_MERGE must be 'true' or 'false' — ignoring"}
@urateam/core:test: {"level":40,"time":"2026-05-26T22:52:43.008Z","pid":53739,"hostname":"95cf947da62c","name":"urateam","component":"pipeline.config","envValue":"","var":"URATEAM_AUTO_MERGE","msg":"URATEAM_AUTO_MERGE must be 'true' or 'false' — ignoring"}
@urateam/core:test: {"level":40,"time":"2026-05-26T22:52:43.009Z","pid":53739,"hostname":"95cf947da62c","name":"urateam","component":"pipeline.config","envValue":"0","var":"URATEAM_AUTO_MERGE","msg":"URATEAM_AUTO_MERGE must be 'true' or 'false' — ignoring"}
@urateam/core:test: {"level":40,"time":"2026-05-26T22:52:43.009Z","pid":53739,"hostname":"95cf947da62c","name":"urateam","component":"pipeline.config","envValue":"no","var":"URATEAM_AUTO_MERGE","msg":"URATEAM_AUTO_MERGE must be 'true' or 'false' — ignoring"}
@urateam/core:test:  ✓ src/__tests__/auto-merge-override.test.ts (7 tests) 25ms
@urateam/core:test: {"level":30,"time":"2026-05-26T22:52:43.728Z","pid":53677,"hostname":"95cf947da62c","name":"urateam","component":"license","tier":"enterprise","customerId":"cust_test","expiresAt":"2026-05-27T22:52:43.000Z","msg":"license key validated"}
@urateam/core:test: {"level":30,"time":"2026-05-26T22:52:43.772Z","pid":53677,"hostname":"95cf947da62c","name":"urateam","component":"license","tier":"enterprise","customerId":"cust_test","expiresAt":"2026-05-27T22:52:43.000Z","msg":"license key validated"}
@urateam/core:test: {"level":30,"time":"2026-05-26T22:52:43.800Z","pid":53677,"hostname":"95cf947da62c","name":"urateam","component":"license","tier":"enterprise","customerId":"cust_test","expiresAt":"2026-05-27T22:52:43.000Z","msg":"license key validated"}
@urateam/core:test: {"level":30,"time":"2026-05-26T22:52:43.899Z","pid":53677,"hostname":"95cf947da62c","name":"urateam","component":"license","tier":"enterprise","customerId":"cust_test","expiresAt":"2026-05-27T22:52:43.000Z","msg":"license key validated"}
@urateam/core:test: {"level":30,"time":"2026-05-26T22:52:43.956Z","pid":53677,"hostname":"95cf947da62c","name":"urateam","component":"license","tier":"enterprise","customerId":"cust_test","expiresAt":"2026-05-27T22:52:43.000Z","msg":"license key validated"}
@urateam/core:test:  ✓ src/__tests__/rbac/bootstrap.test.ts (7 tests) 283ms
@urateam/core:test:  ✓ src/__tests__/qa-config.test.ts (8 tests) 32ms
@urateam/core:test:  ✓ src/__tests__/surgical-review-fix-prompt.test.ts (6 tests) 19ms
@urateam/core:test: {"level":30,"time":"2026-05-26T22:52:47.267Z","pid":54087,"hostname":"95cf947da62c","name":"urateam","component":"license","tier":"enterprise","customerId":"cust_test","expiresAt":"2026-05-27T22:52:47.000Z","msg":"license key validated"}
@urateam/core:test: {"level":30,"time":"2026-05-26T22:52:47.272Z","pid":54087,"hostname":"95cf947da62c","name":"urateam","component":"license","tier":"enterprise","customerId":"cust_test","expiresAt":"2026-05-27T22:52:47.000Z","msg":"license key validated"}
@urateam/core:test: {"level":30,"time":"2026-05-26T22:52:47.273Z","pid":54087,"hostname":"95cf947da62c","name":"urateam","component":"license","tier":"enterprise","customerId":"cust_test","expiresAt":"2026-05-27T22:52:47.000Z","msg":"license key validated"}
@urateam/core:test: {"level":30,"time":"2026-05-26T22:52:47.275Z","pid":54087,"hostname":"95cf947da62c","name":"urateam","component":"license","tier":"enterprise","customerId":"cust_test","expiresAt":"2026-05-27T22:52:47.000Z","msg":"license key validated"}
@urateam/core:test:  ✓ src/__tests__/cost/per-run.test.ts (4 tests) 18ms
@urateam/core:test:  ✓ src/__tests__/webhook.test.ts (7 tests) 29ms
@urateam/core:test: stdout | src/__tests__/reproduce-bec43-updatedat.test.ts > BEC-43 reproduction: updatedAt not refreshed on upsert conflict > updatedAt advances after a conflict-path update (BEC-43 fix)
@urateam/core:test: updatedAt BEFORE second upsert: [35m2026-05-26T22:52:47.000Z[39m
@urateam/core:test: updatedAt AFTER  second upsert: [35m2026-05-26T22:52:48.000Z[39m
@urateam/core:test: updatedAt changed? [33mtrue[39m
@urateam/core:test: 
@urateam/core:test:  ✓ src/__tests__/reproduce-bec43-updatedat.test.ts (1 test) 1230ms
@urateam/core:test:    ✓ BEC-43 reproduction: updatedAt not refreshed on upsert conflict > updatedAt advances after a conflict-path update (BEC-43 fix)  1227ms
@urateam/core:test: {"level":30,"time":"2026-05-26T22:52:51.005Z","pid":54371,"hostname":"95cf947da62c","name":"urateam","component":"license","tier":"enterprise","customerId":"cust_test","expiresAt":"2026-05-27T22:52:50.000Z","msg":"license key validated"}
@urateam/core:test: {"level":30,"time":"2026-05-26T22:52:51.018Z","pid":54371,"hostname":"95cf947da62c","name":"urateam","component":"license","tier":"enterprise","customerId":"cust_test","expiresAt":"2026-05-27T22:52:51.000Z","msg":"license key validated"}
@urateam/core:test: {"level":30,"time":"2026-05-26T22:52:51.023Z","pid":54371,"hostname":"95cf947da62c","name":"urateam","component":"license","tier":"enterprise","customerId":"cust_test","expiresAt":"2026-05-27T22:52:51.000Z","msg":"license key validated"}
@urateam/core:test: {"level":30,"time":"2026-05-26T22:52:51.031Z","pid":54371,"hostname":"95cf947da62c","name":"urateam","component":"license","tier":"enterprise","customerId":"cust_test","expiresAt":"2026-05-27T22:52:51.000Z","msg":"license key validated"}
@urateam/core:test: {"level":30,"time":"2026-05-26T22:52:51.035Z","pid":54371,"hostname":"95cf947da62c","name":"urateam","component":"license","tier":"enterprise","customerId":"cust_test","expiresAt":"2026-05-27T22:52:51.000Z","msg":"license key validated"}
@urateam/core:test: {"level":30,"time":"2026-05-26T22:52:51.041Z","pid":54371,"hostname":"95cf947da62c","name":"urateam","component":"license","tier":"enterprise","customerId":"cust_test","expiresAt":"2026-05-27T22:52:51.000Z","msg":"license key validated"}
@urateam/core:test: {"level":30,"time":"2026-05-26T22:52:51.045Z","pid":54371,"hostname":"95cf947da62c","name":"urateam","component":"license","tier":"enterprise","customerId":"cust_test","expiresAt":"2026-05-27T22:52:51.000Z","msg":"license key validated"}
@urateam/core:test: {"level":30,"time":"2026-05-26T22:52:51.046Z","pid":54371,"hostname":"95cf947da62c","name":"urateam","component":"license","tier":"enterprise","customerId":"cust_test","expiresAt":"2026-05-27T22:52:51.000Z","msg":"license key validated"}
@urateam/core:test: {"level":30,"time":"2026-05-26T22:52:51.051Z","pid":54371,"hostname":"95cf947da62c","name":"urateam","component":"license","tier":"enterprise","customerId":"cust_test","expiresAt":"2026-05-27T22:52:51.000Z","msg":"license key validated"}
@urateam/core:test: {"level":30,"time":"2026-05-26T22:52:51.063Z","pid":54371,"hostname":"95cf947da62c","name":"urateam","component":"license","tier":"enterprise","customerId":"cust_test","expiresAt":"2026-05-27T22:52:51.000Z","msg":"license key validated"}
@urateam/core:test: {"level":30,"time":"2026-05-26T22:52:51.064Z","pid":54371,"hostname":"95cf947da62c","name":"urateam","component":"license","tier":"enterprise","customerId":"cust_test","expiresAt":"2026-05-27T22:52:51.000Z","msg":"license key validated"}
@urateam/core:test: {"level":30,"time":"2026-05-26T22:52:51.066Z","pid":54371,"hostname":"95cf947da62c","name":"urateam","component":"license","tier":"enterprise","customerId":"cust_test","expiresAt":"2026-05-27T22:52:51.000Z","msg":"license key validated"}
@urateam/core:test: {"level":30,"time":"2026-05-26T22:52:51.080Z","pid":54371,"hostname":"95cf947da62c","name":"urateam","component":"license","tier":"enterprise","customerId":"cust_test","expiresAt":"2026-05-27T22:52:51.000Z","msg":"license key validated"}
@urateam/core:test: {"level":30,"time":"2026-05-26T22:52:51.090Z","pid":54371,"hostname":"95cf947da62c","name":"urateam","component":"license","tier":"enterprise","customerId":"cust_test","expiresAt":"2026-05-27T22:52:51.000Z","msg":"license key validated"}
@urateam/core:test: {"level":30,"time":"2026-05-26T22:52:51.092Z","pid":54371,"hostname":"95cf947da62c","name":"urateam","component":"license","tier":"enterprise","customerId":"cust_test","expiresAt":"2026-05-27T22:52:51.000Z","msg":"license key validated"}
@urateam/core:test: {"level":30,"time":"2026-05-26T22:52:51.107Z","pid":54371,"hostname":"95cf947da62c","name":"urateam","component":"license","tier":"enterprise","customerId":"cust_test","expiresAt":"2026-05-27T22:52:51.000Z","msg":"license key validated"}
@urateam/core:test: {"level":30,"time":"2026-05-26T22:52:51.108Z","pid":54371,"hostname":"95cf947da62c","name":"urateam","component":"license","tier":"enterprise","customerId":"cust_test","expiresAt":"2026-05-27T22:52:51.000Z","msg":"license key validated"}
@urateam/core:test: {"level":30,"time":"2026-05-26T22:52:51.118Z","pid":54371,"hostname":"95cf947da62c","name":"urateam","component":"license","tier":"enterprise","customerId":"cust_test","expiresAt":"2026-05-27T22:52:51.000Z","msg":"license key validated"}
@urateam/core:test: {"level":30,"time":"2026-05-26T22:52:51.124Z","pid":54371,"hostname":"95cf947da62c","name":"urateam","component":"license","tier":"enterprise","customerId":"cust_test","expiresAt":"2026-05-27T22:52:51.000Z","msg":"license key validated"}
@urateam/core:test: {"level":30,"time":"2026-05-26T22:52:51.125Z","pid":54371,"hostname":"95cf947da62c","name":"urateam","component":"license","tier":"enterprise","customerId":"cust_test","expiresAt":"2026-05-27T22:52:51.000Z","msg":"license key validated"}
@urateam/core:test: {"level":30,"time":"2026-05-26T22:52:51.140Z","pid":54371,"hostname":"95cf947da62c","name":"urateam","component":"license","tier":"enterprise","customerId":"cust_test","expiresAt":"2026-05-27T22:52:51.000Z","msg":"license key validated"}
@urateam/core:test: {"level":30,"time":"2026-05-26T22:52:51.145Z","pid":54371,"hostname":"95cf947da62c","name":"urateam","component":"license","tier":"enterprise","customerId":"cust_test","expiresAt":"2026-05-27T22:52:51.000Z","msg":"license key validated"}
@urateam/core:test: {"level":30,"time":"2026-05-26T22:52:51.147Z","pid":54371,"hostname":"95cf947da62c","name":"urateam","component":"license","tier":"enterprise","customerId":"cust_test","expiresAt":"2026-05-27T22:52:51.000Z","msg":"license key validated"}
@urateam/core:test: {"level":30,"time":"2026-05-26T22:52:51.153Z","pid":54371,"hostname":"95cf947da62c","name":"urateam","component":"license","tier":"enterprise","customerId":"cust_test","expiresAt":"2026-05-27T22:52:51.000Z","msg":"license key validated"}
@urateam/core:test: {"level":30,"time":"2026-05-26T22:52:51.154Z","pid":54371,"hostname":"95cf947da62c","name":"urateam","component":"license","tier":"enterprise","customerId":"cust_test","expiresAt":"2026-05-27T22:52:51.000Z","msg":"license key validated"}
@urateam/core:test: {"level":30,"time":"2026-05-26T22:52:51.160Z","pid":54371,"hostname":"95cf947da62c","name":"urateam","component":"license","tier":"enterprise","customerId":"cust_test","expiresAt":"2026-05-27T22:52:51.000Z","msg":"license key validated"}
@urateam/core:test: {"level":30,"time":"2026-05-26T22:52:51.161Z","pid":54371,"hostname":"95cf947da62c","name":"urateam","component":"license","tier":"enterprise","customerId":"cust_test","expiresAt":"2026-05-27T22:52:51.000Z","msg":"license key validated"}
@urateam/core:test: {"level":30,"time":"2026-05-26T22:52:51.162Z","pid":54371,"hostname":"95cf947da62c","name":"urateam","component":"license","tier":"enterprise","customerId":"cust_test","expiresAt":"2026-05-27T22:52:51.000Z","msg":"license key validated"}
@urateam/core:test: {"level":30,"time":"2026-05-26T22:52:51.167Z","pid":54371,"hostname":"95cf947da62c","name":"urateam","component":"license","tier":"enterprise","customerId":"cust_test","expiresAt":"2026-05-27T22:52:51.000Z","msg":"license key validated"}
@urateam/core:test: {"level":30,"time":"2026-05-26T22:52:51.171Z","pid":54371,"hostname":"95cf947da62c","name":"urateam","component":"license","tier":"enterprise","customerId":"cust_test","expiresAt":"2026-05-27T22:52:51.000Z","msg":"license key validated"}
@urateam/core:test:  ✓ src/__tests__/rbac/matrix.test.ts (30 tests) 194ms
@urateam/core:test: {"level":30,"time":"2026-05-26T22:52:51.655Z","pid":54401,"hostname":"95cf947da62c","name":"urateam","component":"auth.session","deleted":1,"msg":"expired sessions pruned"}
@urateam/core:test:  ✓ src/__tests__/auth/session-store.test.ts (6 tests) 292ms
@urateam/core:test:  ✓ src/__tests__/cost-types.test.ts (7 tests) 35ms
@urateam/core:test:  ✓ src/__tests__/tier-6e-escape-hatch.test.ts (9 tests) 18ms
@urateam/core:test: {"level":30,"time":"2026-05-26T22:52:53.456Z","pid":54665,"hostname":"95cf947da62c","name":"urateam","component":"pipeline.control-signals","runId":"run-1","mode":"graceful","previous":null,"msg":"stop signal recorded"}
@urateam/core:test: {"level":30,"time":"2026-05-26T22:52:53.470Z","pid":54665,"hostname":"95cf947da62c","name":"urateam","component":"pipeline.control-signals","runId":"run-2","mode":"cancel","previous":null,"msg":"stop signal recorded"}
@urateam/core:test: {"level":30,"time":"2026-05-26T22:52:53.471Z","pid":54665,"hostname":"95cf947da62c","name":"urateam","component":"pipeline.control-signals","runId":"run-3","mode":"graceful","previous":null,"msg":"stop signal recorded"}
@urateam/core:test: {"level":30,"time":"2026-05-26T22:52:53.471Z","pid":54665,"hostname":"95cf947da62c","name":"urateam","component":"pipeline.control-signals","runId":"run-3","mode":"cancel","previous":"graceful","msg":"stop signal recorded"}
@urateam/core:test: {"level":30,"time":"2026-05-26T22:52:53.473Z","pid":54665,"hostname":"95cf947da62c","name":"urateam","component":"pipeline.control-signals","runId":"run-4","mode":"cancel","previous":null,"msg":"stop signal recorded"}
@urateam/core:test: {"level":30,"time":"2026-05-26T22:52:53.474Z","pid":54665,"hostname":"95cf947da62c","name":"urateam","component":"pipeline.control-signals","runId":"run-5","mode":"cancel","previous":null,"msg":"stop signal recorded"}
@urateam/core:test: {"level":30,"time":"2026-05-26T22:52:53.479Z","pid":54665,"hostname":"95cf947da62c","name":"urateam","component":"pipeline.control-signals","runId":"run-6","mode":"cancel","previous":null,"msg":"stop signal recorded"}
@urateam/core:test: {"level":30,"time":"2026-05-26T22:52:53.479Z","pid":54665,"hostname":"95cf947da62c","name":"urateam","component":"pipeline.control-signals","runId":"run-7","mode":"graceful","previous":null,"msg":"stop signal recorded"}
@urateam/core:test: {"level":30,"time":"2026-05-26T22:52:53.479Z","pid":54665,"hostname":"95cf947da62c","name":"urateam","component":"pipeline.control-signals","runId":"run-8","mode":"cancel","previous":null,"msg":"stop signal recorded"}
@urateam/core:test: {"level":30,"time":"2026-05-26T22:52:53.480Z","pid":54665,"hostname":"95cf947da62c","name":"urateam","component":"pipeline.control-signals","runId":"run-9","mode":"cancel","previous":null,"msg":"stop signal recorded"}
@urateam/core:test: {"level":30,"time":"2026-05-26T22:52:53.485Z","pid":54665,"hostname":"95cf947da62c","name":"urateam","component":"pipeline.control-signals","runId":"run-a","mode":"cancel","previous":null,"msg":"stop signal recorded"}
@urateam/core:test: {"level":30,"time":"2026-05-26T22:52:53.485Z","pid":54665,"hostname":"95cf947da62c","name":"urateam","component":"pipeline.control-signals","runId":"run-b","mode":"graceful","previous":null,"msg":"stop signal recorded"}
@urateam/core:test: {"level":30,"time":"2026-05-26T22:52:53.486Z","pid":54665,"hostname":"95cf947da62c","name":"urateam","component":"pipeline.control-signals","runId":"run-d","mode":"cancel","previous":null,"msg":"stop signal recorded"}
@urateam/core:test: {"level":40,"time":"2026-05-26T22:52:53.486Z","pid":54665,"hostname":"95cf947da62c","name":"urateam","component":"pipeline.control-signals","runId":"run-d","err":{"type":"Error","message":"boom","stack":"Error: boom\n    at /home/ura/data/runs/B7TEaqaYubzZqR2vcvyha/worktree/packages/core/src/__tests__/control-signals.test.ts:88:13\n    at requestStop (/home/ura/data/runs/B7TEaqaYubzZqR2vcvyha/worktree/packages/core/src/pipeline/control-signals.ts:54:11)\n    at /home/ura/data/runs/B7TEaqaYubzZqR2vcvyha/worktree/packages/core/src/__tests__/control-signals.test.ts:91:5\n    at file:///home/ura/data/runs/B7TEaqaYubzZqR2vcvyha/worktree/node_modules/.pnpm/@vitest+runner@3.2.4/node_modules/@vitest/runner/dist/chunk-hooks.js:155:11\n    at file:///home/ura/data/runs/B7TEaqaYubzZqR2vcvyha/worktree/node_modules/.pnpm/@vitest+runner@3.2.4/node_modules/@vitest/runner/dist/chunk-hooks.js:752:26\n    at file:///home/ura/data/runs/B7TEaqaYubzZqR2vcvyha/worktree/node_modules/.pnpm/@vitest+runner@3.2.4/node_modules/@vitest/runner/dist/chunk-hooks.js:1897:20\n    at new Promise (<anonymous>)\n    at runWithTimeout (file:///home/ura/data/runs/B7TEaqaYubzZqR2vcvyha/worktree/node_modules/.pnpm/@vitest+runner@3.2.4/node_modules/@vitest/runner/dist/chunk-hooks.js:1863:10)\n    at runTest (file:///home/ura/data/runs/B7TEaqaYubzZqR2vcvyha/worktree/node_modules/.pnpm/@vitest+runner@3.2.4/node_modules/@vitest/runner/dist/chunk-hooks.js:1574:12)\n    at processTicksAndRejections (node:internal/process/task_queues:103:5)"},"msg":"stop listener threw"}
@urateam/core:test:  ✓ src/__tests__/control-signals.test.ts (11 tests) 70ms
@urateam/core:test:  ✓ src/__tests__/util-env.test.ts (22 tests) 22ms
@urateam/core:test:  ✓ src/__tests__/audit-events-tunnel.test.ts (5 tests) 23ms
@urateam/core:test:  ✓ src/__tests__/session-store.test.ts (4 tests) 17ms
@urateam/core:test: {"level":40,"time":"2026-05-26T22:52:57.059Z","pid":54836,"hostname":"95cf947da62c","name":"urateam","component":"license","reason":"bad-signature","msg":"license key invalid — running in OSS mode"}
@urateam/core:test: {"level":30,"time":"2026-05-26T22:52:57.148Z","pid":54836,"hostname":"95cf947da62c","name":"urateam","component":"license","tier":"oss","msg":"no license key set — running in OSS mode"}
@urateam/core:test:  ✓ src/__tests__/license-audit-event.test.ts (2 tests) 215ms
@urateam/core:test: {"level":30,"time":"2026-05-26T22:52:59.355Z","pid":55019,"hostname":"95cf947da62c","name":"urateam","component":"license","tier":"enterprise","customerId":"cust_test","expiresAt":"2026-05-27T22:52:59.000Z","msg":"license key validated"}
@urateam/core:test:  ✓ src/__tests__/rbac-integration.test.ts (1 test) 127ms
@urateam/core:test: {"level":30,"time":"2026-05-26T22:53:00.817Z","pid":55141,"hostname":"95cf947da62c","name":"urateam","component":"license","tier":"enterprise","customerId":"cust_test","expiresAt":"2026-05-27T22:53:00.000Z","msg":"license key validated"}
@urateam/core:test: {"level":30,"time":"2026-05-26T22:53:00.837Z","pid":55141,"hostname":"95cf947da62c","name":"urateam","component":"license","tier":"enterprise","customerId":"cust_test","expiresAt":"2026-05-27T22:53:00.000Z","msg":"license key validated"}
@urateam/core:test: {"level":40,"time":"2026-05-26T22:53:00.837Z","pid":55141,"hostname":"95cf947da62c","name":"urateam","component":"audit.writer","err":{"type":"Error","message":"db down","stack":"Error: db down\n    at Object.values (/home/ura/data/runs/B7TEaqaYubzZqR2vcvyha/worktree/packages/core/src/__tests__/audit/writer.test.ts:41:19)\n    at insertAuditEvent (/home/ura/data/runs/B7TEaqaYubzZqR2vcvyha/worktree/packages/core/src/audit/writer.ts:10:43)\n    at logAuditEvent (/home/ura/data/runs/B7TEaqaYubzZqR2vcvyha/worktree/packages/core/src/audit/writer.ts:57:9)\n    at processTicksAndRejections (node:internal/process/task_queues:103:5)\n    at /home/ura/data/runs/B7TEaqaYubzZqR2vcvyha/worktree/packages/core/src/__tests__/audit/writer.test.ts:45:7\n    at file:///home/ura/data/runs/B7TEaqaYubzZqR2vcvyha/worktree/node_modules/.pnpm/@vitest+runner@3.2.4/node_modules/@vitest/runner/dist/chunk-hooks.js:752:20"},"eventType":"pm.issue_promoted","id":"evt_54d36751-044e-43f5-8c2e-edc1e6cf0cfe","msg":"audit event write failed"}
@urateam/core:test: {"level":30,"time":"2026-05-26T22:53:00.862Z","pid":55141,"hostname":"95cf947da62c","name":"urateam","component":"license","tier":"oss","msg":"no license key set — running in OSS mode"}
@urateam/core:test:  ✓ src/__tests__/audit/writer.test.ts (3 tests) 93ms
@urateam/core:test:  ✓ src/__tests__/release-manager-audit-events.test.ts (6 tests) 18ms
@urateam/core:test:  ✓ src/__tests__/audit/events.test.ts (5 tests) 50ms
@urateam/core:test: {"level":30,"time":"2026-05-26T22:53:03.773Z","pid":55604,"hostname":"95cf947da62c","name":"urateam","component":"license","tier":"oss","msg":"no license key set — running in OSS mode"}
@urateam/core:test: {"level":40,"time":"2026-05-26T22:53:03.778Z","pid":55604,"hostname":"95cf947da62c","name":"urateam","component":"auth.workos","feature":"sso","tier":"oss","msg":"getDefaultWorkosClient called without an enterprise license — refusing to load WorkOS SDK"}
@urateam/core:test: {"level":30,"time":"2026-05-26T22:53:03.783Z","pid":55604,"hostname":"95cf947da62c","name":"urateam","component":"license","tier":"oss","msg":"no license key set — running in OSS mode"}
@urateam/core:test: {"level":40,"time":"2026-05-26T22:53:03.783Z","pid":55604,"hostname":"95cf947da62c","name":"urateam","component":"auth.workos","feature":"sso","tier":"oss","msg":"getDefaultWorkosClient called without an enterprise license — refusing to load WorkOS SDK"}
@urateam/core:test: {"level":30,"time":"2026-05-26T22:53:03.785Z","pid":55604,"hostname":"95cf947da62c","name":"urateam","component":"license","tier":"oss","msg":"no license key set — running in OSS mode"}
@urateam/core:test: {"level":40,"time":"2026-05-26T22:53:03.786Z","pid":55604,"hostname":"95cf947da62c","name":"urateam","component":"auth.workos","feature":"sso","tier":"oss","msg":"getDefaultWorkosClient called without an enterprise license — refusing to load WorkOS SDK"}
@urateam/core:test: {"level":30,"time":"2026-05-26T22:53:03.793Z","pid":55604,"hostname":"95cf947da62c","name":"urateam","component":"license","tier":"pro","customerId":"cust_test","expiresAt":"2026-05-27T22:53:03.000Z","msg":"license key validated"}
@urateam/core:test: {"level":40,"time":"2026-05-26T22:53:03.793Z","pid":55604,"hostname":"95cf947da62c","name":"urateam","component":"auth.workos","feature":"sso","tier":"pro","msg":"getDefaultWorkosClient called without an enterprise license — refusing to load WorkOS SDK"}
@urateam/core:test:  ✓ src/__tests__/sso-license.test.ts (4 tests) 30ms
@urateam/core:test:  ✓ src/__tests__/assembler.test.ts (5 tests) 30ms
@urateam/core:test:  ✓ src/__tests__/decisions-parser.test.ts (6 tests) 80ms
@urateam/core:test:  ✓ src/__tests__/circuit-breaker-recover.test.ts (3 tests) 170ms
@urateam/core:test:  ✓ src/__tests__/qa-audit-events.test.ts (4 tests) 32ms
@urateam/core:test:  ✓ src/__tests__/decisions-table-migration.test.ts (2 tests) 49ms
@urateam/core:test:  ✓ src/__tests__/release-manager-config.test.ts (6 tests) 31ms
@urateam/core:test: {"level":30,"time":"2026-05-26T22:53:11.582Z","pid":56191,"hostname":"95cf947da62c","name":"urateam","component":"license","tier":"enterprise","customerId":"cust_test","expiresAt":"2026-05-27T22:53:11.000Z","msg":"license key validated"}
@urateam/core:test:  ✓ src/__tests__/audit/audit-e2e.test.ts (1 test) 112ms
@urateam/core:test:  ✓ src/__tests__/decision-artifact-schema.test.ts (7 tests) 44ms
@urateam/core:test:  ✓ src/__tests__/audit/rbac-events.test.ts (4 tests) 27ms
@urateam/core:test:  ✓ src/__tests__/executor/review-feedback-prompt.test.ts (5 tests) 23ms
@urateam/core:test:  ✓ src/__tests__/cost/rates.test.ts (7 tests) 21ms
@urateam/core:test:  ✓ src/__tests__/policy/auto-merge-reviewer-gate.test.ts (3 tests) 29ms
@urateam/core:test:  ✓ src/__tests__/audit/sso-events.test.ts (3 tests) 27ms
@urateam/core:test:  ✓ src/__tests__/policy-types.test.ts (5 tests) 44ms
@urateam/core:test:  ✓ src/__tests__/session-policy.test.ts (11 tests) 28ms
@urateam/core:test:  ✓ src/__tests__/circuit-breaker-events.test.ts (3 tests) 32ms
@urateam/core:test:  ✓ src/__tests__/audit/policy-events.test.ts (4 tests) 31ms
@urateam/core:test:  ✓ src/__tests__/preflight-claude-auth.test.ts (3 tests) 23ms
@urateam/core:test:  ✓ src/__tests__/audit-session-events.test.ts (4 tests) 19ms
@urateam/core:test:  ✓ src/__tests__/db-sso-schema.test.ts (2 tests) 127ms
@urateam/core:test:  ✓ src/__tests__/agent-stream-cache-tokens.test.ts (2 tests) 14ms
@urateam/core:test:  ✓ src/__tests__/circuit-breaker-config.test.ts (5 tests) 27ms
@urateam/core:test: {"level":30,"time":"2026-05-26T22:53:22.105Z","pid":57127,"hostname":"95cf947da62c","name":"urateam","component":"audit.retention","retentionDays":365,"cutoff":"2025-05-26T22:53:22.102Z","deleted":1,"msg":"audit log pruned"}
@urateam/core:test: {"level":30,"time":"2026-05-26T22:53:22.136Z","pid":57127,"hostname":"95cf947da62c","name":"urateam","component":"audit.retention","retentionDays":365,"cutoff":"2025-05-26T22:53:22.136Z","deleted":0,"msg":"audit log pruned"}
@urateam/core:test:  ✓ src/__tests__/audit/retention.test.ts (2 tests) 88ms
@urateam/core:test:  ✓ src/__tests__/runner-ralph-feedback-skip.test.ts (4 tests) 21ms
@urateam/core:test:  ✓ src/__tests__/implement-template-decisions.test.ts (3 tests) 29ms
@urateam/core:test:  ✓ src/__tests__/policy/path-gate.test.ts (6 tests) 21ms
@urateam/core:test:  ✓ src/__tests__/db-rbac-schema.test.ts (3 tests) 111ms
@urateam/core:test:  ✓ src/__tests__/executor/review-feedback-profile-override.test.ts (4 tests) 9ms
@urateam/core:test:  ✓ src/__tests__/audit-events-service.test.ts (2 tests) 27ms
@urateam/core:test: {"level":30,"time":"2026-05-26T22:53:28.617Z","pid":57595,"hostname":"95cf947da62c","name":"urateam","component":"license","tier":"enterprise","customerId":"cust_test","expiresAt":"2026-05-27T22:53:28.000Z","msg":"license key validated"}
@urateam/core:test: {"level":30,"time":"2026-05-26T22:53:28.633Z","pid":57595,"hostname":"95cf947da62c","name":"urateam","component":"license","tier":"pro","customerId":"cust_test","expiresAt":"2026-05-27T22:53:28.000Z","msg":"license key validated"}
@urateam/core:test: {"level":30,"time":"2026-05-26T22:53:28.634Z","pid":57595,"hostname":"95cf947da62c","name":"urateam","component":"license","tier":"oss","msg":"no license key set — running in OSS mode"}
@urateam/core:test:  ✓ src/__tests__/db-audit-schema.test.ts (2 tests) 124ms
@urateam/core:test:  ✓ src/__tests__/auth/sso-feature-flag.test.ts (4 tests) 2554ms
@urateam/core:test:    ✓ sso feature flag > is re-exported from the @urateam/core barrel  2513ms
@urateam/core:test: {"level":30,"time":"2026-05-26T22:53:33.724Z","pid":58275,"hostname":"95cf947da62c","name":"urateam","component":"license","tier":"oss","msg":"no license key set — running in OSS mode"}
@urateam/core:test: {"level":40,"time":"2026-05-26T22:53:33.726Z","pid":58275,"hostname":"95cf947da62c","name":"urateam","component":"rbac","feature":"rbac","action":"users.manage","role":"admin","msg":"canAccess called without an enterprise license — denying (fail closed)"}
@urateam/core:test: {"level":40,"time":"2026-05-26T22:53:33.727Z","pid":58275,"hostname":"95cf947da62c","name":"urateam","component":"rbac","feature":"rbac","action":"runs.view","role":"admin","msg":"canAccess called without an enterprise license — denying (fail closed)"}
@urateam/core:test: {"level":40,"time":"2026-05-26T22:53:33.727Z","pid":58275,"hostname":"95cf947da62c","name":"urateam","component":"rbac","feature":"rbac","action":"runs.view","role":"operator","msg":"canAccess called without an enterprise license — denying (fail closed)"}
@urateam/core:test: {"level":40,"time":"2026-05-26T22:53:33.727Z","pid":58275,"hostname":"95cf947da62c","name":"urateam","component":"rbac","feature":"rbac","action":"runs.view","role":"viewer","msg":"canAccess called without an enterprise license — denying (fail closed)"}
@urateam/core:test: {"level":30,"time":"2026-05-26T22:53:33.739Z","pid":58275,"hostname":"95cf947da62c","name":"urateam","component":"license","tier":"pro","customerId":"cust_test","expiresAt":"2026-05-27T22:53:33.000Z","msg":"license key validated"}
@urateam/core:test: {"level":40,"time":"2026-05-26T22:53:33.741Z","pid":58275,"hostname":"95cf947da62c","name":"urateam","component":"rbac","feature":"rbac","action":"users.manage","role":"admin","msg":"canAccess called without an enterprise license — denying (fail closed)"}
@urateam/core:test: {"level":40,"time":"2026-05-26T22:53:33.741Z","pid":58275,"hostname":"95cf947da62c","name":"urateam","component":"rbac","feature":"rbac","action":"runs.view","role":"admin","msg":"canAccess called without an enterprise license — denying (fail closed)"}
@urateam/core:test: {"level":30,"time":"2026-05-26T22:53:33.744Z","pid":58275,"hostname":"95cf947da62c","name":"urateam","component":"license","tier":"enterprise","customerId":"cust_test","expiresAt":"2026-05-27T22:53:33.000Z","msg":"license key validated"}
@urateam/core:test:  ✓ src/__tests__/rbac-defensive.test.ts (3 tests) 28ms
@urateam/core:test:  ✓ src/__tests__/db-migration-agent-session-id.test.ts (2 tests) 151ms
@urateam/core:test:  ✓ src/__tests__/audit-events-config-reloaded.test.ts (2 tests) 17ms
@urateam/core:test:  ✓ src/__tests__/audit-types.test.ts (3 tests) 31ms
@urateam/core:test:  ✓ src/__tests__/db-cost-rollups-schema.test.ts (2 tests) 77ms
@urateam/core:test: {"level":30,"time":"2026-05-26T22:53:37.357Z","pid":58535,"hostname":"95cf947da62c","name":"urateam","component":"ExtractHandoff","stage":"implement","msg":"building handoff from git diff"}
@urateam/core:test: {"level":40,"time":"2026-05-26T22:53:37.397Z","pid":58535,"hostname":"95cf947da62c","name":"urateam","component":"git","args":"status","err":"spawn git ENOENT","msg":"git command failed (non-fatal)"}
@urateam/core:test: {"level":50,"time":"2026-05-26T22:53:37.404Z","pid":58535,"hostname":"95cf947da62c","name":"urateam","component":"git","args":["diff","--stat","HEAD"],"cwd":"/tmp/nowhere","stderr":"","msg":"git diff failed"}
@urateam/core:test: {"level":30,"time":"2026-05-26T22:53:37.404Z","pid":58535,"hostname":"95cf947da62c","name":"urateam","component":"ExtractHandoff","stage":"implement","filesChanged":0,"msg":"handoff built"}
@urateam/core:test: {"level":30,"time":"2026-05-26T22:53:37.410Z","pid":58535,"hostname":"95cf947da62c","name":"urateam","component":"ExtractHandoff","stage":"implement","msg":"building handoff from git diff"}
@urateam/core:test: {"level":40,"time":"2026-05-26T22:53:37.423Z","pid":58535,"hostname":"95cf947da62c","name":"urateam","component":"git","args":"status","err":"spawn git ENOENT","msg":"git command failed (non-fatal)"}
@urateam/core:test: {"level":50,"time":"2026-05-26T22:53:37.423Z","pid":58535,"hostname":"95cf947da62c","name":"urateam","component":"git","args":["diff","--stat","HEAD"],"cwd":"/tmp/nowhere","stderr":"","msg":"git diff failed"}
@urateam/core:test: {"level":30,"time":"2026-05-26T22:53:37.423Z","pid":58535,"hostname":"95cf947da62c","name":"urateam","component":"ExtractHandoff","stage":"implement","filesChanged":0,"msg":"handoff built"}
@urateam/core:test:  ✓ src/__tests__/extract-handoff-decisions.test.ts (2 tests) 97ms
@urateam/core:test:  ✓ src/__tests__/ralph-handoff-suppression.test.ts (3 tests) 29ms
@urateam/core:test:  ✓ src/__tests__/util-json.test.ts (9 tests) 20ms
@urateam/core:test:  ✓ src/__tests__/policy/override.test.ts (5 tests) 6ms
@urateam/core:test:  ✓ src/__tests__/audit-events-linear-oauth.test.ts (2 tests) 23ms
@urateam/core:test: {"level":30,"time":"2026-05-26T22:53:40.243Z","pid":58973,"hostname":"95cf947da62c","name":"urateam","component":"license","tier":"enterprise","customerId":"cust_test","expiresAt":"2026-05-27T22:53:40.000Z","msg":"license key validated"}
@urateam/core:test: {"level":30,"time":"2026-05-26T22:53:40.250Z","pid":58973,"hostname":"95cf947da62c","name":"urateam","component":"license","tier":"pro","customerId":"cust_test","expiresAt":"2026-05-27T22:53:40.000Z","msg":"license key validated"}
@urateam/core:test: {"level":30,"time":"2026-05-26T22:53:40.252Z","pid":58973,"hostname":"95cf947da62c","name":"urateam","component":"license","tier":"oss","msg":"no license key set — running in OSS mode"}
@urateam/core:test:  ✓ src/__tests__/policy-license.test.ts (4 tests) 2530ms
@urateam/core:test:    ✓ org-policy feature flag > policy module is re-exported from @urateam/core barrel  2502ms
@urateam/core:test:  ✓ src/__tests__/policy/cost-gate.test.ts (5 tests) 16ms
@urateam/core:test:  ✓ src/__tests__/audit/pm-skipped-circuit-breaker-event.test.ts (2 tests) 13ms
@urateam/core:test: {"level":30,"time":"2026-05-26T22:53:45.036Z","pid":59116,"hostname":"95cf947da62c","name":"urateam","component":"license","tier":"pro","customerId":"cust_test","expiresAt":"2026-05-27T22:53:45.000Z","msg":"license key validated"}
@urateam/core:test: {"level":30,"time":"2026-05-26T22:53:45.052Z","pid":59116,"hostname":"95cf947da62c","name":"urateam","component":"license","tier":"enterprise","customerId":"cust_test","expiresAt":"2026-05-27T22:53:45.000Z","msg":"license key validated"}
@urateam/core:test:  ✓ src/__tests__/cost-license.test.ts (3 tests) 49ms
@urateam/core:test:  ✓ src/__tests__/error-classifier.test.ts (20 tests) 25ms
@urateam/core:test: {"level":30,"time":"2026-05-26T22:53:47.588Z","pid":59457,"hostname":"95cf947da62c","name":"urateam","component":"license","tier":"enterprise","customerId":"cust_test","expiresAt":"2026-05-27T22:53:47.000Z","msg":"license key validated"}
@urateam/core:test: {"level":30,"time":"2026-05-26T22:53:47.603Z","pid":59457,"hostname":"95cf947da62c","name":"urateam","component":"license","tier":"pro","customerId":"cust_test","expiresAt":"2026-05-27T22:53:47.000Z","msg":"license key validated"}
@urateam/core:test: {"level":30,"time":"2026-05-26T22:53:47.604Z","pid":59457,"hostname":"95cf947da62c","name":"urateam","component":"license","tier":"oss","msg":"no license key set — running in OSS mode"}
@urateam/core:test:  ✓ src/__tests__/auth/user-role-round-trip.test.ts (2 tests) 110ms
@urateam/core:test:  ✓ src/__tests__/license-public-key.test.ts (1 test) 17ms
@urateam/core:test:  ✓ src/__tests__/rbac-license.test.ts (4 tests) 2477ms
@urateam/core:test:    ✓ rbac feature flag > rbac module is re-exported from @urateam/core  2444ms
@urateam/core:test:  ✓ src/__tests__/security.test.ts (5 tests) 23ms
@urateam/core:test:  ✓ src/__tests__/policy/pr-reviewer-wiring.test.ts (3 tests) 12ms
@urateam/core:test:  ✓ src/__tests__/session-volume-check.test.ts (2 tests) 25ms
@urateam/core:test:  ✓ src/__tests__/zombie-age-default.test.ts (6 tests) 12ms
@urateam/core:test:  ✓ src/__tests__/audit/review-model-low-output-ratio-event.test.ts (1 test) 11ms
@urateam/core:test: {"level":30,"time":"2026-05-26T22:53:55.109Z","pid":60014,"hostname":"95cf947da62c","name":"urateam","component":"license","tier":"oss","msg":"no license key set — running in OSS mode"}
@urateam/core:test:  ✓ src/__tests__/release-manager-license-gate.test.ts (2 tests) 22ms
@urateam/core:test:  ✓ src/__tests__/auth/workos-client.test.ts (1 test) 7ms
@urateam/core:test:  ✓ src/__tests__/bec-185-reproduce.test.ts (0 test) 4ms
@urateam/core:test: 
@urateam/core:test: ⎯⎯⎯⎯⎯⎯ Failed Suites 1 ⎯⎯⎯⎯⎯⎯⎯
@urateam/core:test: 
@urateam/core:test:  FAIL  src/__tests__/license-end-to-end.test.ts > license end-to-end (CLI issue → core validate)
@urateam/core:test: Error: Hook timed out in 60000ms.
@urateam/core:test: If this is a long-running hook, pass a timeout value as the last argument or configure it globally with "hookTimeout".
@urateam/core:test:  ❯ src/__tests__/license-end-to-end.test.ts:34:3
@urateam/core:test:      32|   // cli is built and fail with ERR_MODULE_NOT_FOUND. We make the test
@urateam/core:test:      33|   // self-sufficient by building cli on-demand if its dist/ is missing.
@urateam/core:test:      34|   beforeAll(async () => {
@urateam/core:test:        |   ^
@urateam/core:test:      35|     const cliDist = resolve(__dirname, "..", "..", "..", "cli", "dist"…
@urateam/core:test:      36|     if (!existsSync(cliDist)) {
@urateam/core:test: 
@urateam/core:test: ⎯⎯⎯⎯⎯⎯⎯⎯⎯⎯⎯⎯⎯⎯⎯⎯⎯⎯⎯⎯⎯⎯⎯⎯[1/1]⎯
@urateam/core:test: 
@urateam/core:test: 
@urateam/core:test: ⎯⎯⎯⎯⎯⎯ Unhandled Errors ⎯⎯⎯⎯⎯⎯
@urateam/core:test: 
@urateam/core:test: Vitest caught 1 unhandled error during the test run.
@urateam/core:test: This might cause false positive tests. Resolve unhandled errors to make sure your tests are not affected.
@urateam/core:test: 
@urateam/core:test: ⎯⎯⎯⎯⎯⎯ Unhandled Error ⎯⎯⎯⎯⎯⎯⎯
@urateam/core:test: Error: [vitest-worker]: Timeout calling "onTaskUpdate"
@urateam/core:test:  ❯ Object.onTimeoutError ../../node_modules/.pnpm/vitest@3.2.4_@types+node@22.19.17_tsx@4.21.0/node_modules/vitest/dist/chunks/rpc.-pEldfrD.js:53:10
@urateam/core:test:  ❯ Timeout._onTimeout ../../node_modules/.pnpm/vitest@3.2.4_@types+node@22.19.17_tsx@4.21.0/node_modules/vitest/dist/chunks/index.B521nVV-.js:59:62
@urateam/core:test:  ❯ listOnTimeout node:internal/timers:585:17
@urateam/core:test:  ❯ processTimers node:internal/timers:521:7
@urateam/core:test: 
@urateam/core:test: ⎯⎯⎯⎯⎯⎯⎯⎯⎯⎯⎯⎯⎯⎯⎯⎯⎯⎯⎯⎯⎯⎯⎯⎯⎯⎯⎯⎯⎯⎯
@urateam/core:test: 
@urateam/core:test:  Test Files  1 failed | 255 passed | 2 skipped (258)
@urateam/core:test:       Tests  2410 passed | 22 skipped (2432)
@urateam/core:test:      Errors  1 error
@urateam/core:test:    Start at  22:46:57
@urateam/core:test:    Duration  418.62s (transform 9.62s, setup 0ms, collect 289.12s, tests 212.97s, environment 196ms, prepare 82.03s)
@urateam/core:test: 
@urateam/core:test:  ELIFECYCLE  Test failed. See above for more details.
 ERROR  @urateam/core#test: command (/home/ura/data/runs/B7TEaqaYubzZqR2vcvyha/worktree/packages/core) /usr/local/bin/pnpm run test exited (1)

 Tasks:    6 successful, 7 total
Cached:    4 cached, 7 total
  Time:    7m0.863s 
Failed:    @urateam/core#test

 ERROR  run failed: command  exited (1)
 ELIFECYCLE  Test failed. See above for more details.
