
> urateam@ test /home/ura/data/runs/PnXZTHwyAR6qch7obf8pl/worktree
> turbo test

• turbo 2.9.6

   • Packages in scope: @urateam/cli, @urateam/core, @urateam/dashboard, @urateam/observers, create-urateam
   • Running test in 5 packages
   • Remote caching disabled, using shared worktree cache

@urateam/core:test: cache miss, executing 81550aea695bcc05
@urateam/observers:test: cache hit, replaying logs b3f5c3e671dbad49
create-urateam:test: cache hit, replaying logs e5d7791c8c6b3a0e
@urateam/observers:test: 
@urateam/observers:test: > @urateam/observers@0.1.0 test /home/ura/data/runs/LebSkAZg-HclOWZ2Dr2io/worktree/packages/observers
@urateam/observers:test: > vitest run
@urateam/observers:test: 
@urateam/observers:test: 
@urateam/observers:test:  RUN  v3.2.4 /home/ura/data/runs/LebSkAZg-HclOWZ2Dr2io/worktree/packages/observers
@urateam/observers:test: 
@urateam/observers:test: {"level":30,"time":1779591227340,"pid":46125,"hostname":"ef9c7be62fe1","name":"QualityObserver:engine","msg":"first-tick seed: 5 findings registered for dedup; not filed (observer is fresh-installed)"}
@urateam/observers:test: {"level":30,"time":1779591227362,"pid":46125,"hostname":"ef9c7be62fe1","name":"QualityObserver:scheduler","filed":0,"skipped":5,"msg":"observer tick complete"}
@urateam/observers:test: {"level":30,"time":1779591227361,"pid":46125,"hostname":"ef9c7be62fe1","name":"QualityObserver:engine","msg":"first-tick seed: 5 findings registered for dedup; not filed (observer is fresh-installed)"}
@urateam/observers:test: {"level":30,"time":1779591227366,"pid":46125,"hostname":"ef9c7be62fe1","name":"QualityObserver:engine","msg":"first-tick seed: 5 findings registered for dedup; not filed (observer is fresh-installed)"}
@urateam/observers:test: {"level":30,"time":1779591227378,"pid":46125,"hostname":"ef9c7be62fe1","name":"QualityObserver:engine","msg":"first-tick seed: 5 findings registered for dedup; not filed (observer is fresh-installed)"}
@urateam/observers:test: {"level":30,"time":1779591227366,"pid":46125,"hostname":"ef9c7be62fe1","name":"QualityObserver:scheduler","filed":0,"skipped":5,"msg":"observer tick complete"}
@urateam/observers:test: {"level":30,"time":1779591227366,"pid":46125,"hostname":"ef9c7be62fe1","name":"QualityObserver:scheduler","filed":1,"skipped":5,"msg":"observer tick complete"}
@urateam/observers:test: {"level":30,"time":1779591227378,"pid":46125,"hostname":"ef9c7be62fe1","name":"QualityObserver:scheduler","filed":0,"skipped":5,"msg":"observer tick complete"}
@urateam/observers:test: {"level":30,"time":1779591227379,"pid":46125,"hostname":"ef9c7be62fe1","name":"QualityObserver:scheduler","filed":1,"skipped":5,"msg":"observer tick complete"}
@urateam/observers:test: {"level":30,"time":1779591227384,"pid":46125,"hostname":"ef9c7be62fe1","name":"QualityObserver:scheduler","filed":5,"skipped":0,"msg":"observer tick complete"}
@urateam/observers:test: {"level":30,"time":1779591227389,"pid":46125,"hostname":"ef9c7be62fe1","name":"QualityObserver:scheduler","filed":5,"skipped":0,"msg":"observer tick complete"}
@urateam/observers:test:  ✓ src/__tests__/observer-scheduler.test.ts (6 tests) 93ms
@urateam/observers:test:  ✓ src/__tests__/run-patterns.test.ts (7 tests) 48ms
@urateam/observers:test: {"level":30,"time":1779591228728,"pid":46345,"hostname":"ef9c7be62fe1","name":"QualityObserver:engine","msg":"first-tick seed: 5 findings registered for dedup; not filed (observer is fresh-installed)"}
@urateam/observers:test: {"level":30,"time":1779591228741,"pid":46345,"hostname":"ef9c7be62fe1","name":"QualityObserver:engine","msg":"first-tick seed: 5 findings registered for dedup; not filed (observer is fresh-installed)"}
@urateam/observers:test: {"level":30,"time":1779591228749,"pid":46345,"hostname":"ef9c7be62fe1","name":"QualityObserver:engine","msg":"first-tick seed: 5 findings registered for dedup; not filed (observer is fresh-installed)"}
@urateam/observers:test: {"level":30,"time":1779591228760,"pid":46345,"hostname":"ef9c7be62fe1","name":"QualityObserver:engine","msg":"first-tick seed: 0 findings registered for dedup; not filed (observer is fresh-installed)"}
@urateam/observers:test:  ✓ src/__tests__/seed-dedup.test.ts (7 tests) 88ms
@urateam/observers:test: 
@urateam/observers:test:  Test Files  3 passed (3)
@urateam/observers:test:       Tests  20 passed (20)
@urateam/observers:test:    Start at  02:53:46
@urateam/observers:test:    Duration  2.61s (transform 371ms, setup 0ms, collect 858ms, tests 230ms, environment 1ms, prepare 1.26s)
@urateam/observers:test: 
create-urateam:test: 
create-urateam:test: > create-urateam@0.1.62 test /home/ura/data/runs/LebSkAZg-HclOWZ2Dr2io/worktree/packages/create-urateam
create-urateam:test: > vitest run
create-urateam:test: 
create-urateam:test: 
create-urateam:test:  RUN  v3.2.4 /home/ura/data/runs/LebSkAZg-HclOWZ2Dr2io/worktree/packages/create-urateam
create-urateam:test: 
create-urateam:test:  ✓ src/__tests__/scaffold.test.ts (48 tests) 674ms
create-urateam:test: 
create-urateam:test:  Test Files  1 passed (1)
create-urateam:test:       Tests  48 passed (48)
create-urateam:test:    Start at  02:53:46
create-urateam:test:    Duration  2.77s (transform 570ms, setup 0ms, collect 656ms, tests 674ms, environment 0ms, prepare 500ms)
create-urateam:test: 
@urateam/core:build: cache hit, replaying logs a25e671cf9d52e98
@urateam/core:build: 
@urateam/core:build: > @urateam/core@0.1.59 build /home/ura/data/runs/PnXZTHwyAR6qch7obf8pl/worktree/packages/core
@urateam/core:build: > tsc && node --input-type=module -e "import{cpSync}from'node:fs';cpSync('src/db/migrations','dist/db/migrations',{recursive:true})"
@urateam/core:build: 
@urateam/dashboard:test: cache hit, replaying logs 61e78f8d55a77548
@urateam/dashboard:build: cache hit, replaying logs bdc1c5821b1549b9
@urateam/dashboard:build: 
@urateam/dashboard:build: > @urateam/dashboard@0.1.59 build /home/ura/data/runs/PnXZTHwyAR6qch7obf8pl/worktree/packages/dashboard
@urateam/dashboard:build: > tsc && node --input-type=module -e "import{cpSync}from'node:fs';cpSync('src/static','dist/static',{recursive:true})"
@urateam/dashboard:build: 
@urateam/cli:test: cache miss, executing e388432f110bfe94
@urateam/dashboard:test: 
@urateam/dashboard:test: > @urateam/dashboard@0.1.59 test /home/ura/data/runs/PnXZTHwyAR6qch7obf8pl/worktree/packages/dashboard
@urateam/dashboard:test: > vitest run
@urateam/dashboard:test: 
@urateam/dashboard:test: 
@urateam/dashboard:test:  RUN  v3.2.4 /home/ura/data/runs/PnXZTHwyAR6qch7obf8pl/worktree/packages/dashboard
@urateam/dashboard:test: 
@urateam/dashboard:test:  ✓ src/__tests__/ui-refresh.test.ts (51 tests) 158ms
@urateam/dashboard:test: {"level":40,"time":"2026-05-24T11:20:18.644Z","pid":390110,"hostname":"df54c4ecdd90","name":"urateam","component":"dashboard","msg":"DASHBOARD_BASE_PATH is not set. Navigation links will use root paths. Set DASHBOARD_BASE_PATH=/ateam (no trailing slash) if the dashboard is served under a path prefix via a reverse proxy."}
@urateam/dashboard:test: {"level":30,"time":"2026-05-24T11:20:18.649Z","pid":390110,"hostname":"df54c4ecdd90","name":"urateam","component":"license","tier":"oss","msg":"no license key set — running in OSS mode"}
@urateam/dashboard:test: {"level":40,"time":"2026-05-24T11:20:18.662Z","pid":390070,"hostname":"df54c4ecdd90","name":"urateam","component":"dashboard","msg":"DASHBOARD_BASE_PATH is not set. Navigation links will use root paths. Set DASHBOARD_BASE_PATH=/ateam (no trailing slash) if the dashboard is served under a path prefix via a reverse proxy."}
@urateam/dashboard:test: {"level":30,"time":"2026-05-24T11:20:18.666Z","pid":390070,"hostname":"df54c4ecdd90","name":"urateam","component":"license","tier":"oss","msg":"no license key set — running in OSS mode"}
@urateam/dashboard:test: {"level":40,"time":"2026-05-24T11:20:18.691Z","pid":390110,"hostname":"df54c4ecdd90","name":"urateam","component":"dashboard","msg":"DASHBOARD_BASE_PATH is not set. Navigation links will use root paths. Set DASHBOARD_BASE_PATH=/ateam (no trailing slash) if the dashboard is served under a path prefix via a reverse proxy."}
@urateam/dashboard:test: {"level":40,"time":"2026-05-24T11:20:18.698Z","pid":390110,"hostname":"df54c4ecdd90","name":"urateam","component":"dashboard","msg":"DASHBOARD_BASE_PATH is not set. Navigation links will use root paths. Set DASHBOARD_BASE_PATH=/ateam (no trailing slash) if the dashboard is served under a path prefix via a reverse proxy."}
@urateam/dashboard:test: {"level":40,"time":"2026-05-24T11:20:18.702Z","pid":390110,"hostname":"df54c4ecdd90","name":"urateam","component":"dashboard","msg":"DASHBOARD_BASE_PATH is not set. Navigation links will use root paths. Set DASHBOARD_BASE_PATH=/ateam (no trailing slash) if the dashboard is served under a path prefix via a reverse proxy."}
@urateam/dashboard:test: {"level":40,"time":"2026-05-24T11:20:18.704Z","pid":390070,"hostname":"df54c4ecdd90","name":"urateam","component":"dashboard","msg":"DASHBOARD_BASE_PATH is not set. Navigation links will use root paths. Set DASHBOARD_BASE_PATH=/ateam (no trailing slash) if the dashboard is served under a path prefix via a reverse proxy."}
@urateam/dashboard:test: {"level":40,"time":"2026-05-24T11:20:18.705Z","pid":390110,"hostname":"df54c4ecdd90","name":"urateam","component":"dashboard","msg":"DASHBOARD_BASE_PATH is not set. Navigation links will use root paths. Set DASHBOARD_BASE_PATH=/ateam (no trailing slash) if the dashboard is served under a path prefix via a reverse proxy."}
@urateam/dashboard:test: {"level":40,"time":"2026-05-24T11:20:18.708Z","pid":390070,"hostname":"df54c4ecdd90","name":"urateam","component":"dashboard","msg":"DASHBOARD_BASE_PATH is not set. Navigation links will use root paths. Set DASHBOARD_BASE_PATH=/ateam (no trailing slash) if the dashboard is served under a path prefix via a reverse proxy."}
@urateam/dashboard:test: {"level":40,"time":"2026-05-24T11:20:18.710Z","pid":390110,"hostname":"df54c4ecdd90","name":"urateam","component":"dashboard","msg":"DASHBOARD_BASE_PATH is not set. Navigation links will use root paths. Set DASHBOARD_BASE_PATH=/ateam (no trailing slash) if the dashboard is served under a path prefix via a reverse proxy."}
@urateam/dashboard:test: {"level":40,"time":"2026-05-24T11:20:18.713Z","pid":390070,"hostname":"df54c4ecdd90","name":"urateam","component":"dashboard","msg":"DASHBOARD_BASE_PATH is not set. Navigation links will use root paths. Set DASHBOARD_BASE_PATH=/ateam (no trailing slash) if the dashboard is served under a path prefix via a reverse proxy."}
@urateam/dashboard:test: {"level":40,"time":"2026-05-24T11:20:18.712Z","pid":390110,"hostname":"df54c4ecdd90","name":"urateam","component":"dashboard","msg":"DASHBOARD_BASE_PATH is not set. Navigation links will use root paths. Set DASHBOARD_BASE_PATH=/ateam (no trailing slash) if the dashboard is served under a path prefix via a reverse proxy."}
@urateam/dashboard:test: {"level":40,"time":"2026-05-24T11:20:18.716Z","pid":390070,"hostname":"df54c4ecdd90","name":"urateam","component":"dashboard","msg":"DASHBOARD_BASE_PATH is not set. Navigation links will use root paths. Set DASHBOARD_BASE_PATH=/ateam (no trailing slash) if the dashboard is served under a path prefix via a reverse proxy."}
@urateam/dashboard:test: {"level":40,"time":"2026-05-24T11:20:18.719Z","pid":390070,"hostname":"df54c4ecdd90","name":"urateam","component":"dashboard","msg":"DASHBOARD_BASE_PATH is not set. Navigation links will use root paths. Set DASHBOARD_BASE_PATH=/ateam (no trailing slash) if the dashboard is served under a path prefix via a reverse proxy."}
@urateam/dashboard:test: {"level":40,"time":"2026-05-24T11:20:18.721Z","pid":390070,"hostname":"df54c4ecdd90","name":"urateam","component":"dashboard","msg":"DASHBOARD_BASE_PATH is not set. Navigation links will use root paths. Set DASHBOARD_BASE_PATH=/ateam (no trailing slash) if the dashboard is served under a path prefix via a reverse proxy."}
@urateam/dashboard:test: {"level":40,"time":"2026-05-24T11:20:18.725Z","pid":390070,"hostname":"df54c4ecdd90","name":"urateam","component":"dashboard","msg":"DASHBOARD_BASE_PATH is not set. Navigation links will use root paths. Set DASHBOARD_BASE_PATH=/ateam (no trailing slash) if the dashboard is served under a path prefix via a reverse proxy."}
@urateam/dashboard:test: {"level":40,"time":"2026-05-24T11:20:18.733Z","pid":390070,"hostname":"df54c4ecdd90","name":"urateam","component":"dashboard","msg":"DASHBOARD_BASE_PATH is not set. Navigation links will use root paths. Set DASHBOARD_BASE_PATH=/ateam (no trailing slash) if the dashboard is served under a path prefix via a reverse proxy."}
@urateam/dashboard:test: {"level":40,"time":"2026-05-24T11:20:18.741Z","pid":390110,"hostname":"df54c4ecdd90","name":"urateam","component":"dashboard","msg":"DASHBOARD_BASE_PATH is not set. Navigation links will use root paths. Set DASHBOARD_BASE_PATH=/ateam (no trailing slash) if the dashboard is served under a path prefix via a reverse proxy."}
@urateam/dashboard:test: {"level":30,"time":"2026-05-24T11:20:18.742Z","pid":390070,"hostname":"df54c4ecdd90","name":"urateam","component":"dashboard","basePath":"/ateam","msg":"Dashboard base path configured"}
@urateam/dashboard:test: {"level":30,"time":"2026-05-24T11:20:18.748Z","pid":390070,"hostname":"df54c4ecdd90","name":"urateam","component":"dashboard","basePath":"/ateam","msg":"Dashboard base path configured"}
@urateam/dashboard:test: {"level":30,"time":"2026-05-24T11:20:18.750Z","pid":390070,"hostname":"df54c4ecdd90","name":"urateam","component":"dashboard","basePath":"/ateam","msg":"Dashboard base path configured"}
@urateam/dashboard:test: {"level":40,"time":"2026-05-24T11:20:18.750Z","pid":390110,"hostname":"df54c4ecdd90","name":"urateam","component":"dashboard","msg":"DASHBOARD_BASE_PATH is not set. Navigation links will use root paths. Set DASHBOARD_BASE_PATH=/ateam (no trailing slash) if the dashboard is served under a path prefix via a reverse proxy."}
@urateam/dashboard:test: {"level":40,"time":"2026-05-24T11:20:18.761Z","pid":390110,"hostname":"df54c4ecdd90","name":"urateam","component":"dashboard","msg":"DASHBOARD_BASE_PATH is not set. Navigation links will use root paths. Set DASHBOARD_BASE_PATH=/ateam (no trailing slash) if the dashboard is served under a path prefix via a reverse proxy."}
@urateam/dashboard:test: {"level":40,"time":"2026-05-24T11:20:18.764Z","pid":390110,"hostname":"df54c4ecdd90","name":"urateam","component":"dashboard","msg":"DASHBOARD_BASE_PATH is not set. Navigation links will use root paths. Set DASHBOARD_BASE_PATH=/ateam (no trailing slash) if the dashboard is served under a path prefix via a reverse proxy."}
@urateam/dashboard:test: {"level":30,"time":"2026-05-24T11:20:18.762Z","pid":390070,"hostname":"df54c4ecdd90","name":"urateam","component":"dashboard","basePath":"/ateam","msg":"Dashboard base path configured"}
@urateam/dashboard:test: {"level":30,"time":"2026-05-24T11:20:18.767Z","pid":390070,"hostname":"df54c4ecdd90","name":"urateam","component":"dashboard","basePath":"/ateam","msg":"Dashboard base path configured"}
@urateam/dashboard:test: {"level":40,"time":"2026-05-24T11:20:18.772Z","pid":390110,"hostname":"df54c4ecdd90","name":"urateam","component":"dashboard","msg":"DASHBOARD_BASE_PATH is not set. Navigation links will use root paths. Set DASHBOARD_BASE_PATH=/ateam (no trailing slash) if the dashboard is served under a path prefix via a reverse proxy."}
@urateam/dashboard:test: {"level":40,"time":"2026-05-24T11:20:18.774Z","pid":390110,"hostname":"df54c4ecdd90","name":"urateam","component":"dashboard","msg":"DASHBOARD_BASE_PATH is not set. Navigation links will use root paths. Set DASHBOARD_BASE_PATH=/ateam (no trailing slash) if the dashboard is served under a path prefix via a reverse proxy."}
@urateam/dashboard:test: {"level":40,"time":"2026-05-24T11:20:18.779Z","pid":390110,"hostname":"df54c4ecdd90","name":"urateam","component":"dashboard","msg":"DASHBOARD_BASE_PATH is not set. Navigation links will use root paths. Set DASHBOARD_BASE_PATH=/ateam (no trailing slash) if the dashboard is served under a path prefix via a reverse proxy."}
@urateam/dashboard:test: {"level":40,"time":"2026-05-24T11:20:18.784Z","pid":390110,"hostname":"df54c4ecdd90","name":"urateam","component":"dashboard","msg":"DASHBOARD_BASE_PATH is not set. Navigation links will use root paths. Set DASHBOARD_BASE_PATH=/ateam (no trailing slash) if the dashboard is served under a path prefix via a reverse proxy."}
@urateam/dashboard:test: {"level":30,"time":"2026-05-24T11:20:18.787Z","pid":390070,"hostname":"df54c4ecdd90","name":"urateam","component":"dashboard","basePath":"/ateam","msg":"Dashboard base path configured"}
@urateam/dashboard:test: {"level":40,"time":"2026-05-24T11:20:18.792Z","pid":390110,"hostname":"df54c4ecdd90","name":"urateam","component":"dashboard","msg":"DASHBOARD_BASE_PATH is not set. Navigation links will use root paths. Set DASHBOARD_BASE_PATH=/ateam (no trailing slash) if the dashboard is served under a path prefix via a reverse proxy."}
@urateam/dashboard:test: {"level":40,"time":"2026-05-24T11:20:18.793Z","pid":390110,"hostname":"df54c4ecdd90","name":"urateam","component":"dashboard","msg":"DASHBOARD_BASE_PATH is not set. Navigation links will use root paths. Set DASHBOARD_BASE_PATH=/ateam (no trailing slash) if the dashboard is served under a path prefix via a reverse proxy."}
@urateam/dashboard:test: {"level":40,"time":"2026-05-24T11:20:18.798Z","pid":390110,"hostname":"df54c4ecdd90","name":"urateam","component":"dashboard","msg":"DASHBOARD_BASE_PATH is not set. Navigation links will use root paths. Set DASHBOARD_BASE_PATH=/ateam (no trailing slash) if the dashboard is served under a path prefix via a reverse proxy."}
@urateam/dashboard:test: {"level":30,"time":"2026-05-24T11:20:18.802Z","pid":390070,"hostname":"df54c4ecdd90","name":"urateam","component":"dashboard","basePath":"/ateam","msg":"Dashboard base path configured"}
@urateam/dashboard:test: {"level":40,"time":"2026-05-24T11:20:18.805Z","pid":390110,"hostname":"df54c4ecdd90","name":"urateam","component":"dashboard","msg":"DASHBOARD_BASE_PATH is not set. Navigation links will use root paths. Set DASHBOARD_BASE_PATH=/ateam (no trailing slash) if the dashboard is served under a path prefix via a reverse proxy."}
@urateam/dashboard:test: {"level":40,"time":"2026-05-24T11:20:18.809Z","pid":390110,"hostname":"df54c4ecdd90","name":"urateam","component":"dashboard","msg":"DASHBOARD_BASE_PATH is not set. Navigation links will use root paths. Set DASHBOARD_BASE_PATH=/ateam (no trailing slash) if the dashboard is served under a path prefix via a reverse proxy."}
@urateam/dashboard:test: {"level":40,"time":"2026-05-24T11:20:18.811Z","pid":390110,"hostname":"df54c4ecdd90","name":"urateam","component":"dashboard","msg":"DASHBOARD_BASE_PATH is not set. Navigation links will use root paths. Set DASHBOARD_BASE_PATH=/ateam (no trailing slash) if the dashboard is served under a path prefix via a reverse proxy."}
@urateam/dashboard:test: {"level":40,"time":"2026-05-24T11:20:18.813Z","pid":390070,"hostname":"df54c4ecdd90","name":"urateam","component":"dashboard","msg":"DASHBOARD_BASE_PATH is not set. Navigation links will use root paths. Set DASHBOARD_BASE_PATH=/ateam (no trailing slash) if the dashboard is served under a path prefix via a reverse proxy."}
@urateam/dashboard:test: {"level":40,"time":"2026-05-24T11:20:18.815Z","pid":390110,"hostname":"df54c4ecdd90","name":"urateam","component":"dashboard","msg":"DASHBOARD_BASE_PATH is not set. Navigation links will use root paths. Set DASHBOARD_BASE_PATH=/ateam (no trailing slash) if the dashboard is served under a path prefix via a reverse proxy."}
@urateam/dashboard:test: {"level":40,"time":"2026-05-24T11:20:18.818Z","pid":390110,"hostname":"df54c4ecdd90","name":"urateam","component":"dashboard","msg":"DASHBOARD_BASE_PATH is not set. Navigation links will use root paths. Set DASHBOARD_BASE_PATH=/ateam (no trailing slash) if the dashboard is served under a path prefix via a reverse proxy."}
@urateam/dashboard:test: {"level":40,"time":"2026-05-24T11:20:18.823Z","pid":390110,"hostname":"df54c4ecdd90","name":"urateam","component":"dashboard","msg":"DASHBOARD_BASE_PATH is not set. Navigation links will use root paths. Set DASHBOARD_BASE_PATH=/ateam (no trailing slash) if the dashboard is served under a path prefix via a reverse proxy."}
@urateam/dashboard:test: {"level":40,"time":"2026-05-24T11:20:18.826Z","pid":390070,"hostname":"df54c4ecdd90","name":"urateam","component":"dashboard","msg":"DASHBOARD_BASE_PATH is not set. Navigation links will use root paths. Set DASHBOARD_BASE_PATH=/ateam (no trailing slash) if the dashboard is served under a path prefix via a reverse proxy."}
@urateam/dashboard:test: {"level":40,"time":"2026-05-24T11:20:18.832Z","pid":390070,"hostname":"df54c4ecdd90","name":"urateam","component":"dashboard","msg":"DASHBOARD_BASE_PATH is not set. Navigation links will use root paths. Set DASHBOARD_BASE_PATH=/ateam (no trailing slash) if the dashboard is served under a path prefix via a reverse proxy."}
@urateam/dashboard:test: {"level":40,"time":"2026-05-24T11:20:18.844Z","pid":390070,"hostname":"df54c4ecdd90","name":"urateam","component":"dashboard","msg":"DASHBOARD_BASE_PATH is not set. Navigation links will use root paths. Set DASHBOARD_BASE_PATH=/ateam (no trailing slash) if the dashboard is served under a path prefix via a reverse proxy."}
@urateam/dashboard:test: {"level":40,"time":"2026-05-24T11:20:18.845Z","pid":390110,"hostname":"df54c4ecdd90","name":"urateam","component":"dashboard","msg":"DASHBOARD_BASE_PATH is not set. Navigation links will use root paths. Set DASHBOARD_BASE_PATH=/ateam (no trailing slash) if the dashboard is served under a path prefix via a reverse proxy."}
@urateam/dashboard:test: {"level":40,"time":"2026-05-24T11:20:18.846Z","pid":390110,"hostname":"df54c4ecdd90","name":"urateam","component":"dashboard","msg":"DASHBOARD_BASE_PATH is not set. Navigation links will use root paths. Set DASHBOARD_BASE_PATH=/ateam (no trailing slash) if the dashboard is served under a path prefix via a reverse proxy."}
@urateam/dashboard:test: {"level":40,"time":"2026-05-24T11:20:18.851Z","pid":390070,"hostname":"df54c4ecdd90","name":"urateam","component":"dashboard","msg":"DASHBOARD_BASE_PATH is not set. Navigation links will use root paths. Set DASHBOARD_BASE_PATH=/ateam (no trailing slash) if the dashboard is served under a path prefix via a reverse proxy."}
@urateam/dashboard:test: {"level":40,"time":"2026-05-24T11:20:18.852Z","pid":390110,"hostname":"df54c4ecdd90","name":"urateam","component":"dashboard","msg":"DASHBOARD_BASE_PATH is not set. Navigation links will use root paths. Set DASHBOARD_BASE_PATH=/ateam (no trailing slash) if the dashboard is served under a path prefix via a reverse proxy."}
@urateam/dashboard:test: {"level":40,"time":"2026-05-24T11:20:18.853Z","pid":390110,"hostname":"df54c4ecdd90","name":"urateam","component":"dashboard","msg":"DASHBOARD_BASE_PATH is not set. Navigation links will use root paths. Set DASHBOARD_BASE_PATH=/ateam (no trailing slash) if the dashboard is served under a path prefix via a reverse proxy."}
@urateam/dashboard:test: {"level":40,"time":"2026-05-24T11:20:18.856Z","pid":390110,"hostname":"df54c4ecdd90","name":"urateam","component":"dashboard","msg":"DASHBOARD_BASE_PATH is not set. Navigation links will use root paths. Set DASHBOARD_BASE_PATH=/ateam (no trailing slash) if the dashboard is served under a path prefix via a reverse proxy."}
@urateam/dashboard:test: {"level":30,"time":"2026-05-24T11:20:18.860Z","pid":390070,"hostname":"df54c4ecdd90","name":"urateam","component":"dashboard","basePath":"/ateam","msg":"Dashboard base path configured"}
@urateam/dashboard:test: {"level":40,"time":"2026-05-24T11:20:18.861Z","pid":390110,"hostname":"df54c4ecdd90","name":"urateam","component":"dashboard","msg":"DASHBOARD_BASE_PATH is not set. Navigation links will use root paths. Set DASHBOARD_BASE_PATH=/ateam (no trailing slash) if the dashboard is served under a path prefix via a reverse proxy."}
@urateam/dashboard:test: {"level":40,"time":"2026-05-24T11:20:18.865Z","pid":390110,"hostname":"df54c4ecdd90","name":"urateam","component":"dashboard","msg":"DASHBOARD_BASE_PATH is not set. Navigation links will use root paths. Set DASHBOARD_BASE_PATH=/ateam (no trailing slash) if the dashboard is served under a path prefix via a reverse proxy."}
@urateam/dashboard:test: {"level":30,"time":"2026-05-24T11:20:18.868Z","pid":390070,"hostname":"df54c4ecdd90","name":"urateam","component":"dashboard","basePath":"/ateam","msg":"Dashboard base path configured"}
@urateam/dashboard:test: {"level":40,"time":"2026-05-24T11:20:18.868Z","pid":390110,"hostname":"df54c4ecdd90","name":"urateam","component":"dashboard","msg":"DASHBOARD_BASE_PATH is not set. Navigation links will use root paths. Set DASHBOARD_BASE_PATH=/ateam (no trailing slash) if the dashboard is served under a path prefix via a reverse proxy."}
@urateam/dashboard:test: {"level":40,"time":"2026-05-24T11:20:18.869Z","pid":390110,"hostname":"df54c4ecdd90","name":"urateam","component":"dashboard","msg":"DASHBOARD_BASE_PATH is not set. Navigation links will use root paths. Set DASHBOARD_BASE_PATH=/ateam (no trailing slash) if the dashboard is served under a path prefix via a reverse proxy."}
@urateam/dashboard:test: {"level":40,"time":"2026-05-24T11:20:18.872Z","pid":390110,"hostname":"df54c4ecdd90","name":"urateam","component":"dashboard","msg":"DASHBOARD_BASE_PATH is not set. Navigation links will use root paths. Set DASHBOARD_BASE_PATH=/ateam (no trailing slash) if the dashboard is served under a path prefix via a reverse proxy."}
@urateam/dashboard:test: {"level":40,"time":"2026-05-24T11:20:18.875Z","pid":390110,"hostname":"df54c4ecdd90","name":"urateam","component":"dashboard","msg":"DASHBOARD_BASE_PATH is not set. Navigation links will use root paths. Set DASHBOARD_BASE_PATH=/ateam (no trailing slash) if the dashboard is served under a path prefix via a reverse proxy."}
@urateam/dashboard:test: {"level":40,"time":"2026-05-24T11:20:18.877Z","pid":390110,"hostname":"df54c4ecdd90","name":"urateam","component":"dashboard","msg":"DASHBOARD_BASE_PATH is not set. Navigation links will use root paths. Set DASHBOARD_BASE_PATH=/ateam (no trailing slash) if the dashboard is served under a path prefix via a reverse proxy."}
@urateam/dashboard:test: {"level":30,"time":"2026-05-24T11:20:18.876Z","pid":390070,"hostname":"df54c4ecdd90","name":"urateam","component":"dashboard","basePath":"/ateam","msg":"Dashboard base path configured"}
@urateam/dashboard:test: {"level":40,"time":"2026-05-24T11:20:18.882Z","pid":390110,"hostname":"df54c4ecdd90","name":"urateam","component":"dashboard","msg":"DASHBOARD_BASE_PATH is not set. Navigation links will use root paths. Set DASHBOARD_BASE_PATH=/ateam (no trailing slash) if the dashboard is served under a path prefix via a reverse proxy."}
@urateam/dashboard:test: {"level":40,"time":"2026-05-24T11:20:18.883Z","pid":390070,"hostname":"df54c4ecdd90","name":"urateam","component":"dashboard","msg":"DASHBOARD_BASE_PATH is not set. Navigation links will use root paths. Set DASHBOARD_BASE_PATH=/ateam (no trailing slash) if the dashboard is served under a path prefix via a reverse proxy."}
@urateam/dashboard:test: {"level":40,"time":"2026-05-24T11:20:18.883Z","pid":390110,"hostname":"df54c4ecdd90","name":"urateam","component":"dashboard","msg":"DASHBOARD_BASE_PATH is not set. Navigation links will use root paths. Set DASHBOARD_BASE_PATH=/ateam (no trailing slash) if the dashboard is served under a path prefix via a reverse proxy."}
@urateam/dashboard:test: {"level":40,"time":"2026-05-24T11:20:18.891Z","pid":390070,"hostname":"df54c4ecdd90","name":"urateam","component":"dashboard","msg":"DASHBOARD_BASE_PATH is not set. Navigation links will use root paths. Set DASHBOARD_BASE_PATH=/ateam (no trailing slash) if the dashboard is served under a path prefix via a reverse proxy."}
@urateam/dashboard:test: {"level":30,"time":"2026-05-24T11:20:18.894Z","pid":390070,"hostname":"df54c4ecdd90","name":"urateam","component":"dashboard","basePath":"/ateam","msg":"Dashboard base path configured"}
@urateam/dashboard:test: {"level":40,"time":"2026-05-24T11:20:18.905Z","pid":390070,"hostname":"df54c4ecdd90","name":"urateam","component":"dashboard","msg":"DASHBOARD_BASE_PATH is not set. Navigation links will use root paths. Set DASHBOARD_BASE_PATH=/ateam (no trailing slash) if the dashboard is served under a path prefix via a reverse proxy."}
@urateam/dashboard:test: {"level":30,"time":"2026-05-24T11:20:18.906Z","pid":390070,"hostname":"df54c4ecdd90","name":"urateam","component":"license","tier":"enterprise","customerId":"cust_test","expiresAt":"2026-05-25T11:20:18.000Z","msg":"license key validated"}
@urateam/dashboard:test: {"level":40,"time":"2026-05-24T11:20:18.910Z","pid":390070,"hostname":"df54c4ecdd90","name":"urateam","component":"dashboard","msg":"DASHBOARD_BASE_PATH is not set. Navigation links will use root paths. Set DASHBOARD_BASE_PATH=/ateam (no trailing slash) if the dashboard is served under a path prefix via a reverse proxy."}
@urateam/dashboard:test: {"level":30,"time":"2026-05-24T11:20:18.912Z","pid":390070,"hostname":"df54c4ecdd90","name":"urateam","component":"license","tier":"enterprise","customerId":"cust_test","expiresAt":"2026-05-25T11:20:18.000Z","msg":"license key validated"}
@urateam/dashboard:test: {"level":40,"time":"2026-05-24T11:20:18.912Z","pid":390110,"hostname":"df54c4ecdd90","name":"urateam","component":"dashboard","msg":"DASHBOARD_BASE_PATH is not set. Navigation links will use root paths. Set DASHBOARD_BASE_PATH=/ateam (no trailing slash) if the dashboard is served under a path prefix via a reverse proxy."}
@urateam/dashboard:test: {"level":40,"time":"2026-05-24T11:20:18.916Z","pid":390070,"hostname":"df54c4ecdd90","name":"urateam","component":"dashboard","msg":"DASHBOARD_BASE_PATH is not set. Navigation links will use root paths. Set DASHBOARD_BASE_PATH=/ateam (no trailing slash) if the dashboard is served under a path prefix via a reverse proxy."}
@urateam/dashboard:test: {"level":30,"time":"2026-05-24T11:20:18.917Z","pid":390070,"hostname":"df54c4ecdd90","name":"urateam","component":"license","tier":"enterprise","customerId":"cust_test","expiresAt":"2026-05-25T11:20:18.000Z","msg":"license key validated"}
@urateam/dashboard:test: {"level":40,"time":"2026-05-24T11:20:18.919Z","pid":390110,"hostname":"df54c4ecdd90","name":"urateam","component":"dashboard","msg":"DASHBOARD_BASE_PATH is not set. Navigation links will use root paths. Set DASHBOARD_BASE_PATH=/ateam (no trailing slash) if the dashboard is served under a path prefix via a reverse proxy."}
@urateam/dashboard:test: {"level":40,"time":"2026-05-24T11:20:18.920Z","pid":390070,"hostname":"df54c4ecdd90","name":"urateam","component":"dashboard","msg":"DASHBOARD_BASE_PATH is not set. Navigation links will use root paths. Set DASHBOARD_BASE_PATH=/ateam (no trailing slash) if the dashboard is served under a path prefix via a reverse proxy."}
@urateam/dashboard:test: {"level":30,"time":"2026-05-24T11:20:18.921Z","pid":390070,"hostname":"df54c4ecdd90","name":"urateam","component":"license","tier":"enterprise","customerId":"cust_test","expiresAt":"2026-05-25T11:20:18.000Z","msg":"license key validated"}
@urateam/dashboard:test: {"level":40,"time":"2026-05-24T11:20:18.926Z","pid":390070,"hostname":"df54c4ecdd90","name":"urateam","component":"dashboard","msg":"DASHBOARD_BASE_PATH is not set. Navigation links will use root paths. Set DASHBOARD_BASE_PATH=/ateam (no trailing slash) if the dashboard is served under a path prefix via a reverse proxy."}
@urateam/dashboard:test: {"level":30,"time":"2026-05-24T11:20:18.927Z","pid":390070,"hostname":"df54c4ecdd90","name":"urateam","component":"license","tier":"enterprise","customerId":"cust_test","expiresAt":"2026-05-25T11:20:18.000Z","msg":"license key validated"}
@urateam/dashboard:test: {"level":40,"time":"2026-05-24T11:20:18.928Z","pid":390070,"hostname":"df54c4ecdd90","name":"urateam","component":"dashboard","msg":"DASHBOARD_BASE_PATH is not set. Navigation links will use root paths. Set DASHBOARD_BASE_PATH=/ateam (no trailing slash) if the dashboard is served under a path prefix via a reverse proxy."}
@urateam/dashboard:test: {"level":30,"time":"2026-05-24T11:20:18.929Z","pid":390070,"hostname":"df54c4ecdd90","name":"urateam","component":"license","tier":"enterprise","customerId":"cust_test","expiresAt":"2026-05-25T11:20:18.000Z","msg":"license key validated"}
@urateam/dashboard:test:  ✓ src/__tests__/server.test.ts (35 tests) 279ms
@urateam/dashboard:test: {"level":40,"time":"2026-05-24T11:20:18.980Z","pid":390110,"hostname":"df54c4ecdd90","name":"urateam","component":"dashboard","msg":"DASHBOARD_BASE_PATH is not set. Navigation links will use root paths. Set DASHBOARD_BASE_PATH=/ateam (no trailing slash) if the dashboard is served under a path prefix via a reverse proxy."}
@urateam/dashboard:test: {"level":40,"time":"2026-05-24T11:20:19.127Z","pid":390110,"hostname":"df54c4ecdd90","name":"urateam","component":"dashboard","msg":"DASHBOARD_BASE_PATH is not set. Navigation links will use root paths. Set DASHBOARD_BASE_PATH=/ateam (no trailing slash) if the dashboard is served under a path prefix via a reverse proxy."}
@urateam/dashboard:test: {"level":40,"time":"2026-05-24T11:20:19.133Z","pid":390110,"hostname":"df54c4ecdd90","name":"urateam","component":"dashboard","msg":"DASHBOARD_BASE_PATH is not set. Navigation links will use root paths. Set DASHBOARD_BASE_PATH=/ateam (no trailing slash) if the dashboard is served under a path prefix via a reverse proxy."}
@urateam/dashboard:test: {"level":40,"time":"2026-05-24T11:20:19.144Z","pid":390110,"hostname":"df54c4ecdd90","name":"urateam","component":"dashboard","msg":"DASHBOARD_BASE_PATH is not set. Navigation links will use root paths. Set DASHBOARD_BASE_PATH=/ateam (no trailing slash) if the dashboard is served under a path prefix via a reverse proxy."}
@urateam/dashboard:test:  ✓ src/__tests__/security.repro.test.ts (44 tests) 512ms
@urateam/dashboard:test: {"level":40,"time":"2026-05-24T11:20:22.515Z","pid":390302,"hostname":"df54c4ecdd90","name":"urateam","component":"dashboard","msg":"DASHBOARD_BASE_PATH is not set. Navigation links will use root paths. Set DASHBOARD_BASE_PATH=/ateam (no trailing slash) if the dashboard is served under a path prefix via a reverse proxy."}
@urateam/dashboard:test: {"level":30,"time":"2026-05-24T11:20:22.524Z","pid":390302,"hostname":"df54c4ecdd90","name":"urateam","component":"license","tier":"oss","msg":"no license key set — running in OSS mode"}
@urateam/dashboard:test: {"level":40,"time":"2026-05-24T11:20:22.585Z","pid":390302,"hostname":"df54c4ecdd90","name":"urateam","component":"dashboard","msg":"DASHBOARD_BASE_PATH is not set. Navigation links will use root paths. Set DASHBOARD_BASE_PATH=/ateam (no trailing slash) if the dashboard is served under a path prefix via a reverse proxy."}
@urateam/dashboard:test: {"level":30,"time":"2026-05-24T11:20:22.587Z","pid":390302,"hostname":"df54c4ecdd90","name":"urateam","component":"license","tier":"oss","msg":"no license key set — running in OSS mode"}
@urateam/dashboard:test: {"level":40,"time":"2026-05-24T11:20:22.619Z","pid":390302,"hostname":"df54c4ecdd90","name":"urateam","component":"dashboard","msg":"DASHBOARD_BASE_PATH is not set. Navigation links will use root paths. Set DASHBOARD_BASE_PATH=/ateam (no trailing slash) if the dashboard is served under a path prefix via a reverse proxy."}
@urateam/dashboard:test: {"level":30,"time":"2026-05-24T11:20:22.622Z","pid":390302,"hostname":"df54c4ecdd90","name":"urateam","component":"license","tier":"enterprise","customerId":"cust_test","expiresAt":"2026-05-25T11:20:22.000Z","msg":"license key validated"}
@urateam/dashboard:test: {"level":40,"time":"2026-05-24T11:20:22.659Z","pid":390302,"hostname":"df54c4ecdd90","name":"urateam","component":"dashboard","msg":"DASHBOARD_BASE_PATH is not set. Navigation links will use root paths. Set DASHBOARD_BASE_PATH=/ateam (no trailing slash) if the dashboard is served under a path prefix via a reverse proxy."}
@urateam/dashboard:test: {"level":30,"time":"2026-05-24T11:20:22.662Z","pid":390302,"hostname":"df54c4ecdd90","name":"urateam","component":"license","tier":"enterprise","customerId":"cust_test","expiresAt":"2026-05-25T11:20:22.000Z","msg":"license key validated"}
@urateam/dashboard:test: {"level":40,"time":"2026-05-24T11:20:22.685Z","pid":390302,"hostname":"df54c4ecdd90","name":"urateam","component":"dashboard","msg":"DASHBOARD_BASE_PATH is not set. Navigation links will use root paths. Set DASHBOARD_BASE_PATH=/ateam (no trailing slash) if the dashboard is served under a path prefix via a reverse proxy."}
@urateam/dashboard:test: {"level":30,"time":"2026-05-24T11:20:22.687Z","pid":390302,"hostname":"df54c4ecdd90","name":"urateam","component":"license","tier":"enterprise","customerId":"cust_test","expiresAt":"2026-05-25T11:20:22.000Z","msg":"license key validated"}
@urateam/dashboard:test: {"level":40,"time":"2026-05-24T11:20:22.713Z","pid":390302,"hostname":"df54c4ecdd90","name":"urateam","component":"dashboard","msg":"DASHBOARD_BASE_PATH is not set. Navigation links will use root paths. Set DASHBOARD_BASE_PATH=/ateam (no trailing slash) if the dashboard is served under a path prefix via a reverse proxy."}
@urateam/dashboard:test: {"level":30,"time":"2026-05-24T11:20:22.715Z","pid":390302,"hostname":"df54c4ecdd90","name":"urateam","component":"license","tier":"enterprise","customerId":"cust_test","expiresAt":"2026-05-25T11:20:22.000Z","msg":"license key validated"}
@urateam/dashboard:test: {"level":40,"time":"2026-05-24T11:20:22.744Z","pid":390302,"hostname":"df54c4ecdd90","name":"urateam","component":"dashboard","msg":"DASHBOARD_BASE_PATH is not set. Navigation links will use root paths. Set DASHBOARD_BASE_PATH=/ateam (no trailing slash) if the dashboard is served under a path prefix via a reverse proxy."}
@urateam/dashboard:test: {"level":30,"time":"2026-05-24T11:20:22.745Z","pid":390302,"hostname":"df54c4ecdd90","name":"urateam","component":"license","tier":"enterprise","customerId":"cust_test","expiresAt":"2026-05-25T11:20:22.000Z","msg":"license key validated"}
@urateam/dashboard:test:  ✓ src/__tests__/audit.test.ts (7 tests) 303ms
@urateam/dashboard:test: {"level":30,"time":"2026-05-24T11:20:23.014Z","pid":390309,"hostname":"df54c4ecdd90","name":"urateam","component":"license","tier":"oss","msg":"no license key set — running in OSS mode"}
@urateam/dashboard:test: {"level":30,"time":"2026-05-24T11:20:23.069Z","pid":390309,"hostname":"df54c4ecdd90","name":"urateam","component":"license","tier":"enterprise","customerId":"cust_test","expiresAt":"2026-05-25T11:20:23.000Z","msg":"license key validated"}
@urateam/dashboard:test: {"level":30,"time":"2026-05-24T11:20:23.110Z","pid":390309,"hostname":"df54c4ecdd90","name":"urateam","component":"license","tier":"enterprise","customerId":"cust_test","expiresAt":"2026-05-25T11:20:23.000Z","msg":"license key validated"}
@urateam/dashboard:test: {"level":30,"time":"2026-05-24T11:20:23.207Z","pid":390309,"hostname":"df54c4ecdd90","name":"urateam","component":"license","tier":"enterprise","customerId":"cust_test","expiresAt":"2026-05-25T11:20:23.000Z","msg":"license key validated"}
@urateam/dashboard:test: {"level":30,"time":"2026-05-24T11:20:23.284Z","pid":390309,"hostname":"df54c4ecdd90","name":"urateam","component":"license","tier":"enterprise","customerId":"cust_test","expiresAt":"2026-05-25T11:20:23.000Z","msg":"license key validated"}
@urateam/dashboard:test: {"level":30,"time":"2026-05-24T11:20:23.327Z","pid":390309,"hostname":"df54c4ecdd90","name":"urateam","component":"license","tier":"enterprise","customerId":"cust_test","expiresAt":"2026-05-25T11:20:23.000Z","msg":"license key validated"}
@urateam/dashboard:test: {"level":30,"time":"2026-05-24T11:20:23.368Z","pid":390309,"hostname":"df54c4ecdd90","name":"urateam","component":"license","tier":"enterprise","customerId":"cust_test","expiresAt":"2026-05-25T11:20:23.000Z","msg":"license key validated"}
@urateam/dashboard:test: {"level":30,"time":"2026-05-24T11:20:23.394Z","pid":390309,"hostname":"df54c4ecdd90","name":"urateam","component":"license","tier":"enterprise","customerId":"cust_test","expiresAt":"2026-05-25T11:20:23.000Z","msg":"license key validated"}
@urateam/dashboard:test: {"level":30,"time":"2026-05-24T11:20:23.429Z","pid":390309,"hostname":"df54c4ecdd90","name":"urateam","component":"license","tier":"enterprise","customerId":"cust_test","expiresAt":"2026-05-25T11:20:23.000Z","msg":"license key validated"}
@urateam/dashboard:test: {"level":30,"time":"2026-05-24T11:20:23.459Z","pid":390309,"hostname":"df54c4ecdd90","name":"urateam","component":"license","tier":"oss","msg":"no license key set — running in OSS mode"}
@urateam/dashboard:test: {"level":30,"time":"2026-05-24T11:20:23.538Z","pid":390309,"hostname":"df54c4ecdd90","name":"urateam","component":"license","tier":"enterprise","customerId":"cust_test","expiresAt":"2026-05-25T11:20:23.000Z","msg":"license key validated"}
@urateam/dashboard:test:  ✓ src/__tests__/retry-route.test.ts (11 tests) 603ms
@urateam/dashboard:test:  ✓ src/__tests__/layout.test.ts (28 tests) 28ms
@urateam/dashboard:test: {"level":40,"time":"2026-05-24T11:20:26.368Z","pid":390419,"hostname":"df54c4ecdd90","name":"urateam","component":"dashboard","msg":"DASHBOARD_BASE_PATH is not set. Navigation links will use root paths. Set DASHBOARD_BASE_PATH=/ateam (no trailing slash) if the dashboard is served under a path prefix via a reverse proxy."}
@urateam/dashboard:test: {"level":30,"time":"2026-05-24T11:20:26.371Z","pid":390419,"hostname":"df54c4ecdd90","name":"urateam","component":"license","tier":"oss","msg":"no license key set — running in OSS mode"}
@urateam/dashboard:test: {"level":40,"time":"2026-05-24T11:20:26.422Z","pid":390419,"hostname":"df54c4ecdd90","name":"urateam","component":"dashboard","msg":"DASHBOARD_BASE_PATH is not set. Navigation links will use root paths. Set DASHBOARD_BASE_PATH=/ateam (no trailing slash) if the dashboard is served under a path prefix via a reverse proxy."}
@urateam/dashboard:test: {"level":30,"time":"2026-05-24T11:20:26.422Z","pid":390419,"hostname":"df54c4ecdd90","name":"urateam","component":"license","tier":"oss","msg":"no license key set — running in OSS mode"}
@urateam/dashboard:test: {"level":40,"time":"2026-05-24T11:20:26.433Z","pid":390419,"hostname":"df54c4ecdd90","name":"urateam","component":"dashboard","msg":"DASHBOARD_BASE_PATH is not set. Navigation links will use root paths. Set DASHBOARD_BASE_PATH=/ateam (no trailing slash) if the dashboard is served under a path prefix via a reverse proxy."}
@urateam/dashboard:test: {"level":30,"time":"2026-05-24T11:20:26.433Z","pid":390419,"hostname":"df54c4ecdd90","name":"urateam","component":"license","tier":"oss","msg":"no license key set — running in OSS mode"}
@urateam/dashboard:test: {"level":40,"time":"2026-05-24T11:20:26.451Z","pid":390419,"hostname":"df54c4ecdd90","name":"urateam","component":"dashboard","msg":"DASHBOARD_BASE_PATH is not set. Navigation links will use root paths. Set DASHBOARD_BASE_PATH=/ateam (no trailing slash) if the dashboard is served under a path prefix via a reverse proxy."}
@urateam/dashboard:test: {"level":30,"time":"2026-05-24T11:20:26.452Z","pid":390419,"hostname":"df54c4ecdd90","name":"urateam","component":"license","tier":"enterprise","customerId":"cust_test","expiresAt":"2026-05-25T11:20:26.000Z","msg":"license key validated"}
@urateam/dashboard:test: {"level":40,"time":"2026-05-24T11:20:26.491Z","pid":390419,"hostname":"df54c4ecdd90","name":"urateam","component":"dashboard","msg":"DASHBOARD_BASE_PATH is not set. Navigation links will use root paths. Set DASHBOARD_BASE_PATH=/ateam (no trailing slash) if the dashboard is served under a path prefix via a reverse proxy."}
@urateam/dashboard:test: {"level":30,"time":"2026-05-24T11:20:26.492Z","pid":390419,"hostname":"df54c4ecdd90","name":"urateam","component":"license","tier":"enterprise","customerId":"cust_test","expiresAt":"2026-05-25T11:20:26.000Z","msg":"license key validated"}
@urateam/dashboard:test:  ✓ src/__tests__/cost.test.ts (5 tests) 170ms
@urateam/dashboard:test: {"level":30,"time":"2026-05-24T11:20:27.791Z","pid":390497,"hostname":"df54c4ecdd90","name":"urateam","component":"license","tier":"enterprise","customerId":"cust_test","expiresAt":"2026-05-25T11:20:27.000Z","msg":"license key validated"}
@urateam/dashboard:test: {"level":30,"time":"2026-05-24T11:20:27.859Z","pid":390497,"hostname":"df54c4ecdd90","name":"urateam","component":"license","tier":"enterprise","customerId":"cust_test","expiresAt":"2026-05-25T11:20:27.000Z","msg":"license key validated"}
@urateam/dashboard:test: {"level":30,"time":"2026-05-24T11:20:27.883Z","pid":390497,"hostname":"df54c4ecdd90","name":"urateam","component":"license","tier":"enterprise","customerId":"cust_test","expiresAt":"2026-05-25T11:20:27.000Z","msg":"license key validated"}
@urateam/dashboard:test: {"level":30,"time":"2026-05-24T11:20:27.903Z","pid":390497,"hostname":"df54c4ecdd90","name":"urateam","component":"license","tier":"enterprise","customerId":"cust_test","expiresAt":"2026-05-25T11:20:27.000Z","msg":"license key validated"}
@urateam/dashboard:test: {"level":30,"time":"2026-05-24T11:20:27.923Z","pid":390497,"hostname":"df54c4ecdd90","name":"urateam","component":"license","tier":"enterprise","customerId":"cust_test","expiresAt":"2026-05-25T11:20:27.000Z","msg":"license key validated"}
@urateam/dashboard:test: {"level":40,"time":"2026-05-24T11:20:27.925Z","pid":390497,"hostname":"df54c4ecdd90","name":"urateam","component":"dashboard.runs","runId":"run_1","sessionId":"uuid-session-1","err":"session file missing","msg":"failed to read session messages — rendering empty transcript"}
@urateam/dashboard:test:  ✓ src/__tests__/transcript-route.test.ts (5 tests) 216ms
@urateam/dashboard:test: {"level":30,"time":"2026-05-24T11:20:29.998Z","pid":390591,"hostname":"df54c4ecdd90","name":"urateam","component":"license","tier":"enterprise","customerId":"cust_test","expiresAt":"2026-05-25T11:20:29.000Z","msg":"license key validated"}
@urateam/dashboard:test: {"level":30,"time":"2026-05-24T11:20:30.069Z","pid":390591,"hostname":"df54c4ecdd90","name":"urateam","component":"license","tier":"enterprise","customerId":"cust_test","expiresAt":"2026-05-25T11:20:30.000Z","msg":"license key validated"}
@urateam/dashboard:test: {"level":30,"time":"2026-05-24T11:20:30.093Z","pid":390591,"hostname":"df54c4ecdd90","name":"urateam","component":"license","tier":"enterprise","customerId":"cust_test","expiresAt":"2026-05-25T11:20:30.000Z","msg":"license key validated"}
@urateam/dashboard:test:  ✓ src/__tests__/auth-routes.test.ts (5 tests) 251ms
@urateam/dashboard:test: {"level":30,"time":"2026-05-24T11:20:31.253Z","pid":390707,"hostname":"df54c4ecdd90","name":"urateam","component":"license","tier":"oss","msg":"no license key set — running in OSS mode"}
@urateam/dashboard:test:  ✓ src/__tests__/cli-stop-routes.test.ts (9 tests) 316ms
@urateam/dashboard:test:  ✓ src/__tests__/run-detail-view.test.ts (8 tests) 49ms
@urateam/dashboard:test: {"level":30,"time":"2026-05-24T11:20:33.074Z","pid":390791,"hostname":"df54c4ecdd90","name":"urateam","component":"license","tier":"enterprise","customerId":"cust_test","expiresAt":"2026-05-25T11:20:33.000Z","msg":"license key validated"}
@urateam/dashboard:test: {"level":30,"time":"2026-05-24T11:20:33.161Z","pid":390791,"hostname":"df54c4ecdd90","name":"urateam","component":"license","tier":"enterprise","customerId":"cust_test","expiresAt":"2026-05-25T11:20:33.000Z","msg":"license key validated"}
@urateam/dashboard:test: {"level":30,"time":"2026-05-24T11:20:33.191Z","pid":390791,"hostname":"df54c4ecdd90","name":"urateam","component":"license","tier":"enterprise","customerId":"cust_test","expiresAt":"2026-05-25T11:20:33.000Z","msg":"license key validated"}
@urateam/dashboard:test: {"level":30,"time":"2026-05-24T11:20:33.217Z","pid":390791,"hostname":"df54c4ecdd90","name":"urateam","component":"license","tier":"enterprise","customerId":"cust_test","expiresAt":"2026-05-25T11:20:33.000Z","msg":"license key validated"}
@urateam/dashboard:test: {"level":30,"time":"2026-05-24T11:20:33.272Z","pid":390791,"hostname":"df54c4ecdd90","name":"urateam","component":"license","tier":"enterprise","customerId":"cust_test","expiresAt":"2026-05-25T11:20:33.000Z","msg":"license key validated"}
@urateam/dashboard:test: {"level":30,"time":"2026-05-24T11:20:33.312Z","pid":390791,"hostname":"df54c4ecdd90","name":"urateam","component":"license","tier":"enterprise","customerId":"cust_test","expiresAt":"2026-05-25T11:20:33.000Z","msg":"license key validated"}
@urateam/dashboard:test: {"level":30,"time":"2026-05-24T11:20:33.354Z","pid":390791,"hostname":"df54c4ecdd90","name":"urateam","component":"license","tier":"enterprise","customerId":"cust_test","expiresAt":"2026-05-25T11:20:33.000Z","msg":"license key validated"}
@urateam/dashboard:test: {"level":30,"time":"2026-05-24T11:20:33.381Z","pid":390791,"hostname":"df54c4ecdd90","name":"urateam","component":"license","tier":"oss","msg":"no license key set — running in OSS mode"}
@urateam/dashboard:test:  ✓ src/__tests__/users-routes.test.ts (8 tests) 415ms
@urateam/dashboard:test: {"level":30,"time":"2026-05-24T11:20:36.923Z","pid":390838,"hostname":"df54c4ecdd90","name":"urateam","component":"license","tier":"enterprise","customerId":"cust_test","expiresAt":"2026-05-25T11:20:36.000Z","msg":"license key validated"}
@urateam/dashboard:test: {"level":30,"time":"2026-05-24T11:20:37.023Z","pid":390838,"hostname":"df54c4ecdd90","name":"urateam","component":"license","tier":"enterprise","customerId":"cust_test","expiresAt":"2026-05-25T11:20:36.000Z","msg":"license key validated"}
@urateam/dashboard:test: {"level":30,"time":"2026-05-24T11:20:37.076Z","pid":390838,"hostname":"df54c4ecdd90","name":"urateam","component":"license","tier":"enterprise","customerId":"cust_test","expiresAt":"2026-05-25T11:20:37.000Z","msg":"license key validated"}
@urateam/dashboard:test:  ✓ src/__tests__/bootstrap-integration.test.ts (3 tests) 311ms
@urateam/dashboard:test: {"level":40,"time":"2026-05-24T11:20:40.329Z","pid":390930,"hostname":"df54c4ecdd90","name":"urateam","component":"dashboard","msg":"DASHBOARD_BASE_PATH is not set. Navigation links will use root paths. Set DASHBOARD_BASE_PATH=/ateam (no trailing slash) if the dashboard is served under a path prefix via a reverse proxy."}
@urateam/dashboard:test: {"level":30,"time":"2026-05-24T11:20:40.343Z","pid":390930,"hostname":"df54c4ecdd90","name":"urateam","component":"license","tier":"enterprise","customerId":"cust_test","expiresAt":"2026-05-25T11:20:40.000Z","msg":"license key validated"}
@urateam/dashboard:test: {"level":30,"time":"2026-05-24T11:20:40.343Z","pid":390930,"hostname":"df54c4ecdd90","name":"urateam","component":"dashboard","msg":"Mounting SSO auth router and session middleware"}
@urateam/dashboard:test: {"level":40,"time":"2026-05-24T11:20:40.476Z","pid":390930,"hostname":"df54c4ecdd90","name":"urateam","component":"dashboard","msg":"DASHBOARD_BASE_PATH is not set. Navigation links will use root paths. Set DASHBOARD_BASE_PATH=/ateam (no trailing slash) if the dashboard is served under a path prefix via a reverse proxy."}
@urateam/dashboard:test: {"level":30,"time":"2026-05-24T11:20:40.480Z","pid":390930,"hostname":"df54c4ecdd90","name":"urateam","component":"license","tier":"oss","msg":"no license key set — running in OSS mode"}
@urateam/dashboard:test: {"level":40,"time":"2026-05-24T11:20:40.486Z","pid":390930,"hostname":"df54c4ecdd90","name":"urateam","component":"dashboard","msg":"SSO is configured (sso.enabled=true) but the 'sso' feature is not licensed — falling back to basic auth"}
@urateam/dashboard:test: {"level":40,"time":"2026-05-24T11:20:40.584Z","pid":390930,"hostname":"df54c4ecdd90","name":"urateam","component":"dashboard","msg":"DASHBOARD_BASE_PATH is not set. Navigation links will use root paths. Set DASHBOARD_BASE_PATH=/ateam (no trailing slash) if the dashboard is served under a path prefix via a reverse proxy."}
@urateam/dashboard:test: {"level":30,"time":"2026-05-24T11:20:40.585Z","pid":390930,"hostname":"df54c4ecdd90","name":"urateam","component":"license","tier":"enterprise","customerId":"cust_test","expiresAt":"2026-05-25T11:20:40.000Z","msg":"license key validated"}
@urateam/dashboard:test: {"level":40,"time":"2026-05-24T11:20:40.652Z","pid":390930,"hostname":"df54c4ecdd90","name":"urateam","component":"dashboard","msg":"DASHBOARD_BASE_PATH is not set. Navigation links will use root paths. Set DASHBOARD_BASE_PATH=/ateam (no trailing slash) if the dashboard is served under a path prefix via a reverse proxy."}
@urateam/dashboard:test: {"level":30,"time":"2026-05-24T11:20:40.667Z","pid":390930,"hostname":"df54c4ecdd90","name":"urateam","component":"license","tier":"enterprise","customerId":"cust_test","expiresAt":"2026-05-25T11:20:40.000Z","msg":"license key validated"}
@urateam/dashboard:test: {"level":30,"time":"2026-05-24T11:20:40.668Z","pid":390930,"hostname":"df54c4ecdd90","name":"urateam","component":"dashboard","msg":"Mounting SSO auth router and session middleware"}
@urateam/dashboard:test:  ✓ src/__tests__/sso-integration.test.ts (4 tests) 506ms
@urateam/dashboard:test:  ✓ src/__tests__/cost-chart.test.ts (4 tests) 57ms
@urateam/dashboard:test:  ✓ src/__tests__/sso-middleware.test.ts (5 tests) 347ms
@urateam/dashboard:test: {"level":30,"time":"2026-05-24T11:20:49.361Z","pid":391403,"hostname":"df54c4ecdd90","name":"urateam","component":"license","tier":"oss","msg":"no license key set — running in OSS mode"}
@urateam/dashboard:test: {"level":30,"time":"2026-05-24T11:20:49.409Z","pid":391403,"hostname":"df54c4ecdd90","name":"urateam","component":"license","tier":"enterprise","customerId":"cust_test","expiresAt":"2026-05-25T11:20:49.000Z","msg":"license key validated"}
@urateam/dashboard:test: {"level":30,"time":"2026-05-24T11:20:49.417Z","pid":391403,"hostname":"df54c4ecdd90","name":"urateam","component":"license","tier":"enterprise","customerId":"cust_test","expiresAt":"2026-05-25T11:20:49.000Z","msg":"license key validated"}
@urateam/dashboard:test: {"level":30,"time":"2026-05-24T11:20:49.427Z","pid":391403,"hostname":"df54c4ecdd90","name":"urateam","component":"license","tier":"enterprise","customerId":"cust_test","expiresAt":"2026-05-25T11:20:49.000Z","msg":"license key validated"}
@urateam/dashboard:test: {"level":30,"time":"2026-05-24T11:20:49.440Z","pid":391403,"hostname":"df54c4ecdd90","name":"urateam","component":"license","tier":"enterprise","customerId":"cust_test","expiresAt":"2026-05-25T11:20:49.000Z","msg":"license key validated"}
@urateam/dashboard:test: {"level":30,"time":"2026-05-24T11:20:49.456Z","pid":391403,"hostname":"df54c4ecdd90","name":"urateam","component":"license","tier":"enterprise","customerId":"cust_test","expiresAt":"2026-05-25T11:20:49.000Z","msg":"license key validated"}
@urateam/dashboard:test: {"level":30,"time":"2026-05-24T11:20:49.462Z","pid":391403,"hostname":"df54c4ecdd90","name":"urateam","component":"license","tier":"enterprise","customerId":"cust_test","expiresAt":"2026-05-25T11:20:49.000Z","msg":"license key validated"}
@urateam/dashboard:test:  ✓ src/__tests__/rbac-middleware.test.ts (7 tests) 115ms
@urateam/dashboard:test: 
@urateam/dashboard:test:  Test Files  17 passed (17)
@urateam/dashboard:test:       Tests  239 passed (239)
@urateam/dashboard:test:    Start at  11:20:12
@urateam/dashboard:test:    Duration  37.44s (transform 2.89s, setup 0ms, collect 52.76s, tests 4.64s, environment 20ms, prepare 5.01s)
@urateam/dashboard:test: 
@urateam/cli:test: 
@urateam/cli:test: > @urateam/cli@0.1.61 test /home/ura/data/runs/PnXZTHwyAR6qch7obf8pl/worktree/packages/cli
@urateam/cli:test: > vitest run
@urateam/cli:test: 
@urateam/core:test: 
@urateam/core:test: > @urateam/core@0.1.59 test /home/ura/data/runs/PnXZTHwyAR6qch7obf8pl/worktree/packages/core
@urateam/core:test: > vitest run
@urateam/core:test: 
@urateam/core:test: 
@urateam/core:test:  RUN  v3.2.4 /home/ura/data/runs/PnXZTHwyAR6qch7obf8pl/worktree/packages/core
@urateam/core:test: 
@urateam/cli:test: 
@urateam/cli:test:  RUN  v3.2.4 /home/ura/data/runs/PnXZTHwyAR6qch7obf8pl/worktree/packages/cli
@urateam/cli:test: 
@urateam/core:test: {"level":30,"time":"2026-05-24T11:28:16.553Z","pid":400592,"hostname":"df54c4ecdd90","name":"urateam","component":"license","tier":"enterprise","customerId":"cust_test","expiresAt":"2026-05-25T11:28:16.000Z","msg":"license key validated"}
@urateam/core:test: {"level":30,"time":"2026-05-24T11:28:16.556Z","pid":400592,"hostname":"df54c4ecdd90","name":"urateam","component":"license","tier":"pro","customerId":"cust_test","expiresAt":"2026-05-25T11:28:16.000Z","msg":"license key validated"}
@urateam/core:test: {"level":30,"time":"2026-05-24T11:28:16.557Z","pid":400592,"hostname":"df54c4ecdd90","name":"urateam","component":"license","tier":"oss","msg":"no license key set — running in OSS mode"}
@urateam/core:test: {"level":30,"time":"2026-05-24T11:28:16.964Z","pid":400593,"hostname":"df54c4ecdd90","name":"urateam","component":"license","tier":"oss","msg":"no license key set — running in OSS mode"}
@urateam/core:test: {"level":40,"time":"2026-05-24T11:28:16.968Z","pid":400593,"hostname":"df54c4ecdd90","name":"urateam","component":"cost.per-run","feature":"cost-roi","pipelineKey":"quick-fix","msg":"computeRunCost called without an enterprise license — returning zero cost"}
@urateam/core:test: {"level":30,"time":"2026-05-24T11:28:17.004Z","pid":400593,"hostname":"df54c4ecdd90","name":"urateam","component":"license","tier":"oss","msg":"no license key set — running in OSS mode"}
@urateam/core:test: {"level":40,"time":"2026-05-24T11:28:17.004Z","pid":400593,"hostname":"df54c4ecdd90","name":"urateam","component":"cost.aggregate","feature":"cost-roi","msg":"aggregateHybrid called without an enterprise license — returning empty result"}
@urateam/core:test: {"level":30,"time":"2026-05-24T11:28:17.019Z","pid":400593,"hostname":"df54c4ecdd90","name":"urateam","component":"license","tier":"oss","msg":"no license key set — running in OSS mode"}
@urateam/core:test: {"level":40,"time":"2026-05-24T11:28:17.019Z","pid":400593,"hostname":"df54c4ecdd90","name":"urateam","component":"cost.aggregate","feature":"cost-roi","msg":"aggregateHybrid called without an enterprise license — returning empty result"}
@urateam/core:test: {"level":30,"time":"2026-05-24T11:28:17.032Z","pid":400593,"hostname":"df54c4ecdd90","name":"urateam","component":"license","tier":"oss","msg":"no license key set — running in OSS mode"}
@urateam/core:test: {"level":40,"time":"2026-05-24T11:28:17.032Z","pid":400593,"hostname":"df54c4ecdd90","name":"urateam","component":"cost.rollup","feature":"cost-roi","msg":"recomputeCostRollups called without an enterprise license — skipping"}
@urateam/core:test: {"level":30,"time":"2026-05-24T11:28:17.047Z","pid":400593,"hostname":"df54c4ecdd90","name":"urateam","component":"license","tier":"oss","msg":"no license key set — running in OSS mode"}
@urateam/core:test: {"level":40,"time":"2026-05-24T11:28:17.048Z","pid":400593,"hostname":"df54c4ecdd90","name":"urateam","component":"cost.csv","feature":"cost-roi","msg":"streamCostCsv called without an enterprise license — returning empty stream"}
@urateam/core:test: {"level":30,"time":"2026-05-24T11:28:17.061Z","pid":400593,"hostname":"df54c4ecdd90","name":"urateam","component":"license","tier":"pro","customerId":"cust_test","expiresAt":"2026-05-25T11:28:17.000Z","msg":"license key validated"}
@urateam/core:test: {"level":40,"time":"2026-05-24T11:28:17.062Z","pid":400593,"hostname":"df54c4ecdd90","name":"urateam","component":"cost.per-run","feature":"cost-roi","pipelineKey":"quick-fix","msg":"computeRunCost called without an enterprise license — returning zero cost"}
@urateam/core:test: {"level":30,"time":"2026-05-24T11:28:17.072Z","pid":400593,"hostname":"df54c4ecdd90","name":"urateam","component":"license","tier":"pro","customerId":"cust_test","expiresAt":"2026-05-25T11:28:17.000Z","msg":"license key validated"}
@urateam/core:test: {"level":40,"time":"2026-05-24T11:28:17.072Z","pid":400593,"hostname":"df54c4ecdd90","name":"urateam","component":"cost.aggregate","feature":"cost-roi","msg":"aggregateHybrid called without an enterprise license — returning empty result"}
@urateam/core:test: {"level":30,"time":"2026-05-24T11:28:17.091Z","pid":400593,"hostname":"df54c4ecdd90","name":"urateam","component":"license","tier":"enterprise","customerId":"cust_test","expiresAt":"2026-05-25T11:28:17.000Z","msg":"license key validated"}
@urateam/core:test:  ✓ src/__tests__/cost-defensive.test.ts (8 tests) 157ms
@urateam/core:test: {"level":30,"time":"2026-05-24T11:28:18.441Z","pid":400662,"hostname":"df54c4ecdd90","name":"urateam","component":"license","tier":"oss","msg":"no license key set — running in OSS mode"}
@urateam/core:test: {"level":40,"time":"2026-05-24T11:28:18.443Z","pid":400662,"hostname":"df54c4ecdd90","name":"urateam","component":"auth.workos","feature":"sso","tier":"oss","msg":"getDefaultWorkosClient called without an enterprise license — refusing to load WorkOS SDK"}
@urateam/core:test: {"level":30,"time":"2026-05-24T11:28:18.448Z","pid":400662,"hostname":"df54c4ecdd90","name":"urateam","component":"license","tier":"oss","msg":"no license key set — running in OSS mode"}
@urateam/core:test: {"level":40,"time":"2026-05-24T11:28:18.448Z","pid":400662,"hostname":"df54c4ecdd90","name":"urateam","component":"auth.workos","feature":"sso","tier":"oss","msg":"getDefaultWorkosClient called without an enterprise license — refusing to load WorkOS SDK"}
@urateam/core:test: {"level":30,"time":"2026-05-24T11:28:18.449Z","pid":400662,"hostname":"df54c4ecdd90","name":"urateam","component":"license","tier":"oss","msg":"no license key set — running in OSS mode"}
@urateam/core:test: {"level":40,"time":"2026-05-24T11:28:18.449Z","pid":400662,"hostname":"df54c4ecdd90","name":"urateam","component":"auth.workos","feature":"sso","tier":"oss","msg":"getDefaultWorkosClient called without an enterprise license — refusing to load WorkOS SDK"}
@urateam/core:test: {"level":30,"time":"2026-05-24T11:28:18.456Z","pid":400662,"hostname":"df54c4ecdd90","name":"urateam","component":"license","tier":"pro","customerId":"cust_test","expiresAt":"2026-05-25T11:28:18.000Z","msg":"license key validated"}
@urateam/core:test: {"level":40,"time":"2026-05-24T11:28:18.456Z","pid":400662,"hostname":"df54c4ecdd90","name":"urateam","component":"auth.workos","feature":"sso","tier":"pro","msg":"getDefaultWorkosClient called without an enterprise license — refusing to load WorkOS SDK"}
@urateam/core:test:  ✓ src/__tests__/sso-license.test.ts (4 tests) 19ms
@urateam/cli:test: error: required option '--issue <id>' not specified
@urateam/cli:test:  ✓ src/__tests__/cli-integration.test.ts (6 tests) 3354ms
@urateam/cli:test:    ✓ command registration > registers all expected commands: run, dev, webhook, config, start, bootstrap  3340ms
@urateam/cli:test: {"level":30,"time":"2026-05-24T11:28:19.143Z","pid":400579,"hostname":"df54c4ecdd90","name":"urateam","component":"license","tier":"enterprise","customerId":"cust_test","expiresAt":"2026-05-25T11:28:19.000Z","msg":"license key validated"}
@urateam/cli:test: {"level":30,"time":"2026-05-24T11:28:19.175Z","pid":400579,"hostname":"df54c4ecdd90","name":"urateam","component":"license","tier":"enterprise","customerId":"cust_test","expiresAt":"2026-05-25T11:28:19.000Z","msg":"license key validated"}
@urateam/cli:test: {"level":30,"time":"2026-05-24T11:28:19.188Z","pid":400579,"hostname":"df54c4ecdd90","name":"urateam","component":"license","tier":"enterprise","customerId":"cust_test","expiresAt":"2026-05-25T11:28:19.000Z","msg":"license key validated"}
@urateam/cli:test: {"level":30,"time":"2026-05-24T11:28:19.200Z","pid":400579,"hostname":"df54c4ecdd90","name":"urateam","component":"license","tier":"enterprise","customerId":"cust_test","expiresAt":"2026-05-25T11:28:19.000Z","msg":"license key validated"}
@urateam/cli:test: {"level":30,"time":"2026-05-24T11:28:19.214Z","pid":400579,"hostname":"df54c4ecdd90","name":"urateam","component":"license","tier":"oss","msg":"no license key set — running in OSS mode"}
@urateam/cli:test:  ✓ src/__tests__/admin-commands.test.ts (5 tests) 98ms
@urateam/core:test: {"level":30,"time":"2026-05-24T11:28:19.606Z","pid":400683,"hostname":"df54c4ecdd90","name":"urateam","component":"license","tier":"oss","msg":"no license key set — running in OSS mode"}
@urateam/core:test: {"level":40,"time":"2026-05-24T11:28:19.608Z","pid":400683,"hostname":"df54c4ecdd90","name":"urateam","component":"rbac","feature":"rbac","action":"users.manage","role":"admin","msg":"canAccess called without an enterprise license — denying (fail closed)"}
@urateam/core:test: {"level":40,"time":"2026-05-24T11:28:19.610Z","pid":400683,"hostname":"df54c4ecdd90","name":"urateam","component":"rbac","feature":"rbac","action":"runs.view","role":"admin","msg":"canAccess called without an enterprise license — denying (fail closed)"}
@urateam/core:test: {"level":40,"time":"2026-05-24T11:28:19.611Z","pid":400683,"hostname":"df54c4ecdd90","name":"urateam","component":"rbac","feature":"rbac","action":"runs.view","role":"operator","msg":"canAccess called without an enterprise license — denying (fail closed)"}
@urateam/core:test: {"level":40,"time":"2026-05-24T11:28:19.611Z","pid":400683,"hostname":"df54c4ecdd90","name":"urateam","component":"rbac","feature":"rbac","action":"runs.view","role":"viewer","msg":"canAccess called without an enterprise license — denying (fail closed)"}
@urateam/core:test: {"level":30,"time":"2026-05-24T11:28:19.619Z","pid":400683,"hostname":"df54c4ecdd90","name":"urateam","component":"license","tier":"pro","customerId":"cust_test","expiresAt":"2026-05-25T11:28:19.000Z","msg":"license key validated"}
@urateam/core:test: {"level":40,"time":"2026-05-24T11:28:19.621Z","pid":400683,"hostname":"df54c4ecdd90","name":"urateam","component":"rbac","feature":"rbac","action":"users.manage","role":"admin","msg":"canAccess called without an enterprise license — denying (fail closed)"}
@urateam/core:test: {"level":40,"time":"2026-05-24T11:28:19.621Z","pid":400683,"hostname":"df54c4ecdd90","name":"urateam","component":"rbac","feature":"rbac","action":"runs.view","role":"admin","msg":"canAccess called without an enterprise license — denying (fail closed)"}
@urateam/core:test: {"level":30,"time":"2026-05-24T11:28:19.624Z","pid":400683,"hostname":"df54c4ecdd90","name":"urateam","component":"license","tier":"enterprise","customerId":"cust_test","expiresAt":"2026-05-25T11:28:19.000Z","msg":"license key validated"}
@urateam/core:test:  ✓ src/__tests__/rbac-defensive.test.ts (3 tests) 24ms
@urateam/core:test:  ✓ src/__tests__/rbac-license.test.ts (4 tests) 3326ms
@urateam/core:test:    ✓ rbac feature flag > rbac module is re-exported from @urateam/core  3316ms
@urateam/core:test: {"level":30,"time":"2026-05-24T11:28:21.423Z","pid":400743,"hostname":"df54c4ecdd90","name":"urateam","component":"PipelineRunner","issueId":"RG-1","pipeline":"auto-implement","msg":"start() called"}
@urateam/core:test: {"level":30,"time":"2026-05-24T11:28:21.426Z","pid":400743,"hostname":"df54c4ecdd90","name":"urateam","component":"PipelineRunner","runId":"ithMlRXK32c-AB6fgdn5U","issueId":"RG-1","branch":"agent/RG-1-ralph-gate-test-issue","msg":"inserting run into DB"}
@urateam/core:test: {"level":30,"time":"2026-05-24T11:28:21.429Z","pid":400743,"hostname":"df54c4ecdd90","name":"urateam","component":"PipelineRunner","runId":"ithMlRXK32c-AB6fgdn5U","issueId":"RG-1","branch":"agent/RG-1-ralph-gate-test-issue","msg":"run queued"}
@urateam/core:test: {"level":30,"time":"2026-05-24T11:28:21.429Z","pid":400743,"hostname":"df54c4ecdd90","name":"urateam","component":"PipelineRunner","runId":"ithMlRXK32c-AB6fgdn5U","issueId":"RG-1","msg":"executing pipeline"}
@urateam/core:test: {"level":30,"time":"2026-05-24T11:28:21.434Z","pid":400743,"hostname":"df54c4ecdd90","name":"urateam","component":"PipelineRunner","runId":"ithMlRXK32c-AB6fgdn5U","issueId":"RG-1","msg":"notifying pipeline start"}
@urateam/core:test: {"level":30,"time":"2026-05-24T11:28:21.434Z","pid":400743,"hostname":"df54c4ecdd90","name":"urateam","component":"PipelineRunner","runId":"ithMlRXK32c-AB6fgdn5U","issueId":"RG-1","repoUrl":"https://github.com/test/test-repo.git","repoDir":"/tmp/ralph-gate-repos/ralph-gate-test-issue","msg":"cloning repository"}
@urateam/core:test: {"level":30,"time":"2026-05-24T11:28:21.434Z","pid":400743,"hostname":"df54c4ecdd90","name":"urateam","component":"PipelineRunner","runId":"ithMlRXK32c-AB6fgdn5U","issueId":"RG-1","msg":"clone complete, creating worktree"}
@urateam/core:test: {"level":30,"time":"2026-05-24T11:28:21.436Z","pid":400743,"hostname":"df54c4ecdd90","name":"urateam","component":"license","tier":"pro","customerId":"cust_test","expiresAt":"2026-05-25T11:28:21.000Z","msg":"license key validated"}
@urateam/core:test: {"level":30,"time":"2026-05-24T11:28:21.436Z","pid":400743,"hostname":"df54c4ecdd90","name":"urateam","component":"PipelineRunner","runId":"ithMlRXK32c-AB6fgdn5U","issueId":"RG-1","worktreePath":"/tmp/ralph-gate-test-worktree","msg":"worktree created"}
@urateam/core:test: {"level":40,"time":"2026-05-24T11:28:21.439Z","pid":400743,"hostname":"df54c4ecdd90","name":"urateam","component":"PipelineRunner","err":{"type":"Error","message":"ENOENT: no such file or directory, open '/tmp/ralph-gate-test-worktree/CLAUDE.md'","stack":"Error: ENOENT: no such file or directory, open '/tmp/ralph-gate-test-worktree/CLAUDE.md'\n    at open (node:internal/fs/promises:639:25)\n    at writeFile (node:internal/fs/promises:1219:14)\n    at PipelineRunner.injectAgentConfig (/home/ura/data/runs/PnXZTHwyAR6qch7obf8pl/worktree/packages/core/src/pipeline/runner.ts:765:7)\n    at PipelineRunner.executePipeline (/home/ura/data/runs/PnXZTHwyAR6qch7obf8pl/worktree/packages/core/src/pipeline/runner.ts:922:9)\n    at /home/ura/data/runs/PnXZTHwyAR6qch7obf8pl/worktree/packages/core/src/pipeline/runner.ts:336:9\n    at Object.enqueue (/home/ura/data/runs/PnXZTHwyAR6qch7obf8pl/worktree/packages/core/src/pipeline/queue.ts:33:16)","errno":-2,"code":"ENOENT","syscall":"open","path":"/tmp/ralph-gate-test-worktree/CLAUDE.md"},"msg":"failed to inject CLAUDE.md — agent will run without it"}
@urateam/core:test: {"level":30,"time":"2026-05-24T11:28:21.452Z","pid":400743,"hostname":"df54c4ecdd90","name":"urateam","component":"PipelineRunner","runId":"ithMlRXK32c-AB6fgdn5U","issueId":"RG-1","languages":["typescript"],"frameworks":[],"buildSystems":["pnpm"],"msg":"tech stack detected"}
@urateam/core:test: {"level":30,"time":"2026-05-24T11:28:21.452Z","pid":400743,"hostname":"df54c4ecdd90","name":"urateam","component":"PipelineRunner","runId":"ithMlRXK32c-AB6fgdn5U","issueId":"RG-1","stages":["implement"],"msg":"starting pipeline stages"}
@urateam/core:test: {"level":30,"time":"2026-05-24T11:28:21.452Z","pid":400743,"hostname":"df54c4ecdd90","name":"urateam","component":"PipelineRunner","runId":"ithMlRXK32c-AB6fgdn5U","issueId":"RG-1","stage":"implement","msg":"executing stage"}
@urateam/core:test: {"level":30,"time":"2026-05-24T11:28:21.458Z","pid":400743,"hostname":"df54c4ecdd90","name":"urateam","component":"ExtractHandoff","stage":"implement","msg":"building handoff from git diff"}
@urateam/core:test: {"level":30,"time":"2026-05-24T11:28:21.459Z","pid":400743,"hostname":"df54c4ecdd90","name":"urateam","component":"ExtractHandoff","stage":"implement","filesChanged":0,"msg":"handoff built"}
@urateam/core:test: {"level":30,"time":"2026-05-24T11:28:21.459Z","pid":400743,"hostname":"df54c4ecdd90","name":"urateam","component":"PipelineRunner","runId":"ithMlRXK32c-AB6fgdn5U","issueId":"RG-1","iteration":1,"maxIterations":2,"msg":"RALPH: checking requirements"}
@urateam/core:test: {"level":30,"time":"2026-05-24T11:28:21.459Z","pid":400743,"hostname":"df54c4ecdd90","name":"urateam","component":"PipelineRunner","runId":"ithMlRXK32c-AB6fgdn5U","issueId":"RG-1","iteration":1,"msg":"RALPH: all requirements satisfied"}
@urateam/core:test: {"level":30,"time":"2026-05-24T11:28:21.460Z","pid":400743,"hostname":"df54c4ecdd90","name":"urateam","component":"PipelineRunner","runId":"ithMlRXK32c-AB6fgdn5U","issueId":"RG-1","msg":"typecheck-gate: passed"}
@urateam/core:test: {"level":30,"time":"2026-05-24T11:28:21.462Z","pid":400743,"hostname":"df54c4ecdd90","name":"urateam","component":"PipelineRunner","runId":"ithMlRXK32c-AB6fgdn5U","issueId":"RG-1","defaultBranch":"main","msg":"push queue: rebasing before push"}
@urateam/core:test: {"level":30,"time":"2026-05-24T11:28:21.465Z","pid":400743,"hostname":"df54c4ecdd90","name":"urateam","component":"PipelineRunner","runId":"ithMlRXK32c-AB6fgdn5U","issueId":"RG-1","msg":"creating PR via gh CLI"}
@urateam/core:test: {"level":30,"time":"2026-05-24T11:28:21.465Z","pid":400743,"hostname":"df54c4ecdd90","name":"urateam","component":"PipelineRunner","runId":"ithMlRXK32c-AB6fgdn5U","issueId":"RG-1","prUrl":"https://github.com/test/repo/pull/42","msg":"PR created"}
@urateam/core:test: {"level":30,"time":"2026-05-24T11:28:21.466Z","pid":400743,"hostname":"df54c4ecdd90","name":"urateam","component":"PipelineRunner","runId":"ithMlRXK32c-AB6fgdn5U","issueId":"RG-1","prUrl":"https://github.com/test/repo/pull/42","autoMerged":false,"autoCommitted":false,"totalInputTokens":200,"totalOutputTokens":100,"msg":"pipeline completed"}
@urateam/core:test: {"level":30,"time":"2026-05-24T11:28:21.503Z","pid":400743,"hostname":"df54c4ecdd90","name":"urateam","component":"PipelineRunner","issueId":"RG-2","pipeline":"auto-implement","msg":"start() called"}
@urateam/core:test: {"level":30,"time":"2026-05-24T11:28:21.503Z","pid":400743,"hostname":"df54c4ecdd90","name":"urateam","component":"PipelineRunner","runId":"LsFHbiHkpZKXPD_AXtjju","issueId":"RG-2","branch":"agent/RG-2-ralph-gate-test-issue","msg":"inserting run into DB"}
@urateam/core:test: {"level":30,"time":"2026-05-24T11:28:21.504Z","pid":400743,"hostname":"df54c4ecdd90","name":"urateam","component":"PipelineRunner","runId":"LsFHbiHkpZKXPD_AXtjju","issueId":"RG-2","branch":"agent/RG-2-ralph-gate-test-issue","msg":"run queued"}
@urateam/core:test: {"level":30,"time":"2026-05-24T11:28:21.504Z","pid":400743,"hostname":"df54c4ecdd90","name":"urateam","component":"PipelineRunner","runId":"LsFHbiHkpZKXPD_AXtjju","issueId":"RG-2","msg":"executing pipeline"}
@urateam/core:test: {"level":30,"time":"2026-05-24T11:28:21.505Z","pid":400743,"hostname":"df54c4ecdd90","name":"urateam","component":"PipelineRunner","runId":"LsFHbiHkpZKXPD_AXtjju","issueId":"RG-2","msg":"notifying pipeline start"}
@urateam/core:test: {"level":30,"time":"2026-05-24T11:28:21.505Z","pid":400743,"hostname":"df54c4ecdd90","name":"urateam","component":"PipelineRunner","runId":"LsFHbiHkpZKXPD_AXtjju","issueId":"RG-2","repoUrl":"https://github.com/test/test-repo.git","repoDir":"/tmp/ralph-gate-repos/ralph-gate-test-issue","msg":"cloning repository"}
@urateam/core:test: {"level":30,"time":"2026-05-24T11:28:21.505Z","pid":400743,"hostname":"df54c4ecdd90","name":"urateam","component":"PipelineRunner","runId":"LsFHbiHkpZKXPD_AXtjju","issueId":"RG-2","msg":"clone complete, creating worktree"}
@urateam/core:test: {"level":30,"time":"2026-05-24T11:28:21.505Z","pid":400743,"hostname":"df54c4ecdd90","name":"urateam","component":"license","tier":"pro","customerId":"cust_test","expiresAt":"2026-05-25T11:28:21.000Z","msg":"license key validated"}
@urateam/core:test: {"level":30,"time":"2026-05-24T11:28:21.505Z","pid":400743,"hostname":"df54c4ecdd90","name":"urateam","component":"PipelineRunner","runId":"LsFHbiHkpZKXPD_AXtjju","issueId":"RG-2","worktreePath":"/tmp/ralph-gate-test-worktree","msg":"worktree created"}
@urateam/core:test: {"level":40,"time":"2026-05-24T11:28:21.506Z","pid":400743,"hostname":"df54c4ecdd90","name":"urateam","component":"PipelineRunner","err":{"type":"Error","message":"ENOENT: no such file or directory, open '/tmp/ralph-gate-test-worktree/CLAUDE.md'","stack":"Error: ENOENT: no such file or directory, open '/tmp/ralph-gate-test-worktree/CLAUDE.md'\n    at open (node:internal/fs/promises:639:25)\n    at writeFile (node:internal/fs/promises:1219:14)\n    at PipelineRunner.injectAgentConfig (/home/ura/data/runs/PnXZTHwyAR6qch7obf8pl/worktree/packages/core/src/pipeline/runner.ts:765:7)\n    at PipelineRunner.executePipeline (/home/ura/data/runs/PnXZTHwyAR6qch7obf8pl/worktree/packages/core/src/pipeline/runner.ts:922:9)\n    at /home/ura/data/runs/PnXZTHwyAR6qch7obf8pl/worktree/packages/core/src/pipeline/runner.ts:336:9\n    at Object.enqueue (/home/ura/data/runs/PnXZTHwyAR6qch7obf8pl/worktree/packages/core/src/pipeline/queue.ts:33:16)","errno":-2,"code":"ENOENT","syscall":"open","path":"/tmp/ralph-gate-test-worktree/CLAUDE.md"},"msg":"failed to inject CLAUDE.md — agent will run without it"}
@urateam/core:test: {"level":30,"time":"2026-05-24T11:28:21.507Z","pid":400743,"hostname":"df54c4ecdd90","name":"urateam","component":"PipelineRunner","runId":"LsFHbiHkpZKXPD_AXtjju","issueId":"RG-2","languages":["typescript"],"frameworks":[],"buildSystems":["pnpm"],"msg":"tech stack detected"}
@urateam/core:test: {"level":30,"time":"2026-05-24T11:28:21.507Z","pid":400743,"hostname":"df54c4ecdd90","name":"urateam","component":"PipelineRunner","runId":"LsFHbiHkpZKXPD_AXtjju","issueId":"RG-2","stages":["implement"],"msg":"starting pipeline stages"}
@urateam/core:test: {"level":30,"time":"2026-05-24T11:28:21.507Z","pid":400743,"hostname":"df54c4ecdd90","name":"urateam","component":"PipelineRunner","runId":"LsFHbiHkpZKXPD_AXtjju","issueId":"RG-2","stage":"implement","msg":"executing stage"}
@urateam/core:test: {"level":30,"time":"2026-05-24T11:28:21.510Z","pid":400743,"hostname":"df54c4ecdd90","name":"urateam","component":"ExtractHandoff","stage":"implement","msg":"building handoff from git diff"}
@urateam/core:test: {"level":30,"time":"2026-05-24T11:28:21.510Z","pid":400743,"hostname":"df54c4ecdd90","name":"urateam","component":"ExtractHandoff","stage":"implement","filesChanged":0,"msg":"handoff built"}
@urateam/core:test: {"level":30,"time":"2026-05-24T11:28:21.510Z","pid":400743,"hostname":"df54c4ecdd90","name":"urateam","component":"PipelineRunner","runId":"LsFHbiHkpZKXPD_AXtjju","issueId":"RG-2","iteration":1,"maxIterations":2,"msg":"RALPH: checking requirements"}
@urateam/core:test: {"level":30,"time":"2026-05-24T11:28:21.510Z","pid":400743,"hostname":"df54c4ecdd90","name":"urateam","component":"PipelineRunner","runId":"LsFHbiHkpZKXPD_AXtjju","issueId":"RG-2","iteration":1,"gaps":1,"suggestions":1,"msg":"RALPH: gaps found, re-running implement"}
@urateam/core:test: {"level":30,"time":"2026-05-24T11:28:21.512Z","pid":400743,"hostname":"df54c4ecdd90","name":"urateam","component":"ExtractHandoff","stage":"implement","msg":"building handoff from git diff"}
@urateam/core:test: {"level":30,"time":"2026-05-24T11:28:21.512Z","pid":400743,"hostname":"df54c4ecdd90","name":"urateam","component":"ExtractHandoff","stage":"implement","filesChanged":0,"msg":"handoff built"}
@urateam/core:test: {"level":30,"time":"2026-05-24T11:28:21.512Z","pid":400743,"hostname":"df54c4ecdd90","name":"urateam","component":"PipelineRunner","runId":"LsFHbiHkpZKXPD_AXtjju","issueId":"RG-2","iteration":2,"maxIterations":2,"msg":"RALPH: checking requirements"}
@urateam/core:test: {"level":30,"time":"2026-05-24T11:28:21.512Z","pid":400743,"hostname":"df54c4ecdd90","name":"urateam","component":"PipelineRunner","runId":"LsFHbiHkpZKXPD_AXtjju","issueId":"RG-2","iteration":2,"msg":"RALPH: all requirements satisfied"}
@urateam/core:test: {"level":30,"time":"2026-05-24T11:28:21.512Z","pid":400743,"hostname":"df54c4ecdd90","name":"urateam","component":"PipelineRunner","runId":"LsFHbiHkpZKXPD_AXtjju","issueId":"RG-2","msg":"typecheck-gate: passed"}
@urateam/core:test: {"level":30,"time":"2026-05-24T11:28:21.513Z","pid":400743,"hostname":"df54c4ecdd90","name":"urateam","component":"PipelineRunner","runId":"LsFHbiHkpZKXPD_AXtjju","issueId":"RG-2","defaultBranch":"main","msg":"push queue: rebasing before push"}
@urateam/core:test: {"level":30,"time":"2026-05-24T11:28:21.513Z","pid":400743,"hostname":"df54c4ecdd90","name":"urateam","component":"PipelineRunner","runId":"LsFHbiHkpZKXPD_AXtjju","issueId":"RG-2","msg":"creating PR via gh CLI"}
@urateam/core:test: {"level":30,"time":"2026-05-24T11:28:21.513Z","pid":400743,"hostname":"df54c4ecdd90","name":"urateam","component":"PipelineRunner","runId":"LsFHbiHkpZKXPD_AXtjju","issueId":"RG-2","prUrl":"https://github.com/test/repo/pull/42","msg":"PR created"}
@urateam/core:test: {"level":30,"time":"2026-05-24T11:28:21.514Z","pid":400743,"hostname":"df54c4ecdd90","name":"urateam","component":"PipelineRunner","runId":"LsFHbiHkpZKXPD_AXtjju","issueId":"RG-2","prUrl":"https://github.com/test/repo/pull/42","autoMerged":false,"autoCommitted":false,"totalInputTokens":400,"totalOutputTokens":200,"msg":"pipeline completed"}
@urateam/cli:test:  ✓ src/__tests__/run.test.ts (19 tests) 1771ms
@urateam/cli:test:    ✓ run command — dry run wiring > prints dry-run plan when Linear issue resolves to a known pipeline  1708ms
@urateam/core:test: {"level":30,"time":"2026-05-24T11:28:21.566Z","pid":400743,"hostname":"df54c4ecdd90","name":"urateam","component":"PipelineRunner","issueId":"RG-3","pipeline":"auto-implement","msg":"start() called"}
@urateam/core:test: {"level":30,"time":"2026-05-24T11:28:21.567Z","pid":400743,"hostname":"df54c4ecdd90","name":"urateam","component":"PipelineRunner","runId":"mOOdWfY98dxccS-AYvoCD","issueId":"RG-3","branch":"agent/RG-3-ralph-gate-test-issue","msg":"inserting run into DB"}
@urateam/core:test: {"level":30,"time":"2026-05-24T11:28:21.567Z","pid":400743,"hostname":"df54c4ecdd90","name":"urateam","component":"PipelineRunner","runId":"mOOdWfY98dxccS-AYvoCD","issueId":"RG-3","branch":"agent/RG-3-ralph-gate-test-issue","msg":"run queued"}
@urateam/core:test: {"level":30,"time":"2026-05-24T11:28:21.567Z","pid":400743,"hostname":"df54c4ecdd90","name":"urateam","component":"PipelineRunner","runId":"mOOdWfY98dxccS-AYvoCD","issueId":"RG-3","msg":"executing pipeline"}
@urateam/core:test: {"level":30,"time":"2026-05-24T11:28:21.568Z","pid":400743,"hostname":"df54c4ecdd90","name":"urateam","component":"PipelineRunner","runId":"mOOdWfY98dxccS-AYvoCD","issueId":"RG-3","msg":"notifying pipeline start"}
@urateam/core:test: {"level":30,"time":"2026-05-24T11:28:21.568Z","pid":400743,"hostname":"df54c4ecdd90","name":"urateam","component":"PipelineRunner","runId":"mOOdWfY98dxccS-AYvoCD","issueId":"RG-3","repoUrl":"https://github.com/test/test-repo.git","repoDir":"/tmp/ralph-gate-repos/ralph-gate-test-issue","msg":"cloning repository"}
@urateam/core:test: {"level":30,"time":"2026-05-24T11:28:21.568Z","pid":400743,"hostname":"df54c4ecdd90","name":"urateam","component":"PipelineRunner","runId":"mOOdWfY98dxccS-AYvoCD","issueId":"RG-3","msg":"clone complete, creating worktree"}
@urateam/core:test: {"level":30,"time":"2026-05-24T11:28:21.568Z","pid":400743,"hostname":"df54c4ecdd90","name":"urateam","component":"license","tier":"pro","customerId":"cust_test","expiresAt":"2026-05-25T11:28:21.000Z","msg":"license key validated"}
@urateam/core:test: {"level":30,"time":"2026-05-24T11:28:21.568Z","pid":400743,"hostname":"df54c4ecdd90","name":"urateam","component":"PipelineRunner","runId":"mOOdWfY98dxccS-AYvoCD","issueId":"RG-3","worktreePath":"/tmp/ralph-gate-test-worktree","msg":"worktree created"}
@urateam/core:test: {"level":40,"time":"2026-05-24T11:28:21.569Z","pid":400743,"hostname":"df54c4ecdd90","name":"urateam","component":"PipelineRunner","err":{"type":"Error","message":"ENOENT: no such file or directory, open '/tmp/ralph-gate-test-worktree/CLAUDE.md'","stack":"Error: ENOENT: no such file or directory, open '/tmp/ralph-gate-test-worktree/CLAUDE.md'\n    at open (node:internal/fs/promises:639:25)\n    at writeFile (node:internal/fs/promises:1219:14)\n    at PipelineRunner.injectAgentConfig (/home/ura/data/runs/PnXZTHwyAR6qch7obf8pl/worktree/packages/core/src/pipeline/runner.ts:765:7)\n    at PipelineRunner.executePipeline (/home/ura/data/runs/PnXZTHwyAR6qch7obf8pl/worktree/packages/core/src/pipeline/runner.ts:922:9)\n    at /home/ura/data/runs/PnXZTHwyAR6qch7obf8pl/worktree/packages/core/src/pipeline/runner.ts:336:9\n    at Object.enqueue (/home/ura/data/runs/PnXZTHwyAR6qch7obf8pl/worktree/packages/core/src/pipeline/queue.ts:33:16)","errno":-2,"code":"ENOENT","syscall":"open","path":"/tmp/ralph-gate-test-worktree/CLAUDE.md"},"msg":"failed to inject CLAUDE.md — agent will run without it"}
@urateam/core:test: {"level":30,"time":"2026-05-24T11:28:21.570Z","pid":400743,"hostname":"df54c4ecdd90","name":"urateam","component":"PipelineRunner","runId":"mOOdWfY98dxccS-AYvoCD","issueId":"RG-3","languages":["typescript"],"frameworks":[],"buildSystems":["pnpm"],"msg":"tech stack detected"}
@urateam/core:test: {"level":30,"time":"2026-05-24T11:28:21.570Z","pid":400743,"hostname":"df54c4ecdd90","name":"urateam","component":"PipelineRunner","runId":"mOOdWfY98dxccS-AYvoCD","issueId":"RG-3","stages":["implement"],"msg":"starting pipeline stages"}
@urateam/core:test: {"level":30,"time":"2026-05-24T11:28:21.570Z","pid":400743,"hostname":"df54c4ecdd90","name":"urateam","component":"PipelineRunner","runId":"mOOdWfY98dxccS-AYvoCD","issueId":"RG-3","stage":"implement","msg":"executing stage"}
@urateam/core:test: {"level":30,"time":"2026-05-24T11:28:21.572Z","pid":400743,"hostname":"df54c4ecdd90","name":"urateam","component":"ExtractHandoff","stage":"implement","msg":"building handoff from git diff"}
@urateam/core:test: {"level":30,"time":"2026-05-24T11:28:21.572Z","pid":400743,"hostname":"df54c4ecdd90","name":"urateam","component":"ExtractHandoff","stage":"implement","filesChanged":0,"msg":"handoff built"}
@urateam/core:test: {"level":30,"time":"2026-05-24T11:28:21.572Z","pid":400743,"hostname":"df54c4ecdd90","name":"urateam","component":"PipelineRunner","runId":"mOOdWfY98dxccS-AYvoCD","issueId":"RG-3","iteration":1,"maxIterations":2,"msg":"RALPH: checking requirements"}
@urateam/core:test: {"level":30,"time":"2026-05-24T11:28:21.572Z","pid":400743,"hostname":"df54c4ecdd90","name":"urateam","component":"PipelineRunner","runId":"mOOdWfY98dxccS-AYvoCD","issueId":"RG-3","iteration":1,"gaps":2,"suggestions":2,"msg":"RALPH: gaps found, re-running implement"}
@urateam/core:test: {"level":30,"time":"2026-05-24T11:28:21.574Z","pid":400743,"hostname":"df54c4ecdd90","name":"urateam","component":"ExtractHandoff","stage":"implement","msg":"building handoff from git diff"}
@urateam/core:test: {"level":30,"time":"2026-05-24T11:28:21.574Z","pid":400743,"hostname":"df54c4ecdd90","name":"urateam","component":"ExtractHandoff","stage":"implement","filesChanged":0,"msg":"handoff built"}
@urateam/core:test: {"level":30,"time":"2026-05-24T11:28:21.574Z","pid":400743,"hostname":"df54c4ecdd90","name":"urateam","component":"PipelineRunner","runId":"mOOdWfY98dxccS-AYvoCD","issueId":"RG-3","iteration":2,"maxIterations":2,"msg":"RALPH: checking requirements"}
@urateam/core:test: {"level":40,"time":"2026-05-24T11:28:21.575Z","pid":400743,"hostname":"df54c4ecdd90","name":"urateam","component":"PipelineRunner","runId":"mOOdWfY98dxccS-AYvoCD","issueId":"RG-3","iteration":2,"gaps":2,"msg":"RALPH: gaps remain after final check — skipping re-implement (no verification slot)"}
@urateam/core:test: {"level":40,"time":"2026-05-24T11:28:21.575Z","pid":400743,"hostname":"df54c4ecdd90","name":"urateam","component":"PipelineRunner","runId":"mOOdWfY98dxccS-AYvoCD","issueId":"RG-3","gaps":2,"iterations":2,"msg":"RALPH: requirements NOT satisfied after all iterations — PR will be created as draft"}
@urateam/core:test: {"level":30,"time":"2026-05-24T11:28:21.575Z","pid":400743,"hostname":"df54c4ecdd90","name":"urateam","component":"PipelineRunner","runId":"mOOdWfY98dxccS-AYvoCD","issueId":"RG-3","msg":"typecheck-gate: passed"}
@urateam/core:test: {"level":30,"time":"2026-05-24T11:28:21.575Z","pid":400743,"hostname":"df54c4ecdd90","name":"urateam","component":"PipelineRunner","runId":"mOOdWfY98dxccS-AYvoCD","issueId":"RG-3","defaultBranch":"main","msg":"push queue: rebasing before push"}
@urateam/core:test: {"level":30,"time":"2026-05-24T11:28:21.576Z","pid":400743,"hostname":"df54c4ecdd90","name":"urateam","component":"PipelineRunner","runId":"mOOdWfY98dxccS-AYvoCD","issueId":"RG-3","msg":"creating PR via gh CLI"}
@urateam/core:test: {"level":30,"time":"2026-05-24T11:28:21.576Z","pid":400743,"hostname":"df54c4ecdd90","name":"urateam","component":"PipelineRunner","runId":"mOOdWfY98dxccS-AYvoCD","issueId":"RG-3","prUrl":"https://github.com/test/repo/pull/42","msg":"PR created"}
@urateam/core:test: {"level":30,"time":"2026-05-24T11:28:21.576Z","pid":400743,"hostname":"df54c4ecdd90","name":"urateam","component":"PipelineRunner","runId":"mOOdWfY98dxccS-AYvoCD","issueId":"RG-3","prUrl":"https://github.com/test/repo/pull/42","msg":"draft PR: adding review comments with gaps and next steps"}
@urateam/core:test: {"level":30,"time":"2026-05-24T11:28:21.576Z","pid":400743,"hostname":"df54c4ecdd90","name":"urateam","component":"PipelineRunner","runId":"mOOdWfY98dxccS-AYvoCD","issueId":"RG-3","prUrl":"https://github.com/test/repo/pull/42","autoMerged":false,"autoCommitted":false,"totalInputTokens":400,"totalOutputTokens":200,"msg":"pipeline completed"}
@urateam/core:test: {"level":30,"time":"2026-05-24T11:28:21.637Z","pid":400743,"hostname":"df54c4ecdd90","name":"urateam","component":"PipelineRunner","issueId":"RG-4","pipeline":"auto-implement","msg":"start() called"}
@urateam/core:test: {"level":30,"time":"2026-05-24T11:28:21.638Z","pid":400743,"hostname":"df54c4ecdd90","name":"urateam","component":"PipelineRunner","runId":"JnqmpUW8oXa1FdvKRhK2y","issueId":"RG-4","branch":"agent/RG-4-ralph-gate-test-issue","msg":"inserting run into DB"}
@urateam/core:test: {"level":30,"time":"2026-05-24T11:28:21.639Z","pid":400743,"hostname":"df54c4ecdd90","name":"urateam","component":"PipelineRunner","runId":"JnqmpUW8oXa1FdvKRhK2y","issueId":"RG-4","branch":"agent/RG-4-ralph-gate-test-issue","msg":"run queued"}
@urateam/core:test: {"level":30,"time":"2026-05-24T11:28:21.639Z","pid":400743,"hostname":"df54c4ecdd90","name":"urateam","component":"PipelineRunner","runId":"JnqmpUW8oXa1FdvKRhK2y","issueId":"RG-4","msg":"executing pipeline"}
@urateam/core:test: {"level":30,"time":"2026-05-24T11:28:21.639Z","pid":400743,"hostname":"df54c4ecdd90","name":"urateam","component":"PipelineRunner","runId":"JnqmpUW8oXa1FdvKRhK2y","issueId":"RG-4","msg":"notifying pipeline start"}
@urateam/core:test: {"level":30,"time":"2026-05-24T11:28:21.640Z","pid":400743,"hostname":"df54c4ecdd90","name":"urateam","component":"PipelineRunner","runId":"JnqmpUW8oXa1FdvKRhK2y","issueId":"RG-4","repoUrl":"https://github.com/test/test-repo.git","repoDir":"/tmp/ralph-gate-repos/ralph-gate-test-issue","msg":"cloning repository"}
@urateam/core:test: {"level":30,"time":"2026-05-24T11:28:21.640Z","pid":400743,"hostname":"df54c4ecdd90","name":"urateam","component":"PipelineRunner","runId":"JnqmpUW8oXa1FdvKRhK2y","issueId":"RG-4","msg":"clone complete, creating worktree"}
@urateam/core:test: {"level":30,"time":"2026-05-24T11:28:21.640Z","pid":400743,"hostname":"df54c4ecdd90","name":"urateam","component":"license","tier":"pro","customerId":"cust_test","expiresAt":"2026-05-25T11:28:21.000Z","msg":"license key validated"}
@urateam/core:test: {"level":30,"time":"2026-05-24T11:28:21.641Z","pid":400743,"hostname":"df54c4ecdd90","name":"urateam","component":"PipelineRunner","runId":"JnqmpUW8oXa1FdvKRhK2y","issueId":"RG-4","worktreePath":"/tmp/ralph-gate-test-worktree","msg":"worktree created"}
@urateam/core:test: {"level":40,"time":"2026-05-24T11:28:21.642Z","pid":400743,"hostname":"df54c4ecdd90","name":"urateam","component":"PipelineRunner","err":{"type":"Error","message":"ENOENT: no such file or directory, open '/tmp/ralph-gate-test-worktree/CLAUDE.md'","stack":"Error: ENOENT: no such file or directory, open '/tmp/ralph-gate-test-worktree/CLAUDE.md'\n    at open (node:internal/fs/promises:639:25)\n    at writeFile (node:internal/fs/promises:1219:14)\n    at PipelineRunner.injectAgentConfig (/home/ura/data/runs/PnXZTHwyAR6qch7obf8pl/worktree/packages/core/src/pipeline/runner.ts:765:7)\n    at PipelineRunner.executePipeline (/home/ura/data/runs/PnXZTHwyAR6qch7obf8pl/worktree/packages/core/src/pipeline/runner.ts:922:9)\n    at /home/ura/data/runs/PnXZTHwyAR6qch7obf8pl/worktree/packages/core/src/pipeline/runner.ts:336:9\n    at Object.enqueue (/home/ura/data/runs/PnXZTHwyAR6qch7obf8pl/worktree/packages/core/src/pipeline/queue.ts:33:16)","errno":-2,"code":"ENOENT","syscall":"open","path":"/tmp/ralph-gate-test-worktree/CLAUDE.md"},"msg":"failed to inject CLAUDE.md — agent will run without it"}
@urateam/core:test: {"level":30,"time":"2026-05-24T11:28:21.642Z","pid":400743,"hostname":"df54c4ecdd90","name":"urateam","component":"PipelineRunner","runId":"JnqmpUW8oXa1FdvKRhK2y","issueId":"RG-4","languages":["typescript"],"frameworks":[],"buildSystems":["pnpm"],"msg":"tech stack detected"}
@urateam/core:test: {"level":30,"time":"2026-05-24T11:28:21.642Z","pid":400743,"hostname":"df54c4ecdd90","name":"urateam","component":"PipelineRunner","runId":"JnqmpUW8oXa1FdvKRhK2y","issueId":"RG-4","stages":["implement","test","review"],"msg":"starting pipeline stages"}
@urateam/core:test: {"level":30,"time":"2026-05-24T11:28:21.642Z","pid":400743,"hostname":"df54c4ecdd90","name":"urateam","component":"PipelineRunner","runId":"JnqmpUW8oXa1FdvKRhK2y","issueId":"RG-4","stage":"implement","msg":"executing stage"}
@urateam/core:test: {"level":30,"time":"2026-05-24T11:28:21.647Z","pid":400743,"hostname":"df54c4ecdd90","name":"urateam","component":"PipelineRunner","runId":"JnqmpUW8oXa1FdvKRhK2y","issueId":"RG-4","stage":"test","msg":"executing stage"}
@urateam/core:test: {"level":30,"time":"2026-05-24T11:28:21.649Z","pid":400743,"hostname":"df54c4ecdd90","name":"urateam","component":"PipelineRunner","runId":"JnqmpUW8oXa1FdvKRhK2y","issueId":"RG-4","stage":"review","msg":"executing stage"}
@urateam/core:test: {"level":30,"time":"2026-05-24T11:28:21.651Z","pid":400743,"hostname":"df54c4ecdd90","name":"urateam","component":"PipelineRunner","runId":"JnqmpUW8oXa1FdvKRhK2y","issueId":"RG-4","rfIteration":1,"maxIterations":1,"blockingFindings":1,"msg":"review-fix loop: re-running stages to address blocking findings"}
@urateam/core:test: {"level":30,"time":"2026-05-24T11:28:21.651Z","pid":400743,"hostname":"df54c4ecdd90","name":"urateam","component":"PipelineRunner","runId":"JnqmpUW8oXa1FdvKRhK2y","issueId":"RG-4","stage":"implement","rfIteration":1,"msg":"review-fix: executing stage"}
@urateam/core:test: {"level":30,"time":"2026-05-24T11:28:21.654Z","pid":400743,"hostname":"df54c4ecdd90","name":"urateam","component":"PipelineRunner","runId":"JnqmpUW8oXa1FdvKRhK2y","issueId":"RG-4","stage":"test","rfIteration":1,"msg":"review-fix: executing stage"}
@urateam/core:test: {"level":30,"time":"2026-05-24T11:28:21.658Z","pid":400743,"hostname":"df54c4ecdd90","name":"urateam","component":"PipelineRunner","runId":"JnqmpUW8oXa1FdvKRhK2y","issueId":"RG-4","stage":"review","rfIteration":1,"msg":"review-fix: executing stage"}
@urateam/core:test: {"level":30,"time":"2026-05-24T11:28:21.661Z","pid":400743,"hostname":"df54c4ecdd90","name":"urateam","component":"PipelineRunner","runId":"JnqmpUW8oXa1FdvKRhK2y","issueId":"RG-4","rfIteration":1,"msg":"review-fix loop: all blocking findings resolved"}
@urateam/core:test: {"level":30,"time":"2026-05-24T11:28:21.662Z","pid":400743,"hostname":"df54c4ecdd90","name":"urateam","component":"PipelineRunner","runId":"JnqmpUW8oXa1FdvKRhK2y","issueId":"RG-4","msg":"typecheck-gate: passed"}
@urateam/core:test: {"level":30,"time":"2026-05-24T11:28:21.662Z","pid":400743,"hostname":"df54c4ecdd90","name":"urateam","component":"PipelineRunner","runId":"JnqmpUW8oXa1FdvKRhK2y","issueId":"RG-4","defaultBranch":"main","msg":"push queue: rebasing before push"}
@urateam/core:test: {"level":30,"time":"2026-05-24T11:28:21.663Z","pid":400743,"hostname":"df54c4ecdd90","name":"urateam","component":"PipelineRunner","runId":"JnqmpUW8oXa1FdvKRhK2y","issueId":"RG-4","msg":"creating PR via gh CLI"}
@urateam/core:test: {"level":30,"time":"2026-05-24T11:28:21.663Z","pid":400743,"hostname":"df54c4ecdd90","name":"urateam","component":"PipelineRunner","runId":"JnqmpUW8oXa1FdvKRhK2y","issueId":"RG-4","prUrl":"https://github.com/test/repo/pull/42","msg":"PR created"}
@urateam/core:test: {"level":30,"time":"2026-05-24T11:28:21.664Z","pid":400743,"hostname":"df54c4ecdd90","name":"urateam","component":"PipelineRunner","runId":"JnqmpUW8oXa1FdvKRhK2y","issueId":"RG-4","prUrl":"https://github.com/test/repo/pull/42","autoMerged":false,"autoCommitted":false,"totalInputTokens":1200,"totalOutputTokens":600,"msg":"pipeline completed"}
@urateam/core:test: {"level":30,"time":"2026-05-24T11:28:21.702Z","pid":400743,"hostname":"df54c4ecdd90","name":"urateam","component":"PipelineRunner","issueId":"RG-5","pipeline":"auto-implement","msg":"start() called"}
@urateam/core:test: {"level":30,"time":"2026-05-24T11:28:21.702Z","pid":400743,"hostname":"df54c4ecdd90","name":"urateam","component":"PipelineRunner","runId":"6bGEXAMKU6LLOL__KbcFR","issueId":"RG-5","branch":"agent/RG-5-ralph-gate-test-issue","msg":"inserting run into DB"}
@urateam/core:test: {"level":30,"time":"2026-05-24T11:28:21.703Z","pid":400743,"hostname":"df54c4ecdd90","name":"urateam","component":"PipelineRunner","runId":"6bGEXAMKU6LLOL__KbcFR","issueId":"RG-5","branch":"agent/RG-5-ralph-gate-test-issue","msg":"run queued"}
@urateam/core:test: {"level":30,"time":"2026-05-24T11:28:21.703Z","pid":400743,"hostname":"df54c4ecdd90","name":"urateam","component":"PipelineRunner","runId":"6bGEXAMKU6LLOL__KbcFR","issueId":"RG-5","msg":"executing pipeline"}
@urateam/core:test: {"level":30,"time":"2026-05-24T11:28:21.703Z","pid":400743,"hostname":"df54c4ecdd90","name":"urateam","component":"PipelineRunner","runId":"6bGEXAMKU6LLOL__KbcFR","issueId":"RG-5","msg":"notifying pipeline start"}
@urateam/core:test: {"level":30,"time":"2026-05-24T11:28:21.703Z","pid":400743,"hostname":"df54c4ecdd90","name":"urateam","component":"PipelineRunner","runId":"6bGEXAMKU6LLOL__KbcFR","issueId":"RG-5","repoUrl":"https://github.com/test/test-repo.git","repoDir":"/tmp/ralph-gate-repos/ralph-gate-test-issue","msg":"cloning repository"}
@urateam/core:test: {"level":30,"time":"2026-05-24T11:28:21.703Z","pid":400743,"hostname":"df54c4ecdd90","name":"urateam","component":"PipelineRunner","runId":"6bGEXAMKU6LLOL__KbcFR","issueId":"RG-5","msg":"clone complete, creating worktree"}
@urateam/core:test: {"level":30,"time":"2026-05-24T11:28:21.704Z","pid":400743,"hostname":"df54c4ecdd90","name":"urateam","component":"license","tier":"pro","customerId":"cust_test","expiresAt":"2026-05-25T11:28:21.000Z","msg":"license key validated"}
@urateam/core:test: {"level":30,"time":"2026-05-24T11:28:21.704Z","pid":400743,"hostname":"df54c4ecdd90","name":"urateam","component":"PipelineRunner","runId":"6bGEXAMKU6LLOL__KbcFR","issueId":"RG-5","worktreePath":"/tmp/ralph-gate-test-worktree","msg":"worktree created"}
@urateam/core:test: {"level":40,"time":"2026-05-24T11:28:21.709Z","pid":400743,"hostname":"df54c4ecdd90","name":"urateam","component":"PipelineRunner","err":{"type":"Error","message":"ENOENT: no such file or directory, open '/tmp/ralph-gate-test-worktree/CLAUDE.md'","stack":"Error: ENOENT: no such file or directory, open '/tmp/ralph-gate-test-worktree/CLAUDE.md'\n    at open (node:internal/fs/promises:639:25)\n    at writeFile (node:internal/fs/promises:1219:14)\n    at PipelineRunner.injectAgentConfig (/home/ura/data/runs/PnXZTHwyAR6qch7obf8pl/worktree/packages/core/src/pipeline/runner.ts:765:7)\n    at PipelineRunner.executePipeline (/home/ura/data/runs/PnXZTHwyAR6qch7obf8pl/worktree/packages/core/src/pipeline/runner.ts:922:9)\n    at /home/ura/data/runs/PnXZTHwyAR6qch7obf8pl/worktree/packages/core/src/pipeline/runner.ts:336:9\n    at Object.enqueue (/home/ura/data/runs/PnXZTHwyAR6qch7obf8pl/worktree/packages/core/src/pipeline/queue.ts:33:16)","errno":-2,"code":"ENOENT","syscall":"open","path":"/tmp/ralph-gate-test-worktree/CLAUDE.md"},"msg":"failed to inject CLAUDE.md — agent will run without it"}
@urateam/core:test: {"level":30,"time":"2026-05-24T11:28:21.709Z","pid":400743,"hostname":"df54c4ecdd90","name":"urateam","component":"PipelineRunner","runId":"6bGEXAMKU6LLOL__KbcFR","issueId":"RG-5","languages":["typescript"],"frameworks":[],"buildSystems":["pnpm"],"msg":"tech stack detected"}
@urateam/core:test: {"level":30,"time":"2026-05-24T11:28:21.709Z","pid":400743,"hostname":"df54c4ecdd90","name":"urateam","component":"PipelineRunner","runId":"6bGEXAMKU6LLOL__KbcFR","issueId":"RG-5","stages":["implement","test","review"],"msg":"starting pipeline stages"}
@urateam/core:test: {"level":30,"time":"2026-05-24T11:28:21.709Z","pid":400743,"hostname":"df54c4ecdd90","name":"urateam","component":"PipelineRunner","runId":"6bGEXAMKU6LLOL__KbcFR","issueId":"RG-5","stage":"implement","msg":"executing stage"}
@urateam/core:test: {"level":30,"time":"2026-05-24T11:28:21.712Z","pid":400743,"hostname":"df54c4ecdd90","name":"urateam","component":"PipelineRunner","runId":"6bGEXAMKU6LLOL__KbcFR","issueId":"RG-5","stage":"test","msg":"executing stage"}
@urateam/core:test: {"level":30,"time":"2026-05-24T11:28:21.714Z","pid":400743,"hostname":"df54c4ecdd90","name":"urateam","component":"PipelineRunner","runId":"6bGEXAMKU6LLOL__KbcFR","issueId":"RG-5","stage":"review","msg":"executing stage"}
@urateam/core:test: {"level":30,"time":"2026-05-24T11:28:21.715Z","pid":400743,"hostname":"df54c4ecdd90","name":"urateam","component":"PipelineRunner","runId":"6bGEXAMKU6LLOL__KbcFR","issueId":"RG-5","rfIteration":1,"maxIterations":1,"blockingFindings":1,"msg":"review-fix loop: re-running stages to address blocking findings"}
@urateam/core:test: {"level":30,"time":"2026-05-24T11:28:21.715Z","pid":400743,"hostname":"df54c4ecdd90","name":"urateam","component":"PipelineRunner","runId":"6bGEXAMKU6LLOL__KbcFR","issueId":"RG-5","stage":"implement","rfIteration":1,"msg":"review-fix: executing stage"}
@urateam/core:test: {"level":30,"time":"2026-05-24T11:28:21.717Z","pid":400743,"hostname":"df54c4ecdd90","name":"urateam","component":"PipelineRunner","runId":"6bGEXAMKU6LLOL__KbcFR","issueId":"RG-5","stage":"test","rfIteration":1,"msg":"review-fix: executing stage"}
@urateam/core:test: {"level":30,"time":"2026-05-24T11:28:21.719Z","pid":400743,"hostname":"df54c4ecdd90","name":"urateam","component":"PipelineRunner","runId":"6bGEXAMKU6LLOL__KbcFR","issueId":"RG-5","stage":"review","rfIteration":1,"msg":"review-fix: executing stage"}
@urateam/core:test: {"level":40,"time":"2026-05-24T11:28:21.721Z","pid":400743,"hostname":"df54c4ecdd90","name":"urateam","component":"PipelineRunner","runId":"6bGEXAMKU6LLOL__KbcFR","issueId":"RG-5","rfIteration":1,"blockingFindings":1,"msg":"review-fix loop: max iterations reached — PR will be created as draft with remaining findings"}
@urateam/core:test: {"level":30,"time":"2026-05-24T11:28:21.721Z","pid":400743,"hostname":"df54c4ecdd90","name":"urateam","component":"PipelineRunner","runId":"6bGEXAMKU6LLOL__KbcFR","issueId":"RG-5","msg":"typecheck-gate: passed"}
@urateam/core:test: {"level":30,"time":"2026-05-24T11:28:21.721Z","pid":400743,"hostname":"df54c4ecdd90","name":"urateam","component":"PipelineRunner","runId":"6bGEXAMKU6LLOL__KbcFR","issueId":"RG-5","defaultBranch":"main","msg":"push queue: rebasing before push"}
@urateam/core:test: {"level":30,"time":"2026-05-24T11:28:21.723Z","pid":400743,"hostname":"df54c4ecdd90","name":"urateam","component":"PipelineRunner","runId":"6bGEXAMKU6LLOL__KbcFR","issueId":"RG-5","msg":"creating PR via gh CLI"}
@urateam/core:test: {"level":30,"time":"2026-05-24T11:28:21.724Z","pid":400743,"hostname":"df54c4ecdd90","name":"urateam","component":"PipelineRunner","runId":"6bGEXAMKU6LLOL__KbcFR","issueId":"RG-5","prUrl":"https://github.com/test/repo/pull/42","msg":"PR created"}
@urateam/core:test: {"level":30,"time":"2026-05-24T11:28:21.724Z","pid":400743,"hostname":"df54c4ecdd90","name":"urateam","component":"PipelineRunner","runId":"6bGEXAMKU6LLOL__KbcFR","issueId":"RG-5","prUrl":"https://github.com/test/repo/pull/42","msg":"draft PR: adding review comments with gaps and next steps"}
@urateam/core:test: {"level":30,"time":"2026-05-24T11:28:21.726Z","pid":400743,"hostname":"df54c4ecdd90","name":"urateam","component":"PipelineRunner","runId":"6bGEXAMKU6LLOL__KbcFR","issueId":"RG-5","prUrl":"https://github.com/test/repo/pull/42","autoMerged":false,"autoCommitted":false,"totalInputTokens":1200,"totalOutputTokens":600,"msg":"pipeline completed"}
@urateam/core:test: {"level":30,"time":"2026-05-24T11:28:21.764Z","pid":400743,"hostname":"df54c4ecdd90","name":"urateam","component":"PipelineRunner","issueId":"RG-6","pipeline":"auto-implement","msg":"start() called"}
@urateam/core:test: {"level":30,"time":"2026-05-24T11:28:21.765Z","pid":400743,"hostname":"df54c4ecdd90","name":"urateam","component":"PipelineRunner","runId":"0TKsooJ3kVzTXgiD0VcQT","issueId":"RG-6","branch":"agent/RG-6-ralph-gate-test-issue","msg":"inserting run into DB"}
@urateam/core:test: {"level":30,"time":"2026-05-24T11:28:21.765Z","pid":400743,"hostname":"df54c4ecdd90","name":"urateam","component":"PipelineRunner","runId":"0TKsooJ3kVzTXgiD0VcQT","issueId":"RG-6","branch":"agent/RG-6-ralph-gate-test-issue","msg":"run queued"}
@urateam/core:test: {"level":30,"time":"2026-05-24T11:28:21.765Z","pid":400743,"hostname":"df54c4ecdd90","name":"urateam","component":"PipelineRunner","runId":"0TKsooJ3kVzTXgiD0VcQT","issueId":"RG-6","msg":"executing pipeline"}
@urateam/core:test: {"level":30,"time":"2026-05-24T11:28:21.766Z","pid":400743,"hostname":"df54c4ecdd90","name":"urateam","component":"PipelineRunner","runId":"0TKsooJ3kVzTXgiD0VcQT","issueId":"RG-6","msg":"notifying pipeline start"}
@urateam/core:test: {"level":30,"time":"2026-05-24T11:28:21.766Z","pid":400743,"hostname":"df54c4ecdd90","name":"urateam","component":"PipelineRunner","runId":"0TKsooJ3kVzTXgiD0VcQT","issueId":"RG-6","repoUrl":"https://github.com/test/test-repo.git","repoDir":"/tmp/ralph-gate-repos/ralph-gate-test-issue","msg":"cloning repository"}
@urateam/core:test: {"level":30,"time":"2026-05-24T11:28:21.766Z","pid":400743,"hostname":"df54c4ecdd90","name":"urateam","component":"PipelineRunner","runId":"0TKsooJ3kVzTXgiD0VcQT","issueId":"RG-6","msg":"clone complete, creating worktree"}
@urateam/core:test: {"level":30,"time":"2026-05-24T11:28:21.766Z","pid":400743,"hostname":"df54c4ecdd90","name":"urateam","component":"license","tier":"pro","customerId":"cust_test","expiresAt":"2026-05-25T11:28:21.000Z","msg":"license key validated"}
@urateam/core:test: {"level":30,"time":"2026-05-24T11:28:21.767Z","pid":400743,"hostname":"df54c4ecdd90","name":"urateam","component":"PipelineRunner","runId":"0TKsooJ3kVzTXgiD0VcQT","issueId":"RG-6","worktreePath":"/tmp/ralph-gate-test-worktree","msg":"worktree created"}
@urateam/core:test: {"level":40,"time":"2026-05-24T11:28:21.768Z","pid":400743,"hostname":"df54c4ecdd90","name":"urateam","component":"PipelineRunner","err":{"type":"Error","message":"ENOENT: no such file or directory, open '/tmp/ralph-gate-test-worktree/CLAUDE.md'","stack":"Error: ENOENT: no such file or directory, open '/tmp/ralph-gate-test-worktree/CLAUDE.md'\n    at open (node:internal/fs/promises:639:25)\n    at writeFile (node:internal/fs/promises:1219:14)\n    at PipelineRunner.injectAgentConfig (/home/ura/data/runs/PnXZTHwyAR6qch7obf8pl/worktree/packages/core/src/pipeline/runner.ts:765:7)\n    at PipelineRunner.executePipeline (/home/ura/data/runs/PnXZTHwyAR6qch7obf8pl/worktree/packages/core/src/pipeline/runner.ts:922:9)\n    at /home/ura/data/runs/PnXZTHwyAR6qch7obf8pl/worktree/packages/core/src/pipeline/runner.ts:336:9\n    at Object.enqueue (/home/ura/data/runs/PnXZTHwyAR6qch7obf8pl/worktree/packages/core/src/pipeline/queue.ts:33:16)","errno":-2,"code":"ENOENT","syscall":"open","path":"/tmp/ralph-gate-test-worktree/CLAUDE.md"},"msg":"failed to inject CLAUDE.md — agent will run without it"}
@urateam/core:test: {"level":30,"time":"2026-05-24T11:28:21.769Z","pid":400743,"hostname":"df54c4ecdd90","name":"urateam","component":"PipelineRunner","runId":"0TKsooJ3kVzTXgiD0VcQT","issueId":"RG-6","languages":["typescript"],"frameworks":[],"buildSystems":["pnpm"],"msg":"tech stack detected"}
@urateam/core:test: {"level":30,"time":"2026-05-24T11:28:21.769Z","pid":400743,"hostname":"df54c4ecdd90","name":"urateam","component":"PipelineRunner","runId":"0TKsooJ3kVzTXgiD0VcQT","issueId":"RG-6","stages":["implement","review"],"msg":"starting pipeline stages"}
@urateam/core:test: {"level":30,"time":"2026-05-24T11:28:21.769Z","pid":400743,"hostname":"df54c4ecdd90","name":"urateam","component":"PipelineRunner","runId":"0TKsooJ3kVzTXgiD0VcQT","issueId":"RG-6","stage":"implement","msg":"executing stage"}
@urateam/core:test: {"level":30,"time":"2026-05-24T11:28:21.771Z","pid":400743,"hostname":"df54c4ecdd90","name":"urateam","component":"PipelineRunner","runId":"0TKsooJ3kVzTXgiD0VcQT","issueId":"RG-6","stage":"review","msg":"executing stage"}
@urateam/core:test: {"level":30,"time":"2026-05-24T11:28:21.772Z","pid":400743,"hostname":"df54c4ecdd90","name":"urateam","component":"PipelineRunner","runId":"0TKsooJ3kVzTXgiD0VcQT","issueId":"RG-6","drPass":1,"passLimit":1,"msg":"deep review: running review providers"}
@urateam/core:test: {"level":40,"time":"2026-05-24T11:28:21.774Z","pid":400743,"hostname":"df54c4ecdd90","name":"urateam","component":"ReviewProvidersRunner","msg":"runReviewProviders called without stageRunId; skipping per-model persistence"}
@urateam/core:test: {"level":30,"time":"2026-05-24T11:28:21.774Z","pid":400743,"hostname":"df54c4ecdd90","name":"urateam","component":"PipelineRunner","runId":"0TKsooJ3kVzTXgiD0VcQT","issueId":"RG-6","drPass":1,"findings":1,"previousFindings":null,"msg":"deep review: sub-agents complete"}
@urateam/core:test: {"level":30,"time":"2026-05-24T11:28:21.775Z","pid":400743,"hostname":"df54c4ecdd90","name":"urateam","component":"PipelineRunner","runId":"0TKsooJ3kVzTXgiD0VcQT","issueId":"RG-6","drPass":1,"msg":"deep review: re-running implement stage"}
@urateam/core:test: {"level":30,"time":"2026-05-24T11:28:21.777Z","pid":400743,"hostname":"df54c4ecdd90","name":"urateam","component":"PipelineRunner","runId":"0TKsooJ3kVzTXgiD0VcQT","issueId":"RG-6","drPass":1,"msg":"deep review: re-running review stage"}
@urateam/core:test: {"level":30,"time":"2026-05-24T11:28:21.778Z","pid":400743,"hostname":"df54c4ecdd90","name":"urateam","component":"PipelineRunner","runId":"0TKsooJ3kVzTXgiD0VcQT","issueId":"RG-6","drPass":1,"upgraded":1,"msg":"deep review: findings upgraded to blocking (Tier 3 deepReviewFindingsAreBlocking)"}
@urateam/core:test: {"level":30,"time":"2026-05-24T11:28:21.778Z","pid":400743,"hostname":"df54c4ecdd90","name":"urateam","component":"PipelineRunner","runId":"0TKsooJ3kVzTXgiD0VcQT","issueId":"RG-6","msg":"typecheck-gate: passed"}
@urateam/core:test: {"level":30,"time":"2026-05-24T11:28:21.779Z","pid":400743,"hostname":"df54c4ecdd90","name":"urateam","component":"PipelineRunner","runId":"0TKsooJ3kVzTXgiD0VcQT","issueId":"RG-6","defaultBranch":"main","msg":"push queue: rebasing before push"}
@urateam/core:test: {"level":30,"time":"2026-05-24T11:28:21.779Z","pid":400743,"hostname":"df54c4ecdd90","name":"urateam","component":"PipelineRunner","runId":"0TKsooJ3kVzTXgiD0VcQT","issueId":"RG-6","msg":"creating PR via gh CLI"}
@urateam/core:test: {"level":30,"time":"2026-05-24T11:28:21.779Z","pid":400743,"hostname":"df54c4ecdd90","name":"urateam","component":"PipelineRunner","runId":"0TKsooJ3kVzTXgiD0VcQT","issueId":"RG-6","prUrl":"https://github.com/test/repo/pull/42","msg":"PR created"}
@urateam/core:test: {"level":30,"time":"2026-05-24T11:28:21.779Z","pid":400743,"hostname":"df54c4ecdd90","name":"urateam","component":"PipelineRunner","runId":"0TKsooJ3kVzTXgiD0VcQT","issueId":"RG-6","prUrl":"https://github.com/test/repo/pull/42","msg":"draft PR: adding review comments with gaps and next steps"}
@urateam/core:test: {"level":30,"time":"2026-05-24T11:28:21.780Z","pid":400743,"hostname":"df54c4ecdd90","name":"urateam","component":"PipelineRunner","runId":"0TKsooJ3kVzTXgiD0VcQT","issueId":"RG-6","prUrl":"https://github.com/test/repo/pull/42","autoMerged":false,"autoCommitted":false,"totalInputTokens":1000,"totalOutputTokens":500,"msg":"pipeline completed"}
@urateam/core:test: {"level":30,"time":"2026-05-24T11:28:21.833Z","pid":400743,"hostname":"df54c4ecdd90","name":"urateam","component":"PipelineRunner","issueId":"RG-7","pipeline":"auto-implement","msg":"start() called"}
@urateam/core:test: {"level":30,"time":"2026-05-24T11:28:21.834Z","pid":400743,"hostname":"df54c4ecdd90","name":"urateam","component":"PipelineRunner","runId":"j1IHtnGdgMos0EvnMnp9l","issueId":"RG-7","branch":"agent/RG-7-ralph-gate-test-issue","msg":"inserting run into DB"}
@urateam/core:test: {"level":30,"time":"2026-05-24T11:28:21.834Z","pid":400743,"hostname":"df54c4ecdd90","name":"urateam","component":"PipelineRunner","runId":"j1IHtnGdgMos0EvnMnp9l","issueId":"RG-7","branch":"agent/RG-7-ralph-gate-test-issue","msg":"run queued"}
@urateam/core:test: {"level":30,"time":"2026-05-24T11:28:21.834Z","pid":400743,"hostname":"df54c4ecdd90","name":"urateam","component":"PipelineRunner","runId":"j1IHtnGdgMos0EvnMnp9l","issueId":"RG-7","msg":"executing pipeline"}
@urateam/core:test: {"level":30,"time":"2026-05-24T11:28:21.834Z","pid":400743,"hostname":"df54c4ecdd90","name":"urateam","component":"PipelineRunner","runId":"j1IHtnGdgMos0EvnMnp9l","issueId":"RG-7","msg":"notifying pipeline start"}
@urateam/core:test: {"level":30,"time":"2026-05-24T11:28:21.835Z","pid":400743,"hostname":"df54c4ecdd90","name":"urateam","component":"PipelineRunner","runId":"j1IHtnGdgMos0EvnMnp9l","issueId":"RG-7","repoUrl":"https://github.com/test/test-repo.git","repoDir":"/tmp/ralph-gate-repos/ralph-gate-test-issue","msg":"cloning repository"}
@urateam/core:test: {"level":30,"time":"2026-05-24T11:28:21.835Z","pid":400743,"hostname":"df54c4ecdd90","name":"urateam","component":"PipelineRunner","runId":"j1IHtnGdgMos0EvnMnp9l","issueId":"RG-7","msg":"clone complete, creating worktree"}
@urateam/core:test: {"level":30,"time":"2026-05-24T11:28:21.835Z","pid":400743,"hostname":"df54c4ecdd90","name":"urateam","component":"license","tier":"pro","customerId":"cust_test","expiresAt":"2026-05-25T11:28:21.000Z","msg":"license key validated"}
@urateam/core:test: {"level":30,"time":"2026-05-24T11:28:21.835Z","pid":400743,"hostname":"df54c4ecdd90","name":"urateam","component":"PipelineRunner","runId":"j1IHtnGdgMos0EvnMnp9l","issueId":"RG-7","worktreePath":"/tmp/ralph-gate-test-worktree","msg":"worktree created"}
@urateam/core:test: {"level":40,"time":"2026-05-24T11:28:21.836Z","pid":400743,"hostname":"df54c4ecdd90","name":"urateam","component":"PipelineRunner","err":{"type":"Error","message":"ENOENT: no such file or directory, open '/tmp/ralph-gate-test-worktree/CLAUDE.md'","stack":"Error: ENOENT: no such file or directory, open '/tmp/ralph-gate-test-worktree/CLAUDE.md'\n    at open (node:internal/fs/promises:639:25)\n    at writeFile (node:internal/fs/promises:1219:14)\n    at PipelineRunner.injectAgentConfig (/home/ura/data/runs/PnXZTHwyAR6qch7obf8pl/worktree/packages/core/src/pipeline/runner.ts:765:7)\n    at PipelineRunner.executePipeline (/home/ura/data/runs/PnXZTHwyAR6qch7obf8pl/worktree/packages/core/src/pipeline/runner.ts:922:9)\n    at /home/ura/data/runs/PnXZTHwyAR6qch7obf8pl/worktree/packages/core/src/pipeline/runner.ts:336:9\n    at Object.enqueue (/home/ura/data/runs/PnXZTHwyAR6qch7obf8pl/worktree/packages/core/src/pipeline/queue.ts:33:16)","errno":-2,"code":"ENOENT","syscall":"open","path":"/tmp/ralph-gate-test-worktree/CLAUDE.md"},"msg":"failed to inject CLAUDE.md — agent will run without it"}
@urateam/core:test: {"level":30,"time":"2026-05-24T11:28:21.836Z","pid":400743,"hostname":"df54c4ecdd90","name":"urateam","component":"PipelineRunner","runId":"j1IHtnGdgMos0EvnMnp9l","issueId":"RG-7","languages":["typescript"],"frameworks":[],"buildSystems":["pnpm"],"msg":"tech stack detected"}
@urateam/core:test: {"level":30,"time":"2026-05-24T11:28:21.836Z","pid":400743,"hostname":"df54c4ecdd90","name":"urateam","component":"PipelineRunner","runId":"j1IHtnGdgMos0EvnMnp9l","issueId":"RG-7","stages":["implement"],"msg":"starting pipeline stages"}
@urateam/core:test: {"level":30,"time":"2026-05-24T11:28:21.836Z","pid":400743,"hostname":"df54c4ecdd90","name":"urateam","component":"PipelineRunner","runId":"j1IHtnGdgMos0EvnMnp9l","issueId":"RG-7","stage":"implement","msg":"executing stage"}
@urateam/core:test: {"level":30,"time":"2026-05-24T11:28:21.838Z","pid":400743,"hostname":"df54c4ecdd90","name":"urateam","component":"ExtractHandoff","stage":"implement","msg":"building handoff from git diff"}
@urateam/core:test: {"level":30,"time":"2026-05-24T11:28:21.838Z","pid":400743,"hostname":"df54c4ecdd90","name":"urateam","component":"ExtractHandoff","stage":"implement","filesChanged":0,"msg":"handoff built"}
@urateam/core:test: {"level":30,"time":"2026-05-24T11:28:21.838Z","pid":400743,"hostname":"df54c4ecdd90","name":"urateam","component":"PipelineRunner","runId":"j1IHtnGdgMos0EvnMnp9l","issueId":"RG-7","iteration":1,"maxIterations":2,"msg":"RALPH: checking requirements"}
@urateam/core:test: {"level":30,"time":"2026-05-24T11:28:21.839Z","pid":400743,"hostname":"df54c4ecdd90","name":"urateam","component":"PipelineRunner","runId":"j1IHtnGdgMos0EvnMnp9l","issueId":"RG-7","iteration":1,"gaps":1,"suggestions":1,"msg":"RALPH: gaps found, re-running implement"}
@urateam/core:test: {"level":30,"time":"2026-05-24T11:28:21.844Z","pid":400743,"hostname":"df54c4ecdd90","name":"urateam","component":"ExtractHandoff","stage":"implement","msg":"building handoff from git diff"}
@urateam/core:test: {"level":30,"time":"2026-05-24T11:28:21.844Z","pid":400743,"hostname":"df54c4ecdd90","name":"urateam","component":"ExtractHandoff","stage":"implement","filesChanged":0,"msg":"handoff built"}
@urateam/core:test: {"level":30,"time":"2026-05-24T11:28:21.844Z","pid":400743,"hostname":"df54c4ecdd90","name":"urateam","component":"PipelineRunner","runId":"j1IHtnGdgMos0EvnMnp9l","issueId":"RG-7","iteration":2,"maxIterations":2,"msg":"RALPH: checking requirements"}
@urateam/core:test: {"level":40,"time":"2026-05-24T11:28:21.844Z","pid":400743,"hostname":"df54c4ecdd90","name":"urateam","component":"PipelineRunner","runId":"j1IHtnGdgMos0EvnMnp9l","issueId":"RG-7","iteration":2,"gaps":1,"msg":"RALPH: gaps remain after final check — skipping re-implement (no verification slot)"}
@urateam/core:test: {"level":40,"time":"2026-05-24T11:28:21.844Z","pid":400743,"hostname":"df54c4ecdd90","name":"urateam","component":"PipelineRunner","runId":"j1IHtnGdgMos0EvnMnp9l","issueId":"RG-7","gaps":1,"iterations":2,"msg":"RALPH: requirements NOT satisfied after all iterations — PR will be created as draft"}
@urateam/core:test: {"level":30,"time":"2026-05-24T11:28:21.844Z","pid":400743,"hostname":"df54c4ecdd90","name":"urateam","component":"PipelineRunner","runId":"j1IHtnGdgMos0EvnMnp9l","issueId":"RG-7","msg":"typecheck-gate: passed"}
@urateam/core:test: {"level":30,"time":"2026-05-24T11:28:21.845Z","pid":400743,"hostname":"df54c4ecdd90","name":"urateam","component":"PipelineRunner","runId":"j1IHtnGdgMos0EvnMnp9l","issueId":"RG-7","defaultBranch":"main","msg":"push queue: rebasing before push"}
@urateam/core:test: {"level":30,"time":"2026-05-24T11:28:21.845Z","pid":400743,"hostname":"df54c4ecdd90","name":"urateam","component":"PipelineRunner","runId":"j1IHtnGdgMos0EvnMnp9l","issueId":"RG-7","msg":"creating PR via gh CLI"}
@urateam/core:test: {"level":30,"time":"2026-05-24T11:28:21.846Z","pid":400743,"hostname":"df54c4ecdd90","name":"urateam","component":"PipelineRunner","runId":"j1IHtnGdgMos0EvnMnp9l","issueId":"RG-7","prUrl":"https://github.com/test/repo/pull/42","msg":"PR created"}
@urateam/core:test: {"level":30,"time":"2026-05-24T11:28:21.846Z","pid":400743,"hostname":"df54c4ecdd90","name":"urateam","component":"PipelineRunner","runId":"j1IHtnGdgMos0EvnMnp9l","issueId":"RG-7","prUrl":"https://github.com/test/repo/pull/42","msg":"draft PR: adding review comments with gaps and next steps"}
@urateam/core:test: {"level":30,"time":"2026-05-24T11:28:21.846Z","pid":400743,"hostname":"df54c4ecdd90","name":"urateam","component":"PipelineRunner","runId":"j1IHtnGdgMos0EvnMnp9l","issueId":"RG-7","prUrl":"https://github.com/test/repo/pull/42","autoMerged":false,"autoCommitted":false,"totalInputTokens":400,"totalOutputTokens":200,"msg":"pipeline completed"}
@urateam/core:test: {"level":30,"time":"2026-05-24T11:28:21.897Z","pid":400743,"hostname":"df54c4ecdd90","name":"urateam","component":"PipelineRunner","issueId":"RG-8","pipeline":"auto-implement","msg":"start() called"}
@urateam/core:test: {"level":30,"time":"2026-05-24T11:28:21.897Z","pid":400743,"hostname":"df54c4ecdd90","name":"urateam","component":"PipelineRunner","runId":"k10TiiWaotKi7r-lzLPjw","issueId":"RG-8","branch":"agent/RG-8-ralph-gate-test-issue","msg":"inserting run into DB"}
@urateam/core:test: {"level":30,"time":"2026-05-24T11:28:21.898Z","pid":400743,"hostname":"df54c4ecdd90","name":"urateam","component":"PipelineRunner","runId":"k10TiiWaotKi7r-lzLPjw","issueId":"RG-8","branch":"agent/RG-8-ralph-gate-test-issue","msg":"run queued"}
@urateam/core:test: {"level":30,"time":"2026-05-24T11:28:21.898Z","pid":400743,"hostname":"df54c4ecdd90","name":"urateam","component":"PipelineRunner","runId":"k10TiiWaotKi7r-lzLPjw","issueId":"RG-8","msg":"executing pipeline"}
@urateam/core:test: {"level":30,"time":"2026-05-24T11:28:21.898Z","pid":400743,"hostname":"df54c4ecdd90","name":"urateam","component":"PipelineRunner","runId":"k10TiiWaotKi7r-lzLPjw","issueId":"RG-8","msg":"notifying pipeline start"}
@urateam/core:test: {"level":30,"time":"2026-05-24T11:28:21.898Z","pid":400743,"hostname":"df54c4ecdd90","name":"urateam","component":"PipelineRunner","runId":"k10TiiWaotKi7r-lzLPjw","issueId":"RG-8","repoUrl":"https://github.com/test/test-repo.git","repoDir":"/tmp/ralph-gate-repos/ralph-gate-test-issue","msg":"cloning repository"}
@urateam/core:test: {"level":30,"time":"2026-05-24T11:28:21.898Z","pid":400743,"hostname":"df54c4ecdd90","name":"urateam","component":"PipelineRunner","runId":"k10TiiWaotKi7r-lzLPjw","issueId":"RG-8","msg":"clone complete, creating worktree"}
@urateam/core:test: {"level":30,"time":"2026-05-24T11:28:21.899Z","pid":400743,"hostname":"df54c4ecdd90","name":"urateam","component":"license","tier":"pro","customerId":"cust_test","expiresAt":"2026-05-25T11:28:21.000Z","msg":"license key validated"}
@urateam/core:test: {"level":30,"time":"2026-05-24T11:28:21.899Z","pid":400743,"hostname":"df54c4ecdd90","name":"urateam","component":"PipelineRunner","runId":"k10TiiWaotKi7r-lzLPjw","issueId":"RG-8","worktreePath":"/tmp/ralph-gate-test-worktree","msg":"worktree created"}
@urateam/core:test: {"level":40,"time":"2026-05-24T11:28:21.900Z","pid":400743,"hostname":"df54c4ecdd90","name":"urateam","component":"PipelineRunner","err":{"type":"Error","message":"ENOENT: no such file or directory, open '/tmp/ralph-gate-test-worktree/CLAUDE.md'","stack":"Error: ENOENT: no such file or directory, open '/tmp/ralph-gate-test-worktree/CLAUDE.md'\n    at open (node:internal/fs/promises:639:25)\n    at writeFile (node:internal/fs/promises:1219:14)\n    at PipelineRunner.injectAgentConfig (/home/ura/data/runs/PnXZTHwyAR6qch7obf8pl/worktree/packages/core/src/pipeline/runner.ts:765:7)\n    at PipelineRunner.executePipeline (/home/ura/data/runs/PnXZTHwyAR6qch7obf8pl/worktree/packages/core/src/pipeline/runner.ts:922:9)\n    at /home/ura/data/runs/PnXZTHwyAR6qch7obf8pl/worktree/packages/core/src/pipeline/runner.ts:336:9\n    at Object.enqueue (/home/ura/data/runs/PnXZTHwyAR6qch7obf8pl/worktree/packages/core/src/pipeline/queue.ts:33:16)","errno":-2,"code":"ENOENT","syscall":"open","path":"/tmp/ralph-gate-test-worktree/CLAUDE.md"},"msg":"failed to inject CLAUDE.md — agent will run without it"}
@urateam/core:test: {"level":30,"time":"2026-05-24T11:28:21.900Z","pid":400743,"hostname":"df54c4ecdd90","name":"urateam","component":"PipelineRunner","runId":"k10TiiWaotKi7r-lzLPjw","issueId":"RG-8","languages":["typescript"],"frameworks":[],"buildSystems":["pnpm"],"msg":"tech stack detected"}
@urateam/core:test: {"level":30,"time":"2026-05-24T11:28:21.900Z","pid":400743,"hostname":"df54c4ecdd90","name":"urateam","component":"PipelineRunner","runId":"k10TiiWaotKi7r-lzLPjw","issueId":"RG-8","stages":["implement"],"msg":"starting pipeline stages"}
@urateam/core:test: {"level":30,"time":"2026-05-24T11:28:21.900Z","pid":400743,"hostname":"df54c4ecdd90","name":"urateam","component":"PipelineRunner","runId":"k10TiiWaotKi7r-lzLPjw","issueId":"RG-8","stage":"implement","msg":"executing stage"}
@urateam/core:test: {"level":30,"time":"2026-05-24T11:28:21.903Z","pid":400743,"hostname":"df54c4ecdd90","name":"urateam","component":"ExtractHandoff","stage":"implement","msg":"building handoff from git diff"}
@urateam/core:test: {"level":30,"time":"2026-05-24T11:28:21.904Z","pid":400743,"hostname":"df54c4ecdd90","name":"urateam","component":"ExtractHandoff","stage":"implement","filesChanged":0,"msg":"handoff built"}
@urateam/core:test: {"level":30,"time":"2026-05-24T11:28:21.904Z","pid":400743,"hostname":"df54c4ecdd90","name":"urateam","component":"PipelineRunner","runId":"k10TiiWaotKi7r-lzLPjw","issueId":"RG-8","iteration":1,"maxIterations":2,"msg":"RALPH: checking requirements"}
@urateam/core:test: {"level":30,"time":"2026-05-24T11:28:21.904Z","pid":400743,"hostname":"df54c4ecdd90","name":"urateam","component":"PipelineRunner","runId":"k10TiiWaotKi7r-lzLPjw","issueId":"RG-8","iteration":1,"gaps":2,"suggestions":2,"msg":"RALPH: gaps found, re-running implement"}
@urateam/core:test: {"level":30,"time":"2026-05-24T11:28:21.907Z","pid":400743,"hostname":"df54c4ecdd90","name":"urateam","component":"ExtractHandoff","stage":"implement","msg":"building handoff from git diff"}
@urateam/core:test: {"level":30,"time":"2026-05-24T11:28:21.907Z","pid":400743,"hostname":"df54c4ecdd90","name":"urateam","component":"ExtractHandoff","stage":"implement","filesChanged":0,"msg":"handoff built"}
@urateam/core:test: {"level":30,"time":"2026-05-24T11:28:21.907Z","pid":400743,"hostname":"df54c4ecdd90","name":"urateam","component":"PipelineRunner","runId":"k10TiiWaotKi7r-lzLPjw","issueId":"RG-8","iteration":2,"maxIterations":2,"msg":"RALPH: checking requirements"}
@urateam/core:test: {"level":40,"time":"2026-05-24T11:28:21.907Z","pid":400743,"hostname":"df54c4ecdd90","name":"urateam","component":"PipelineRunner","runId":"k10TiiWaotKi7r-lzLPjw","issueId":"RG-8","iteration":2,"gaps":2,"msg":"RALPH: gaps remain after final check — skipping re-implement (no verification slot)"}
@urateam/core:test: {"level":40,"time":"2026-05-24T11:28:21.907Z","pid":400743,"hostname":"df54c4ecdd90","name":"urateam","component":"PipelineRunner","runId":"k10TiiWaotKi7r-lzLPjw","issueId":"RG-8","gaps":2,"iterations":2,"msg":"RALPH: requirements NOT satisfied after all iterations — PR will be created as draft"}
@urateam/core:test: {"level":30,"time":"2026-05-24T11:28:21.907Z","pid":400743,"hostname":"df54c4ecdd90","name":"urateam","component":"PipelineRunner","runId":"k10TiiWaotKi7r-lzLPjw","issueId":"RG-8","msg":"typecheck-gate: passed"}
@urateam/core:test: {"level":30,"time":"2026-05-24T11:28:21.907Z","pid":400743,"hostname":"df54c4ecdd90","name":"urateam","component":"PipelineRunner","runId":"k10TiiWaotKi7r-lzLPjw","issueId":"RG-8","defaultBranch":"main","msg":"push queue: rebasing before push"}
@urateam/core:test: {"level":30,"time":"2026-05-24T11:28:21.909Z","pid":400743,"hostname":"df54c4ecdd90","name":"urateam","component":"PipelineRunner","runId":"k10TiiWaotKi7r-lzLPjw","issueId":"RG-8","msg":"creating PR via gh CLI"}
@urateam/core:test: {"level":30,"time":"2026-05-24T11:28:21.909Z","pid":400743,"hostname":"df54c4ecdd90","name":"urateam","component":"PipelineRunner","runId":"k10TiiWaotKi7r-lzLPjw","issueId":"RG-8","prUrl":"https://github.com/test/repo/pull/42","msg":"PR created"}
@urateam/core:test: {"level":30,"time":"2026-05-24T11:28:21.909Z","pid":400743,"hostname":"df54c4ecdd90","name":"urateam","component":"PipelineRunner","runId":"k10TiiWaotKi7r-lzLPjw","issueId":"RG-8","prUrl":"https://github.com/test/repo/pull/42","msg":"draft PR: adding review comments with gaps and next steps"}
@urateam/core:test: {"level":30,"time":"2026-05-24T11:28:21.913Z","pid":400743,"hostname":"df54c4ecdd90","name":"urateam","component":"PipelineRunner","runId":"k10TiiWaotKi7r-lzLPjw","issueId":"RG-8","prUrl":"https://github.com/test/repo/pull/42","autoMerged":false,"autoCommitted":false,"totalInputTokens":400,"totalOutputTokens":200,"msg":"pipeline completed"}
@urateam/core:test:  ✓ src/__tests__/ralph-gate.test.ts (8 tests) 559ms
@urateam/core:test:  ✓ src/__tests__/distributed-lock.test.ts (13 tests) 1624ms
@urateam/core:test:    ✓ withBranchLock — timeout > throws LockTimeoutError when lock cannot be acquired within timeoutMs  301ms
@urateam/core:test:    ✓ withBranchLock — timeout > succeeds when lock becomes available before timeout  502ms
@urateam/cli:test: Caddyfile written to /tmp/ura-e2e-bootstrap-pglLaF/Caddyfile
@urateam/core:test: hint: Using 'master' as the name for the initial branch. This default branch name
@urateam/core:test: hint: will change to "main" in Git 3.0. To configure the initial branch name
@urateam/core:test: hint: to use in all of your new repositories, which will suppress this warning,
@urateam/core:test: hint: call:
@urateam/core:test: hint:
@urateam/core:test: hint: 	git config --global init.defaultBranch <name>
@urateam/core:test: hint:
@urateam/core:test: hint: Names commonly chosen instead of 'master' are 'main', 'trunk' and
@urateam/core:test: hint: 'development'. The just-created branch can be renamed via this command:
@urateam/core:test: hint:
@urateam/core:test: hint: 	git branch -m <name>
@urateam/core:test: hint:
@urateam/core:test: hint: Disable this message with "git config set advice.defaultBranchName false"
@urateam/core:test: {"level":50,"time":"2026-05-24T11:28:24.401Z","pid":400815,"hostname":"df54c4ecdd90","name":"urateam","component":"git","args":["log","--name-only","--format=","origin..HEAD"],"cwd":"/tmp/laf-getmod-test-2ef8e9ab140e","stderr":"fatal: ambiguous argument 'origin..HEAD': unknown revision or path not in the working tree.\nUse '--' to separate paths from revisions, like this:\n'git <command> [<revision>...] -- [<file>...]'\n","msg":"git log failed"}
@urateam/core:test: hint: Using 'master' as the name for the initial branch. This default branch name
@urateam/core:test: hint: will change to "main" in Git 3.0. To configure the initial branch name
@urateam/core:test: hint: to use in all of your new repositories, which will suppress this warning,
@urateam/core:test: hint: call:
@urateam/core:test: hint:
@urateam/core:test: hint: 	git config --global init.defaultBranch <name>
@urateam/core:test: hint:
@urateam/core:test: hint: Names commonly chosen instead of 'master' are 'main', 'trunk' and
@urateam/core:test: hint: 'development'. The just-created branch can be renamed via this command:
@urateam/core:test: hint:
@urateam/core:test: hint: 	git branch -m <name>
@urateam/core:test: hint:
@urateam/core:test: hint: Disable this message with "git config set advice.defaultBranchName false"
@urateam/core:test: {"level":50,"time":"2026-05-24T11:28:24.438Z","pid":400815,"hostname":"df54c4ecdd90","name":"urateam","component":"git","args":["log","--name-only","--format=","origin..HEAD"],"cwd":"/tmp/laf-getmod-test-bf9318ff647d","stderr":"fatal: ambiguous argument 'origin..HEAD': unknown revision or path not in the working tree.\nUse '--' to separate paths from revisions, like this:\n'git <command> [<revision>...] -- [<file>...]'\n","msg":"git log failed"}
@urateam/core:test: hint: Using 'master' as the name for the initial branch. This default branch name
@urateam/core:test: hint: will change to "main" in Git 3.0. To configure the initial branch name
@urateam/core:test: hint: to use in all of your new repositories, which will suppress this warning,
@urateam/core:test: hint: call:
@urateam/core:test: hint:
@urateam/core:test: hint: 	git config --global init.defaultBranch <name>
@urateam/core:test: hint:
@urateam/core:test: hint: Names commonly chosen instead of 'master' are 'main', 'trunk' and
@urateam/core:test: hint: 'development'. The just-created branch can be renamed via this command:
@urateam/core:test: hint:
@urateam/core:test: hint: 	git branch -m <name>
@urateam/core:test: hint:
@urateam/core:test: hint: Disable this message with "git config set advice.defaultBranchName false"
@urateam/core:test: {"level":50,"time":"2026-05-24T11:28:24.470Z","pid":400815,"hostname":"df54c4ecdd90","name":"urateam","component":"git","args":["log","--name-only","--format=","origin..HEAD"],"cwd":"/tmp/laf-getmod-test-6988d0664b03","stderr":"fatal: ambiguous argument 'origin..HEAD': unknown revision or path not in the working tree.\nUse '--' to separate paths from revisions, like this:\n'git <command> [<revision>...] -- [<file>...]'\n","msg":"git log failed"}
@urateam/core:test: {"level":40,"time":"2026-05-24T11:28:24.476Z","pid":400815,"hostname":"df54c4ecdd90","name":"urateam","component":"git","args":"status","err":"spawn git ENOENT","msg":"git command failed (non-fatal)"}
@urateam/core:test: {"level":50,"time":"2026-05-24T11:28:24.476Z","pid":400815,"hostname":"df54c4ecdd90","name":"urateam","component":"git","args":["log","--name-only","--format=","origin..HEAD"],"cwd":"/nonexistent/path/xyz","stderr":"","msg":"git log failed"}
@urateam/core:test:  ✓ src/__tests__/coordination.test.ts (17 tests) 1506ms
@urateam/core:test:    ✓ coordination > upsertActiveWork > advances updatedAt on re-upsert  1118ms
@urateam/core:test: stdout | src/__tests__/reproduce-bec43-updatedat.test.ts > BEC-43 reproduction: updatedAt not refreshed on upsert conflict > updatedAt advances after a conflict-path update (BEC-43 fix)
@urateam/core:test: updatedAt BEFORE second upsert: [35m2026-05-24T11:28:23.000Z[39m
@urateam/core:test: updatedAt AFTER  second upsert: [35m2026-05-24T11:28:24.000Z[39m
@urateam/core:test: updatedAt changed? [33mtrue[39m
@urateam/core:test: 
@urateam/core:test:  ✓ src/__tests__/reproduce-bec43-updatedat.test.ts (1 test) 1139ms
@urateam/core:test:    ✓ BEC-43 reproduction: updatedAt not refreshed on upsert conflict > updatedAt advances after a conflict-path update (BEC-43 fix)  1138ms
@urateam/cli:test:  ✓ src/__tests__/bootstrap.e2e.test.ts (11 tests) 2030ms
@urateam/cli:test:    ✓ Bootstrap e2e — validateSetup > throws with a helpful message on timeout  2002ms
@urateam/cli:test:  ✓ src/__tests__/bootstrap.unit.test.ts (36 tests) 4406ms
@urateam/cli:test:    ✓ validateSetup() > throws when timeout elapses without a 2xx response  2002ms
@urateam/cli:test:    ✓ validateSetup() > retries after a non-2xx response until timeout  2004ms
@urateam/core:test: {"level":30,"time":"2026-05-24T11:28:26.236Z","pid":400889,"hostname":"df54c4ecdd90","name":"urateam","component":"PipelineRunner","issueId":"TEAM-123","pipeline":"bug-fix","msg":"start() called"}
@urateam/core:test: {"level":30,"time":"2026-05-24T11:28:26.429Z","pid":400889,"hostname":"df54c4ecdd90","name":"urateam","component":"PipelineRunner","runId":"-O918edEVfCV6CB_PsN4z","issueId":"TEAM-123","branch":"agent/TEAM-123-fix-the-login-bug","msg":"inserting run into DB"}
@urateam/core:test: {"level":30,"time":"2026-05-24T11:28:26.432Z","pid":400889,"hostname":"df54c4ecdd90","name":"urateam","component":"PipelineRunner","runId":"-O918edEVfCV6CB_PsN4z","issueId":"TEAM-123","branch":"agent/TEAM-123-fix-the-login-bug","msg":"run queued"}
@urateam/core:test: {"level":30,"time":"2026-05-24T11:28:26.433Z","pid":400889,"hostname":"df54c4ecdd90","name":"urateam","component":"PipelineRunner","runId":"-O918edEVfCV6CB_PsN4z","issueId":"TEAM-123","msg":"executing pipeline"}
@urateam/core:test: {"level":30,"time":"2026-05-24T11:28:26.438Z","pid":400889,"hostname":"df54c4ecdd90","name":"urateam","component":"PipelineRunner","issueId":"TEAM-123","pipeline":"bug-fix","msg":"start() called"}
@urateam/core:test: {"level":30,"time":"2026-05-24T11:28:26.438Z","pid":400889,"hostname":"df54c4ecdd90","name":"urateam","component":"PipelineRunner","issueId":"TEAM-123","msg":"already active, skipping duplicate"}
@urateam/core:test: {"level":30,"time":"2026-05-24T11:28:26.440Z","pid":400889,"hostname":"df54c4ecdd90","name":"urateam","component":"license","tier":"oss","msg":"no license key set — running in OSS mode"}
@urateam/core:test: {"level":30,"time":"2026-05-24T11:28:26.440Z","pid":400889,"hostname":"df54c4ecdd90","name":"urateam","component":"PipelineRunner","runId":"-O918edEVfCV6CB_PsN4z","issueId":"TEAM-123","msg":"notifying pipeline start"}
@urateam/core:test: {"level":30,"time":"2026-05-24T11:28:26.441Z","pid":400889,"hostname":"df54c4ecdd90","name":"urateam","component":"PipelineRunner","runId":"-O918edEVfCV6CB_PsN4z","issueId":"TEAM-123","repoUrl":"https://github.com/test/repo.git","repoDir":"/tmp/test-repos/fix-the-login-bug","msg":"cloning repository"}
@urateam/core:test: {"level":30,"time":"2026-05-24T11:28:26.451Z","pid":400889,"hostname":"df54c4ecdd90","name":"urateam","component":"PipelineRunner","issueId":"TEAM-123","pipeline":"bug-fix","msg":"start() called"}
@urateam/core:test: {"level":30,"time":"2026-05-24T11:28:26.457Z","pid":400889,"hostname":"df54c4ecdd90","name":"urateam","component":"git","runId":"-O918edEVfCV6CB_PsN4z","issueId":"TEAM-123","url":"https://github.com/test/repo.git","dir":"/tmp/test-repos/fix-the-login-bug","msg":"cloning repository"}
@urateam/cli:test:  ✓ src/__tests__/linear-oauth.test.ts (8 tests) 256ms
@urateam/core:test: {"level":30,"time":"2026-05-24T11:28:26.591Z","pid":400909,"hostname":"df54c4ecdd90","name":"urateam","component":"PipelineRunner","issueId":"E2E-1","pipeline":"auto-implement","msg":"start() called"}
@urateam/core:test: {"level":30,"time":"2026-05-24T11:28:26.594Z","pid":400909,"hostname":"df54c4ecdd90","name":"urateam","component":"PipelineRunner","runId":"C12e6TfBeRsXenpYT-ubp","issueId":"E2E-1","branch":"agent/E2E-1-add-user-search","msg":"inserting run into DB"}
@urateam/core:test: {"level":30,"time":"2026-05-24T11:28:26.599Z","pid":400909,"hostname":"df54c4ecdd90","name":"urateam","component":"PipelineRunner","runId":"C12e6TfBeRsXenpYT-ubp","issueId":"E2E-1","branch":"agent/E2E-1-add-user-search","msg":"run queued"}
@urateam/core:test: {"level":30,"time":"2026-05-24T11:28:26.600Z","pid":400909,"hostname":"df54c4ecdd90","name":"urateam","component":"PipelineRunner","runId":"C12e6TfBeRsXenpYT-ubp","issueId":"E2E-1","msg":"executing pipeline"}
@urateam/core:test: {"level":30,"time":"2026-05-24T11:28:26.605Z","pid":400909,"hostname":"df54c4ecdd90","name":"urateam","component":"PipelineRunner","runId":"C12e6TfBeRsXenpYT-ubp","issueId":"E2E-1","msg":"notifying pipeline start"}
@urateam/core:test: {"level":30,"time":"2026-05-24T11:28:26.606Z","pid":400909,"hostname":"df54c4ecdd90","name":"urateam","component":"PipelineRunner","runId":"C12e6TfBeRsXenpYT-ubp","issueId":"E2E-1","repoUrl":"https://github.com/test/test-repo.git","repoDir":"/tmp/e2e-repos/add-user-search","msg":"cloning repository"}
@urateam/core:test: {"level":30,"time":"2026-05-24T11:28:26.606Z","pid":400909,"hostname":"df54c4ecdd90","name":"urateam","component":"PipelineRunner","runId":"C12e6TfBeRsXenpYT-ubp","issueId":"E2E-1","msg":"clone complete, creating worktree"}
@urateam/core:test: {"level":30,"time":"2026-05-24T11:28:26.609Z","pid":400909,"hostname":"df54c4ecdd90","name":"urateam","component":"license","tier":"oss","msg":"no license key set — running in OSS mode"}
@urateam/core:test: {"level":30,"time":"2026-05-24T11:28:26.609Z","pid":400909,"hostname":"df54c4ecdd90","name":"urateam","component":"PipelineRunner","runId":"C12e6TfBeRsXenpYT-ubp","issueId":"E2E-1","worktreePath":"/tmp/e2e-test-worktree","msg":"worktree created"}
@urateam/core:test: {"level":40,"time":"2026-05-24T11:28:26.613Z","pid":400909,"hostname":"df54c4ecdd90","name":"urateam","component":"PipelineRunner","err":{"type":"Error","message":"ENOENT: no such file or directory, open '/tmp/e2e-test-worktree/CLAUDE.md'","stack":"Error: ENOENT: no such file or directory, open '/tmp/e2e-test-worktree/CLAUDE.md'\n    at open (node:internal/fs/promises:639:25)\n    at writeFile (node:internal/fs/promises:1219:14)\n    at PipelineRunner.injectAgentConfig (/home/ura/data/runs/PnXZTHwyAR6qch7obf8pl/worktree/packages/core/src/pipeline/runner.ts:765:7)\n    at PipelineRunner.executePipeline (/home/ura/data/runs/PnXZTHwyAR6qch7obf8pl/worktree/packages/core/src/pipeline/runner.ts:922:9)\n    at /home/ura/data/runs/PnXZTHwyAR6qch7obf8pl/worktree/packages/core/src/pipeline/runner.ts:336:9\n    at Object.enqueue (/home/ura/data/runs/PnXZTHwyAR6qch7obf8pl/worktree/packages/core/src/pipeline/queue.ts:33:16)","errno":-2,"code":"ENOENT","syscall":"open","path":"/tmp/e2e-test-worktree/CLAUDE.md"},"msg":"failed to inject CLAUDE.md — agent will run without it"}
@urateam/core:test: {"level":30,"time":"2026-05-24T11:28:26.627Z","pid":400909,"hostname":"df54c4ecdd90","name":"urateam","component":"PipelineRunner","runId":"C12e6TfBeRsXenpYT-ubp","issueId":"E2E-1","languages":["typescript"],"frameworks":[],"buildSystems":["pnpm"],"msg":"tech stack detected"}
@urateam/core:test: {"level":30,"time":"2026-05-24T11:28:26.628Z","pid":400909,"hostname":"df54c4ecdd90","name":"urateam","component":"PipelineRunner","runId":"C12e6TfBeRsXenpYT-ubp","issueId":"E2E-1","stages":["triage","implement"],"msg":"starting pipeline stages"}
@urateam/core:test: {"level":30,"time":"2026-05-24T11:28:26.628Z","pid":400909,"hostname":"df54c4ecdd90","name":"urateam","component":"PipelineRunner","runId":"C12e6TfBeRsXenpYT-ubp","issueId":"E2E-1","stage":"triage","msg":"executing stage"}
@urateam/core:test: {"level":30,"time":"2026-05-24T11:28:26.641Z","pid":400909,"hostname":"df54c4ecdd90","name":"urateam","component":"PipelineRunner","runId":"C12e6TfBeRsXenpYT-ubp","issueId":"E2E-1","stage":"implement","msg":"executing stage"}
@urateam/core:test: {"level":40,"time":"2026-05-24T11:28:26.657Z","pid":400909,"hostname":"df54c4ecdd90","name":"urateam","component":"PipelineRunner","runId":"C12e6TfBeRsXenpYT-ubp","issueId":"E2E-1","excerpt":[],"outputPrefix":"","msg":"typecheck-gate: non-zero exit with no parseable TS errors — treating as setup issue and continuing"}
@urateam/core:test: {"level":30,"time":"2026-05-24T11:28:26.660Z","pid":400909,"hostname":"df54c4ecdd90","name":"urateam","component":"PipelineRunner","runId":"C12e6TfBeRsXenpYT-ubp","issueId":"E2E-1","defaultBranch":"main","msg":"push queue: rebasing before push"}
@urateam/core:test: {"level":30,"time":"2026-05-24T11:28:26.660Z","pid":400909,"hostname":"df54c4ecdd90","name":"urateam","component":"PipelineRunner","runId":"C12e6TfBeRsXenpYT-ubp","issueId":"E2E-1","branch":"agent/E2E-1-add-user-search","rebaseConflict":false,"msg":"push queue: force-with-lease push (agent branch or rebase conflict)"}
@urateam/core:test: {"level":30,"time":"2026-05-24T11:28:26.661Z","pid":400909,"hostname":"df54c4ecdd90","name":"urateam","component":"PipelineRunner","runId":"C12e6TfBeRsXenpYT-ubp","issueId":"E2E-1","msg":"creating PR via gh CLI"}
@urateam/core:test: {"level":30,"time":"2026-05-24T11:28:26.661Z","pid":400909,"hostname":"df54c4ecdd90","name":"urateam","component":"PipelineRunner","runId":"C12e6TfBeRsXenpYT-ubp","issueId":"E2E-1","prUrl":"https://github.com/test/repo/pull/42","msg":"PR created"}
@urateam/core:test: {"level":30,"time":"2026-05-24T11:28:26.662Z","pid":400909,"hostname":"df54c4ecdd90","name":"urateam","component":"PipelineRunner","runId":"C12e6TfBeRsXenpYT-ubp","issueId":"E2E-1","prUrl":"https://github.com/test/repo/pull/42","autoMerged":false,"autoCommitted":false,"totalInputTokens":400,"totalOutputTokens":200,"msg":"pipeline completed"}
@urateam/core:test: {"level":50,"time":"2026-05-24T11:28:26.704Z","pid":400909,"hostname":"df54c4ecdd90","name":"urateam","component":"WebhookHandler","teamId":"team-unknown","projectId":"none","issueId":"E2E-99","msg":"no repo mapping for team — set REPO_TEAM_ID + REPO_URL in .env (ura dev / ura start) or check repos.config.ts (ura run); the team UUID logged here must match"}
@urateam/core:test: {"level":30,"time":"2026-05-24T11:28:26.714Z","pid":400909,"hostname":"df54c4ecdd90","name":"urateam","component":"PipelineRunner","issueId":"E2E-1","pipeline":"auto-implement","msg":"start() called"}
@urateam/core:test: {"level":30,"time":"2026-05-24T11:28:26.714Z","pid":400909,"hostname":"df54c4ecdd90","name":"urateam","component":"PipelineRunner","runId":"-QK6f4qImUVT-5z9018tN","issueId":"E2E-1","branch":"agent/E2E-1-add-user-search","msg":"inserting run into DB"}
@urateam/core:test: {"level":30,"time":"2026-05-24T11:28:26.715Z","pid":400909,"hostname":"df54c4ecdd90","name":"urateam","component":"PipelineRunner","runId":"-QK6f4qImUVT-5z9018tN","issueId":"E2E-1","branch":"agent/E2E-1-add-user-search","msg":"run queued"}
@urateam/core:test: {"level":30,"time":"2026-05-24T11:28:26.715Z","pid":400909,"hostname":"df54c4ecdd90","name":"urateam","component":"PipelineRunner","runId":"-QK6f4qImUVT-5z9018tN","issueId":"E2E-1","msg":"executing pipeline"}
@urateam/core:test: {"level":30,"time":"2026-05-24T11:28:26.717Z","pid":400909,"hostname":"df54c4ecdd90","name":"urateam","component":"PipelineRunner","runId":"-QK6f4qImUVT-5z9018tN","issueId":"E2E-1","msg":"notifying pipeline start"}
@urateam/core:test: {"level":30,"time":"2026-05-24T11:28:26.717Z","pid":400909,"hostname":"df54c4ecdd90","name":"urateam","component":"PipelineRunner","runId":"-QK6f4qImUVT-5z9018tN","issueId":"E2E-1","repoUrl":"https://github.com/test/test-repo.git","repoDir":"/tmp/e2e-repos/add-user-search","msg":"cloning repository"}
@urateam/core:test: {"level":30,"time":"2026-05-24T11:28:26.717Z","pid":400909,"hostname":"df54c4ecdd90","name":"urateam","component":"PipelineRunner","runId":"-QK6f4qImUVT-5z9018tN","issueId":"E2E-1","msg":"clone complete, creating worktree"}
@urateam/core:test: {"level":30,"time":"2026-05-24T11:28:26.717Z","pid":400909,"hostname":"df54c4ecdd90","name":"urateam","component":"PipelineRunner","runId":"-QK6f4qImUVT-5z9018tN","issueId":"E2E-1","worktreePath":"/tmp/e2e-test-worktree","msg":"worktree created"}
@urateam/core:test: {"level":30,"time":"2026-05-24T11:28:26.717Z","pid":400889,"hostname":"df54c4ecdd90","name":"urateam","component":"PipelineRunner","runId":"cblHtdODGbUY8bB4bZ2hf","issueId":"TEAM-123","branch":"agent/TEAM-123-fix-the-login-bug","msg":"inserting run into DB"}
@urateam/core:test: {"level":30,"time":"2026-05-24T11:28:26.717Z","pid":400889,"hostname":"df54c4ecdd90","name":"urateam","component":"PipelineRunner","runId":"cblHtdODGbUY8bB4bZ2hf","issueId":"TEAM-123","branch":"agent/TEAM-123-fix-the-login-bug","msg":"run queued"}
@urateam/core:test: {"level":30,"time":"2026-05-24T11:28:26.718Z","pid":400889,"hostname":"df54c4ecdd90","name":"urateam","component":"PipelineRunner","runId":"cblHtdODGbUY8bB4bZ2hf","issueId":"TEAM-123","msg":"executing pipeline"}
@urateam/core:test: {"level":40,"time":"2026-05-24T11:28:26.719Z","pid":400909,"hostname":"df54c4ecdd90","name":"urateam","component":"PipelineRunner","err":{"type":"Error","message":"ENOENT: no such file or directory, open '/tmp/e2e-test-worktree/CLAUDE.md'","stack":"Error: ENOENT: no such file or directory, open '/tmp/e2e-test-worktree/CLAUDE.md'\n    at open (node:internal/fs/promises:639:25)\n    at writeFile (node:internal/fs/promises:1219:14)\n    at PipelineRunner.injectAgentConfig (/home/ura/data/runs/PnXZTHwyAR6qch7obf8pl/worktree/packages/core/src/pipeline/runner.ts:765:7)\n    at PipelineRunner.executePipeline (/home/ura/data/runs/PnXZTHwyAR6qch7obf8pl/worktree/packages/core/src/pipeline/runner.ts:922:9)\n    at /home/ura/data/runs/PnXZTHwyAR6qch7obf8pl/worktree/packages/core/src/pipeline/runner.ts:336:9\n    at Object.enqueue (/home/ura/data/runs/PnXZTHwyAR6qch7obf8pl/worktree/packages/core/src/pipeline/queue.ts:33:16)","errno":-2,"code":"ENOENT","syscall":"open","path":"/tmp/e2e-test-worktree/CLAUDE.md"},"msg":"failed to inject CLAUDE.md — agent will run without it"}
@urateam/core:test: {"level":30,"time":"2026-05-24T11:28:26.719Z","pid":400909,"hostname":"df54c4ecdd90","name":"urateam","component":"PipelineRunner","runId":"-QK6f4qImUVT-5z9018tN","issueId":"E2E-1","languages":["typescript"],"frameworks":[],"buildSystems":["pnpm"],"msg":"tech stack detected"}
@urateam/core:test: {"level":30,"time":"2026-05-24T11:28:26.719Z","pid":400909,"hostname":"df54c4ecdd90","name":"urateam","component":"PipelineRunner","runId":"-QK6f4qImUVT-5z9018tN","issueId":"E2E-1","stages":["triage","implement"],"msg":"starting pipeline stages"}
@urateam/core:test: {"level":30,"time":"2026-05-24T11:28:26.719Z","pid":400909,"hostname":"df54c4ecdd90","name":"urateam","component":"PipelineRunner","runId":"-QK6f4qImUVT-5z9018tN","issueId":"E2E-1","stage":"triage","msg":"executing stage"}
@urateam/core:test: {"level":30,"time":"2026-05-24T11:28:26.721Z","pid":400909,"hostname":"df54c4ecdd90","name":"urateam","component":"PipelineRunner","runId":"-QK6f4qImUVT-5z9018tN","issueId":"E2E-1","stage":"implement","msg":"executing stage"}
@urateam/core:test: {"level":30,"time":"2026-05-24T11:28:26.724Z","pid":400889,"hostname":"df54c4ecdd90","name":"urateam","component":"PipelineRunner","runId":"cblHtdODGbUY8bB4bZ2hf","issueId":"TEAM-123","msg":"notifying pipeline start"}
@urateam/core:test: {"level":30,"time":"2026-05-24T11:28:26.725Z","pid":400889,"hostname":"df54c4ecdd90","name":"urateam","component":"PipelineRunner","runId":"cblHtdODGbUY8bB4bZ2hf","issueId":"TEAM-123","repoUrl":"https://github.com/test/repo.git","repoDir":"/tmp/test-repos/fix-the-login-bug","msg":"cloning repository"}
@urateam/core:test: {"level":40,"time":"2026-05-24T11:28:26.725Z","pid":400909,"hostname":"df54c4ecdd90","name":"urateam","component":"PipelineRunner","runId":"-QK6f4qImUVT-5z9018tN","issueId":"E2E-1","excerpt":[],"outputPrefix":"","msg":"typecheck-gate: non-zero exit with no parseable TS errors — treating as setup issue and continuing"}
@urateam/core:test: {"level":30,"time":"2026-05-24T11:28:26.725Z","pid":400909,"hostname":"df54c4ecdd90","name":"urateam","component":"PipelineRunner","runId":"-QK6f4qImUVT-5z9018tN","issueId":"E2E-1","defaultBranch":"main","msg":"push queue: rebasing before push"}
@urateam/core:test: {"level":30,"time":"2026-05-24T11:28:26.726Z","pid":400909,"hostname":"df54c4ecdd90","name":"urateam","component":"PipelineRunner","runId":"-QK6f4qImUVT-5z9018tN","issueId":"E2E-1","branch":"agent/E2E-1-add-user-search","rebaseConflict":false,"msg":"push queue: force-with-lease push (agent branch or rebase conflict)"}
@urateam/core:test: {"level":30,"time":"2026-05-24T11:28:26.726Z","pid":400909,"hostname":"df54c4ecdd90","name":"urateam","component":"PipelineRunner","runId":"-QK6f4qImUVT-5z9018tN","issueId":"E2E-1","msg":"creating PR via gh CLI"}
@urateam/core:test: {"level":30,"time":"2026-05-24T11:28:26.726Z","pid":400909,"hostname":"df54c4ecdd90","name":"urateam","component":"PipelineRunner","runId":"-QK6f4qImUVT-5z9018tN","issueId":"E2E-1","prUrl":"https://github.com/test/repo/pull/42","msg":"PR created"}
@urateam/core:test: {"level":30,"time":"2026-05-24T11:28:26.727Z","pid":400909,"hostname":"df54c4ecdd90","name":"urateam","component":"PipelineRunner","runId":"-QK6f4qImUVT-5z9018tN","issueId":"E2E-1","prUrl":"https://github.com/test/repo/pull/42","autoMerged":false,"autoCommitted":false,"totalInputTokens":400,"totalOutputTokens":200,"msg":"pipeline completed"}
@urateam/core:test: {"level":30,"time":"2026-05-24T11:28:26.751Z","pid":400889,"hostname":"df54c4ecdd90","name":"urateam","component":"PipelineRunner","issueId":"TEAM-123","pipeline":"bug-fix","msg":"start() called"}
@urateam/core:test: {"level":50,"time":"2026-05-24T11:28:26.757Z","pid":400889,"hostname":"df54c4ecdd90","name":"urateam","component":"git","runId":"cblHtdODGbUY8bB4bZ2hf","issueId":"TEAM-123","args":["remote","get-url","origin"],"cwd":"/tmp/test-repos/fix-the-login-bug","stderr":"","msg":"git remote failed"}
@urateam/core:test: {"level":30,"time":"2026-05-24T11:28:26.757Z","pid":400889,"hostname":"df54c4ecdd90","name":"urateam","component":"git","runId":"cblHtdODGbUY8bB4bZ2hf","issueId":"TEAM-123","url":"https://github.com/test/repo.git","dir":"/tmp/test-repos/fix-the-login-bug","msg":"cloning repository"}
@urateam/core:test: {"level":50,"time":"2026-05-24T11:28:26.761Z","pid":400889,"hostname":"df54c4ecdd90","name":"urateam","component":"PipelineRunner","runId":"-O918edEVfCV6CB_PsN4z","issueId":"TEAM-123","err":{"type":"Error","message":"git clone failed: Cloning into '/tmp/test-repos/fix-the-login-bug'...\nremote: Repository not found.\nfatal: repository 'https://github.com/test/repo.git/' not found\n","stack":"Error: git clone failed: Cloning into '/tmp/test-repos/fix-the-login-bug'...\nremote: Repository not found.\nfatal: repository 'https://github.com/test/repo.git/' not found\n\n    at /home/ura/data/runs/PnXZTHwyAR6qch7obf8pl/worktree/packages/core/src/repo/git.ts:114:16\n    at ChildProcess.exithandler (node:child_process:424:5)\n    at ChildProcess.emit (node:events:519:28)\n    at maybeClose (node:internal/child_process:1101:16)\n    at Socket.<anonymous> (node:internal/child_process:456:11)\n    at Socket.emit (node:events:519:28)\n    at Pipe.<anonymous> (node:net:346:12)\n    at Pipe.callbackTrampoline (node:internal/async_hooks:130:17)"},"msg":"pipeline failed with unexpected error"}
@urateam/core:test: {"level":30,"time":"2026-05-24T11:28:26.786Z","pid":400909,"hostname":"df54c4ecdd90","name":"urateam","component":"PipelineRunner","issueId":"E2E-1","pipeline":"auto-implement","msg":"start() called"}
@urateam/core:test: {"level":30,"time":"2026-05-24T11:28:26.787Z","pid":400909,"hostname":"df54c4ecdd90","name":"urateam","component":"PipelineRunner","runId":"ojK6FkV-9nHbKufNpZZBI","issueId":"E2E-1","branch":"agent/E2E-1-add-user-search","msg":"inserting run into DB"}
@urateam/core:test: {"level":30,"time":"2026-05-24T11:28:26.787Z","pid":400909,"hostname":"df54c4ecdd90","name":"urateam","component":"PipelineRunner","runId":"ojK6FkV-9nHbKufNpZZBI","issueId":"E2E-1","branch":"agent/E2E-1-add-user-search","msg":"run queued"}
@urateam/core:test: {"level":30,"time":"2026-05-24T11:28:26.788Z","pid":400909,"hostname":"df54c4ecdd90","name":"urateam","component":"PipelineRunner","runId":"ojK6FkV-9nHbKufNpZZBI","issueId":"E2E-1","msg":"executing pipeline"}
@urateam/core:test: {"level":30,"time":"2026-05-24T11:28:26.788Z","pid":400909,"hostname":"df54c4ecdd90","name":"urateam","component":"PipelineRunner","runId":"ojK6FkV-9nHbKufNpZZBI","issueId":"E2E-1","msg":"notifying pipeline start"}
@urateam/core:test: {"level":30,"time":"2026-05-24T11:28:26.788Z","pid":400909,"hostname":"df54c4ecdd90","name":"urateam","component":"PipelineRunner","runId":"ojK6FkV-9nHbKufNpZZBI","issueId":"E2E-1","repoUrl":"https://github.com/test/test-repo.git","repoDir":"/tmp/e2e-repos/add-user-search","msg":"cloning repository"}
@urateam/core:test: {"level":30,"time":"2026-05-24T11:28:26.788Z","pid":400909,"hostname":"df54c4ecdd90","name":"urateam","component":"PipelineRunner","runId":"ojK6FkV-9nHbKufNpZZBI","issueId":"E2E-1","msg":"clone complete, creating worktree"}
@urateam/core:test: {"level":30,"time":"2026-05-24T11:28:26.789Z","pid":400909,"hostname":"df54c4ecdd90","name":"urateam","component":"PipelineRunner","runId":"ojK6FkV-9nHbKufNpZZBI","issueId":"E2E-1","worktreePath":"/tmp/e2e-test-worktree","msg":"worktree created"}
@urateam/core:test: {"level":40,"time":"2026-05-24T11:28:26.790Z","pid":400909,"hostname":"df54c4ecdd90","name":"urateam","component":"PipelineRunner","err":{"type":"Error","message":"ENOENT: no such file or directory, open '/tmp/e2e-test-worktree/CLAUDE.md'","stack":"Error: ENOENT: no such file or directory, open '/tmp/e2e-test-worktree/CLAUDE.md'\n    at open (node:internal/fs/promises:639:25)\n    at writeFile (node:internal/fs/promises:1219:14)\n    at PipelineRunner.injectAgentConfig (/home/ura/data/runs/PnXZTHwyAR6qch7obf8pl/worktree/packages/core/src/pipeline/runner.ts:765:7)\n    at PipelineRunner.executePipeline (/home/ura/data/runs/PnXZTHwyAR6qch7obf8pl/worktree/packages/core/src/pipeline/runner.ts:922:9)\n    at /home/ura/data/runs/PnXZTHwyAR6qch7obf8pl/worktree/packages/core/src/pipeline/runner.ts:336:9\n    at Object.enqueue (/home/ura/data/runs/PnXZTHwyAR6qch7obf8pl/worktree/packages/core/src/pipeline/queue.ts:33:16)","errno":-2,"code":"ENOENT","syscall":"open","path":"/tmp/e2e-test-worktree/CLAUDE.md"},"msg":"failed to inject CLAUDE.md — agent will run without it"}
@urateam/core:test: {"level":30,"time":"2026-05-24T11:28:26.790Z","pid":400909,"hostname":"df54c4ecdd90","name":"urateam","component":"PipelineRunner","runId":"ojK6FkV-9nHbKufNpZZBI","issueId":"E2E-1","languages":["typescript"],"frameworks":[],"buildSystems":["pnpm"],"msg":"tech stack detected"}
@urateam/core:test: {"level":30,"time":"2026-05-24T11:28:26.790Z","pid":400909,"hostname":"df54c4ecdd90","name":"urateam","component":"PipelineRunner","runId":"ojK6FkV-9nHbKufNpZZBI","issueId":"E2E-1","stages":["triage","implement"],"msg":"starting pipeline stages"}
@urateam/core:test: {"level":30,"time":"2026-05-24T11:28:26.791Z","pid":400909,"hostname":"df54c4ecdd90","name":"urateam","component":"PipelineRunner","runId":"ojK6FkV-9nHbKufNpZZBI","issueId":"E2E-1","stage":"triage","msg":"executing stage"}
@urateam/core:test: {"level":30,"time":"2026-05-24T11:28:26.795Z","pid":400909,"hostname":"df54c4ecdd90","name":"urateam","component":"PipelineRunner","runId":"ojK6FkV-9nHbKufNpZZBI","issueId":"E2E-1","stage":"implement","msg":"executing stage"}
@urateam/core:test: {"level":40,"time":"2026-05-24T11:28:26.800Z","pid":400909,"hostname":"df54c4ecdd90","name":"urateam","component":"PipelineRunner","runId":"ojK6FkV-9nHbKufNpZZBI","issueId":"E2E-1","excerpt":[],"outputPrefix":"","msg":"typecheck-gate: non-zero exit with no parseable TS errors — treating as setup issue and continuing"}
@urateam/core:test: {"level":30,"time":"2026-05-24T11:28:26.800Z","pid":400909,"hostname":"df54c4ecdd90","name":"urateam","component":"PipelineRunner","runId":"ojK6FkV-9nHbKufNpZZBI","issueId":"E2E-1","defaultBranch":"main","msg":"push queue: rebasing before push"}
@urateam/core:test: {"level":30,"time":"2026-05-24T11:28:26.800Z","pid":400909,"hostname":"df54c4ecdd90","name":"urateam","component":"PipelineRunner","runId":"ojK6FkV-9nHbKufNpZZBI","issueId":"E2E-1","branch":"agent/E2E-1-add-user-search","rebaseConflict":false,"msg":"push queue: force-with-lease push (agent branch or rebase conflict)"}
@urateam/core:test: {"level":30,"time":"2026-05-24T11:28:26.801Z","pid":400909,"hostname":"df54c4ecdd90","name":"urateam","component":"PipelineRunner","runId":"ojK6FkV-9nHbKufNpZZBI","issueId":"E2E-1","msg":"creating PR via gh CLI"}
@urateam/core:test: {"level":30,"time":"2026-05-24T11:28:26.801Z","pid":400909,"hostname":"df54c4ecdd90","name":"urateam","component":"PipelineRunner","runId":"ojK6FkV-9nHbKufNpZZBI","issueId":"E2E-1","prUrl":"https://github.com/test/repo/pull/42","msg":"PR created"}
@urateam/core:test: {"level":30,"time":"2026-05-24T11:28:26.801Z","pid":400909,"hostname":"df54c4ecdd90","name":"urateam","component":"PipelineRunner","runId":"ojK6FkV-9nHbKufNpZZBI","issueId":"E2E-1","prUrl":"https://github.com/test/repo/pull/42","autoMerged":false,"autoCommitted":false,"totalInputTokens":400,"totalOutputTokens":200,"msg":"pipeline completed"}
@urateam/core:test: {"level":30,"time":"2026-05-24T11:28:26.877Z","pid":400909,"hostname":"df54c4ecdd90","name":"urateam","component":"PipelineRunner","issueId":"E2E-1","pipeline":"auto-implement","msg":"start() called"}
@urateam/core:test: {"level":30,"time":"2026-05-24T11:28:26.881Z","pid":400909,"hostname":"df54c4ecdd90","name":"urateam","component":"PipelineRunner","runId":"LVoSoRTEpkThXcbUyZuTS","issueId":"E2E-1","branch":"agent/E2E-1-add-user-search","msg":"inserting run into DB"}
@urateam/core:test: {"level":30,"time":"2026-05-24T11:28:26.882Z","pid":400909,"hostname":"df54c4ecdd90","name":"urateam","component":"PipelineRunner","runId":"LVoSoRTEpkThXcbUyZuTS","issueId":"E2E-1","branch":"agent/E2E-1-add-user-search","msg":"run queued"}
@urateam/core:test: {"level":30,"time":"2026-05-24T11:28:26.884Z","pid":400909,"hostname":"df54c4ecdd90","name":"urateam","component":"PipelineRunner","runId":"LVoSoRTEpkThXcbUyZuTS","issueId":"E2E-1","msg":"executing pipeline"}
@urateam/core:test: {"level":30,"time":"2026-05-24T11:28:26.885Z","pid":400909,"hostname":"df54c4ecdd90","name":"urateam","component":"PipelineRunner","runId":"LVoSoRTEpkThXcbUyZuTS","issueId":"E2E-1","msg":"notifying pipeline start"}
@urateam/core:test: {"level":30,"time":"2026-05-24T11:28:26.885Z","pid":400909,"hostname":"df54c4ecdd90","name":"urateam","component":"PipelineRunner","runId":"LVoSoRTEpkThXcbUyZuTS","issueId":"E2E-1","repoUrl":"https://github.com/test/test-repo.git","repoDir":"/tmp/e2e-repos/add-user-search","msg":"cloning repository"}
@urateam/core:test: {"level":30,"time":"2026-05-24T11:28:26.887Z","pid":400909,"hostname":"df54c4ecdd90","name":"urateam","component":"PipelineRunner","runId":"LVoSoRTEpkThXcbUyZuTS","issueId":"E2E-1","msg":"clone complete, creating worktree"}
@urateam/core:test: {"level":30,"time":"2026-05-24T11:28:26.887Z","pid":400909,"hostname":"df54c4ecdd90","name":"urateam","component":"PipelineRunner","runId":"LVoSoRTEpkThXcbUyZuTS","issueId":"E2E-1","worktreePath":"/tmp/e2e-test-worktree","msg":"worktree created"}
@urateam/core:test: {"level":40,"time":"2026-05-24T11:28:26.888Z","pid":400909,"hostname":"df54c4ecdd90","name":"urateam","component":"PipelineRunner","err":{"type":"Error","message":"ENOENT: no such file or directory, open '/tmp/e2e-test-worktree/CLAUDE.md'","stack":"Error: ENOENT: no such file or directory, open '/tmp/e2e-test-worktree/CLAUDE.md'\n    at open (node:internal/fs/promises:639:25)\n    at writeFile (node:internal/fs/promises:1219:14)\n    at PipelineRunner.injectAgentConfig (/home/ura/data/runs/PnXZTHwyAR6qch7obf8pl/worktree/packages/core/src/pipeline/runner.ts:765:7)\n    at PipelineRunner.executePipeline (/home/ura/data/runs/PnXZTHwyAR6qch7obf8pl/worktree/packages/core/src/pipeline/runner.ts:922:9)\n    at /home/ura/data/runs/PnXZTHwyAR6qch7obf8pl/worktree/packages/core/src/pipeline/runner.ts:336:9\n    at Object.enqueue (/home/ura/data/runs/PnXZTHwyAR6qch7obf8pl/worktree/packages/core/src/pipeline/queue.ts:33:16)","errno":-2,"code":"ENOENT","syscall":"open","path":"/tmp/e2e-test-worktree/CLAUDE.md"},"msg":"failed to inject CLAUDE.md — agent will run without it"}
@urateam/core:test: {"level":30,"time":"2026-05-24T11:28:26.889Z","pid":400909,"hostname":"df54c4ecdd90","name":"urateam","component":"PipelineRunner","runId":"LVoSoRTEpkThXcbUyZuTS","issueId":"E2E-1","languages":["typescript"],"frameworks":[],"buildSystems":["pnpm"],"msg":"tech stack detected"}
@urateam/core:test: {"level":30,"time":"2026-05-24T11:28:26.889Z","pid":400909,"hostname":"df54c4ecdd90","name":"urateam","component":"PipelineRunner","runId":"LVoSoRTEpkThXcbUyZuTS","issueId":"E2E-1","stages":["triage","implement"],"msg":"starting pipeline stages"}
@urateam/core:test: {"level":30,"time":"2026-05-24T11:28:26.889Z","pid":400909,"hostname":"df54c4ecdd90","name":"urateam","component":"PipelineRunner","runId":"LVoSoRTEpkThXcbUyZuTS","issueId":"E2E-1","stage":"triage","msg":"executing stage"}
@urateam/core:test: {"level":30,"time":"2026-05-24T11:28:26.894Z","pid":400909,"hostname":"df54c4ecdd90","name":"urateam","component":"PipelineRunner","runId":"LVoSoRTEpkThXcbUyZuTS","issueId":"E2E-1","stage":"implement","msg":"executing stage"}
@urateam/core:test: {"level":40,"time":"2026-05-24T11:28:26.914Z","pid":400909,"hostname":"df54c4ecdd90","name":"urateam","component":"PipelineRunner","runId":"LVoSoRTEpkThXcbUyZuTS","issueId":"E2E-1","excerpt":[],"outputPrefix":"","msg":"typecheck-gate: non-zero exit with no parseable TS errors — treating as setup issue and continuing"}
@urateam/core:test: {"level":30,"time":"2026-05-24T11:28:26.914Z","pid":400909,"hostname":"df54c4ecdd90","name":"urateam","component":"PipelineRunner","runId":"LVoSoRTEpkThXcbUyZuTS","issueId":"E2E-1","defaultBranch":"main","msg":"push queue: rebasing before push"}
@urateam/core:test: {"level":30,"time":"2026-05-24T11:28:26.914Z","pid":400909,"hostname":"df54c4ecdd90","name":"urateam","component":"PipelineRunner","runId":"LVoSoRTEpkThXcbUyZuTS","issueId":"E2E-1","branch":"agent/E2E-1-add-user-search","rebaseConflict":false,"msg":"push queue: force-with-lease push (agent branch or rebase conflict)"}
@urateam/core:test: {"level":30,"time":"2026-05-24T11:28:26.916Z","pid":400909,"hostname":"df54c4ecdd90","name":"urateam","component":"PipelineRunner","runId":"LVoSoRTEpkThXcbUyZuTS","issueId":"E2E-1","msg":"creating PR via gh CLI"}
@urateam/core:test: {"level":30,"time":"2026-05-24T11:28:26.916Z","pid":400909,"hostname":"df54c4ecdd90","name":"urateam","component":"PipelineRunner","runId":"LVoSoRTEpkThXcbUyZuTS","issueId":"E2E-1","prUrl":"https://github.com/test/repo/pull/42","msg":"PR created"}
@urateam/core:test: {"level":30,"time":"2026-05-24T11:28:26.918Z","pid":400909,"hostname":"df54c4ecdd90","name":"urateam","component":"PipelineRunner","runId":"LVoSoRTEpkThXcbUyZuTS","issueId":"E2E-1","prUrl":"https://github.com/test/repo/pull/42","autoMerged":false,"autoCommitted":false,"totalInputTokens":400,"totalOutputTokens":200,"msg":"pipeline completed"}
@urateam/core:test: {"level":30,"time":"2026-05-24T11:28:26.952Z","pid":400909,"hostname":"df54c4ecdd90","name":"urateam","component":"PipelineRunner","issueId":"E2E-1","pipeline":"auto-implement","msg":"start() called"}
@urateam/core:test: {"level":30,"time":"2026-05-24T11:28:26.954Z","pid":400909,"hostname":"df54c4ecdd90","name":"urateam","component":"PipelineRunner","runId":"RJWtQfEEx9bDmLVhQqYCt","issueId":"E2E-1","branch":"agent/E2E-1-add-user-search","msg":"inserting run into DB"}
@urateam/core:test: {"level":30,"time":"2026-05-24T11:28:26.954Z","pid":400909,"hostname":"df54c4ecdd90","name":"urateam","component":"PipelineRunner","runId":"RJWtQfEEx9bDmLVhQqYCt","issueId":"E2E-1","branch":"agent/E2E-1-add-user-search","msg":"run queued"}
@urateam/core:test: {"level":30,"time":"2026-05-24T11:28:26.954Z","pid":400909,"hostname":"df54c4ecdd90","name":"urateam","component":"PipelineRunner","runId":"RJWtQfEEx9bDmLVhQqYCt","issueId":"E2E-1","msg":"executing pipeline"}
@urateam/core:test: {"level":30,"time":"2026-05-24T11:28:26.955Z","pid":400909,"hostname":"df54c4ecdd90","name":"urateam","component":"PipelineRunner","runId":"RJWtQfEEx9bDmLVhQqYCt","issueId":"E2E-1","msg":"notifying pipeline start"}
@urateam/core:test: {"level":30,"time":"2026-05-24T11:28:26.955Z","pid":400909,"hostname":"df54c4ecdd90","name":"urateam","component":"PipelineRunner","runId":"RJWtQfEEx9bDmLVhQqYCt","issueId":"E2E-1","repoUrl":"https://github.com/test/test-repo.git","repoDir":"/tmp/e2e-repos/add-user-search","msg":"cloning repository"}
@urateam/core:test: {"level":30,"time":"2026-05-24T11:28:26.955Z","pid":400909,"hostname":"df54c4ecdd90","name":"urateam","component":"PipelineRunner","runId":"RJWtQfEEx9bDmLVhQqYCt","issueId":"E2E-1","msg":"clone complete, creating worktree"}
@urateam/core:test: {"level":30,"time":"2026-05-24T11:28:26.955Z","pid":400909,"hostname":"df54c4ecdd90","name":"urateam","component":"PipelineRunner","runId":"RJWtQfEEx9bDmLVhQqYCt","issueId":"E2E-1","worktreePath":"/tmp/e2e-test-worktree","msg":"worktree created"}
@urateam/core:test: {"level":30,"time":"2026-05-24T11:28:26.962Z","pid":400889,"hostname":"df54c4ecdd90","name":"urateam","component":"PipelineRunner","runId":"0d9Q6ozZt0TrjERYzO6ON","issueId":"TEAM-123","branch":"agent/TEAM-123-fix-the-login-bug","msg":"inserting run into DB"}
@urateam/core:test: {"level":30,"time":"2026-05-24T11:28:26.962Z","pid":400889,"hostname":"df54c4ecdd90","name":"urateam","component":"PipelineRunner","runId":"0d9Q6ozZt0TrjERYzO6ON","issueId":"TEAM-123","branch":"agent/TEAM-123-fix-the-login-bug","msg":"run queued"}
@urateam/core:test: {"level":30,"time":"2026-05-24T11:28:26.962Z","pid":400889,"hostname":"df54c4ecdd90","name":"urateam","component":"PipelineRunner","runId":"0d9Q6ozZt0TrjERYzO6ON","issueId":"TEAM-123","msg":"executing pipeline"}
@urateam/core:test: {"level":30,"time":"2026-05-24T11:28:26.963Z","pid":400889,"hostname":"df54c4ecdd90","name":"urateam","component":"PipelineRunner","runId":"0d9Q6ozZt0TrjERYzO6ON","issueId":"TEAM-123","msg":"notifying pipeline start"}
@urateam/core:test: {"level":40,"time":"2026-05-24T11:28:26.967Z","pid":400909,"hostname":"df54c4ecdd90","name":"urateam","component":"PipelineRunner","err":{"type":"Error","message":"ENOENT: no such file or directory, open '/tmp/e2e-test-worktree/CLAUDE.md'","stack":"Error: ENOENT: no such file or directory, open '/tmp/e2e-test-worktree/CLAUDE.md'\n    at open (node:internal/fs/promises:639:25)\n    at writeFile (node:internal/fs/promises:1219:14)\n    at PipelineRunner.injectAgentConfig (/home/ura/data/runs/PnXZTHwyAR6qch7obf8pl/worktree/packages/core/src/pipeline/runner.ts:765:7)\n    at PipelineRunner.executePipeline (/home/ura/data/runs/PnXZTHwyAR6qch7obf8pl/worktree/packages/core/src/pipeline/runner.ts:922:9)\n    at /home/ura/data/runs/PnXZTHwyAR6qch7obf8pl/worktree/packages/core/src/pipeline/runner.ts:336:9\n    at Object.enqueue (/home/ura/data/runs/PnXZTHwyAR6qch7obf8pl/worktree/packages/core/src/pipeline/queue.ts:33:16)","errno":-2,"code":"ENOENT","syscall":"open","path":"/tmp/e2e-test-worktree/CLAUDE.md"},"msg":"failed to inject CLAUDE.md — agent will run without it"}
@urateam/core:test: {"level":30,"time":"2026-05-24T11:28:26.963Z","pid":400889,"hostname":"df54c4ecdd90","name":"urateam","component":"PipelineRunner","runId":"0d9Q6ozZt0TrjERYzO6ON","issueId":"TEAM-123","repoUrl":"https://github.com/test/repo.git","repoDir":"/tmp/test-repos/fix-the-login-bug","msg":"cloning repository"}
@urateam/core:test: {"level":30,"time":"2026-05-24T11:28:26.968Z","pid":400909,"hostname":"df54c4ecdd90","name":"urateam","component":"PipelineRunner","runId":"RJWtQfEEx9bDmLVhQqYCt","issueId":"E2E-1","languages":["typescript"],"frameworks":[],"buildSystems":["pnpm"],"msg":"tech stack detected"}
@urateam/core:test: {"level":30,"time":"2026-05-24T11:28:26.970Z","pid":400909,"hostname":"df54c4ecdd90","name":"urateam","component":"PipelineRunner","runId":"RJWtQfEEx9bDmLVhQqYCt","issueId":"E2E-1","stages":["triage","implement"],"msg":"starting pipeline stages"}
@urateam/core:test: {"level":30,"time":"2026-05-24T11:28:26.970Z","pid":400909,"hostname":"df54c4ecdd90","name":"urateam","component":"PipelineRunner","runId":"RJWtQfEEx9bDmLVhQqYCt","issueId":"E2E-1","stage":"triage","msg":"executing stage"}
@urateam/core:test: {"level":30,"time":"2026-05-24T11:28:26.972Z","pid":400909,"hostname":"df54c4ecdd90","name":"urateam","component":"PipelineRunner","runId":"RJWtQfEEx9bDmLVhQqYCt","issueId":"E2E-1","stage":"implement","msg":"executing stage"}
@urateam/core:test: {"level":40,"time":"2026-05-24T11:28:26.982Z","pid":400909,"hostname":"df54c4ecdd90","name":"urateam","component":"PipelineRunner","runId":"RJWtQfEEx9bDmLVhQqYCt","issueId":"E2E-1","excerpt":[],"outputPrefix":"","msg":"typecheck-gate: non-zero exit with no parseable TS errors — treating as setup issue and continuing"}
@urateam/core:test: {"level":30,"time":"2026-05-24T11:28:26.983Z","pid":400909,"hostname":"df54c4ecdd90","name":"urateam","component":"PipelineRunner","runId":"RJWtQfEEx9bDmLVhQqYCt","issueId":"E2E-1","defaultBranch":"main","msg":"push queue: rebasing before push"}
@urateam/core:test: {"level":30,"time":"2026-05-24T11:28:26.983Z","pid":400909,"hostname":"df54c4ecdd90","name":"urateam","component":"PipelineRunner","runId":"RJWtQfEEx9bDmLVhQqYCt","issueId":"E2E-1","branch":"agent/E2E-1-add-user-search","rebaseConflict":false,"msg":"push queue: force-with-lease push (agent branch or rebase conflict)"}
@urateam/core:test: {"level":30,"time":"2026-05-24T11:28:26.984Z","pid":400909,"hostname":"df54c4ecdd90","name":"urateam","component":"PipelineRunner","runId":"RJWtQfEEx9bDmLVhQqYCt","issueId":"E2E-1","msg":"creating PR via gh CLI"}
@urateam/core:test: {"level":30,"time":"2026-05-24T11:28:26.984Z","pid":400909,"hostname":"df54c4ecdd90","name":"urateam","component":"PipelineRunner","runId":"RJWtQfEEx9bDmLVhQqYCt","issueId":"E2E-1","prUrl":"https://github.com/test/repo/pull/42","msg":"PR created"}
@urateam/core:test: {"level":30,"time":"2026-05-24T11:28:26.985Z","pid":400909,"hostname":"df54c4ecdd90","name":"urateam","component":"PipelineRunner","runId":"RJWtQfEEx9bDmLVhQqYCt","issueId":"E2E-1","prUrl":"https://github.com/test/repo/pull/42","autoMerged":false,"autoCommitted":false,"totalInputTokens":400,"totalOutputTokens":200,"msg":"pipeline completed"}
@urateam/core:test: {"level":30,"time":"2026-05-24T11:28:27.014Z","pid":400889,"hostname":"df54c4ecdd90","name":"urateam","component":"PipelineRunner","issueId":"UNKNOWN-999","msg":"resume() called but no paused or retriable run found in DB — no-op"}
@urateam/core:test: {"level":30,"time":"2026-05-24T11:28:27.025Z","pid":400909,"hostname":"df54c4ecdd90","name":"urateam","component":"PipelineRunner","issueId":"E2E-1","pipeline":"auto-implement","msg":"start() called"}
@urateam/core:test: {"level":30,"time":"2026-05-24T11:28:27.027Z","pid":400909,"hostname":"df54c4ecdd90","name":"urateam","component":"PipelineRunner","runId":"Vd6llzC3lfFHUhCxu0LRG","issueId":"E2E-1","branch":"agent/E2E-1-add-user-search","msg":"inserting run into DB"}
@urateam/core:test: {"level":30,"time":"2026-05-24T11:28:27.028Z","pid":400909,"hostname":"df54c4ecdd90","name":"urateam","component":"PipelineRunner","runId":"Vd6llzC3lfFHUhCxu0LRG","issueId":"E2E-1","branch":"agent/E2E-1-add-user-search","msg":"run queued"}
@urateam/core:test: {"level":30,"time":"2026-05-24T11:28:27.028Z","pid":400909,"hostname":"df54c4ecdd90","name":"urateam","component":"PipelineRunner","runId":"Vd6llzC3lfFHUhCxu0LRG","issueId":"E2E-1","msg":"executing pipeline"}
@urateam/core:test: {"level":30,"time":"2026-05-24T11:28:27.028Z","pid":400909,"hostname":"df54c4ecdd90","name":"urateam","component":"PipelineRunner","runId":"Vd6llzC3lfFHUhCxu0LRG","issueId":"E2E-1","msg":"notifying pipeline start"}
@urateam/core:test: {"level":30,"time":"2026-05-24T11:28:27.028Z","pid":400909,"hostname":"df54c4ecdd90","name":"urateam","component":"PipelineRunner","runId":"Vd6llzC3lfFHUhCxu0LRG","issueId":"E2E-1","repoUrl":"https://github.com/test/test-repo.git","repoDir":"/tmp/e2e-repos/add-user-search","msg":"cloning repository"}
@urateam/core:test: {"level":30,"time":"2026-05-24T11:28:27.028Z","pid":400909,"hostname":"df54c4ecdd90","name":"urateam","component":"PipelineRunner","runId":"Vd6llzC3lfFHUhCxu0LRG","issueId":"E2E-1","msg":"clone complete, creating worktree"}
@urateam/core:test: {"level":30,"time":"2026-05-24T11:28:27.029Z","pid":400909,"hostname":"df54c4ecdd90","name":"urateam","component":"PipelineRunner","runId":"Vd6llzC3lfFHUhCxu0LRG","issueId":"E2E-1","worktreePath":"/tmp/e2e-test-worktree","msg":"worktree created"}
@urateam/core:test: {"level":30,"time":"2026-05-24T11:28:27.031Z","pid":400889,"hostname":"df54c4ecdd90","name":"urateam","component":"git","runId":"0d9Q6ozZt0TrjERYzO6ON","issueId":"TEAM-123","url":"https://github.com/test/repo.git","dir":"/tmp/test-repos/fix-the-login-bug","msg":"cloning repository"}
@urateam/core:test: {"level":40,"time":"2026-05-24T11:28:27.034Z","pid":400909,"hostname":"df54c4ecdd90","name":"urateam","component":"PipelineRunner","err":{"type":"Error","message":"ENOENT: no such file or directory, open '/tmp/e2e-test-worktree/CLAUDE.md'","stack":"Error: ENOENT: no such file or directory, open '/tmp/e2e-test-worktree/CLAUDE.md'\n    at open (node:internal/fs/promises:639:25)\n    at writeFile (node:internal/fs/promises:1219:14)\n    at PipelineRunner.injectAgentConfig (/home/ura/data/runs/PnXZTHwyAR6qch7obf8pl/worktree/packages/core/src/pipeline/runner.ts:765:7)\n    at PipelineRunner.executePipeline (/home/ura/data/runs/PnXZTHwyAR6qch7obf8pl/worktree/packages/core/src/pipeline/runner.ts:922:9)\n    at /home/ura/data/runs/PnXZTHwyAR6qch7obf8pl/worktree/packages/core/src/pipeline/runner.ts:336:9\n    at Object.enqueue (/home/ura/data/runs/PnXZTHwyAR6qch7obf8pl/worktree/packages/core/src/pipeline/queue.ts:33:16)","errno":-2,"code":"ENOENT","syscall":"open","path":"/tmp/e2e-test-worktree/CLAUDE.md"},"msg":"failed to inject CLAUDE.md — agent will run without it"}
@urateam/core:test: {"level":30,"time":"2026-05-24T11:28:27.034Z","pid":400909,"hostname":"df54c4ecdd90","name":"urateam","component":"PipelineRunner","runId":"Vd6llzC3lfFHUhCxu0LRG","issueId":"E2E-1","languages":["typescript"],"frameworks":[],"buildSystems":["pnpm"],"msg":"tech stack detected"}
@urateam/core:test: {"level":30,"time":"2026-05-24T11:28:27.034Z","pid":400909,"hostname":"df54c4ecdd90","name":"urateam","component":"PipelineRunner","runId":"Vd6llzC3lfFHUhCxu0LRG","issueId":"E2E-1","stages":["triage","implement"],"msg":"starting pipeline stages"}
@urateam/core:test: {"level":30,"time":"2026-05-24T11:28:27.035Z","pid":400909,"hostname":"df54c4ecdd90","name":"urateam","component":"PipelineRunner","runId":"Vd6llzC3lfFHUhCxu0LRG","issueId":"E2E-1","stage":"triage","msg":"executing stage"}
@urateam/core:test: {"level":50,"time":"2026-05-24T11:28:27.036Z","pid":400889,"hostname":"df54c4ecdd90","name":"urateam","component":"PipelineRunner","runId":"cblHtdODGbUY8bB4bZ2hf","issueId":"TEAM-123","err":{"type":"Error","message":"git clone failed: Cloning into '/tmp/test-repos/fix-the-login-bug'...\nremote: Repository not found.\nfatal: repository 'https://github.com/test/repo.git/' not found\n","stack":"Error: git clone failed: Cloning into '/tmp/test-repos/fix-the-login-bug'...\nremote: Repository not found.\nfatal: repository 'https://github.com/test/repo.git/' not found\n\n    at /home/ura/data/runs/PnXZTHwyAR6qch7obf8pl/worktree/packages/core/src/repo/git.ts:114:16\n    at ChildProcess.exithandler (node:child_process:424:5)\n    at ChildProcess.emit (node:events:519:28)\n    at maybeClose (node:internal/child_process:1101:16)\n    at Socket.<anonymous> (node:internal/child_process:456:11)\n    at Socket.emit (node:events:519:28)\n    at Pipe.<anonymous> (node:net:346:12)\n    at Pipe.callbackTrampoline (node:internal/async_hooks:130:17)"},"msg":"pipeline failed with unexpected error"}
@urateam/core:test: {"level":30,"time":"2026-05-24T11:28:27.038Z","pid":400909,"hostname":"df54c4ecdd90","name":"urateam","component":"PipelineRunner","runId":"Vd6llzC3lfFHUhCxu0LRG","issueId":"E2E-1","stage":"implement","msg":"executing stage"}
@urateam/core:test: {"level":40,"time":"2026-05-24T11:28:27.047Z","pid":400909,"hostname":"df54c4ecdd90","name":"urateam","component":"PipelineRunner","runId":"Vd6llzC3lfFHUhCxu0LRG","issueId":"E2E-1","excerpt":[],"outputPrefix":"","msg":"typecheck-gate: non-zero exit with no parseable TS errors — treating as setup issue and continuing"}
@urateam/core:test: {"level":30,"time":"2026-05-24T11:28:27.048Z","pid":400909,"hostname":"df54c4ecdd90","name":"urateam","component":"PipelineRunner","runId":"Vd6llzC3lfFHUhCxu0LRG","issueId":"E2E-1","defaultBranch":"main","msg":"push queue: rebasing before push"}
@urateam/core:test: {"level":30,"time":"2026-05-24T11:28:27.048Z","pid":400909,"hostname":"df54c4ecdd90","name":"urateam","component":"PipelineRunner","runId":"Vd6llzC3lfFHUhCxu0LRG","issueId":"E2E-1","branch":"agent/E2E-1-add-user-search","rebaseConflict":false,"msg":"push queue: force-with-lease push (agent branch or rebase conflict)"}
@urateam/core:test: {"level":30,"time":"2026-05-24T11:28:27.048Z","pid":400909,"hostname":"df54c4ecdd90","name":"urateam","component":"PipelineRunner","runId":"Vd6llzC3lfFHUhCxu0LRG","issueId":"E2E-1","msg":"creating PR via gh CLI"}
@urateam/core:test: {"level":30,"time":"2026-05-24T11:28:27.048Z","pid":400909,"hostname":"df54c4ecdd90","name":"urateam","component":"PipelineRunner","runId":"Vd6llzC3lfFHUhCxu0LRG","issueId":"E2E-1","prUrl":"https://github.com/test/repo/pull/42","msg":"PR created"}
@urateam/core:test: {"level":30,"time":"2026-05-24T11:28:27.049Z","pid":400909,"hostname":"df54c4ecdd90","name":"urateam","component":"PipelineRunner","runId":"Vd6llzC3lfFHUhCxu0LRG","issueId":"E2E-1","prUrl":"https://github.com/test/repo/pull/42","autoMerged":false,"autoCommitted":false,"totalInputTokens":400,"totalOutputTokens":200,"msg":"pipeline completed"}
@urateam/core:test: {"level":30,"time":"2026-05-24T11:28:27.077Z","pid":400889,"hostname":"df54c4ecdd90","name":"urateam","component":"PipelineRunner","issueId":"TEAM-123","pipeline":"bug-fix","msg":"start() called"}
@urateam/cli:test:  ✓ src/__tests__/sso-bootstrap.test.ts (6 tests) 1549ms
@urateam/cli:test:    ✓ bootstrapSsoFromEnv > returns sso config + workos client when all env vars are present  1535ms
@urateam/core:test: {"level":30,"time":"2026-05-24T11:28:27.098Z","pid":400909,"hostname":"df54c4ecdd90","name":"urateam","component":"PipelineRunner","issueId":"E2E-1","pipeline":"auto-implement","msg":"start() called"}
@urateam/core:test: {"level":30,"time":"2026-05-24T11:28:27.099Z","pid":400909,"hostname":"df54c4ecdd90","name":"urateam","component":"PipelineRunner","runId":"-eNitwlIwZWMEH4Q2xT30","issueId":"E2E-1","branch":"agent/E2E-1-add-user-search","msg":"inserting run into DB"}
@urateam/core:test: {"level":30,"time":"2026-05-24T11:28:27.099Z","pid":400909,"hostname":"df54c4ecdd90","name":"urateam","component":"PipelineRunner","runId":"-eNitwlIwZWMEH4Q2xT30","issueId":"E2E-1","branch":"agent/E2E-1-add-user-search","msg":"run queued"}
@urateam/core:test: {"level":30,"time":"2026-05-24T11:28:27.099Z","pid":400909,"hostname":"df54c4ecdd90","name":"urateam","component":"PipelineRunner","runId":"-eNitwlIwZWMEH4Q2xT30","issueId":"E2E-1","msg":"executing pipeline"}
@urateam/core:test: {"level":30,"time":"2026-05-24T11:28:27.100Z","pid":400909,"hostname":"df54c4ecdd90","name":"urateam","component":"PipelineRunner","runId":"-eNitwlIwZWMEH4Q2xT30","issueId":"E2E-1","msg":"notifying pipeline start"}
@urateam/core:test: {"level":30,"time":"2026-05-24T11:28:27.100Z","pid":400909,"hostname":"df54c4ecdd90","name":"urateam","component":"PipelineRunner","runId":"-eNitwlIwZWMEH4Q2xT30","issueId":"E2E-1","repoUrl":"https://github.com/test/test-repo.git","repoDir":"/tmp/e2e-repos/add-user-search","msg":"cloning repository"}
@urateam/core:test: {"level":30,"time":"2026-05-24T11:28:27.100Z","pid":400909,"hostname":"df54c4ecdd90","name":"urateam","component":"PipelineRunner","runId":"-eNitwlIwZWMEH4Q2xT30","issueId":"E2E-1","msg":"clone complete, creating worktree"}
@urateam/core:test: {"level":30,"time":"2026-05-24T11:28:27.100Z","pid":400909,"hostname":"df54c4ecdd90","name":"urateam","component":"PipelineRunner","runId":"-eNitwlIwZWMEH4Q2xT30","issueId":"E2E-1","worktreePath":"/tmp/e2e-test-worktree","msg":"worktree created"}
@urateam/core:test: {"level":40,"time":"2026-05-24T11:28:27.103Z","pid":400909,"hostname":"df54c4ecdd90","name":"urateam","component":"PipelineRunner","err":{"type":"Error","message":"ENOENT: no such file or directory, open '/tmp/e2e-test-worktree/CLAUDE.md'","stack":"Error: ENOENT: no such file or directory, open '/tmp/e2e-test-worktree/CLAUDE.md'\n    at open (node:internal/fs/promises:639:25)\n    at writeFile (node:internal/fs/promises:1219:14)\n    at PipelineRunner.injectAgentConfig (/home/ura/data/runs/PnXZTHwyAR6qch7obf8pl/worktree/packages/core/src/pipeline/runner.ts:765:7)\n    at PipelineRunner.executePipeline (/home/ura/data/runs/PnXZTHwyAR6qch7obf8pl/worktree/packages/core/src/pipeline/runner.ts:922:9)\n    at /home/ura/data/runs/PnXZTHwyAR6qch7obf8pl/worktree/packages/core/src/pipeline/runner.ts:336:9\n    at Object.enqueue (/home/ura/data/runs/PnXZTHwyAR6qch7obf8pl/worktree/packages/core/src/pipeline/queue.ts:33:16)","errno":-2,"code":"ENOENT","syscall":"open","path":"/tmp/e2e-test-worktree/CLAUDE.md"},"msg":"failed to inject CLAUDE.md — agent will run without it"}
@urateam/core:test: {"level":30,"time":"2026-05-24T11:28:27.103Z","pid":400909,"hostname":"df54c4ecdd90","name":"urateam","component":"PipelineRunner","runId":"-eNitwlIwZWMEH4Q2xT30","issueId":"E2E-1","languages":["typescript"],"frameworks":[],"buildSystems":["pnpm"],"msg":"tech stack detected"}
@urateam/core:test: {"level":30,"time":"2026-05-24T11:28:27.103Z","pid":400909,"hostname":"df54c4ecdd90","name":"urateam","component":"PipelineRunner","runId":"-eNitwlIwZWMEH4Q2xT30","issueId":"E2E-1","stages":["triage","implement"],"msg":"starting pipeline stages"}
@urateam/core:test: {"level":30,"time":"2026-05-24T11:28:27.103Z","pid":400909,"hostname":"df54c4ecdd90","name":"urateam","component":"PipelineRunner","runId":"-eNitwlIwZWMEH4Q2xT30","issueId":"E2E-1","stage":"triage","msg":"executing stage"}
@urateam/core:test: {"level":30,"time":"2026-05-24T11:28:27.105Z","pid":400909,"hostname":"df54c4ecdd90","name":"urateam","component":"PipelineRunner","runId":"-eNitwlIwZWMEH4Q2xT30","issueId":"E2E-1","stage":"implement","msg":"executing stage"}
@urateam/core:test: {"level":40,"time":"2026-05-24T11:28:27.114Z","pid":400909,"hostname":"df54c4ecdd90","name":"urateam","component":"PipelineRunner","runId":"-eNitwlIwZWMEH4Q2xT30","issueId":"E2E-1","excerpt":[],"outputPrefix":"","msg":"typecheck-gate: non-zero exit with no parseable TS errors — treating as setup issue and continuing"}
@urateam/core:test: {"level":30,"time":"2026-05-24T11:28:27.114Z","pid":400909,"hostname":"df54c4ecdd90","name":"urateam","component":"PipelineRunner","runId":"-eNitwlIwZWMEH4Q2xT30","issueId":"E2E-1","defaultBranch":"main","msg":"push queue: rebasing before push"}
@urateam/core:test: {"level":30,"time":"2026-05-24T11:28:27.114Z","pid":400909,"hostname":"df54c4ecdd90","name":"urateam","component":"PipelineRunner","runId":"-eNitwlIwZWMEH4Q2xT30","issueId":"E2E-1","branch":"agent/E2E-1-add-user-search","rebaseConflict":false,"msg":"push queue: force-with-lease push (agent branch or rebase conflict)"}
@urateam/core:test: {"level":30,"time":"2026-05-24T11:28:27.115Z","pid":400909,"hostname":"df54c4ecdd90","name":"urateam","component":"PipelineRunner","runId":"-eNitwlIwZWMEH4Q2xT30","issueId":"E2E-1","msg":"creating PR via gh CLI"}
@urateam/core:test: {"level":30,"time":"2026-05-24T11:28:27.115Z","pid":400909,"hostname":"df54c4ecdd90","name":"urateam","component":"PipelineRunner","runId":"-eNitwlIwZWMEH4Q2xT30","issueId":"E2E-1","prUrl":"https://github.com/test/repo/pull/42","msg":"PR created"}
@urateam/core:test: {"level":30,"time":"2026-05-24T11:28:27.116Z","pid":400909,"hostname":"df54c4ecdd90","name":"urateam","component":"PipelineRunner","runId":"-eNitwlIwZWMEH4Q2xT30","issueId":"E2E-1","prUrl":"https://github.com/test/repo/pull/42","autoMerged":false,"autoCommitted":false,"totalInputTokens":400,"totalOutputTokens":200,"msg":"pipeline completed"}
@urateam/core:test: {"level":30,"time":"2026-05-24T11:28:27.174Z","pid":400909,"hostname":"df54c4ecdd90","name":"urateam","component":"PipelineRunner","issueId":"E2E-1","pipeline":"auto-implement","msg":"start() called"}
@urateam/core:test: {"level":30,"time":"2026-05-24T11:28:27.175Z","pid":400909,"hostname":"df54c4ecdd90","name":"urateam","component":"PipelineRunner","runId":"Bfc3K8_7fRcfnpimVTeoi","issueId":"E2E-1","branch":"agent/E2E-1-add-user-search","msg":"inserting run into DB"}
@urateam/core:test: {"level":30,"time":"2026-05-24T11:28:27.175Z","pid":400909,"hostname":"df54c4ecdd90","name":"urateam","component":"PipelineRunner","runId":"Bfc3K8_7fRcfnpimVTeoi","issueId":"E2E-1","branch":"agent/E2E-1-add-user-search","msg":"run queued"}
@urateam/core:test: {"level":30,"time":"2026-05-24T11:28:27.176Z","pid":400909,"hostname":"df54c4ecdd90","name":"urateam","component":"PipelineRunner","runId":"Bfc3K8_7fRcfnpimVTeoi","issueId":"E2E-1","msg":"executing pipeline"}
@urateam/core:test: {"level":30,"time":"2026-05-24T11:28:27.177Z","pid":400909,"hostname":"df54c4ecdd90","name":"urateam","component":"PipelineRunner","runId":"Bfc3K8_7fRcfnpimVTeoi","issueId":"E2E-1","msg":"notifying pipeline start"}
@urateam/core:test: {"level":30,"time":"2026-05-24T11:28:27.178Z","pid":400909,"hostname":"df54c4ecdd90","name":"urateam","component":"PipelineRunner","runId":"Bfc3K8_7fRcfnpimVTeoi","issueId":"E2E-1","repoUrl":"https://github.com/test/test-repo.git","repoDir":"/tmp/e2e-repos/add-user-search","msg":"cloning repository"}
@urateam/core:test: {"level":30,"time":"2026-05-24T11:28:27.178Z","pid":400909,"hostname":"df54c4ecdd90","name":"urateam","component":"PipelineRunner","runId":"Bfc3K8_7fRcfnpimVTeoi","issueId":"E2E-1","msg":"clone complete, creating worktree"}
@urateam/core:test: {"level":30,"time":"2026-05-24T11:28:27.178Z","pid":400909,"hostname":"df54c4ecdd90","name":"urateam","component":"PipelineRunner","runId":"Bfc3K8_7fRcfnpimVTeoi","issueId":"E2E-1","worktreePath":"/tmp/e2e-test-worktree","msg":"worktree created"}
@urateam/core:test: {"level":40,"time":"2026-05-24T11:28:27.178Z","pid":400909,"hostname":"df54c4ecdd90","name":"urateam","component":"PipelineRunner","err":{"type":"Error","message":"ENOENT: no such file or directory, open '/tmp/e2e-test-worktree/CLAUDE.md'","stack":"Error: ENOENT: no such file or directory, open '/tmp/e2e-test-worktree/CLAUDE.md'\n    at open (node:internal/fs/promises:639:25)\n    at writeFile (node:internal/fs/promises:1219:14)\n    at PipelineRunner.injectAgentConfig (/home/ura/data/runs/PnXZTHwyAR6qch7obf8pl/worktree/packages/core/src/pipeline/runner.ts:765:7)\n    at PipelineRunner.executePipeline (/home/ura/data/runs/PnXZTHwyAR6qch7obf8pl/worktree/packages/core/src/pipeline/runner.ts:922:9)\n    at /home/ura/data/runs/PnXZTHwyAR6qch7obf8pl/worktree/packages/core/src/pipeline/runner.ts:336:9\n    at Object.enqueue (/home/ura/data/runs/PnXZTHwyAR6qch7obf8pl/worktree/packages/core/src/pipeline/queue.ts:33:16)","errno":-2,"code":"ENOENT","syscall":"open","path":"/tmp/e2e-test-worktree/CLAUDE.md"},"msg":"failed to inject CLAUDE.md — agent will run without it"}
@urateam/core:test: {"level":30,"time":"2026-05-24T11:28:27.179Z","pid":400909,"hostname":"df54c4ecdd90","name":"urateam","component":"PipelineRunner","runId":"Bfc3K8_7fRcfnpimVTeoi","issueId":"E2E-1","languages":["typescript"],"frameworks":[],"buildSystems":["pnpm"],"msg":"tech stack detected"}
@urateam/core:test: {"level":30,"time":"2026-05-24T11:28:27.179Z","pid":400909,"hostname":"df54c4ecdd90","name":"urateam","component":"PipelineRunner","runId":"Bfc3K8_7fRcfnpimVTeoi","issueId":"E2E-1","stages":["triage","implement"],"msg":"starting pipeline stages"}
@urateam/core:test: {"level":30,"time":"2026-05-24T11:28:27.179Z","pid":400909,"hostname":"df54c4ecdd90","name":"urateam","component":"PipelineRunner","runId":"Bfc3K8_7fRcfnpimVTeoi","issueId":"E2E-1","stage":"triage","msg":"executing stage"}
@urateam/core:test: {"level":30,"time":"2026-05-24T11:28:27.181Z","pid":400909,"hostname":"df54c4ecdd90","name":"urateam","component":"PipelineRunner","runId":"Bfc3K8_7fRcfnpimVTeoi","issueId":"E2E-1","stage":"implement","msg":"executing stage"}
@urateam/core:test: {"level":40,"time":"2026-05-24T11:28:27.191Z","pid":400909,"hostname":"df54c4ecdd90","name":"urateam","component":"PipelineRunner","runId":"Bfc3K8_7fRcfnpimVTeoi","issueId":"E2E-1","excerpt":[],"outputPrefix":"","msg":"typecheck-gate: non-zero exit with no parseable TS errors — treating as setup issue and continuing"}
@urateam/core:test: {"level":30,"time":"2026-05-24T11:28:27.192Z","pid":400909,"hostname":"df54c4ecdd90","name":"urateam","component":"PipelineRunner","runId":"Bfc3K8_7fRcfnpimVTeoi","issueId":"E2E-1","defaultBranch":"main","msg":"push queue: rebasing before push"}
@urateam/core:test: {"level":30,"time":"2026-05-24T11:28:27.192Z","pid":400909,"hostname":"df54c4ecdd90","name":"urateam","component":"PipelineRunner","runId":"Bfc3K8_7fRcfnpimVTeoi","issueId":"E2E-1","branch":"agent/E2E-1-add-user-search","rebaseConflict":false,"msg":"push queue: force-with-lease push (agent branch or rebase conflict)"}
@urateam/core:test: {"level":30,"time":"2026-05-24T11:28:27.193Z","pid":400909,"hostname":"df54c4ecdd90","name":"urateam","component":"PipelineRunner","runId":"Bfc3K8_7fRcfnpimVTeoi","issueId":"E2E-1","msg":"creating PR via gh CLI"}
@urateam/core:test: {"level":30,"time":"2026-05-24T11:28:27.193Z","pid":400909,"hostname":"df54c4ecdd90","name":"urateam","component":"PipelineRunner","runId":"Bfc3K8_7fRcfnpimVTeoi","issueId":"E2E-1","prUrl":"https://github.com/test/repo/pull/42","msg":"PR created"}
@urateam/core:test: {"level":30,"time":"2026-05-24T11:28:27.194Z","pid":400909,"hostname":"df54c4ecdd90","name":"urateam","component":"PipelineRunner","runId":"Bfc3K8_7fRcfnpimVTeoi","issueId":"E2E-1","prUrl":"https://github.com/test/repo/pull/42","autoMerged":false,"autoCommitted":false,"totalInputTokens":400,"totalOutputTokens":200,"msg":"pipeline completed"}
@urateam/core:test: {"level":50,"time":"2026-05-24T11:28:27.196Z","pid":400889,"hostname":"df54c4ecdd90","name":"urateam","component":"PipelineRunner","runId":"0d9Q6ozZt0TrjERYzO6ON","issueId":"TEAM-123","err":{"type":"Error","message":"git clone failed: Cloning into '/tmp/test-repos/fix-the-login-bug'...\nremote: Repository not found.\nfatal: repository 'https://github.com/test/repo.git/' not found\n","stack":"Error: git clone failed: Cloning into '/tmp/test-repos/fix-the-login-bug'...\nremote: Repository not found.\nfatal: repository 'https://github.com/test/repo.git/' not found\n\n    at /home/ura/data/runs/PnXZTHwyAR6qch7obf8pl/worktree/packages/core/src/repo/git.ts:114:16\n    at ChildProcess.exithandler (node:child_process:424:5)\n    at ChildProcess.emit (node:events:519:28)\n    at maybeClose (node:internal/child_process:1101:16)\n    at Process.ChildProcess._handle.onexit (node:internal/child_process:304:5)\n    at Process.callbackTrampoline (node:internal/async_hooks:130:17)"},"msg":"pipeline failed with unexpected error"}
@urateam/core:test: {"level":30,"time":"2026-05-24T11:28:27.239Z","pid":400909,"hostname":"df54c4ecdd90","name":"urateam","component":"PipelineRunner","issueId":"E2E-1","pipeline":"auto-implement","msg":"start() called"}
@urateam/core:test: {"level":30,"time":"2026-05-24T11:28:27.239Z","pid":400909,"hostname":"df54c4ecdd90","name":"urateam","component":"PipelineRunner","runId":"SBVQcRlYITcj2ZfkAhKwk","issueId":"E2E-1","branch":"agent/E2E-1-add-user-search","msg":"inserting run into DB"}
@urateam/core:test: {"level":30,"time":"2026-05-24T11:28:27.240Z","pid":400909,"hostname":"df54c4ecdd90","name":"urateam","component":"PipelineRunner","runId":"SBVQcRlYITcj2ZfkAhKwk","issueId":"E2E-1","branch":"agent/E2E-1-add-user-search","msg":"run queued"}
@urateam/core:test: {"level":30,"time":"2026-05-24T11:28:27.241Z","pid":400889,"hostname":"df54c4ecdd90","name":"urateam","component":"PipelineRunner","runId":"wyaWckkUqnw0k789Yzdzc","issueId":"TEAM-123","branch":"agent/TEAM-123-fix-the-login-bug","msg":"inserting run into DB"}
@urateam/core:test: {"level":30,"time":"2026-05-24T11:28:27.242Z","pid":400889,"hostname":"df54c4ecdd90","name":"urateam","component":"PipelineRunner","runId":"wyaWckkUqnw0k789Yzdzc","issueId":"TEAM-123","branch":"agent/TEAM-123-fix-the-login-bug","msg":"run queued"}
@urateam/core:test: {"level":30,"time":"2026-05-24T11:28:27.242Z","pid":400889,"hostname":"df54c4ecdd90","name":"urateam","component":"PipelineRunner","runId":"wyaWckkUqnw0k789Yzdzc","issueId":"TEAM-123","msg":"executing pipeline"}
@urateam/core:test: {"level":30,"time":"2026-05-24T11:28:27.242Z","pid":400909,"hostname":"df54c4ecdd90","name":"urateam","component":"PipelineRunner","runId":"SBVQcRlYITcj2ZfkAhKwk","issueId":"E2E-1","msg":"executing pipeline"}
@urateam/core:test: {"level":30,"time":"2026-05-24T11:28:27.243Z","pid":400909,"hostname":"df54c4ecdd90","name":"urateam","component":"PipelineRunner","runId":"SBVQcRlYITcj2ZfkAhKwk","issueId":"E2E-1","msg":"notifying pipeline start"}
@urateam/core:test: {"level":30,"time":"2026-05-24T11:28:27.243Z","pid":400909,"hostname":"df54c4ecdd90","name":"urateam","component":"PipelineRunner","runId":"SBVQcRlYITcj2ZfkAhKwk","issueId":"E2E-1","repoUrl":"https://github.com/test/test-repo.git","repoDir":"/tmp/e2e-repos/add-user-search","msg":"cloning repository"}
@urateam/core:test: {"level":30,"time":"2026-05-24T11:28:27.243Z","pid":400909,"hostname":"df54c4ecdd90","name":"urateam","component":"PipelineRunner","runId":"SBVQcRlYITcj2ZfkAhKwk","issueId":"E2E-1","msg":"clone complete, creating worktree"}
@urateam/core:test: {"level":30,"time":"2026-05-24T11:28:27.243Z","pid":400909,"hostname":"df54c4ecdd90","name":"urateam","component":"PipelineRunner","runId":"SBVQcRlYITcj2ZfkAhKwk","issueId":"E2E-1","worktreePath":"/tmp/e2e-test-worktree","msg":"worktree created"}
@urateam/core:test: {"level":30,"time":"2026-05-24T11:28:27.244Z","pid":400909,"hostname":"df54c4ecdd90","name":"urateam","component":"PipelineRunner","issueId":"E2E-1","pipeline":"auto-implement","msg":"start() called"}
@urateam/core:test: {"level":30,"time":"2026-05-24T11:28:27.244Z","pid":400909,"hostname":"df54c4ecdd90","name":"urateam","component":"PipelineRunner","issueId":"E2E-1","msg":"already active, skipping duplicate"}
@urateam/core:test: {"level":30,"time":"2026-05-24T11:28:27.245Z","pid":400889,"hostname":"df54c4ecdd90","name":"urateam","component":"PipelineRunner","runId":"wyaWckkUqnw0k789Yzdzc","issueId":"TEAM-123","msg":"notifying pipeline start"}
@urateam/core:test: {"level":30,"time":"2026-05-24T11:28:27.246Z","pid":400889,"hostname":"df54c4ecdd90","name":"urateam","component":"PipelineRunner","runId":"wyaWckkUqnw0k789Yzdzc","issueId":"TEAM-123","repoUrl":"https://github.com/test/repo.git","repoDir":"/tmp/test-repos/fix-the-login-bug","msg":"cloning repository"}
@urateam/core:test: {"level":40,"time":"2026-05-24T11:28:27.246Z","pid":400909,"hostname":"df54c4ecdd90","name":"urateam","component":"PipelineRunner","err":{"type":"Error","message":"ENOENT: no such file or directory, open '/tmp/e2e-test-worktree/CLAUDE.md'","stack":"Error: ENOENT: no such file or directory, open '/tmp/e2e-test-worktree/CLAUDE.md'\n    at open (node:internal/fs/promises:639:25)\n    at writeFile (node:internal/fs/promises:1219:14)\n    at PipelineRunner.injectAgentConfig (/home/ura/data/runs/PnXZTHwyAR6qch7obf8pl/worktree/packages/core/src/pipeline/runner.ts:765:7)\n    at PipelineRunner.executePipeline (/home/ura/data/runs/PnXZTHwyAR6qch7obf8pl/worktree/packages/core/src/pipeline/runner.ts:922:9)\n    at /home/ura/data/runs/PnXZTHwyAR6qch7obf8pl/worktree/packages/core/src/pipeline/runner.ts:336:9\n    at Object.enqueue (/home/ura/data/runs/PnXZTHwyAR6qch7obf8pl/worktree/packages/core/src/pipeline/queue.ts:33:16)","errno":-2,"code":"ENOENT","syscall":"open","path":"/tmp/e2e-test-worktree/CLAUDE.md"},"msg":"failed to inject CLAUDE.md — agent will run without it"}
@urateam/core:test: {"level":30,"time":"2026-05-24T11:28:27.247Z","pid":400909,"hostname":"df54c4ecdd90","name":"urateam","component":"PipelineRunner","runId":"SBVQcRlYITcj2ZfkAhKwk","issueId":"E2E-1","languages":["typescript"],"frameworks":[],"buildSystems":["pnpm"],"msg":"tech stack detected"}
@urateam/core:test: {"level":30,"time":"2026-05-24T11:28:27.247Z","pid":400909,"hostname":"df54c4ecdd90","name":"urateam","component":"PipelineRunner","runId":"SBVQcRlYITcj2ZfkAhKwk","issueId":"E2E-1","stages":["triage","implement"],"msg":"starting pipeline stages"}
@urateam/core:test: {"level":30,"time":"2026-05-24T11:28:27.247Z","pid":400909,"hostname":"df54c4ecdd90","name":"urateam","component":"PipelineRunner","runId":"SBVQcRlYITcj2ZfkAhKwk","issueId":"E2E-1","stage":"triage","msg":"executing stage"}
@urateam/core:test: {"level":30,"time":"2026-05-24T11:28:27.247Z","pid":400889,"hostname":"df54c4ecdd90","name":"urateam","component":"git","runId":"wyaWckkUqnw0k789Yzdzc","issueId":"TEAM-123","url":"https://github.com/test/repo.git","dir":"/tmp/test-repos/fix-the-login-bug","msg":"cloning repository"}
@urateam/core:test: {"level":30,"time":"2026-05-24T11:28:27.253Z","pid":400909,"hostname":"df54c4ecdd90","name":"urateam","component":"PipelineRunner","runId":"SBVQcRlYITcj2ZfkAhKwk","issueId":"E2E-1","stage":"implement","msg":"executing stage"}
@urateam/core:test: {"level":40,"time":"2026-05-24T11:28:27.266Z","pid":400909,"hostname":"df54c4ecdd90","name":"urateam","component":"PipelineRunner","runId":"SBVQcRlYITcj2ZfkAhKwk","issueId":"E2E-1","excerpt":[],"outputPrefix":"","msg":"typecheck-gate: non-zero exit with no parseable TS errors — treating as setup issue and continuing"}
@urateam/core:test: {"level":30,"time":"2026-05-24T11:28:27.266Z","pid":400909,"hostname":"df54c4ecdd90","name":"urateam","component":"PipelineRunner","runId":"SBVQcRlYITcj2ZfkAhKwk","issueId":"E2E-1","defaultBranch":"main","msg":"push queue: rebasing before push"}
@urateam/core:test: {"level":30,"time":"2026-05-24T11:28:27.267Z","pid":400909,"hostname":"df54c4ecdd90","name":"urateam","component":"PipelineRunner","runId":"SBVQcRlYITcj2ZfkAhKwk","issueId":"E2E-1","branch":"agent/E2E-1-add-user-search","rebaseConflict":false,"msg":"push queue: force-with-lease push (agent branch or rebase conflict)"}
@urateam/core:test: {"level":30,"time":"2026-05-24T11:28:27.268Z","pid":400909,"hostname":"df54c4ecdd90","name":"urateam","component":"PipelineRunner","runId":"SBVQcRlYITcj2ZfkAhKwk","issueId":"E2E-1","msg":"creating PR via gh CLI"}
@urateam/core:test: {"level":30,"time":"2026-05-24T11:28:27.268Z","pid":400909,"hostname":"df54c4ecdd90","name":"urateam","component":"PipelineRunner","runId":"SBVQcRlYITcj2ZfkAhKwk","issueId":"E2E-1","prUrl":"https://github.com/test/repo/pull/42","msg":"PR created"}
@urateam/core:test: {"level":30,"time":"2026-05-24T11:28:27.269Z","pid":400909,"hostname":"df54c4ecdd90","name":"urateam","component":"PipelineRunner","runId":"SBVQcRlYITcj2ZfkAhKwk","issueId":"E2E-1","prUrl":"https://github.com/test/repo/pull/42","autoMerged":false,"autoCommitted":false,"totalInputTokens":400,"totalOutputTokens":200,"msg":"pipeline completed"}
@urateam/core:test: {"level":30,"time":"2026-05-24T11:28:27.279Z","pid":400889,"hostname":"df54c4ecdd90","name":"urateam","component":"PipelineRunner","issueId":"TEAM-404","msg":"resume() called but no paused or retriable run found in DB — no-op"}
@urateam/core:test: {"level":50,"time":"2026-05-24T11:28:27.295Z","pid":400889,"hostname":"df54c4ecdd90","name":"urateam","component":"PipelineRunner","runId":"run-no-payload-1","issueId":"TEAM-200","msg":"resume payload missing — cannot resume pipeline; marking as failed"}
@urateam/core:test: {"level":50,"time":"2026-05-24T11:28:27.326Z","pid":400889,"hostname":"df54c4ecdd90","name":"urateam","component":"PipelineRunner","runId":"run-bad-json-1","issueId":"TEAM-201","msg":"resume payload is invalid JSON — failing run"}
@urateam/core:test: {"level":30,"time":"2026-05-24T11:28:27.328Z","pid":400909,"hostname":"df54c4ecdd90","name":"urateam","component":"PipelineRunner","issueId":"E2E-1","pipeline":"auto-implement","msg":"start() called"}
@urateam/core:test: {"level":30,"time":"2026-05-24T11:28:27.330Z","pid":400909,"hostname":"df54c4ecdd90","name":"urateam","component":"PipelineRunner","runId":"eTSCn-sBd6HME9h9-96ZK","issueId":"E2E-1","branch":"agent/E2E-1-add-user-search","msg":"inserting run into DB"}
@urateam/core:test: {"level":30,"time":"2026-05-24T11:28:27.330Z","pid":400909,"hostname":"df54c4ecdd90","name":"urateam","component":"PipelineRunner","runId":"eTSCn-sBd6HME9h9-96ZK","issueId":"E2E-1","branch":"agent/E2E-1-add-user-search","msg":"run queued"}
@urateam/core:test: {"level":30,"time":"2026-05-24T11:28:27.330Z","pid":400909,"hostname":"df54c4ecdd90","name":"urateam","component":"PipelineRunner","runId":"eTSCn-sBd6HME9h9-96ZK","issueId":"E2E-1","msg":"executing pipeline"}
@urateam/core:test: {"level":30,"time":"2026-05-24T11:28:27.330Z","pid":400909,"hostname":"df54c4ecdd90","name":"urateam","component":"PipelineRunner","runId":"eTSCn-sBd6HME9h9-96ZK","issueId":"E2E-1","msg":"notifying pipeline start"}
@urateam/core:test: {"level":30,"time":"2026-05-24T11:28:27.331Z","pid":400909,"hostname":"df54c4ecdd90","name":"urateam","component":"PipelineRunner","runId":"eTSCn-sBd6HME9h9-96ZK","issueId":"E2E-1","repoUrl":"https://github.com/test/test-repo.git","repoDir":"/tmp/e2e-repos/add-user-search","msg":"cloning repository"}
@urateam/core:test: {"level":30,"time":"2026-05-24T11:28:27.331Z","pid":400909,"hostname":"df54c4ecdd90","name":"urateam","component":"PipelineRunner","runId":"eTSCn-sBd6HME9h9-96ZK","issueId":"E2E-1","msg":"clone complete, creating worktree"}
@urateam/core:test: {"level":30,"time":"2026-05-24T11:28:27.331Z","pid":400909,"hostname":"df54c4ecdd90","name":"urateam","component":"PipelineRunner","runId":"eTSCn-sBd6HME9h9-96ZK","issueId":"E2E-1","worktreePath":"/tmp/e2e-test-worktree","msg":"worktree created"}
@urateam/core:test: {"level":40,"time":"2026-05-24T11:28:27.333Z","pid":400909,"hostname":"df54c4ecdd90","name":"urateam","component":"PipelineRunner","err":{"type":"Error","message":"ENOENT: no such file or directory, open '/tmp/e2e-test-worktree/CLAUDE.md'","stack":"Error: ENOENT: no such file or directory, open '/tmp/e2e-test-worktree/CLAUDE.md'\n    at open (node:internal/fs/promises:639:25)\n    at writeFile (node:internal/fs/promises:1219:14)\n    at PipelineRunner.injectAgentConfig (/home/ura/data/runs/PnXZTHwyAR6qch7obf8pl/worktree/packages/core/src/pipeline/runner.ts:765:7)\n    at PipelineRunner.executePipeline (/home/ura/data/runs/PnXZTHwyAR6qch7obf8pl/worktree/packages/core/src/pipeline/runner.ts:922:9)\n    at /home/ura/data/runs/PnXZTHwyAR6qch7obf8pl/worktree/packages/core/src/pipeline/runner.ts:336:9\n    at Object.enqueue (/home/ura/data/runs/PnXZTHwyAR6qch7obf8pl/worktree/packages/core/src/pipeline/queue.ts:33:16)","errno":-2,"code":"ENOENT","syscall":"open","path":"/tmp/e2e-test-worktree/CLAUDE.md"},"msg":"failed to inject CLAUDE.md — agent will run without it"}
@urateam/core:test: {"level":30,"time":"2026-05-24T11:28:27.334Z","pid":400909,"hostname":"df54c4ecdd90","name":"urateam","component":"PipelineRunner","runId":"eTSCn-sBd6HME9h9-96ZK","issueId":"E2E-1","languages":["typescript"],"frameworks":[],"buildSystems":["pnpm"],"msg":"tech stack detected"}
@urateam/core:test: {"level":30,"time":"2026-05-24T11:28:27.334Z","pid":400909,"hostname":"df54c4ecdd90","name":"urateam","component":"PipelineRunner","runId":"eTSCn-sBd6HME9h9-96ZK","issueId":"E2E-1","stages":["triage","implement"],"msg":"starting pipeline stages"}
@urateam/core:test: {"level":30,"time":"2026-05-24T11:28:27.334Z","pid":400909,"hostname":"df54c4ecdd90","name":"urateam","component":"PipelineRunner","runId":"eTSCn-sBd6HME9h9-96ZK","issueId":"E2E-1","stage":"triage","msg":"executing stage"}
@urateam/core:test: {"level":30,"time":"2026-05-24T11:28:27.337Z","pid":400909,"hostname":"df54c4ecdd90","name":"urateam","component":"PipelineRunner","runId":"eTSCn-sBd6HME9h9-96ZK","issueId":"E2E-1","stage":"implement","msg":"executing stage"}
@urateam/core:test: {"level":40,"time":"2026-05-24T11:28:27.342Z","pid":400909,"hostname":"df54c4ecdd90","name":"urateam","component":"PipelineRunner","runId":"eTSCn-sBd6HME9h9-96ZK","issueId":"E2E-1","excerpt":[],"outputPrefix":"","msg":"typecheck-gate: non-zero exit with no parseable TS errors — treating as setup issue and continuing"}
@urateam/core:test: {"level":30,"time":"2026-05-24T11:28:27.342Z","pid":400909,"hostname":"df54c4ecdd90","name":"urateam","component":"PipelineRunner","runId":"eTSCn-sBd6HME9h9-96ZK","issueId":"E2E-1","defaultBranch":"main","msg":"push queue: rebasing before push"}
@urateam/core:test: {"level":30,"time":"2026-05-24T11:28:27.342Z","pid":400909,"hostname":"df54c4ecdd90","name":"urateam","component":"PipelineRunner","runId":"eTSCn-sBd6HME9h9-96ZK","issueId":"E2E-1","branch":"agent/E2E-1-add-user-search","rebaseConflict":false,"msg":"push queue: force-with-lease push (agent branch or rebase conflict)"}
@urateam/core:test: {"level":30,"time":"2026-05-24T11:28:27.342Z","pid":400909,"hostname":"df54c4ecdd90","name":"urateam","component":"PipelineRunner","runId":"eTSCn-sBd6HME9h9-96ZK","issueId":"E2E-1","msg":"creating PR via gh CLI"}
@urateam/core:test: {"level":30,"time":"2026-05-24T11:28:27.342Z","pid":400909,"hostname":"df54c4ecdd90","name":"urateam","component":"PipelineRunner","runId":"eTSCn-sBd6HME9h9-96ZK","issueId":"E2E-1","prUrl":"https://github.com/test/repo/pull/42","msg":"PR created"}
@urateam/core:test: {"level":30,"time":"2026-05-24T11:28:27.343Z","pid":400909,"hostname":"df54c4ecdd90","name":"urateam","component":"PipelineRunner","runId":"eTSCn-sBd6HME9h9-96ZK","issueId":"E2E-1","prUrl":"https://github.com/test/repo/pull/42","autoMerged":false,"autoCommitted":false,"totalInputTokens":400,"totalOutputTokens":200,"msg":"pipeline completed"}
@urateam/core:test: {"level":50,"time":"2026-05-24T11:28:27.356Z","pid":400889,"hostname":"df54c4ecdd90","name":"urateam","component":"PipelineRunner","runId":"run-no-worktree-1","issueId":"TEAM-202","worktreePath":"/tmp/test-agent-runs/nonexistent-worktree-path-xyz-abc","msg":"resume: worktree no longer exists on disk — failing run"}
@urateam/core:test: {"level":30,"time":"2026-05-24T11:28:27.382Z","pid":400889,"hostname":"df54c4ecdd90","name":"urateam","component":"PipelineRunner","runId":"run-valid-resume-1","issueId":"TEAM-203","stageIndex":1,"worktreePath":"/tmp/test-agent-runs/test-worktree-AgnFaP","msg":"resuming pipeline — re-queuing execution from stage after await-approval"}
@urateam/core:test: {"level":30,"time":"2026-05-24T11:28:27.382Z","pid":400889,"hostname":"df54c4ecdd90","name":"urateam","component":"PipelineRunner","runId":"run-valid-resume-1","issueId":"TEAM-203","worktreePath":"/tmp/test-agent-runs/test-worktree-AgnFaP","startStageIndex":1,"msg":"resuming from preserved worktree"}
@urateam/core:test: {"level":30,"time":"2026-05-24T11:28:27.390Z","pid":400889,"hostname":"df54c4ecdd90","name":"urateam","component":"PipelineRunner","runId":"run-valid-resume-1","issueId":"TEAM-203","languages":[],"frameworks":[],"buildSystems":[],"msg":"tech stack detected"}
@urateam/core:test: {"level":30,"time":"2026-05-24T11:28:27.392Z","pid":400889,"hostname":"df54c4ecdd90","name":"urateam","component":"PipelineRunner","runId":"run-valid-resume-1","issueId":"TEAM-203","stages":["implement","test"],"msg":"starting pipeline stages"}
@urateam/core:test: {"level":30,"time":"2026-05-24T11:28:27.392Z","pid":400889,"hostname":"df54c4ecdd90","name":"urateam","component":"PipelineRunner","runId":"run-valid-resume-1","issueId":"TEAM-203","stage":"implement","msg":"executing stage"}
@urateam/core:test: {"level":30,"time":"2026-05-24T11:28:27.399Z","pid":400889,"hostname":"df54c4ecdd90","name":"urateam","component":"Executor","runId":"run-valid-resume-1","issueId":"issue-uuid-1","stage":"implement","authMethod":"mounted-session","msg":"Claude auth method resolved"}
@urateam/core:test: {"level":30,"time":"2026-05-24T11:28:27.407Z","pid":400909,"hostname":"df54c4ecdd90","name":"urateam","component":"PipelineRunner","issueId":"E2E-1","pipeline":"auto-implement","msg":"start() called"}
@urateam/core:test: {"level":30,"time":"2026-05-24T11:28:27.407Z","pid":400909,"hostname":"df54c4ecdd90","name":"urateam","component":"PipelineRunner","runId":"1c4FCI4FGj-984NfuqA_f","issueId":"E2E-1","branch":"agent/E2E-1-add-user-search","msg":"inserting run into DB"}
@urateam/core:test: {"level":30,"time":"2026-05-24T11:28:27.408Z","pid":400909,"hostname":"df54c4ecdd90","name":"urateam","component":"PipelineRunner","runId":"1c4FCI4FGj-984NfuqA_f","issueId":"E2E-1","branch":"agent/E2E-1-add-user-search","msg":"run queued"}
@urateam/core:test: {"level":30,"time":"2026-05-24T11:28:27.408Z","pid":400909,"hostname":"df54c4ecdd90","name":"urateam","component":"PipelineRunner","runId":"1c4FCI4FGj-984NfuqA_f","issueId":"E2E-1","msg":"executing pipeline"}
@urateam/core:test: {"level":30,"time":"2026-05-24T11:28:27.411Z","pid":400909,"hostname":"df54c4ecdd90","name":"urateam","component":"PipelineRunner","runId":"1c4FCI4FGj-984NfuqA_f","issueId":"E2E-1","msg":"notifying pipeline start"}
@urateam/core:test: {"level":30,"time":"2026-05-24T11:28:27.412Z","pid":400909,"hostname":"df54c4ecdd90","name":"urateam","component":"PipelineRunner","runId":"1c4FCI4FGj-984NfuqA_f","issueId":"E2E-1","repoUrl":"https://github.com/test/test-repo.git","repoDir":"/tmp/e2e-repos/add-user-search","msg":"cloning repository"}
@urateam/core:test: {"level":30,"time":"2026-05-24T11:28:27.412Z","pid":400909,"hostname":"df54c4ecdd90","name":"urateam","component":"PipelineRunner","runId":"1c4FCI4FGj-984NfuqA_f","issueId":"E2E-1","msg":"clone complete, creating worktree"}
@urateam/core:test: {"level":30,"time":"2026-05-24T11:28:27.412Z","pid":400909,"hostname":"df54c4ecdd90","name":"urateam","component":"PipelineRunner","runId":"1c4FCI4FGj-984NfuqA_f","issueId":"E2E-1","worktreePath":"/tmp/e2e-test-worktree","msg":"worktree created"}
@urateam/core:test: {"level":40,"time":"2026-05-24T11:28:27.412Z","pid":400909,"hostname":"df54c4ecdd90","name":"urateam","component":"PipelineRunner","err":{"type":"Error","message":"ENOENT: no such file or directory, open '/tmp/e2e-test-worktree/CLAUDE.md'","stack":"Error: ENOENT: no such file or directory, open '/tmp/e2e-test-worktree/CLAUDE.md'\n    at open (node:internal/fs/promises:639:25)\n    at writeFile (node:internal/fs/promises:1219:14)\n    at PipelineRunner.injectAgentConfig (/home/ura/data/runs/PnXZTHwyAR6qch7obf8pl/worktree/packages/core/src/pipeline/runner.ts:765:7)\n    at PipelineRunner.executePipeline (/home/ura/data/runs/PnXZTHwyAR6qch7obf8pl/worktree/packages/core/src/pipeline/runner.ts:922:9)\n    at /home/ura/data/runs/PnXZTHwyAR6qch7obf8pl/worktree/packages/core/src/pipeline/runner.ts:336:9\n    at Object.enqueue (/home/ura/data/runs/PnXZTHwyAR6qch7obf8pl/worktree/packages/core/src/pipeline/queue.ts:33:16)","errno":-2,"code":"ENOENT","syscall":"open","path":"/tmp/e2e-test-worktree/CLAUDE.md"},"msg":"failed to inject CLAUDE.md — agent will run without it"}
@urateam/core:test: {"level":30,"time":"2026-05-24T11:28:27.413Z","pid":400909,"hostname":"df54c4ecdd90","name":"urateam","component":"PipelineRunner","runId":"1c4FCI4FGj-984NfuqA_f","issueId":"E2E-1","languages":["typescript"],"frameworks":[],"buildSystems":["pnpm"],"msg":"tech stack detected"}
@urateam/core:test: {"level":30,"time":"2026-05-24T11:28:27.413Z","pid":400909,"hostname":"df54c4ecdd90","name":"urateam","component":"PipelineRunner","runId":"1c4FCI4FGj-984NfuqA_f","issueId":"E2E-1","stages":["triage","implement"],"msg":"starting pipeline stages"}
@urateam/core:test: {"level":30,"time":"2026-05-24T11:28:27.413Z","pid":400909,"hostname":"df54c4ecdd90","name":"urateam","component":"PipelineRunner","runId":"1c4FCI4FGj-984NfuqA_f","issueId":"E2E-1","stage":"triage","msg":"executing stage"}
@urateam/core:test: {"level":30,"time":"2026-05-24T11:28:27.421Z","pid":400909,"hostname":"df54c4ecdd90","name":"urateam","component":"PipelineRunner","runId":"1c4FCI4FGj-984NfuqA_f","issueId":"E2E-1","stage":"implement","msg":"executing stage"}
@urateam/core:test: {"level":40,"time":"2026-05-24T11:28:27.443Z","pid":400909,"hostname":"df54c4ecdd90","name":"urateam","component":"PipelineRunner","runId":"1c4FCI4FGj-984NfuqA_f","issueId":"E2E-1","excerpt":[],"outputPrefix":"","msg":"typecheck-gate: non-zero exit with no parseable TS errors — treating as setup issue and continuing"}
@urateam/core:test: {"level":30,"time":"2026-05-24T11:28:27.444Z","pid":400909,"hostname":"df54c4ecdd90","name":"urateam","component":"PipelineRunner","runId":"1c4FCI4FGj-984NfuqA_f","issueId":"E2E-1","defaultBranch":"main","msg":"push queue: rebasing before push"}
@urateam/core:test: {"level":30,"time":"2026-05-24T11:28:27.444Z","pid":400909,"hostname":"df54c4ecdd90","name":"urateam","component":"PipelineRunner","runId":"1c4FCI4FGj-984NfuqA_f","issueId":"E2E-1","branch":"agent/E2E-1-add-user-search","rebaseConflict":false,"msg":"push queue: force-with-lease push (agent branch or rebase conflict)"}
@urateam/core:test: {"level":30,"time":"2026-05-24T11:28:27.444Z","pid":400909,"hostname":"df54c4ecdd90","name":"urateam","component":"PipelineRunner","runId":"1c4FCI4FGj-984NfuqA_f","issueId":"E2E-1","msg":"creating PR via gh CLI"}
@urateam/core:test: {"level":30,"time":"2026-05-24T11:28:27.445Z","pid":400909,"hostname":"df54c4ecdd90","name":"urateam","component":"PipelineRunner","runId":"1c4FCI4FGj-984NfuqA_f","issueId":"E2E-1","prUrl":"https://github.com/test/repo/pull/42","msg":"PR created"}
@urateam/core:test: {"level":30,"time":"2026-05-24T11:28:27.445Z","pid":400909,"hostname":"df54c4ecdd90","name":"urateam","component":"PipelineRunner","runId":"1c4FCI4FGj-984NfuqA_f","issueId":"E2E-1","prUrl":"https://github.com/test/repo/pull/42","autoMerged":false,"autoCommitted":false,"totalInputTokens":400,"totalOutputTokens":200,"msg":"pipeline completed"}
@urateam/core:test: {"level":50,"time":"2026-05-24T11:28:27.449Z","pid":400889,"hostname":"df54c4ecdd90","name":"urateam","component":"PipelineRunner","runId":"run-missing-handoff-1","issueId":"TEAM-210","zodErrors":"handoff: Invalid input: expected object, received undefined","msg":"resume payload failed schema validation — failing run"}
@urateam/core:test: {"level":50,"time":"2026-05-24T11:28:27.479Z","pid":400889,"hostname":"df54c4ecdd90","name":"urateam","component":"PipelineRunner","runId":"run-bad-stage-index-1","issueId":"TEAM-211","zodErrors":"currentStageIndex: Invalid input: expected number, received string","msg":"resume payload failed schema validation — failing run"}
@urateam/core:test: {"level":50,"time":"2026-05-24T11:28:27.517Z","pid":400889,"hostname":"df54c4ecdd90","name":"urateam","component":"PipelineRunner","runId":"wyaWckkUqnw0k789Yzdzc","issueId":"TEAM-123","err":{"type":"Error","message":"git clone failed: Cloning into '/tmp/test-repos/fix-the-login-bug'...\nremote: Repository not found.\nfatal: repository 'https://github.com/test/repo.git/' not found\n","stack":"Error: git clone failed: Cloning into '/tmp/test-repos/fix-the-login-bug'...\nremote: Repository not found.\nfatal: repository 'https://github.com/test/repo.git/' not found\n\n    at /home/ura/data/runs/PnXZTHwyAR6qch7obf8pl/worktree/packages/core/src/repo/git.ts:114:16\n    at ChildProcess.exithandler (node:child_process:424:5)\n    at ChildProcess.emit (node:events:519:28)\n    at maybeClose (node:internal/child_process:1101:16)\n    at Socket.<anonymous> (node:internal/child_process:456:11)\n    at Socket.emit (node:events:519:28)\n    at Pipe.<anonymous> (node:net:346:12)\n    at Pipe.callbackTrampoline (node:internal/async_hooks:130:17)"},"msg":"pipeline failed with unexpected error"}
@urateam/core:test: {"level":50,"time":"2026-05-24T11:28:27.522Z","pid":400889,"hostname":"df54c4ecdd90","name":"urateam","component":"PipelineRunner","runId":"run-bc-stage-index-from-row","issueId":"TEAM-212","worktreePath":"/tmp/test-agent-runs/nonexistent-worktree-path-xyz-abc","msg":"resume: worktree no longer exists on disk — failing run"}
@urateam/core:test: {"level":30,"time":"2026-05-24T11:28:27.543Z","pid":400889,"hostname":"df54c4ecdd90","name":"urateam","component":"PipelineRunner","issueId":"TEAM-123","pipeline":"bug-fix","msg":"start() called"}
@urateam/core:test:  ✓ src/__tests__/e2e-pipeline.test.ts (16 tests) 1009ms
@urateam/core:test: {"level":30,"time":"2026-05-24T11:28:27.707Z","pid":400889,"hostname":"df54c4ecdd90","name":"urateam","component":"PipelineRunner","runId":"RJt0aE6AP9aqnYLMU9wfm","issueId":"TEAM-123","branch":"agent/TEAM-123-fix-the-login-bug","msg":"inserting run into DB"}
@urateam/core:test: {"level":30,"time":"2026-05-24T11:28:27.709Z","pid":400889,"hostname":"df54c4ecdd90","name":"urateam","component":"PipelineRunner","runId":"RJt0aE6AP9aqnYLMU9wfm","issueId":"TEAM-123","branch":"agent/TEAM-123-fix-the-login-bug","msg":"run queued"}
@urateam/core:test: {"level":30,"time":"2026-05-24T11:28:27.710Z","pid":400889,"hostname":"df54c4ecdd90","name":"urateam","component":"PipelineRunner","runId":"RJt0aE6AP9aqnYLMU9wfm","issueId":"TEAM-123","msg":"executing pipeline"}
@urateam/core:test: {"level":30,"time":"2026-05-24T11:28:27.710Z","pid":400889,"hostname":"df54c4ecdd90","name":"urateam","component":"PipelineRunner","issueId":"TEAM-123","runId":"RJt0aE6AP9aqnYLMU9wfm","msg":"resume() called for in-memory active run — updating DB status"}
@urateam/core:test: {"level":30,"time":"2026-05-24T11:28:27.711Z","pid":400889,"hostname":"df54c4ecdd90","name":"urateam","component":"PipelineRunner","runId":"RJt0aE6AP9aqnYLMU9wfm","issueId":"TEAM-123","msg":"notifying pipeline start"}
@urateam/cli:test:  ✓ src/__tests__/tunnel.test.ts (12 tests) 144ms
@urateam/core:test: {"level":30,"time":"2026-05-24T11:28:27.712Z","pid":400889,"hostname":"df54c4ecdd90","name":"urateam","component":"PipelineRunner","runId":"RJt0aE6AP9aqnYLMU9wfm","issueId":"TEAM-123","repoUrl":"https://github.com/test/repo.git","repoDir":"/tmp/test-repos/fix-the-login-bug","msg":"cloning repository"}
@urateam/core:test: {"level":30,"time":"2026-05-24T11:28:27.715Z","pid":400889,"hostname":"df54c4ecdd90","name":"urateam","component":"git","runId":"RJt0aE6AP9aqnYLMU9wfm","issueId":"TEAM-123","url":"https://github.com/test/repo.git","dir":"/tmp/test-repos/fix-the-login-bug","msg":"cloning repository"}
@urateam/core:test:  ✓ src/__tests__/pipeline-runner.test.ts (24 tests) 1616ms
@urateam/cli:test:  ✓ src/__tests__/license-command.test.ts (10 tests) 79ms
@urateam/core:test:  ✓ src/__tests__/agent-stream.test.ts (17 tests) 804ms
@urateam/cli:test:  ✓ src/__tests__/circuit.test.ts (9 tests) 237ms
@urateam/cli:test:  ✓ src/__tests__/retry.test.ts (4 tests) 161ms
@urateam/core:test:  ✓ src/__tests__/review-feedback.test.ts (51 tests) 1642ms
@urateam/core:test:    ✓ buildReviewFeedbackContext > maps webhook ReviewFeedbackComment[] to ReviewComment[]  1610ms
@urateam/cli:test: stdout | src/__tests__/self-auth-linear.test.ts > ura self-auth-linear > writes LINEAR_API_KEY to ~/.urateam/.env on success
@urateam/cli:test: ura self-auth-linear: opening Linear in your browser (callback on http://127.0.0.1:0/callback)…
@urateam/cli:test: 
@urateam/cli:test: stdout | src/__tests__/self-auth-linear.test.ts > ura self-auth-linear > writes LINEAR_API_KEY to ~/.urateam/.env on success
@urateam/cli:test: ura self-auth-linear: authorized for workspace Test Workspace; token written to /tmp/ura-oauth-ipdGgO/.env.
@urateam/cli:test: 
@urateam/cli:test: stdout | src/__tests__/self-auth-linear.test.ts > ura self-auth-linear > preserves unrelated keys in an existing .env
@urateam/cli:test: ura self-auth-linear: opening Linear in your browser (callback on http://127.0.0.1:0/callback)…
@urateam/cli:test: 
@urateam/cli:test: stdout | src/__tests__/self-auth-linear.test.ts > ura self-auth-linear > preserves unrelated keys in an existing .env
@urateam/cli:test: ura self-auth-linear: authorized for workspace Test Workspace; token written to /tmp/ura-oauth-NmOiBb/.env.
@urateam/cli:test: 
@urateam/core:test: {"level":30,"time":"2026-05-24T11:28:31.447Z","pid":401234,"hostname":"df54c4ecdd90","name":"urateam","component":"PipelineRunner","issueId":"AM-1","pipeline":"auto-implement","msg":"start() called"}
@urateam/core:test: {"level":30,"time":"2026-05-24T11:28:31.454Z","pid":401234,"hostname":"df54c4ecdd90","name":"urateam","component":"PipelineRunner","runId":"f2bPi7arsAecP4lAVu1oq","issueId":"AM-1","branch":"agent/AM-1-auto-merge-test-issue","msg":"inserting run into DB"}
@urateam/core:test: {"level":30,"time":"2026-05-24T11:28:31.459Z","pid":401234,"hostname":"df54c4ecdd90","name":"urateam","component":"PipelineRunner","runId":"f2bPi7arsAecP4lAVu1oq","issueId":"AM-1","branch":"agent/AM-1-auto-merge-test-issue","msg":"run queued"}
@urateam/core:test: {"level":30,"time":"2026-05-24T11:28:31.461Z","pid":401234,"hostname":"df54c4ecdd90","name":"urateam","component":"PipelineRunner","runId":"f2bPi7arsAecP4lAVu1oq","issueId":"AM-1","msg":"executing pipeline"}
@urateam/cli:test:  ✓ src/__tests__/self-auth-linear.test.ts (8 tests) 133ms
@urateam/core:test: {"level":30,"time":"2026-05-24T11:28:31.470Z","pid":401234,"hostname":"df54c4ecdd90","name":"urateam","component":"PipelineRunner","runId":"f2bPi7arsAecP4lAVu1oq","issueId":"AM-1","msg":"notifying pipeline start"}
@urateam/core:test: {"level":30,"time":"2026-05-24T11:28:31.471Z","pid":401234,"hostname":"df54c4ecdd90","name":"urateam","component":"PipelineRunner","runId":"f2bPi7arsAecP4lAVu1oq","issueId":"AM-1","repoUrl":"https://github.com/test/test-repo.git","repoDir":"/tmp/auto-merge-repos/auto-merge-test-issue","msg":"cloning repository"}
@urateam/core:test: {"level":30,"time":"2026-05-24T11:28:31.471Z","pid":401234,"hostname":"df54c4ecdd90","name":"urateam","component":"PipelineRunner","runId":"f2bPi7arsAecP4lAVu1oq","issueId":"AM-1","msg":"clone complete, creating worktree"}
@urateam/core:test: {"level":30,"time":"2026-05-24T11:28:31.473Z","pid":401234,"hostname":"df54c4ecdd90","name":"urateam","component":"license","tier":"oss","msg":"no license key set — running in OSS mode"}
@urateam/core:test: {"level":30,"time":"2026-05-24T11:28:31.474Z","pid":401234,"hostname":"df54c4ecdd90","name":"urateam","component":"PipelineRunner","runId":"f2bPi7arsAecP4lAVu1oq","issueId":"AM-1","worktreePath":"/tmp/auto-merge-test-worktree","msg":"worktree created"}
@urateam/core:test: {"level":40,"time":"2026-05-24T11:28:31.480Z","pid":401234,"hostname":"df54c4ecdd90","name":"urateam","component":"PipelineRunner","err":{"type":"Error","message":"ENOENT: no such file or directory, open '/tmp/auto-merge-test-worktree/CLAUDE.md'","stack":"Error: ENOENT: no such file or directory, open '/tmp/auto-merge-test-worktree/CLAUDE.md'\n    at open (node:internal/fs/promises:639:25)\n    at writeFile (node:internal/fs/promises:1219:14)\n    at PipelineRunner.injectAgentConfig (/home/ura/data/runs/PnXZTHwyAR6qch7obf8pl/worktree/packages/core/src/pipeline/runner.ts:765:7)\n    at PipelineRunner.executePipeline (/home/ura/data/runs/PnXZTHwyAR6qch7obf8pl/worktree/packages/core/src/pipeline/runner.ts:922:9)\n    at /home/ura/data/runs/PnXZTHwyAR6qch7obf8pl/worktree/packages/core/src/pipeline/runner.ts:336:9\n    at Object.enqueue (/home/ura/data/runs/PnXZTHwyAR6qch7obf8pl/worktree/packages/core/src/pipeline/queue.ts:33:16)","errno":-2,"code":"ENOENT","syscall":"open","path":"/tmp/auto-merge-test-worktree/CLAUDE.md"},"msg":"failed to inject CLAUDE.md — agent will run without it"}
@urateam/core:test: {"level":30,"time":"2026-05-24T11:28:31.504Z","pid":401234,"hostname":"df54c4ecdd90","name":"urateam","component":"PipelineRunner","runId":"f2bPi7arsAecP4lAVu1oq","issueId":"AM-1","languages":["typescript"],"frameworks":[],"buildSystems":["pnpm"],"msg":"tech stack detected"}
@urateam/core:test: {"level":30,"time":"2026-05-24T11:28:31.504Z","pid":401234,"hostname":"df54c4ecdd90","name":"urateam","component":"PipelineRunner","runId":"f2bPi7arsAecP4lAVu1oq","issueId":"AM-1","stages":["triage","implement"],"msg":"starting pipeline stages"}
@urateam/core:test: {"level":30,"time":"2026-05-24T11:28:31.504Z","pid":401234,"hostname":"df54c4ecdd90","name":"urateam","component":"PipelineRunner","runId":"f2bPi7arsAecP4lAVu1oq","issueId":"AM-1","stage":"triage","msg":"executing stage"}
@urateam/core:test: {"level":30,"time":"2026-05-24T11:28:31.530Z","pid":401234,"hostname":"df54c4ecdd90","name":"urateam","component":"PipelineRunner","runId":"f2bPi7arsAecP4lAVu1oq","issueId":"AM-1","stage":"implement","msg":"executing stage"}
@urateam/core:test: {"level":40,"time":"2026-05-24T11:28:31.540Z","pid":401234,"hostname":"df54c4ecdd90","name":"urateam","component":"PipelineRunner","runId":"f2bPi7arsAecP4lAVu1oq","issueId":"AM-1","excerpt":[],"outputPrefix":"","msg":"typecheck-gate: non-zero exit with no parseable TS errors — treating as setup issue and continuing"}
@urateam/core:test: {"level":30,"time":"2026-05-24T11:28:31.546Z","pid":401234,"hostname":"df54c4ecdd90","name":"urateam","component":"PipelineRunner","runId":"f2bPi7arsAecP4lAVu1oq","issueId":"AM-1","defaultBranch":"main","msg":"push queue: rebasing before push"}
@urateam/core:test: {"level":30,"time":"2026-05-24T11:28:31.547Z","pid":401234,"hostname":"df54c4ecdd90","name":"urateam","component":"PipelineRunner","runId":"f2bPi7arsAecP4lAVu1oq","issueId":"AM-1","branch":"agent/AM-1-auto-merge-test-issue","rebaseConflict":false,"msg":"push queue: force-with-lease push (agent branch or rebase conflict)"}
@urateam/core:test: {"level":30,"time":"2026-05-24T11:28:31.549Z","pid":401234,"hostname":"df54c4ecdd90","name":"urateam","component":"PipelineRunner","runId":"f2bPi7arsAecP4lAVu1oq","issueId":"AM-1","msg":"creating PR via gh CLI"}
@urateam/core:test: {"level":30,"time":"2026-05-24T11:28:31.549Z","pid":401234,"hostname":"df54c4ecdd90","name":"urateam","component":"PipelineRunner","runId":"f2bPi7arsAecP4lAVu1oq","issueId":"AM-1","prUrl":"https://github.com/test/repo/pull/42","msg":"PR created"}
@urateam/core:test: {"level":30,"time":"2026-05-24T11:28:31.549Z","pid":401234,"hostname":"df54c4ecdd90","name":"urateam","component":"PipelineRunner","runId":"f2bPi7arsAecP4lAVu1oq","issueId":"AM-1","diffLines":50,"maxLines":200,"msg":"auto-merge eligible, merging PR"}
@urateam/core:test: {"level":30,"time":"2026-05-24T11:28:31.549Z","pid":401234,"hostname":"df54c4ecdd90","name":"urateam","component":"PipelineRunner","runId":"f2bPi7arsAecP4lAVu1oq","issueId":"AM-1","prUrl":"https://github.com/test/repo/pull/42","msg":"PR auto-merged"}
@urateam/core:test: {"level":30,"time":"2026-05-24T11:28:31.550Z","pid":401234,"hostname":"df54c4ecdd90","name":"urateam","component":"PipelineRunner","runId":"f2bPi7arsAecP4lAVu1oq","issueId":"AM-1","prUrl":"https://github.com/test/repo/pull/42","autoMerged":true,"autoCommitted":false,"totalInputTokens":400,"totalOutputTokens":200,"msg":"pipeline completed"}
@urateam/core:test: {"level":30,"time":"2026-05-24T11:28:31.556Z","pid":401297,"hostname":"df54c4ecdd90","name":"urateam","component":"license","tier":"enterprise","customerId":"cust_test","expiresAt":"2026-05-25T11:28:31.000Z","msg":"license key validated"}
@urateam/core:test: {"level":30,"time":"2026-05-24T11:28:31.559Z","pid":401297,"hostname":"df54c4ecdd90","name":"urateam","component":"license","tier":"pro","customerId":"cust_test","expiresAt":"2026-05-25T11:28:31.000Z","msg":"license key validated"}
@urateam/core:test: {"level":30,"time":"2026-05-24T11:28:31.559Z","pid":401297,"hostname":"df54c4ecdd90","name":"urateam","component":"license","tier":"oss","msg":"no license key set — running in OSS mode"}
@urateam/core:test: {"level":30,"time":"2026-05-24T11:28:31.610Z","pid":401234,"hostname":"df54c4ecdd90","name":"urateam","component":"PipelineRunner","issueId":"AM-2","pipeline":"auto-implement","msg":"start() called"}
@urateam/core:test: {"level":30,"time":"2026-05-24T11:28:31.610Z","pid":401234,"hostname":"df54c4ecdd90","name":"urateam","component":"PipelineRunner","runId":"VbAJNIcwJjJe-FJU4Otb4","issueId":"AM-2","branch":"agent/AM-2-auto-merge-test-issue","msg":"inserting run into DB"}
@urateam/core:test: {"level":30,"time":"2026-05-24T11:28:31.611Z","pid":401234,"hostname":"df54c4ecdd90","name":"urateam","component":"PipelineRunner","runId":"VbAJNIcwJjJe-FJU4Otb4","issueId":"AM-2","branch":"agent/AM-2-auto-merge-test-issue","msg":"run queued"}
@urateam/core:test: {"level":30,"time":"2026-05-24T11:28:31.611Z","pid":401234,"hostname":"df54c4ecdd90","name":"urateam","component":"PipelineRunner","runId":"VbAJNIcwJjJe-FJU4Otb4","issueId":"AM-2","msg":"executing pipeline"}
@urateam/core:test: {"level":30,"time":"2026-05-24T11:28:31.613Z","pid":401234,"hostname":"df54c4ecdd90","name":"urateam","component":"PipelineRunner","runId":"VbAJNIcwJjJe-FJU4Otb4","issueId":"AM-2","msg":"notifying pipeline start"}
@urateam/core:test: {"level":30,"time":"2026-05-24T11:28:31.613Z","pid":401234,"hostname":"df54c4ecdd90","name":"urateam","component":"PipelineRunner","runId":"VbAJNIcwJjJe-FJU4Otb4","issueId":"AM-2","repoUrl":"https://github.com/test/test-repo.git","repoDir":"/tmp/auto-merge-repos/auto-merge-test-issue","msg":"cloning repository"}
@urateam/core:test: {"level":30,"time":"2026-05-24T11:28:31.613Z","pid":401234,"hostname":"df54c4ecdd90","name":"urateam","component":"PipelineRunner","runId":"VbAJNIcwJjJe-FJU4Otb4","issueId":"AM-2","msg":"clone complete, creating worktree"}
@urateam/core:test: {"level":30,"time":"2026-05-24T11:28:31.614Z","pid":401234,"hostname":"df54c4ecdd90","name":"urateam","component":"PipelineRunner","runId":"VbAJNIcwJjJe-FJU4Otb4","issueId":"AM-2","worktreePath":"/tmp/auto-merge-test-worktree","msg":"worktree created"}
@urateam/core:test: {"level":40,"time":"2026-05-24T11:28:31.614Z","pid":401234,"hostname":"df54c4ecdd90","name":"urateam","component":"PipelineRunner","err":{"type":"Error","message":"ENOENT: no such file or directory, open '/tmp/auto-merge-test-worktree/CLAUDE.md'","stack":"Error: ENOENT: no such file or directory, open '/tmp/auto-merge-test-worktree/CLAUDE.md'\n    at open (node:internal/fs/promises:639:25)\n    at writeFile (node:internal/fs/promises:1219:14)\n    at PipelineRunner.injectAgentConfig (/home/ura/data/runs/PnXZTHwyAR6qch7obf8pl/worktree/packages/core/src/pipeline/runner.ts:765:7)\n    at PipelineRunner.executePipeline (/home/ura/data/runs/PnXZTHwyAR6qch7obf8pl/worktree/packages/core/src/pipeline/runner.ts:922:9)\n    at /home/ura/data/runs/PnXZTHwyAR6qch7obf8pl/worktree/packages/core/src/pipeline/runner.ts:336:9\n    at Object.enqueue (/home/ura/data/runs/PnXZTHwyAR6qch7obf8pl/worktree/packages/core/src/pipeline/queue.ts:33:16)","errno":-2,"code":"ENOENT","syscall":"open","path":"/tmp/auto-merge-test-worktree/CLAUDE.md"},"msg":"failed to inject CLAUDE.md — agent will run without it"}
@urateam/core:test: {"level":30,"time":"2026-05-24T11:28:31.615Z","pid":401234,"hostname":"df54c4ecdd90","name":"urateam","component":"PipelineRunner","runId":"VbAJNIcwJjJe-FJU4Otb4","issueId":"AM-2","languages":["typescript"],"frameworks":[],"buildSystems":["pnpm"],"msg":"tech stack detected"}
@urateam/core:test: {"level":30,"time":"2026-05-24T11:28:31.615Z","pid":401234,"hostname":"df54c4ecdd90","name":"urateam","component":"PipelineRunner","runId":"VbAJNIcwJjJe-FJU4Otb4","issueId":"AM-2","stages":["triage","implement"],"msg":"starting pipeline stages"}
@urateam/core:test: {"level":30,"time":"2026-05-24T11:28:31.615Z","pid":401234,"hostname":"df54c4ecdd90","name":"urateam","component":"PipelineRunner","runId":"VbAJNIcwJjJe-FJU4Otb4","issueId":"AM-2","stage":"triage","msg":"executing stage"}
@urateam/core:test: {"level":30,"time":"2026-05-24T11:28:31.619Z","pid":401234,"hostname":"df54c4ecdd90","name":"urateam","component":"PipelineRunner","runId":"VbAJNIcwJjJe-FJU4Otb4","issueId":"AM-2","stage":"implement","msg":"executing stage"}
@urateam/core:test: {"level":40,"time":"2026-05-24T11:28:31.632Z","pid":401234,"hostname":"df54c4ecdd90","name":"urateam","component":"PipelineRunner","runId":"VbAJNIcwJjJe-FJU4Otb4","issueId":"AM-2","excerpt":[],"outputPrefix":"","msg":"typecheck-gate: non-zero exit with no parseable TS errors — treating as setup issue and continuing"}
@urateam/core:test: {"level":30,"time":"2026-05-24T11:28:31.632Z","pid":401234,"hostname":"df54c4ecdd90","name":"urateam","component":"PipelineRunner","runId":"VbAJNIcwJjJe-FJU4Otb4","issueId":"AM-2","defaultBranch":"main","msg":"push queue: rebasing before push"}
@urateam/core:test: {"level":30,"time":"2026-05-24T11:28:31.632Z","pid":401234,"hostname":"df54c4ecdd90","name":"urateam","component":"PipelineRunner","runId":"VbAJNIcwJjJe-FJU4Otb4","issueId":"AM-2","branch":"agent/AM-2-auto-merge-test-issue","rebaseConflict":false,"msg":"push queue: force-with-lease push (agent branch or rebase conflict)"}
@urateam/core:test: {"level":30,"time":"2026-05-24T11:28:31.635Z","pid":401234,"hostname":"df54c4ecdd90","name":"urateam","component":"PipelineRunner","runId":"VbAJNIcwJjJe-FJU4Otb4","issueId":"AM-2","msg":"creating PR via gh CLI"}
@urateam/core:test: {"level":30,"time":"2026-05-24T11:28:31.635Z","pid":401234,"hostname":"df54c4ecdd90","name":"urateam","component":"PipelineRunner","runId":"VbAJNIcwJjJe-FJU4Otb4","issueId":"AM-2","prUrl":"https://github.com/test/repo/pull/42","msg":"PR created"}
@urateam/core:test: {"level":30,"time":"2026-05-24T11:28:31.635Z","pid":401234,"hostname":"df54c4ecdd90","name":"urateam","component":"PipelineRunner","runId":"VbAJNIcwJjJe-FJU4Otb4","issueId":"AM-2","diffLines":500,"maxLines":200,"msg":"skipping auto-merge: Diff too large (500 lines, max 200)"}
@urateam/core:test: {"level":30,"time":"2026-05-24T11:28:31.636Z","pid":401234,"hostname":"df54c4ecdd90","name":"urateam","component":"PipelineRunner","runId":"VbAJNIcwJjJe-FJU4Otb4","issueId":"AM-2","prUrl":"https://github.com/test/repo/pull/42","autoMerged":false,"autoCommitted":false,"totalInputTokens":400,"totalOutputTokens":200,"msg":"pipeline completed"}
@urateam/core:test: {"level":30,"time":"2026-05-24T11:28:31.679Z","pid":401234,"hostname":"df54c4ecdd90","name":"urateam","component":"PipelineRunner","issueId":"AM-3","pipeline":"auto-implement","msg":"start() called"}
@urateam/core:test: {"level":30,"time":"2026-05-24T11:28:31.679Z","pid":401234,"hostname":"df54c4ecdd90","name":"urateam","component":"PipelineRunner","runId":"cfxANskvj9UbUz7LSPnOr","issueId":"AM-3","branch":"agent/AM-3-auto-merge-test-issue","msg":"inserting run into DB"}
@urateam/core:test: {"level":30,"time":"2026-05-24T11:28:31.680Z","pid":401234,"hostname":"df54c4ecdd90","name":"urateam","component":"PipelineRunner","runId":"cfxANskvj9UbUz7LSPnOr","issueId":"AM-3","branch":"agent/AM-3-auto-merge-test-issue","msg":"run queued"}
@urateam/core:test: {"level":30,"time":"2026-05-24T11:28:31.680Z","pid":401234,"hostname":"df54c4ecdd90","name":"urateam","component":"PipelineRunner","runId":"cfxANskvj9UbUz7LSPnOr","issueId":"AM-3","msg":"executing pipeline"}
@urateam/core:test: {"level":30,"time":"2026-05-24T11:28:31.680Z","pid":401234,"hostname":"df54c4ecdd90","name":"urateam","component":"PipelineRunner","runId":"cfxANskvj9UbUz7LSPnOr","issueId":"AM-3","msg":"notifying pipeline start"}
@urateam/core:test: {"level":30,"time":"2026-05-24T11:28:31.681Z","pid":401234,"hostname":"df54c4ecdd90","name":"urateam","component":"PipelineRunner","runId":"cfxANskvj9UbUz7LSPnOr","issueId":"AM-3","repoUrl":"https://github.com/test/test-repo.git","repoDir":"/tmp/auto-merge-repos/auto-merge-test-issue","msg":"cloning repository"}
@urateam/core:test: {"level":30,"time":"2026-05-24T11:28:31.681Z","pid":401234,"hostname":"df54c4ecdd90","name":"urateam","component":"PipelineRunner","runId":"cfxANskvj9UbUz7LSPnOr","issueId":"AM-3","msg":"clone complete, creating worktree"}
@urateam/core:test: {"level":30,"time":"2026-05-24T11:28:31.681Z","pid":401234,"hostname":"df54c4ecdd90","name":"urateam","component":"PipelineRunner","runId":"cfxANskvj9UbUz7LSPnOr","issueId":"AM-3","worktreePath":"/tmp/auto-merge-test-worktree","msg":"worktree created"}
@urateam/core:test: {"level":40,"time":"2026-05-24T11:28:31.681Z","pid":401234,"hostname":"df54c4ecdd90","name":"urateam","component":"PipelineRunner","err":{"type":"Error","message":"ENOENT: no such file or directory, open '/tmp/auto-merge-test-worktree/CLAUDE.md'","stack":"Error: ENOENT: no such file or directory, open '/tmp/auto-merge-test-worktree/CLAUDE.md'\n    at open (node:internal/fs/promises:639:25)\n    at writeFile (node:internal/fs/promises:1219:14)\n    at PipelineRunner.injectAgentConfig (/home/ura/data/runs/PnXZTHwyAR6qch7obf8pl/worktree/packages/core/src/pipeline/runner.ts:765:7)\n    at PipelineRunner.executePipeline (/home/ura/data/runs/PnXZTHwyAR6qch7obf8pl/worktree/packages/core/src/pipeline/runner.ts:922:9)\n    at /home/ura/data/runs/PnXZTHwyAR6qch7obf8pl/worktree/packages/core/src/pipeline/runner.ts:336:9\n    at Object.enqueue (/home/ura/data/runs/PnXZTHwyAR6qch7obf8pl/worktree/packages/core/src/pipeline/queue.ts:33:16)","errno":-2,"code":"ENOENT","syscall":"open","path":"/tmp/auto-merge-test-worktree/CLAUDE.md"},"msg":"failed to inject CLAUDE.md — agent will run without it"}
@urateam/core:test: {"level":30,"time":"2026-05-24T11:28:31.682Z","pid":401234,"hostname":"df54c4ecdd90","name":"urateam","component":"PipelineRunner","runId":"cfxANskvj9UbUz7LSPnOr","issueId":"AM-3","languages":["typescript"],"frameworks":[],"buildSystems":["pnpm"],"msg":"tech stack detected"}
@urateam/core:test: {"level":30,"time":"2026-05-24T11:28:31.682Z","pid":401234,"hostname":"df54c4ecdd90","name":"urateam","component":"PipelineRunner","runId":"cfxANskvj9UbUz7LSPnOr","issueId":"AM-3","stages":["triage","implement"],"msg":"starting pipeline stages"}
@urateam/core:test: {"level":30,"time":"2026-05-24T11:28:31.682Z","pid":401234,"hostname":"df54c4ecdd90","name":"urateam","component":"PipelineRunner","runId":"cfxANskvj9UbUz7LSPnOr","issueId":"AM-3","stage":"triage","msg":"executing stage"}
@urateam/core:test: {"level":30,"time":"2026-05-24T11:28:31.688Z","pid":401234,"hostname":"df54c4ecdd90","name":"urateam","component":"PipelineRunner","runId":"cfxANskvj9UbUz7LSPnOr","issueId":"AM-3","stage":"implement","msg":"executing stage"}
@urateam/core:test: {"level":40,"time":"2026-05-24T11:28:31.695Z","pid":401234,"hostname":"df54c4ecdd90","name":"urateam","component":"PipelineRunner","runId":"cfxANskvj9UbUz7LSPnOr","issueId":"AM-3","excerpt":[],"outputPrefix":"","msg":"typecheck-gate: non-zero exit with no parseable TS errors — treating as setup issue and continuing"}
@urateam/core:test: {"level":30,"time":"2026-05-24T11:28:31.695Z","pid":401234,"hostname":"df54c4ecdd90","name":"urateam","component":"PipelineRunner","runId":"cfxANskvj9UbUz7LSPnOr","issueId":"AM-3","defaultBranch":"main","msg":"push queue: rebasing before push"}
@urateam/core:test: {"level":30,"time":"2026-05-24T11:28:31.695Z","pid":401234,"hostname":"df54c4ecdd90","name":"urateam","component":"PipelineRunner","runId":"cfxANskvj9UbUz7LSPnOr","issueId":"AM-3","branch":"agent/AM-3-auto-merge-test-issue","rebaseConflict":false,"msg":"push queue: force-with-lease push (agent branch or rebase conflict)"}
@urateam/core:test: {"level":30,"time":"2026-05-24T11:28:31.696Z","pid":401234,"hostname":"df54c4ecdd90","name":"urateam","component":"PipelineRunner","runId":"cfxANskvj9UbUz7LSPnOr","issueId":"AM-3","msg":"creating PR via gh CLI"}
@urateam/core:test: {"level":30,"time":"2026-05-24T11:28:31.696Z","pid":401234,"hostname":"df54c4ecdd90","name":"urateam","component":"PipelineRunner","runId":"cfxANskvj9UbUz7LSPnOr","issueId":"AM-3","prUrl":"https://github.com/test/repo/pull/42","msg":"PR created"}
@urateam/core:test: {"level":30,"time":"2026-05-24T11:28:31.696Z","pid":401234,"hostname":"df54c4ecdd90","name":"urateam","component":"PipelineRunner","runId":"cfxANskvj9UbUz7LSPnOr","issueId":"AM-3","prUrl":"https://github.com/test/repo/pull/42","msg":"draft PR: adding review comments with gaps and next steps"}
@urateam/core:test: {"level":50,"time":"2026-05-24T11:28:31.700Z","pid":401234,"hostname":"df54c4ecdd90","name":"urateam","component":"PipelineRunner","runId":"cfxANskvj9UbUz7LSPnOr","issueId":"AM-3","err":"spawn gh ENOENT","prUrl":"https://github.com/test/repo/pull/42","msg":"draft PR: failed to add gap comment"}
@urateam/core:test: {"level":30,"time":"2026-05-24T11:28:31.701Z","pid":401234,"hostname":"df54c4ecdd90","name":"urateam","component":"PipelineRunner","runId":"cfxANskvj9UbUz7LSPnOr","issueId":"AM-3","prUrl":"https://github.com/test/repo/pull/42","autoMerged":false,"autoCommitted":false,"totalInputTokens":400,"totalOutputTokens":200,"msg":"pipeline completed"}
@urateam/core:test: {"level":30,"time":"2026-05-24T11:28:31.754Z","pid":401234,"hostname":"df54c4ecdd90","name":"urateam","component":"PipelineRunner","issueId":"AM-4","pipeline":"auto-implement","msg":"start() called"}
@urateam/core:test: {"level":30,"time":"2026-05-24T11:28:31.756Z","pid":401234,"hostname":"df54c4ecdd90","name":"urateam","component":"PipelineRunner","runId":"FfGUCTemsaXTfEIAYcfjq","issueId":"AM-4","branch":"agent/AM-4-auto-merge-test-issue","msg":"inserting run into DB"}
@urateam/core:test: {"level":30,"time":"2026-05-24T11:28:31.757Z","pid":401234,"hostname":"df54c4ecdd90","name":"urateam","component":"PipelineRunner","runId":"FfGUCTemsaXTfEIAYcfjq","issueId":"AM-4","branch":"agent/AM-4-auto-merge-test-issue","msg":"run queued"}
@urateam/core:test: {"level":30,"time":"2026-05-24T11:28:31.757Z","pid":401234,"hostname":"df54c4ecdd90","name":"urateam","component":"PipelineRunner","runId":"FfGUCTemsaXTfEIAYcfjq","issueId":"AM-4","msg":"executing pipeline"}
@urateam/core:test: {"level":30,"time":"2026-05-24T11:28:31.757Z","pid":401234,"hostname":"df54c4ecdd90","name":"urateam","component":"PipelineRunner","runId":"FfGUCTemsaXTfEIAYcfjq","issueId":"AM-4","msg":"notifying pipeline start"}
@urateam/core:test: {"level":30,"time":"2026-05-24T11:28:31.757Z","pid":401234,"hostname":"df54c4ecdd90","name":"urateam","component":"PipelineRunner","runId":"FfGUCTemsaXTfEIAYcfjq","issueId":"AM-4","repoUrl":"https://github.com/test/test-repo.git","repoDir":"/tmp/auto-merge-repos/auto-merge-test-issue","msg":"cloning repository"}
@urateam/core:test: {"level":30,"time":"2026-05-24T11:28:31.757Z","pid":401234,"hostname":"df54c4ecdd90","name":"urateam","component":"PipelineRunner","runId":"FfGUCTemsaXTfEIAYcfjq","issueId":"AM-4","msg":"clone complete, creating worktree"}
@urateam/core:test: {"level":30,"time":"2026-05-24T11:28:31.758Z","pid":401234,"hostname":"df54c4ecdd90","name":"urateam","component":"PipelineRunner","runId":"FfGUCTemsaXTfEIAYcfjq","issueId":"AM-4","worktreePath":"/tmp/auto-merge-test-worktree","msg":"worktree created"}
@urateam/core:test: {"level":40,"time":"2026-05-24T11:28:31.758Z","pid":401234,"hostname":"df54c4ecdd90","name":"urateam","component":"PipelineRunner","err":{"type":"Error","message":"ENOENT: no such file or directory, open '/tmp/auto-merge-test-worktree/CLAUDE.md'","stack":"Error: ENOENT: no such file or directory, open '/tmp/auto-merge-test-worktree/CLAUDE.md'\n    at open (node:internal/fs/promises:639:25)\n    at writeFile (node:internal/fs/promises:1219:14)\n    at PipelineRunner.injectAgentConfig (/home/ura/data/runs/PnXZTHwyAR6qch7obf8pl/worktree/packages/core/src/pipeline/runner.ts:765:7)\n    at PipelineRunner.executePipeline (/home/ura/data/runs/PnXZTHwyAR6qch7obf8pl/worktree/packages/core/src/pipeline/runner.ts:922:9)\n    at /home/ura/data/runs/PnXZTHwyAR6qch7obf8pl/worktree/packages/core/src/pipeline/runner.ts:336:9\n    at Object.enqueue (/home/ura/data/runs/PnXZTHwyAR6qch7obf8pl/worktree/packages/core/src/pipeline/queue.ts:33:16)","errno":-2,"code":"ENOENT","syscall":"open","path":"/tmp/auto-merge-test-worktree/CLAUDE.md"},"msg":"failed to inject CLAUDE.md — agent will run without it"}
@urateam/core:test: {"level":30,"time":"2026-05-24T11:28:31.759Z","pid":401234,"hostname":"df54c4ecdd90","name":"urateam","component":"PipelineRunner","runId":"FfGUCTemsaXTfEIAYcfjq","issueId":"AM-4","languages":["typescript"],"frameworks":[],"buildSystems":["pnpm"],"msg":"tech stack detected"}
@urateam/core:test: {"level":30,"time":"2026-05-24T11:28:31.759Z","pid":401234,"hostname":"df54c4ecdd90","name":"urateam","component":"PipelineRunner","runId":"FfGUCTemsaXTfEIAYcfjq","issueId":"AM-4","stages":["triage","implement"],"msg":"starting pipeline stages"}
@urateam/core:test: {"level":30,"time":"2026-05-24T11:28:31.759Z","pid":401234,"hostname":"df54c4ecdd90","name":"urateam","component":"PipelineRunner","runId":"FfGUCTemsaXTfEIAYcfjq","issueId":"AM-4","stage":"triage","msg":"executing stage"}
@urateam/core:test: {"level":30,"time":"2026-05-24T11:28:31.764Z","pid":401234,"hostname":"df54c4ecdd90","name":"urateam","component":"PipelineRunner","runId":"FfGUCTemsaXTfEIAYcfjq","issueId":"AM-4","stage":"implement","msg":"executing stage"}
@urateam/core:test: {"level":40,"time":"2026-05-24T11:28:31.772Z","pid":401234,"hostname":"df54c4ecdd90","name":"urateam","component":"PipelineRunner","runId":"FfGUCTemsaXTfEIAYcfjq","issueId":"AM-4","excerpt":[],"outputPrefix":"","msg":"typecheck-gate: non-zero exit with no parseable TS errors — treating as setup issue and continuing"}
@urateam/core:test: {"level":30,"time":"2026-05-24T11:28:31.772Z","pid":401234,"hostname":"df54c4ecdd90","name":"urateam","component":"PipelineRunner","runId":"FfGUCTemsaXTfEIAYcfjq","issueId":"AM-4","defaultBranch":"main","msg":"push queue: rebasing before push"}
@urateam/core:test: {"level":30,"time":"2026-05-24T11:28:31.772Z","pid":401234,"hostname":"df54c4ecdd90","name":"urateam","component":"PipelineRunner","runId":"FfGUCTemsaXTfEIAYcfjq","issueId":"AM-4","branch":"agent/AM-4-auto-merge-test-issue","rebaseConflict":false,"msg":"push queue: force-with-lease push (agent branch or rebase conflict)"}
@urateam/core:test: {"level":30,"time":"2026-05-24T11:28:31.775Z","pid":401234,"hostname":"df54c4ecdd90","name":"urateam","component":"PipelineRunner","runId":"FfGUCTemsaXTfEIAYcfjq","issueId":"AM-4","msg":"creating PR via gh CLI"}
@urateam/core:test: {"level":30,"time":"2026-05-24T11:28:31.775Z","pid":401234,"hostname":"df54c4ecdd90","name":"urateam","component":"PipelineRunner","runId":"FfGUCTemsaXTfEIAYcfjq","issueId":"AM-4","prUrl":"https://github.com/test/repo/pull/42","msg":"PR created"}
@urateam/core:test: {"level":30,"time":"2026-05-24T11:28:31.776Z","pid":401234,"hostname":"df54c4ecdd90","name":"urateam","component":"PipelineRunner","runId":"FfGUCTemsaXTfEIAYcfjq","issueId":"AM-4","prUrl":"https://github.com/test/repo/pull/42","autoMerged":false,"autoCommitted":false,"totalInputTokens":400,"totalOutputTokens":200,"msg":"pipeline completed"}
@urateam/core:test: {"level":30,"time":"2026-05-24T11:28:31.831Z","pid":401234,"hostname":"df54c4ecdd90","name":"urateam","component":"PipelineRunner","issueId":"AM-5","pipeline":"auto-implement","msg":"start() called"}
@urateam/core:test: {"level":30,"time":"2026-05-24T11:28:31.832Z","pid":401234,"hostname":"df54c4ecdd90","name":"urateam","component":"PipelineRunner","runId":"WKa-OxK3AI7DVRohXIDc_","issueId":"AM-5","branch":"agent/AM-5-auto-merge-test-issue","msg":"inserting run into DB"}
@urateam/core:test: {"level":30,"time":"2026-05-24T11:28:31.835Z","pid":401234,"hostname":"df54c4ecdd90","name":"urateam","component":"PipelineRunner","runId":"WKa-OxK3AI7DVRohXIDc_","issueId":"AM-5","branch":"agent/AM-5-auto-merge-test-issue","msg":"run queued"}
@urateam/core:test: {"level":30,"time":"2026-05-24T11:28:31.836Z","pid":401234,"hostname":"df54c4ecdd90","name":"urateam","component":"PipelineRunner","runId":"WKa-OxK3AI7DVRohXIDc_","issueId":"AM-5","msg":"executing pipeline"}
@urateam/core:test: {"level":30,"time":"2026-05-24T11:28:31.836Z","pid":401234,"hostname":"df54c4ecdd90","name":"urateam","component":"PipelineRunner","runId":"WKa-OxK3AI7DVRohXIDc_","issueId":"AM-5","msg":"notifying pipeline start"}
@urateam/core:test: {"level":30,"time":"2026-05-24T11:28:31.836Z","pid":401234,"hostname":"df54c4ecdd90","name":"urateam","component":"PipelineRunner","runId":"WKa-OxK3AI7DVRohXIDc_","issueId":"AM-5","repoUrl":"https://github.com/test/test-repo.git","repoDir":"/tmp/auto-merge-repos/auto-merge-test-issue","msg":"cloning repository"}
@urateam/core:test: {"level":30,"time":"2026-05-24T11:28:31.836Z","pid":401234,"hostname":"df54c4ecdd90","name":"urateam","component":"PipelineRunner","runId":"WKa-OxK3AI7DVRohXIDc_","issueId":"AM-5","msg":"clone complete, creating worktree"}
@urateam/core:test: {"level":30,"time":"2026-05-24T11:28:31.836Z","pid":401234,"hostname":"df54c4ecdd90","name":"urateam","component":"PipelineRunner","runId":"WKa-OxK3AI7DVRohXIDc_","issueId":"AM-5","worktreePath":"/tmp/auto-merge-test-worktree","msg":"worktree created"}
@urateam/core:test: {"level":40,"time":"2026-05-24T11:28:31.837Z","pid":401234,"hostname":"df54c4ecdd90","name":"urateam","component":"PipelineRunner","err":{"type":"Error","message":"ENOENT: no such file or directory, open '/tmp/auto-merge-test-worktree/CLAUDE.md'","stack":"Error: ENOENT: no such file or directory, open '/tmp/auto-merge-test-worktree/CLAUDE.md'\n    at open (node:internal/fs/promises:639:25)\n    at writeFile (node:internal/fs/promises:1219:14)\n    at PipelineRunner.injectAgentConfig (/home/ura/data/runs/PnXZTHwyAR6qch7obf8pl/worktree/packages/core/src/pipeline/runner.ts:765:7)\n    at PipelineRunner.executePipeline (/home/ura/data/runs/PnXZTHwyAR6qch7obf8pl/worktree/packages/core/src/pipeline/runner.ts:922:9)\n    at /home/ura/data/runs/PnXZTHwyAR6qch7obf8pl/worktree/packages/core/src/pipeline/runner.ts:336:9\n    at Object.enqueue (/home/ura/data/runs/PnXZTHwyAR6qch7obf8pl/worktree/packages/core/src/pipeline/queue.ts:33:16)","errno":-2,"code":"ENOENT","syscall":"open","path":"/tmp/auto-merge-test-worktree/CLAUDE.md"},"msg":"failed to inject CLAUDE.md — agent will run without it"}
@urateam/core:test: {"level":30,"time":"2026-05-24T11:28:31.837Z","pid":401234,"hostname":"df54c4ecdd90","name":"urateam","component":"PipelineRunner","runId":"WKa-OxK3AI7DVRohXIDc_","issueId":"AM-5","languages":["typescript"],"frameworks":[],"buildSystems":["pnpm"],"msg":"tech stack detected"}
@urateam/core:test: {"level":30,"time":"2026-05-24T11:28:31.838Z","pid":401234,"hostname":"df54c4ecdd90","name":"urateam","component":"PipelineRunner","runId":"WKa-OxK3AI7DVRohXIDc_","issueId":"AM-5","stages":["triage","implement"],"msg":"starting pipeline stages"}
@urateam/core:test: {"level":30,"time":"2026-05-24T11:28:31.838Z","pid":401234,"hostname":"df54c4ecdd90","name":"urateam","component":"PipelineRunner","runId":"WKa-OxK3AI7DVRohXIDc_","issueId":"AM-5","stage":"triage","msg":"executing stage"}
@urateam/core:test: {"level":30,"time":"2026-05-24T11:28:31.843Z","pid":401234,"hostname":"df54c4ecdd90","name":"urateam","component":"PipelineRunner","runId":"WKa-OxK3AI7DVRohXIDc_","issueId":"AM-5","stage":"implement","msg":"executing stage"}
@urateam/core:test: {"level":40,"time":"2026-05-24T11:28:31.852Z","pid":401234,"hostname":"df54c4ecdd90","name":"urateam","component":"PipelineRunner","runId":"WKa-OxK3AI7DVRohXIDc_","issueId":"AM-5","excerpt":[],"outputPrefix":"","msg":"typecheck-gate: non-zero exit with no parseable TS errors — treating as setup issue and continuing"}
@urateam/core:test: {"level":30,"time":"2026-05-24T11:28:31.852Z","pid":401234,"hostname":"df54c4ecdd90","name":"urateam","component":"PipelineRunner","runId":"WKa-OxK3AI7DVRohXIDc_","issueId":"AM-5","defaultBranch":"main","msg":"push queue: rebasing before push"}
@urateam/core:test: {"level":30,"time":"2026-05-24T11:28:31.852Z","pid":401234,"hostname":"df54c4ecdd90","name":"urateam","component":"PipelineRunner","runId":"WKa-OxK3AI7DVRohXIDc_","issueId":"AM-5","branch":"agent/AM-5-auto-merge-test-issue","rebaseConflict":false,"msg":"push queue: force-with-lease push (agent branch or rebase conflict)"}
@urateam/core:test: {"level":30,"time":"2026-05-24T11:28:31.853Z","pid":401234,"hostname":"df54c4ecdd90","name":"urateam","component":"PipelineRunner","runId":"WKa-OxK3AI7DVRohXIDc_","issueId":"AM-5","msg":"creating PR via gh CLI"}
@urateam/core:test: {"level":30,"time":"2026-05-24T11:28:31.853Z","pid":401234,"hostname":"df54c4ecdd90","name":"urateam","component":"PipelineRunner","runId":"WKa-OxK3AI7DVRohXIDc_","issueId":"AM-5","prUrl":"https://github.com/test/repo/pull/42","msg":"PR created"}
@urateam/core:test: {"level":30,"time":"2026-05-24T11:28:31.860Z","pid":401234,"hostname":"df54c4ecdd90","name":"urateam","component":"PipelineRunner","runId":"WKa-OxK3AI7DVRohXIDc_","issueId":"AM-5","prUrl":"https://github.com/test/repo/pull/42","autoMerged":false,"autoCommitted":false,"totalInputTokens":400,"totalOutputTokens":200,"msg":"pipeline completed"}
@urateam/core:test: {"level":30,"time":"2026-05-24T11:28:31.898Z","pid":401234,"hostname":"df54c4ecdd90","name":"urateam","component":"PipelineRunner","issueId":"AM-6","pipeline":"auto-implement","msg":"start() called"}
@urateam/core:test: {"level":30,"time":"2026-05-24T11:28:31.899Z","pid":401234,"hostname":"df54c4ecdd90","name":"urateam","component":"PipelineRunner","runId":"ymmxccJURYd1__iURDKuy","issueId":"AM-6","branch":"agent/AM-6-auto-merge-test-issue","msg":"inserting run into DB"}
@urateam/core:test: {"level":30,"time":"2026-05-24T11:28:31.899Z","pid":401234,"hostname":"df54c4ecdd90","name":"urateam","component":"PipelineRunner","runId":"ymmxccJURYd1__iURDKuy","issueId":"AM-6","branch":"agent/AM-6-auto-merge-test-issue","msg":"run queued"}
@urateam/core:test: {"level":30,"time":"2026-05-24T11:28:31.900Z","pid":401234,"hostname":"df54c4ecdd90","name":"urateam","component":"PipelineRunner","runId":"ymmxccJURYd1__iURDKuy","issueId":"AM-6","msg":"executing pipeline"}
@urateam/core:test: {"level":30,"time":"2026-05-24T11:28:31.901Z","pid":401234,"hostname":"df54c4ecdd90","name":"urateam","component":"PipelineRunner","runId":"ymmxccJURYd1__iURDKuy","issueId":"AM-6","msg":"notifying pipeline start"}
@urateam/core:test: {"level":30,"time":"2026-05-24T11:28:31.901Z","pid":401234,"hostname":"df54c4ecdd90","name":"urateam","component":"PipelineRunner","runId":"ymmxccJURYd1__iURDKuy","issueId":"AM-6","repoUrl":"https://github.com/test/test-repo.git","repoDir":"/tmp/auto-merge-repos/auto-merge-test-issue","msg":"cloning repository"}
@urateam/core:test: {"level":30,"time":"2026-05-24T11:28:31.901Z","pid":401234,"hostname":"df54c4ecdd90","name":"urateam","component":"PipelineRunner","runId":"ymmxccJURYd1__iURDKuy","issueId":"AM-6","msg":"clone complete, creating worktree"}
@urateam/core:test: {"level":30,"time":"2026-05-24T11:28:31.901Z","pid":401234,"hostname":"df54c4ecdd90","name":"urateam","component":"PipelineRunner","runId":"ymmxccJURYd1__iURDKuy","issueId":"AM-6","worktreePath":"/tmp/auto-merge-test-worktree","msg":"worktree created"}
@urateam/core:test: {"level":40,"time":"2026-05-24T11:28:31.902Z","pid":401234,"hostname":"df54c4ecdd90","name":"urateam","component":"PipelineRunner","err":{"type":"Error","message":"ENOENT: no such file or directory, open '/tmp/auto-merge-test-worktree/CLAUDE.md'","stack":"Error: ENOENT: no such file or directory, open '/tmp/auto-merge-test-worktree/CLAUDE.md'\n    at open (node:internal/fs/promises:639:25)\n    at writeFile (node:internal/fs/promises:1219:14)\n    at PipelineRunner.injectAgentConfig (/home/ura/data/runs/PnXZTHwyAR6qch7obf8pl/worktree/packages/core/src/pipeline/runner.ts:765:7)\n    at PipelineRunner.executePipeline (/home/ura/data/runs/PnXZTHwyAR6qch7obf8pl/worktree/packages/core/src/pipeline/runner.ts:922:9)\n    at /home/ura/data/runs/PnXZTHwyAR6qch7obf8pl/worktree/packages/core/src/pipeline/runner.ts:336:9\n    at Object.enqueue (/home/ura/data/runs/PnXZTHwyAR6qch7obf8pl/worktree/packages/core/src/pipeline/queue.ts:33:16)","errno":-2,"code":"ENOENT","syscall":"open","path":"/tmp/auto-merge-test-worktree/CLAUDE.md"},"msg":"failed to inject CLAUDE.md — agent will run without it"}
@urateam/core:test: {"level":30,"time":"2026-05-24T11:28:31.902Z","pid":401234,"hostname":"df54c4ecdd90","name":"urateam","component":"PipelineRunner","runId":"ymmxccJURYd1__iURDKuy","issueId":"AM-6","languages":["typescript"],"frameworks":[],"buildSystems":["pnpm"],"msg":"tech stack detected"}
@urateam/core:test: {"level":30,"time":"2026-05-24T11:28:31.902Z","pid":401234,"hostname":"df54c4ecdd90","name":"urateam","component":"PipelineRunner","runId":"ymmxccJURYd1__iURDKuy","issueId":"AM-6","stages":["triage","implement"],"msg":"starting pipeline stages"}
@urateam/core:test: {"level":30,"time":"2026-05-24T11:28:31.902Z","pid":401234,"hostname":"df54c4ecdd90","name":"urateam","component":"PipelineRunner","runId":"ymmxccJURYd1__iURDKuy","issueId":"AM-6","stage":"triage","msg":"executing stage"}
@urateam/core:test: {"level":30,"time":"2026-05-24T11:28:31.915Z","pid":401234,"hostname":"df54c4ecdd90","name":"urateam","component":"PipelineRunner","runId":"ymmxccJURYd1__iURDKuy","issueId":"AM-6","stage":"implement","msg":"executing stage"}
@urateam/core:test: {"level":40,"time":"2026-05-24T11:28:31.927Z","pid":401234,"hostname":"df54c4ecdd90","name":"urateam","component":"PipelineRunner","runId":"ymmxccJURYd1__iURDKuy","issueId":"AM-6","excerpt":[],"outputPrefix":"","msg":"typecheck-gate: non-zero exit with no parseable TS errors — treating as setup issue and continuing"}
@urateam/core:test: {"level":30,"time":"2026-05-24T11:28:31.927Z","pid":401234,"hostname":"df54c4ecdd90","name":"urateam","component":"PipelineRunner","runId":"ymmxccJURYd1__iURDKuy","issueId":"AM-6","defaultBranch":"main","msg":"push queue: rebasing before push"}
@urateam/core:test: {"level":30,"time":"2026-05-24T11:28:31.927Z","pid":401234,"hostname":"df54c4ecdd90","name":"urateam","component":"PipelineRunner","runId":"ymmxccJURYd1__iURDKuy","issueId":"AM-6","branch":"agent/AM-6-auto-merge-test-issue","rebaseConflict":false,"msg":"push queue: force-with-lease push (agent branch or rebase conflict)"}
@urateam/core:test: {"level":30,"time":"2026-05-24T11:28:31.930Z","pid":401234,"hostname":"df54c4ecdd90","name":"urateam","component":"PipelineRunner","runId":"ymmxccJURYd1__iURDKuy","issueId":"AM-6","msg":"creating PR via gh CLI"}
@urateam/core:test: {"level":30,"time":"2026-05-24T11:28:31.930Z","pid":401234,"hostname":"df54c4ecdd90","name":"urateam","component":"PipelineRunner","runId":"ymmxccJURYd1__iURDKuy","issueId":"AM-6","prUrl":"https://github.com/test/repo/pull/42","msg":"PR created"}
@urateam/core:test: {"level":30,"time":"2026-05-24T11:28:31.930Z","pid":401234,"hostname":"df54c4ecdd90","name":"urateam","component":"PipelineRunner","runId":"ymmxccJURYd1__iURDKuy","issueId":"AM-6","diffLines":199,"maxLines":200,"msg":"auto-merge eligible, merging PR"}
@urateam/core:test: {"level":30,"time":"2026-05-24T11:28:31.930Z","pid":401234,"hostname":"df54c4ecdd90","name":"urateam","component":"PipelineRunner","runId":"ymmxccJURYd1__iURDKuy","issueId":"AM-6","prUrl":"https://github.com/test/repo/pull/42","msg":"PR auto-merged"}
@urateam/core:test: {"level":30,"time":"2026-05-24T11:28:31.930Z","pid":401234,"hostname":"df54c4ecdd90","name":"urateam","component":"PipelineRunner","runId":"ymmxccJURYd1__iURDKuy","issueId":"AM-6","prUrl":"https://github.com/test/repo/pull/42","autoMerged":true,"autoCommitted":false,"totalInputTokens":400,"totalOutputTokens":200,"msg":"pipeline completed"}
@urateam/core:test: {"level":30,"time":"2026-05-24T11:28:31.994Z","pid":401234,"hostname":"df54c4ecdd90","name":"urateam","component":"PipelineRunner","issueId":"AM-7","pipeline":"auto-implement","msg":"start() called"}
@urateam/core:test: {"level":30,"time":"2026-05-24T11:28:31.994Z","pid":401234,"hostname":"df54c4ecdd90","name":"urateam","component":"PipelineRunner","runId":"Jt-_uoio7u4pST3oTZgs6","issueId":"AM-7","branch":"agent/AM-7-auto-merge-test-issue","msg":"inserting run into DB"}
@urateam/core:test: {"level":30,"time":"2026-05-24T11:28:31.995Z","pid":401234,"hostname":"df54c4ecdd90","name":"urateam","component":"PipelineRunner","runId":"Jt-_uoio7u4pST3oTZgs6","issueId":"AM-7","branch":"agent/AM-7-auto-merge-test-issue","msg":"run queued"}
@urateam/core:test: {"level":30,"time":"2026-05-24T11:28:31.995Z","pid":401234,"hostname":"df54c4ecdd90","name":"urateam","component":"PipelineRunner","runId":"Jt-_uoio7u4pST3oTZgs6","issueId":"AM-7","msg":"executing pipeline"}
@urateam/core:test: {"level":30,"time":"2026-05-24T11:28:31.997Z","pid":401234,"hostname":"df54c4ecdd90","name":"urateam","component":"PipelineRunner","runId":"Jt-_uoio7u4pST3oTZgs6","issueId":"AM-7","msg":"notifying pipeline start"}
@urateam/core:test: {"level":30,"time":"2026-05-24T11:28:31.997Z","pid":401234,"hostname":"df54c4ecdd90","name":"urateam","component":"PipelineRunner","runId":"Jt-_uoio7u4pST3oTZgs6","issueId":"AM-7","repoUrl":"https://github.com/test/test-repo.git","repoDir":"/tmp/auto-merge-repos/auto-merge-test-issue","msg":"cloning repository"}
@urateam/core:test: {"level":30,"time":"2026-05-24T11:28:31.998Z","pid":401234,"hostname":"df54c4ecdd90","name":"urateam","component":"PipelineRunner","runId":"Jt-_uoio7u4pST3oTZgs6","issueId":"AM-7","msg":"clone complete, creating worktree"}
@urateam/core:test: {"level":30,"time":"2026-05-24T11:28:31.998Z","pid":401234,"hostname":"df54c4ecdd90","name":"urateam","component":"PipelineRunner","runId":"Jt-_uoio7u4pST3oTZgs6","issueId":"AM-7","worktreePath":"/tmp/auto-merge-test-worktree","msg":"worktree created"}
@urateam/core:test: {"level":40,"time":"2026-05-24T11:28:31.998Z","pid":401234,"hostname":"df54c4ecdd90","name":"urateam","component":"PipelineRunner","err":{"type":"Error","message":"ENOENT: no such file or directory, open '/tmp/auto-merge-test-worktree/CLAUDE.md'","stack":"Error: ENOENT: no such file or directory, open '/tmp/auto-merge-test-worktree/CLAUDE.md'\n    at open (node:internal/fs/promises:639:25)\n    at writeFile (node:internal/fs/promises:1219:14)\n    at PipelineRunner.injectAgentConfig (/home/ura/data/runs/PnXZTHwyAR6qch7obf8pl/worktree/packages/core/src/pipeline/runner.ts:765:7)\n    at PipelineRunner.executePipeline (/home/ura/data/runs/PnXZTHwyAR6qch7obf8pl/worktree/packages/core/src/pipeline/runner.ts:922:9)\n    at /home/ura/data/runs/PnXZTHwyAR6qch7obf8pl/worktree/packages/core/src/pipeline/runner.ts:336:9\n    at Object.enqueue (/home/ura/data/runs/PnXZTHwyAR6qch7obf8pl/worktree/packages/core/src/pipeline/queue.ts:33:16)","errno":-2,"code":"ENOENT","syscall":"open","path":"/tmp/auto-merge-test-worktree/CLAUDE.md"},"msg":"failed to inject CLAUDE.md — agent will run without it"}
@urateam/core:test: {"level":30,"time":"2026-05-24T11:28:31.999Z","pid":401234,"hostname":"df54c4ecdd90","name":"urateam","component":"PipelineRunner","runId":"Jt-_uoio7u4pST3oTZgs6","issueId":"AM-7","languages":["typescript"],"frameworks":[],"buildSystems":["pnpm"],"msg":"tech stack detected"}
@urateam/core:test: {"level":30,"time":"2026-05-24T11:28:31.999Z","pid":401234,"hostname":"df54c4ecdd90","name":"urateam","component":"PipelineRunner","runId":"Jt-_uoio7u4pST3oTZgs6","issueId":"AM-7","stages":["triage","implement"],"msg":"starting pipeline stages"}
@urateam/core:test: {"level":30,"time":"2026-05-24T11:28:31.999Z","pid":401234,"hostname":"df54c4ecdd90","name":"urateam","component":"PipelineRunner","runId":"Jt-_uoio7u4pST3oTZgs6","issueId":"AM-7","stage":"triage","msg":"executing stage"}
@urateam/core:test: {"level":30,"time":"2026-05-24T11:28:32.004Z","pid":401234,"hostname":"df54c4ecdd90","name":"urateam","component":"PipelineRunner","runId":"Jt-_uoio7u4pST3oTZgs6","issueId":"AM-7","stage":"implement","msg":"executing stage"}
@urateam/core:test: {"level":40,"time":"2026-05-24T11:28:32.018Z","pid":401234,"hostname":"df54c4ecdd90","name":"urateam","component":"PipelineRunner","runId":"Jt-_uoio7u4pST3oTZgs6","issueId":"AM-7","excerpt":[],"outputPrefix":"","msg":"typecheck-gate: non-zero exit with no parseable TS errors — treating as setup issue and continuing"}
@urateam/core:test: {"level":30,"time":"2026-05-24T11:28:32.018Z","pid":401234,"hostname":"df54c4ecdd90","name":"urateam","component":"PipelineRunner","runId":"Jt-_uoio7u4pST3oTZgs6","issueId":"AM-7","defaultBranch":"main","msg":"push queue: rebasing before push"}
@urateam/core:test: {"level":30,"time":"2026-05-24T11:28:32.018Z","pid":401234,"hostname":"df54c4ecdd90","name":"urateam","component":"PipelineRunner","runId":"Jt-_uoio7u4pST3oTZgs6","issueId":"AM-7","branch":"agent/AM-7-auto-merge-test-issue","rebaseConflict":false,"msg":"push queue: force-with-lease push (agent branch or rebase conflict)"}
@urateam/core:test: {"level":30,"time":"2026-05-24T11:28:32.018Z","pid":401234,"hostname":"df54c4ecdd90","name":"urateam","component":"PipelineRunner","runId":"Jt-_uoio7u4pST3oTZgs6","issueId":"AM-7","msg":"creating PR via gh CLI"}
@urateam/core:test: {"level":30,"time":"2026-05-24T11:28:32.018Z","pid":401234,"hostname":"df54c4ecdd90","name":"urateam","component":"PipelineRunner","runId":"Jt-_uoio7u4pST3oTZgs6","issueId":"AM-7","prUrl":"https://github.com/test/repo/pull/42","msg":"PR created"}
@urateam/core:test: {"level":30,"time":"2026-05-24T11:28:32.019Z","pid":401234,"hostname":"df54c4ecdd90","name":"urateam","component":"PipelineRunner","runId":"Jt-_uoio7u4pST3oTZgs6","issueId":"AM-7","diffLines":50,"maxLines":200,"excludedFile":"db/migrations/0001_initial.sql","msg":"skipping auto-merge: File matches exclusion pattern: db/migrations/0001_initial.sql"}
@urateam/core:test: {"level":30,"time":"2026-05-24T11:28:32.021Z","pid":401234,"hostname":"df54c4ecdd90","name":"urateam","component":"PipelineRunner","runId":"Jt-_uoio7u4pST3oTZgs6","issueId":"AM-7","prUrl":"https://github.com/test/repo/pull/42","autoMerged":false,"autoCommitted":false,"totalInputTokens":400,"totalOutputTokens":200,"msg":"pipeline completed"}
@urateam/cli:test:  ✓ src/__tests__/config.test.ts (5 tests) 61ms
@urateam/core:test: {"level":30,"time":"2026-05-24T11:28:32.078Z","pid":401234,"hostname":"df54c4ecdd90","name":"urateam","component":"PipelineRunner","issueId":"AM-8","pipeline":"auto-implement","msg":"start() called"}
@urateam/core:test: {"level":30,"time":"2026-05-24T11:28:32.079Z","pid":401234,"hostname":"df54c4ecdd90","name":"urateam","component":"PipelineRunner","runId":"CzwT6AaoG90KlN9nyPLzl","issueId":"AM-8","branch":"agent/AM-8-auto-merge-test-issue","msg":"inserting run into DB"}
@urateam/core:test: {"level":30,"time":"2026-05-24T11:28:32.079Z","pid":401234,"hostname":"df54c4ecdd90","name":"urateam","component":"PipelineRunner","runId":"CzwT6AaoG90KlN9nyPLzl","issueId":"AM-8","branch":"agent/AM-8-auto-merge-test-issue","msg":"run queued"}
@urateam/core:test: {"level":30,"time":"2026-05-24T11:28:32.083Z","pid":401234,"hostname":"df54c4ecdd90","name":"urateam","component":"PipelineRunner","runId":"CzwT6AaoG90KlN9nyPLzl","issueId":"AM-8","msg":"executing pipeline"}
@urateam/core:test: {"level":30,"time":"2026-05-24T11:28:32.084Z","pid":401234,"hostname":"df54c4ecdd90","name":"urateam","component":"PipelineRunner","runId":"CzwT6AaoG90KlN9nyPLzl","issueId":"AM-8","msg":"notifying pipeline start"}
@urateam/core:test: {"level":30,"time":"2026-05-24T11:28:32.084Z","pid":401234,"hostname":"df54c4ecdd90","name":"urateam","component":"PipelineRunner","runId":"CzwT6AaoG90KlN9nyPLzl","issueId":"AM-8","repoUrl":"https://github.com/test/test-repo.git","repoDir":"/tmp/auto-merge-repos/auto-merge-test-issue","msg":"cloning repository"}
@urateam/core:test: {"level":30,"time":"2026-05-24T11:28:32.084Z","pid":401234,"hostname":"df54c4ecdd90","name":"urateam","component":"PipelineRunner","runId":"CzwT6AaoG90KlN9nyPLzl","issueId":"AM-8","msg":"clone complete, creating worktree"}
@urateam/core:test: {"level":30,"time":"2026-05-24T11:28:32.084Z","pid":401234,"hostname":"df54c4ecdd90","name":"urateam","component":"PipelineRunner","runId":"CzwT6AaoG90KlN9nyPLzl","issueId":"AM-8","worktreePath":"/tmp/auto-merge-test-worktree","msg":"worktree created"}
@urateam/core:test: {"level":40,"time":"2026-05-24T11:28:32.090Z","pid":401234,"hostname":"df54c4ecdd90","name":"urateam","component":"PipelineRunner","err":{"type":"Error","message":"ENOENT: no such file or directory, open '/tmp/auto-merge-test-worktree/CLAUDE.md'","stack":"Error: ENOENT: no such file or directory, open '/tmp/auto-merge-test-worktree/CLAUDE.md'\n    at open (node:internal/fs/promises:639:25)\n    at writeFile (node:internal/fs/promises:1219:14)\n    at PipelineRunner.injectAgentConfig (/home/ura/data/runs/PnXZTHwyAR6qch7obf8pl/worktree/packages/core/src/pipeline/runner.ts:765:7)\n    at PipelineRunner.executePipeline (/home/ura/data/runs/PnXZTHwyAR6qch7obf8pl/worktree/packages/core/src/pipeline/runner.ts:922:9)\n    at /home/ura/data/runs/PnXZTHwyAR6qch7obf8pl/worktree/packages/core/src/pipeline/runner.ts:336:9\n    at Object.enqueue (/home/ura/data/runs/PnXZTHwyAR6qch7obf8pl/worktree/packages/core/src/pipeline/queue.ts:33:16)","errno":-2,"code":"ENOENT","syscall":"open","path":"/tmp/auto-merge-test-worktree/CLAUDE.md"},"msg":"failed to inject CLAUDE.md — agent will run without it"}
@urateam/core:test: {"level":30,"time":"2026-05-24T11:28:32.094Z","pid":401234,"hostname":"df54c4ecdd90","name":"urateam","component":"PipelineRunner","runId":"CzwT6AaoG90KlN9nyPLzl","issueId":"AM-8","languages":["typescript"],"frameworks":[],"buildSystems":["pnpm"],"msg":"tech stack detected"}
@urateam/core:test: {"level":30,"time":"2026-05-24T11:28:32.094Z","pid":401234,"hostname":"df54c4ecdd90","name":"urateam","component":"PipelineRunner","runId":"CzwT6AaoG90KlN9nyPLzl","issueId":"AM-8","stages":["triage","implement"],"msg":"starting pipeline stages"}
@urateam/core:test: {"level":30,"time":"2026-05-24T11:28:32.094Z","pid":401234,"hostname":"df54c4ecdd90","name":"urateam","component":"PipelineRunner","runId":"CzwT6AaoG90KlN9nyPLzl","issueId":"AM-8","stage":"triage","msg":"executing stage"}
@urateam/core:test: {"level":30,"time":"2026-05-24T11:28:32.098Z","pid":401234,"hostname":"df54c4ecdd90","name":"urateam","component":"PipelineRunner","runId":"CzwT6AaoG90KlN9nyPLzl","issueId":"AM-8","stage":"implement","msg":"executing stage"}
@urateam/core:test: {"level":40,"time":"2026-05-24T11:28:32.107Z","pid":401234,"hostname":"df54c4ecdd90","name":"urateam","component":"PipelineRunner","runId":"CzwT6AaoG90KlN9nyPLzl","issueId":"AM-8","excerpt":[],"outputPrefix":"","msg":"typecheck-gate: non-zero exit with no parseable TS errors — treating as setup issue and continuing"}
@urateam/core:test: {"level":30,"time":"2026-05-24T11:28:32.108Z","pid":401234,"hostname":"df54c4ecdd90","name":"urateam","component":"PipelineRunner","runId":"CzwT6AaoG90KlN9nyPLzl","issueId":"AM-8","defaultBranch":"main","msg":"push queue: rebasing before push"}
@urateam/core:test: {"level":30,"time":"2026-05-24T11:28:32.108Z","pid":401234,"hostname":"df54c4ecdd90","name":"urateam","component":"PipelineRunner","runId":"CzwT6AaoG90KlN9nyPLzl","issueId":"AM-8","branch":"agent/AM-8-auto-merge-test-issue","rebaseConflict":false,"msg":"push queue: force-with-lease push (agent branch or rebase conflict)"}
@urateam/core:test: {"level":30,"time":"2026-05-24T11:28:32.110Z","pid":401234,"hostname":"df54c4ecdd90","name":"urateam","component":"PipelineRunner","runId":"CzwT6AaoG90KlN9nyPLzl","issueId":"AM-8","msg":"creating PR via gh CLI"}
@urateam/core:test: {"level":30,"time":"2026-05-24T11:28:32.110Z","pid":401234,"hostname":"df54c4ecdd90","name":"urateam","component":"PipelineRunner","runId":"CzwT6AaoG90KlN9nyPLzl","issueId":"AM-8","prUrl":"https://github.com/test/repo/pull/42","msg":"PR created"}
@urateam/core:test: {"level":30,"time":"2026-05-24T11:28:32.111Z","pid":401234,"hostname":"df54c4ecdd90","name":"urateam","component":"PipelineRunner","runId":"CzwT6AaoG90KlN9nyPLzl","issueId":"AM-8","diffLines":50,"maxLines":200,"msg":"auto-merge eligible, merging PR"}
@urateam/core:test: {"level":30,"time":"2026-05-24T11:28:32.111Z","pid":401234,"hostname":"df54c4ecdd90","name":"urateam","component":"PipelineRunner","runId":"CzwT6AaoG90KlN9nyPLzl","issueId":"AM-8","prUrl":"https://github.com/test/repo/pull/42","msg":"PR auto-merged"}
@urateam/core:test: {"level":30,"time":"2026-05-24T11:28:32.111Z","pid":401234,"hostname":"df54c4ecdd90","name":"urateam","component":"PipelineRunner","runId":"CzwT6AaoG90KlN9nyPLzl","issueId":"AM-8","prUrl":"https://github.com/test/repo/pull/42","autoMerged":true,"autoCommitted":false,"totalInputTokens":400,"totalOutputTokens":200,"msg":"pipeline completed"}
@urateam/core:test: {"level":30,"time":"2026-05-24T11:28:32.156Z","pid":401234,"hostname":"df54c4ecdd90","name":"urateam","component":"PipelineRunner","issueId":"AM-9","pipeline":"auto-implement","msg":"start() called"}
@urateam/core:test: {"level":30,"time":"2026-05-24T11:28:32.157Z","pid":401234,"hostname":"df54c4ecdd90","name":"urateam","component":"PipelineRunner","runId":"-Pwwpn0kEnoGsdsv7-nZy","issueId":"AM-9","branch":"agent/AM-9-auto-merge-test-issue","msg":"inserting run into DB"}
@urateam/core:test: {"level":30,"time":"2026-05-24T11:28:32.157Z","pid":401234,"hostname":"df54c4ecdd90","name":"urateam","component":"PipelineRunner","runId":"-Pwwpn0kEnoGsdsv7-nZy","issueId":"AM-9","branch":"agent/AM-9-auto-merge-test-issue","msg":"run queued"}
@urateam/core:test: {"level":30,"time":"2026-05-24T11:28:32.157Z","pid":401234,"hostname":"df54c4ecdd90","name":"urateam","component":"PipelineRunner","runId":"-Pwwpn0kEnoGsdsv7-nZy","issueId":"AM-9","msg":"executing pipeline"}
@urateam/core:test: {"level":30,"time":"2026-05-24T11:28:32.158Z","pid":401234,"hostname":"df54c4ecdd90","name":"urateam","component":"PipelineRunner","runId":"-Pwwpn0kEnoGsdsv7-nZy","issueId":"AM-9","msg":"notifying pipeline start"}
@urateam/core:test: {"level":30,"time":"2026-05-24T11:28:32.158Z","pid":401234,"hostname":"df54c4ecdd90","name":"urateam","component":"PipelineRunner","runId":"-Pwwpn0kEnoGsdsv7-nZy","issueId":"AM-9","repoUrl":"https://github.com/test/test-repo.git","repoDir":"/tmp/auto-merge-repos/auto-merge-test-issue","msg":"cloning repository"}
@urateam/core:test: {"level":30,"time":"2026-05-24T11:28:32.158Z","pid":401234,"hostname":"df54c4ecdd90","name":"urateam","component":"PipelineRunner","runId":"-Pwwpn0kEnoGsdsv7-nZy","issueId":"AM-9","msg":"clone complete, creating worktree"}
@urateam/core:test: {"level":30,"time":"2026-05-24T11:28:32.158Z","pid":401234,"hostname":"df54c4ecdd90","name":"urateam","component":"PipelineRunner","runId":"-Pwwpn0kEnoGsdsv7-nZy","issueId":"AM-9","worktreePath":"/tmp/auto-merge-test-worktree","msg":"worktree created"}
@urateam/core:test: {"level":40,"time":"2026-05-24T11:28:32.159Z","pid":401234,"hostname":"df54c4ecdd90","name":"urateam","component":"PipelineRunner","err":{"type":"Error","message":"ENOENT: no such file or directory, open '/tmp/auto-merge-test-worktree/CLAUDE.md'","stack":"Error: ENOENT: no such file or directory, open '/tmp/auto-merge-test-worktree/CLAUDE.md'\n    at open (node:internal/fs/promises:639:25)\n    at writeFile (node:internal/fs/promises:1219:14)\n    at PipelineRunner.injectAgentConfig (/home/ura/data/runs/PnXZTHwyAR6qch7obf8pl/worktree/packages/core/src/pipeline/runner.ts:765:7)\n    at PipelineRunner.executePipeline (/home/ura/data/runs/PnXZTHwyAR6qch7obf8pl/worktree/packages/core/src/pipeline/runner.ts:922:9)\n    at /home/ura/data/runs/PnXZTHwyAR6qch7obf8pl/worktree/packages/core/src/pipeline/runner.ts:336:9\n    at Object.enqueue (/home/ura/data/runs/PnXZTHwyAR6qch7obf8pl/worktree/packages/core/src/pipeline/queue.ts:33:16)","errno":-2,"code":"ENOENT","syscall":"open","path":"/tmp/auto-merge-test-worktree/CLAUDE.md"},"msg":"failed to inject CLAUDE.md — agent will run without it"}
@urateam/core:test: {"level":30,"time":"2026-05-24T11:28:32.159Z","pid":401234,"hostname":"df54c4ecdd90","name":"urateam","component":"PipelineRunner","runId":"-Pwwpn0kEnoGsdsv7-nZy","issueId":"AM-9","languages":["typescript"],"frameworks":[],"buildSystems":["pnpm"],"msg":"tech stack detected"}
@urateam/core:test: {"level":30,"time":"2026-05-24T11:28:32.159Z","pid":401234,"hostname":"df54c4ecdd90","name":"urateam","component":"PipelineRunner","runId":"-Pwwpn0kEnoGsdsv7-nZy","issueId":"AM-9","stages":["triage","implement"],"msg":"starting pipeline stages"}
@urateam/core:test: {"level":30,"time":"2026-05-24T11:28:32.159Z","pid":401234,"hostname":"df54c4ecdd90","name":"urateam","component":"PipelineRunner","runId":"-Pwwpn0kEnoGsdsv7-nZy","issueId":"AM-9","stage":"triage","msg":"executing stage"}
@urateam/core:test: {"level":30,"time":"2026-05-24T11:28:32.163Z","pid":401234,"hostname":"df54c4ecdd90","name":"urateam","component":"PipelineRunner","runId":"-Pwwpn0kEnoGsdsv7-nZy","issueId":"AM-9","stage":"implement","msg":"executing stage"}
@urateam/core:test: {"level":40,"time":"2026-05-24T11:28:32.172Z","pid":401234,"hostname":"df54c4ecdd90","name":"urateam","component":"PipelineRunner","runId":"-Pwwpn0kEnoGsdsv7-nZy","issueId":"AM-9","excerpt":[],"outputPrefix":"","msg":"typecheck-gate: non-zero exit with no parseable TS errors — treating as setup issue and continuing"}
@urateam/core:test: {"level":30,"time":"2026-05-24T11:28:32.174Z","pid":401234,"hostname":"df54c4ecdd90","name":"urateam","component":"PipelineRunner","runId":"-Pwwpn0kEnoGsdsv7-nZy","issueId":"AM-9","defaultBranch":"main","msg":"push queue: rebasing before push"}
@urateam/core:test: {"level":30,"time":"2026-05-24T11:28:32.174Z","pid":401234,"hostname":"df54c4ecdd90","name":"urateam","component":"PipelineRunner","runId":"-Pwwpn0kEnoGsdsv7-nZy","issueId":"AM-9","branch":"agent/AM-9-auto-merge-test-issue","rebaseConflict":false,"msg":"push queue: force-with-lease push (agent branch or rebase conflict)"}
@urateam/core:test: {"level":30,"time":"2026-05-24T11:28:32.175Z","pid":401234,"hostname":"df54c4ecdd90","name":"urateam","component":"PipelineRunner","runId":"-Pwwpn0kEnoGsdsv7-nZy","issueId":"AM-9","msg":"creating PR via gh CLI"}
@urateam/core:test: {"level":30,"time":"2026-05-24T11:28:32.176Z","pid":401234,"hostname":"df54c4ecdd90","name":"urateam","component":"PipelineRunner","runId":"-Pwwpn0kEnoGsdsv7-nZy","issueId":"AM-9","prUrl":"https://github.com/test/repo/pull/42","msg":"PR created"}
@urateam/core:test: {"level":30,"time":"2026-05-24T11:28:32.177Z","pid":401234,"hostname":"df54c4ecdd90","name":"urateam","component":"PipelineRunner","runId":"-Pwwpn0kEnoGsdsv7-nZy","issueId":"AM-9","diffLines":50,"maxLines":200,"msg":"auto-merge eligible, merging PR"}
@urateam/core:test: {"level":30,"time":"2026-05-24T11:28:32.177Z","pid":401234,"hostname":"df54c4ecdd90","name":"urateam","component":"PipelineRunner","runId":"-Pwwpn0kEnoGsdsv7-nZy","issueId":"AM-9","prUrl":"https://github.com/test/repo/pull/42","msg":"PR auto-merged"}
@urateam/core:test: {"level":30,"time":"2026-05-24T11:28:32.181Z","pid":401234,"hostname":"df54c4ecdd90","name":"urateam","component":"PipelineRunner","runId":"-Pwwpn0kEnoGsdsv7-nZy","issueId":"AM-9","prUrl":"https://github.com/test/repo/pull/42","autoMerged":true,"autoCommitted":false,"totalInputTokens":400,"totalOutputTokens":200,"msg":"pipeline completed"}
@urateam/core:test: {"level":30,"time":"2026-05-24T11:28:32.230Z","pid":401234,"hostname":"df54c4ecdd90","name":"urateam","component":"PipelineRunner","issueId":"AM-10","pipeline":"auto-implement","msg":"start() called"}
@urateam/core:test: {"level":30,"time":"2026-05-24T11:28:32.232Z","pid":401234,"hostname":"df54c4ecdd90","name":"urateam","component":"PipelineRunner","runId":"b-uRtxeXaJn0kn-U1CVvy","issueId":"AM-10","branch":"agent/AM-10-auto-merge-test-issue","msg":"inserting run into DB"}
@urateam/core:test: {"level":30,"time":"2026-05-24T11:28:32.233Z","pid":401234,"hostname":"df54c4ecdd90","name":"urateam","component":"PipelineRunner","runId":"b-uRtxeXaJn0kn-U1CVvy","issueId":"AM-10","branch":"agent/AM-10-auto-merge-test-issue","msg":"run queued"}
@urateam/core:test: {"level":30,"time":"2026-05-24T11:28:32.233Z","pid":401234,"hostname":"df54c4ecdd90","name":"urateam","component":"PipelineRunner","runId":"b-uRtxeXaJn0kn-U1CVvy","issueId":"AM-10","msg":"executing pipeline"}
@urateam/core:test: {"level":30,"time":"2026-05-24T11:28:32.233Z","pid":401234,"hostname":"df54c4ecdd90","name":"urateam","component":"PipelineRunner","runId":"b-uRtxeXaJn0kn-U1CVvy","issueId":"AM-10","msg":"notifying pipeline start"}
@urateam/core:test: {"level":30,"time":"2026-05-24T11:28:32.233Z","pid":401234,"hostname":"df54c4ecdd90","name":"urateam","component":"PipelineRunner","runId":"b-uRtxeXaJn0kn-U1CVvy","issueId":"AM-10","repoUrl":"https://github.com/test/test-repo.git","repoDir":"/tmp/auto-merge-repos/auto-merge-test-issue","msg":"cloning repository"}
@urateam/core:test: {"level":30,"time":"2026-05-24T11:28:32.234Z","pid":401234,"hostname":"df54c4ecdd90","name":"urateam","component":"PipelineRunner","runId":"b-uRtxeXaJn0kn-U1CVvy","issueId":"AM-10","msg":"clone complete, creating worktree"}
@urateam/core:test: {"level":30,"time":"2026-05-24T11:28:32.234Z","pid":401234,"hostname":"df54c4ecdd90","name":"urateam","component":"PipelineRunner","runId":"b-uRtxeXaJn0kn-U1CVvy","issueId":"AM-10","worktreePath":"/tmp/auto-merge-test-worktree","msg":"worktree created"}
@urateam/core:test: {"level":40,"time":"2026-05-24T11:28:32.236Z","pid":401234,"hostname":"df54c4ecdd90","name":"urateam","component":"PipelineRunner","err":{"type":"Error","message":"ENOENT: no such file or directory, open '/tmp/auto-merge-test-worktree/CLAUDE.md'","stack":"Error: ENOENT: no such file or directory, open '/tmp/auto-merge-test-worktree/CLAUDE.md'\n    at open (node:internal/fs/promises:639:25)\n    at writeFile (node:internal/fs/promises:1219:14)\n    at PipelineRunner.injectAgentConfig (/home/ura/data/runs/PnXZTHwyAR6qch7obf8pl/worktree/packages/core/src/pipeline/runner.ts:765:7)\n    at PipelineRunner.executePipeline (/home/ura/data/runs/PnXZTHwyAR6qch7obf8pl/worktree/packages/core/src/pipeline/runner.ts:922:9)\n    at /home/ura/data/runs/PnXZTHwyAR6qch7obf8pl/worktree/packages/core/src/pipeline/runner.ts:336:9\n    at Object.enqueue (/home/ura/data/runs/PnXZTHwyAR6qch7obf8pl/worktree/packages/core/src/pipeline/queue.ts:33:16)","errno":-2,"code":"ENOENT","syscall":"open","path":"/tmp/auto-merge-test-worktree/CLAUDE.md"},"msg":"failed to inject CLAUDE.md — agent will run without it"}
@urateam/core:test: {"level":30,"time":"2026-05-24T11:28:32.237Z","pid":401234,"hostname":"df54c4ecdd90","name":"urateam","component":"PipelineRunner","runId":"b-uRtxeXaJn0kn-U1CVvy","issueId":"AM-10","languages":["typescript"],"frameworks":[],"buildSystems":["pnpm"],"msg":"tech stack detected"}
@urateam/core:test: {"level":30,"time":"2026-05-24T11:28:32.237Z","pid":401234,"hostname":"df54c4ecdd90","name":"urateam","component":"PipelineRunner","runId":"b-uRtxeXaJn0kn-U1CVvy","issueId":"AM-10","stages":["triage","implement"],"msg":"starting pipeline stages"}
@urateam/core:test: {"level":30,"time":"2026-05-24T11:28:32.237Z","pid":401234,"hostname":"df54c4ecdd90","name":"urateam","component":"PipelineRunner","runId":"b-uRtxeXaJn0kn-U1CVvy","issueId":"AM-10","stage":"triage","msg":"executing stage"}
@urateam/core:test: {"level":30,"time":"2026-05-24T11:28:32.238Z","pid":401234,"hostname":"df54c4ecdd90","name":"urateam","component":"PipelineRunner","runId":"b-uRtxeXaJn0kn-U1CVvy","issueId":"AM-10","stage":"implement","msg":"executing stage"}
@urateam/core:test: {"level":40,"time":"2026-05-24T11:28:32.245Z","pid":401234,"hostname":"df54c4ecdd90","name":"urateam","component":"PipelineRunner","runId":"b-uRtxeXaJn0kn-U1CVvy","issueId":"AM-10","excerpt":[],"outputPrefix":"","msg":"typecheck-gate: non-zero exit with no parseable TS errors — treating as setup issue and continuing"}
@urateam/core:test: {"level":30,"time":"2026-05-24T11:28:32.246Z","pid":401234,"hostname":"df54c4ecdd90","name":"urateam","component":"PipelineRunner","runId":"b-uRtxeXaJn0kn-U1CVvy","issueId":"AM-10","defaultBranch":"main","msg":"push queue: rebasing before push"}
@urateam/core:test: {"level":30,"time":"2026-05-24T11:28:32.246Z","pid":401234,"hostname":"df54c4ecdd90","name":"urateam","component":"PipelineRunner","runId":"b-uRtxeXaJn0kn-U1CVvy","issueId":"AM-10","branch":"agent/AM-10-auto-merge-test-issue","rebaseConflict":false,"msg":"push queue: force-with-lease push (agent branch or rebase conflict)"}
@urateam/core:test: {"level":30,"time":"2026-05-24T11:28:32.246Z","pid":401234,"hostname":"df54c4ecdd90","name":"urateam","component":"PipelineRunner","runId":"b-uRtxeXaJn0kn-U1CVvy","issueId":"AM-10","msg":"creating PR via gh CLI"}
@urateam/core:test: {"level":30,"time":"2026-05-24T11:28:32.246Z","pid":401234,"hostname":"df54c4ecdd90","name":"urateam","component":"PipelineRunner","runId":"b-uRtxeXaJn0kn-U1CVvy","issueId":"AM-10","prUrl":"https://github.com/test/repo/pull/42","msg":"PR created"}
@urateam/core:test: {"level":30,"time":"2026-05-24T11:28:32.246Z","pid":401234,"hostname":"df54c4ecdd90","name":"urateam","component":"PipelineRunner","runId":"b-uRtxeXaJn0kn-U1CVvy","issueId":"AM-10","diffLines":500,"maxLines":200,"msg":"skipping auto-merge: Diff too large (500 lines, max 200)"}
@urateam/core:test: {"level":30,"time":"2026-05-24T11:28:32.247Z","pid":401234,"hostname":"df54c4ecdd90","name":"urateam","component":"PipelineRunner","runId":"b-uRtxeXaJn0kn-U1CVvy","issueId":"AM-10","prUrl":"https://github.com/test/repo/pull/42","autoMerged":false,"autoCommitted":false,"totalInputTokens":400,"totalOutputTokens":200,"msg":"pipeline completed"}
@urateam/core:test:  ✓ src/__tests__/auto-merge.test.ts (16 tests) 912ms
@urateam/core:test:  ✓ src/__tests__/auth/sso-feature-flag.test.ts (4 tests) 849ms
@urateam/core:test:    ✓ sso feature flag > is re-exported from the @urateam/core barrel  836ms
@urateam/cli:test: stdout | src/__tests__/repo.test.ts > ura repo add > clones into ~/.urateam/repos/<slug> and appends to config.json
@urateam/cli:test: ura repo add: cloned https://github.com/foo/bar.git → /tmp/ura-repo-OFFGHc/repos/bar
@urateam/cli:test: 
@urateam/cli:test: stdout | src/__tests__/repo.test.ts > ura repo add > rejects duplicate URLs
@urateam/cli:test: ura repo add: cloned https://github.com/foo/bar.git → /tmp/ura-repo-kFAJmc/repos/bar
@urateam/cli:test: 
@urateam/cli:test: stdout | src/__tests__/repo.test.ts > ura repo add > derives slug from .git URL trailing path (foo/bar.git → bar)
@urateam/cli:test: ura repo add: cloned git@github.com:org/awesome-tool.git → /tmp/ura-repo-mcMGFd/repos/awesome-tool
@urateam/cli:test: 
@urateam/cli:test: stdout | src/__tests__/repo.test.ts > ura repo add > accepts --branch override
@urateam/cli:test: ura repo add: cloned https://github.com/foo/bar.git → /tmp/ura-repo-cpEBJd/repos/bar
@urateam/cli:test: 
@urateam/cli:test: stdout | src/__tests__/repo.test.ts > ura repo add > accepts --team and --label-pattern
@urateam/cli:test: ura repo add: cloned https://github.com/foo/bar.git → /tmp/ura-repo-moLDNd/repos/bar
@urateam/cli:test: 
@urateam/cli:test: stdout | src/__tests__/repo.test.ts > ura repo remove > removes the matching entry from config.json
@urateam/cli:test: ura repo remove: removed 'x'
@urateam/cli:test: 
@urateam/cli:test: stdout | src/__tests__/repo.test.ts > ura repo remove > preserves the clone on disk by default (no --purge)
@urateam/cli:test: ura repo remove: removed 'x'
@urateam/cli:test: 
@urateam/cli:test: stdout | src/__tests__/repo.test.ts > ura repo remove > deletes the clone when --purge is passed
@urateam/cli:test: ura repo remove: removed 'x' and deleted the clone
@urateam/cli:test: 
@urateam/cli:test:  ✓ src/__tests__/repo.test.ts (13 tests) 78ms
@urateam/cli:test:  ✓ src/__tests__/config-watcher.test.ts (17 tests) 60ms
@urateam/core:test: hint: Using 'master' as the name for the initial branch. This default branch name
@urateam/core:test: hint: will change to "main" in Git 3.0. To configure the initial branch name
@urateam/core:test: hint: to use in all of your new repositories, which will suppress this warning,
@urateam/core:test: hint: call:
@urateam/core:test: hint:
@urateam/core:test: hint: 	git config --global init.defaultBranch <name>
@urateam/core:test: hint:
@urateam/core:test: hint: Names commonly chosen instead of 'master' are 'main', 'trunk' and
@urateam/core:test: hint: 'development'. The just-created branch can be renamed via this command:
@urateam/core:test: hint:
@urateam/core:test: hint: 	git branch -m <name>
@urateam/core:test: hint:
@urateam/core:test: hint: Disable this message with "git config set advice.defaultBranchName false"
@urateam/core:test: {"level":30,"time":"2026-05-24T11:28:33.054Z","pid":401385,"hostname":"df54c4ecdd90","name":"urateam","component":"ExtractHandoff","stage":"implement","msg":"building handoff from git diff"}
@urateam/core:test: {"level":30,"time":"2026-05-24T11:28:33.067Z","pid":401385,"hostname":"df54c4ecdd90","name":"urateam","component":"ExtractHandoff","stage":"implement","filesChanged":1,"msg":"handoff built"}
@urateam/core:test: hint: Using 'master' as the name for the initial branch. This default branch name
@urateam/core:test: hint: will change to "main" in Git 3.0. To configure the initial branch name
@urateam/core:test: hint: to use in all of your new repositories, which will suppress this warning,
@urateam/core:test: hint: call:
@urateam/core:test: hint:
@urateam/core:test: hint: 	git config --global init.defaultBranch <name>
@urateam/core:test: hint:
@urateam/core:test: hint: Names commonly chosen instead of 'master' are 'main', 'trunk' and
@urateam/core:test: hint: 'development'. The just-created branch can be renamed via this command:
@urateam/core:test: hint:
@urateam/core:test: hint: 	git branch -m <name>
@urateam/core:test: hint:
@urateam/core:test: hint: Disable this message with "git config set advice.defaultBranchName false"
@urateam/core:test: {"level":30,"time":"2026-05-24T11:28:33.104Z","pid":401385,"hostname":"df54c4ecdd90","name":"urateam","component":"ExtractHandoff","stage":"implement","msg":"building handoff from git diff"}
@urateam/core:test: {"level":30,"time":"2026-05-24T11:28:33.115Z","pid":401385,"hostname":"df54c4ecdd90","name":"urateam","component":"ExtractHandoff","stage":"implement","filesChanged":2,"msg":"handoff built"}
@urateam/core:test: hint: Using 'master' as the name for the initial branch. This default branch name
@urateam/core:test: hint: will change to "main" in Git 3.0. To configure the initial branch name
@urateam/core:test: hint: to use in all of your new repositories, which will suppress this warning,
@urateam/core:test: hint: call:
@urateam/core:test: hint:
@urateam/core:test: hint: 	git config --global init.defaultBranch <name>
@urateam/core:test: hint:
@urateam/core:test: hint: Names commonly chosen instead of 'master' are 'main', 'trunk' and
@urateam/core:test: hint: 'development'. The just-created branch can be renamed via this command:
@urateam/core:test: hint:
@urateam/core:test: hint: 	git branch -m <name>
@urateam/core:test: hint:
@urateam/core:test: hint: Disable this message with "git config set advice.defaultBranchName false"
@urateam/core:test: {"level":30,"time":"2026-05-24T11:28:33.138Z","pid":401385,"hostname":"df54c4ecdd90","name":"urateam","component":"ExtractHandoff","stage":"review","msg":"building handoff from git diff"}
@urateam/core:test: {"level":30,"time":"2026-05-24T11:28:33.146Z","pid":401385,"hostname":"df54c4ecdd90","name":"urateam","component":"ExtractHandoff","stage":"review","filesChanged":0,"msg":"handoff built"}
@urateam/core:test: hint: Using 'master' as the name for the initial branch. This default branch name
@urateam/core:test: hint: will change to "main" in Git 3.0. To configure the initial branch name
@urateam/core:test: hint: to use in all of your new repositories, which will suppress this warning,
@urateam/core:test: hint: call:
@urateam/core:test: hint:
@urateam/core:test: hint: 	git config --global init.defaultBranch <name>
@urateam/core:test: hint:
@urateam/core:test: hint: Names commonly chosen instead of 'master' are 'main', 'trunk' and
@urateam/core:test: hint: 'development'. The just-created branch can be renamed via this command:
@urateam/core:test: hint:
@urateam/core:test: hint: 	git branch -m <name>
@urateam/core:test: hint:
@urateam/core:test: hint: Disable this message with "git config set advice.defaultBranchName false"
@urateam/core:test: {"level":30,"time":"2026-05-24T11:28:33.175Z","pid":401385,"hostname":"df54c4ecdd90","name":"urateam","component":"ExtractHandoff","stage":"implement","msg":"building handoff from git diff"}
@urateam/core:test: {"level":30,"time":"2026-05-24T11:28:33.186Z","pid":401385,"hostname":"df54c4ecdd90","name":"urateam","component":"ExtractHandoff","stage":"implement","filesChanged":1,"msg":"handoff built"}
@urateam/core:test: hint: Using 'master' as the name for the initial branch. This default branch name
@urateam/core:test: hint: will change to "main" in Git 3.0. To configure the initial branch name
@urateam/core:test: hint: to use in all of your new repositories, which will suppress this warning,
@urateam/core:test: hint: call:
@urateam/core:test: hint:
@urateam/core:test: hint: 	git config --global init.defaultBranch <name>
@urateam/core:test: hint:
@urateam/core:test: hint: Names commonly chosen instead of 'master' are 'main', 'trunk' and
@urateam/core:test: hint: 'development'. The just-created branch can be renamed via this command:
@urateam/core:test: hint:
@urateam/core:test: hint: 	git branch -m <name>
@urateam/core:test: hint:
@urateam/core:test: hint: Disable this message with "git config set advice.defaultBranchName false"
@urateam/core:test: {"level":40,"time":"2026-05-24T11:28:33.222Z","pid":401385,"hostname":"df54c4ecdd90","name":"urateam","component":"ExtractHandoff","stage":"implement","gitFilesChanged":1,"baseRef":"(worktree only)","msg":"agent reported empty filesChanged but git shows real changes — overriding (urateam#35)"}
@urateam/core:test: hint: Using 'master' as the name for the initial branch. This default branch name
@urateam/core:test: hint: will change to "main" in Git 3.0. To configure the initial branch name
@urateam/core:test: hint: to use in all of your new repositories, which will suppress this warning,
@urateam/core:test: hint: call:
@urateam/core:test: hint:
@urateam/core:test: hint: 	git config --global init.defaultBranch <name>
@urateam/core:test: hint:
@urateam/core:test: hint: Names commonly chosen instead of 'master' are 'main', 'trunk' and
@urateam/core:test: hint: 'development'. The just-created branch can be renamed via this command:
@urateam/core:test: hint:
@urateam/core:test: hint: 	git branch -m <name>
@urateam/core:test: hint:
@urateam/core:test: hint: Disable this message with "git config set advice.defaultBranchName false"
@urateam/core:test: hint: Using 'master' as the name for the initial branch. This default branch name
@urateam/core:test: hint: will change to "main" in Git 3.0. To configure the initial branch name
@urateam/core:test: hint: to use in all of your new repositories, which will suppress this warning,
@urateam/core:test: hint: call:
@urateam/core:test: hint:
@urateam/core:test: hint: 	git config --global init.defaultBranch <name>
@urateam/core:test: hint:
@urateam/core:test: hint: Names commonly chosen instead of 'master' are 'main', 'trunk' and
@urateam/core:test: hint: 'development'. The just-created branch can be renamed via this command:
@urateam/core:test: hint:
@urateam/core:test: hint: 	git branch -m <name>
@urateam/core:test: hint:
@urateam/core:test: hint: Disable this message with "git config set advice.defaultBranchName false"
@urateam/core:test: {"level":40,"time":"2026-05-24T11:28:33.315Z","pid":401385,"hostname":"df54c4ecdd90","name":"urateam","component":"git","args":"status","err":"Command failed: git status --porcelain\nfatal: not a git repository (or any of the parent directories): .git\n","msg":"git command failed (non-fatal)"}
@urateam/cli:test:  ✓ src/__tests__/webhook.test.ts (6 tests) 61ms
@urateam/core:test: Switched to a new branch 'agent/iss-1'
@urateam/core:test: {"level":40,"time":"2026-05-24T11:28:33.407Z","pid":401385,"hostname":"df54c4ecdd90","name":"urateam","component":"ExtractHandoff","stage":"review","gitFilesChanged":2,"baseRef":"origin/main","msg":"agent reported empty filesChanged but git shows real changes — overriding (urateam#35)"}
@urateam/core:test: Switched to a new branch 'agent/iss-2'
@urateam/core:test: {"level":40,"time":"2026-05-24T11:28:33.509Z","pid":401385,"hostname":"df54c4ecdd90","name":"urateam","component":"ExtractHandoff","stage":"review","gitFilesChanged":1,"baseRef":"origin/main","msg":"agent reported empty filesChanged but git shows real changes — overriding (urateam#35)"}
@urateam/core:test: hint: Using 'master' as the name for the initial branch. This default branch name
@urateam/core:test: hint: will change to "main" in Git 3.0. To configure the initial branch name
@urateam/core:test: hint: to use in all of your new repositories, which will suppress this warning,
@urateam/core:test: hint: call:
@urateam/core:test: hint:
@urateam/core:test: hint: 	git config --global init.defaultBranch <name>
@urateam/core:test: hint:
@urateam/core:test: hint: Names commonly chosen instead of 'master' are 'main', 'trunk' and
@urateam/core:test: hint: 'development'. The just-created branch can be renamed via this command:
@urateam/core:test: hint:
@urateam/core:test: hint: 	git branch -m <name>
@urateam/core:test: hint:
@urateam/core:test: hint: Disable this message with "git config set advice.defaultBranchName false"
@urateam/core:test: {"level":30,"time":"2026-05-24T11:28:33.532Z","pid":401392,"hostname":"df54c4ecdd90","name":"urateam","component":"license","tier":"enterprise","customerId":"cust_test","expiresAt":"2026-05-25T11:28:33.000Z","msg":"license key validated"}
@urateam/core:test: {"level":30,"time":"2026-05-24T11:28:33.535Z","pid":401392,"hostname":"df54c4ecdd90","name":"urateam","component":"license","tier":"pro","customerId":"cust_test","expiresAt":"2026-05-25T11:28:33.000Z","msg":"license key validated"}
@urateam/core:test: {"level":30,"time":"2026-05-24T11:28:33.536Z","pid":401392,"hostname":"df54c4ecdd90","name":"urateam","component":"license","tier":"oss","msg":"no license key set — running in OSS mode"}
@urateam/core:test: {"level":40,"time":"2026-05-24T11:28:33.570Z","pid":401385,"hostname":"df54c4ecdd90","name":"urateam","component":"ExtractHandoff","stage":"implement","gitFilesChanged":1,"baseRef":"(worktree only)","msg":"agent reported empty filesChanged but git shows real changes — overriding (urateam#35)"}
@urateam/core:test: hint: Using 'master' as the name for the initial branch. This default branch name
@urateam/core:test: hint: will change to "main" in Git 3.0. To configure the initial branch name
@urateam/core:test: hint: to use in all of your new repositories, which will suppress this warning,
@urateam/core:test: hint: call:
@urateam/core:test: hint:
@urateam/core:test: hint: 	git config --global init.defaultBranch <name>
@urateam/core:test: hint:
@urateam/core:test: hint: Names commonly chosen instead of 'master' are 'main', 'trunk' and
@urateam/core:test: hint: 'development'. The just-created branch can be renamed via this command:
@urateam/core:test: hint:
@urateam/core:test: hint: 	git branch -m <name>
@urateam/core:test: hint:
@urateam/core:test: hint: Disable this message with "git config set advice.defaultBranchName false"
@urateam/core:test: {"level":40,"time":"2026-05-24T11:28:33.631Z","pid":401385,"hostname":"df54c4ecdd90","name":"urateam","component":"ExtractHandoff","stage":"implement","gitFilesChanged":1,"baseRef":"(worktree only)","msg":"agent reported empty filesChanged but git shows real changes — overriding (urateam#35)"}
@urateam/core:test: hint: Using 'master' as the name for the initial branch. This default branch name
@urateam/core:test: hint: will change to "main" in Git 3.0. To configure the initial branch name
@urateam/core:test: hint: to use in all of your new repositories, which will suppress this warning,
@urateam/core:test: hint: call:
@urateam/core:test: hint:
@urateam/core:test: hint: 	git config --global init.defaultBranch <name>
@urateam/core:test: hint:
@urateam/core:test: hint: Names commonly chosen instead of 'master' are 'main', 'trunk' and
@urateam/core:test: hint: 'development'. The just-created branch can be renamed via this command:
@urateam/core:test: hint:
@urateam/core:test: hint: 	git branch -m <name>
@urateam/core:test: hint:
@urateam/core:test: hint: Disable this message with "git config set advice.defaultBranchName false"
@urateam/core:test: {"level":30,"time":"2026-05-24T11:28:33.676Z","pid":401385,"hostname":"df54c4ecdd90","name":"urateam","component":"ExtractHandoff","stage":"review","msg":"building handoff from git diff"}
@urateam/core:test: {"level":30,"time":"2026-05-24T11:28:33.687Z","pid":401385,"hostname":"df54c4ecdd90","name":"urateam","component":"ExtractHandoff","stage":"review","filesChanged":1,"msg":"handoff built"}
@urateam/core:test: hint: Using 'master' as the name for the initial branch. This default branch name
@urateam/core:test: hint: will change to "main" in Git 3.0. To configure the initial branch name
@urateam/core:test: hint: to use in all of your new repositories, which will suppress this warning,
@urateam/core:test: hint: call:
@urateam/core:test: hint:
@urateam/core:test: hint: 	git config --global init.defaultBranch <name>
@urateam/core:test: hint:
@urateam/core:test: hint: Names commonly chosen instead of 'master' are 'main', 'trunk' and
@urateam/core:test: hint: 'development'. The just-created branch can be renamed via this command:
@urateam/core:test: hint:
@urateam/core:test: hint: 	git branch -m <name>
@urateam/core:test: hint:
@urateam/core:test: hint: Disable this message with "git config set advice.defaultBranchName false"
@urateam/core:test: {"level":30,"time":"2026-05-24T11:28:33.729Z","pid":401385,"hostname":"df54c4ecdd90","name":"urateam","component":"ExtractHandoff","stage":"implement","msg":"building handoff from git diff"}
@urateam/core:test: {"level":30,"time":"2026-05-24T11:28:33.736Z","pid":401385,"hostname":"df54c4ecdd90","name":"urateam","component":"ExtractHandoff","stage":"implement","filesChanged":1,"msg":"handoff built"}
@urateam/core:test: hint: Using 'master' as the name for the initial branch. This default branch name
@urateam/core:test: hint: will change to "main" in Git 3.0. To configure the initial branch name
@urateam/core:test: hint: to use in all of your new repositories, which will suppress this warning,
@urateam/core:test: hint: call:
@urateam/core:test: hint:
@urateam/core:test: hint: 	git config --global init.defaultBranch <name>
@urateam/core:test: hint:
@urateam/core:test: hint: Names commonly chosen instead of 'master' are 'main', 'trunk' and
@urateam/core:test: hint: 'development'. The just-created branch can be renamed via this command:
@urateam/core:test: hint:
@urateam/core:test: hint: 	git branch -m <name>
@urateam/core:test: hint:
@urateam/core:test: hint: Disable this message with "git config set advice.defaultBranchName false"
@urateam/core:test: {"level":30,"time":"2026-05-24T11:28:33.790Z","pid":401385,"hostname":"df54c4ecdd90","name":"urateam","component":"ExtractHandoff","stage":"implement","msg":"building handoff from git diff"}
@urateam/core:test: {"level":30,"time":"2026-05-24T11:28:33.797Z","pid":401385,"hostname":"df54c4ecdd90","name":"urateam","component":"ExtractHandoff","stage":"implement","filesChanged":1,"msg":"handoff built"}
@urateam/core:test: hint: Using 'master' as the name for the initial branch. This default branch name
@urateam/core:test: hint: will change to "main" in Git 3.0. To configure the initial branch name
@urateam/core:test: hint: to use in all of your new repositories, which will suppress this warning,
@urateam/core:test: hint: call:
@urateam/core:test: hint:
@urateam/core:test: hint: 	git config --global init.defaultBranch <name>
@urateam/core:test: hint:
@urateam/core:test: hint: Names commonly chosen instead of 'master' are 'main', 'trunk' and
@urateam/core:test: hint: 'development'. The just-created branch can be renamed via this command:
@urateam/core:test: hint:
@urateam/core:test: hint: 	git branch -m <name>
@urateam/core:test: hint:
@urateam/core:test: hint: Disable this message with "git config set advice.defaultBranchName false"
@urateam/core:test: {"level":30,"time":"2026-05-24T11:28:33.863Z","pid":401385,"hostname":"df54c4ecdd90","name":"urateam","component":"ExtractHandoff","stage":"test","msg":"building handoff from git diff"}
@urateam/core:test: {"level":30,"time":"2026-05-24T11:28:33.873Z","pid":401385,"hostname":"df54c4ecdd90","name":"urateam","component":"ExtractHandoff","stage":"test","filesChanged":1,"msg":"handoff built"}
@urateam/cli:test:  ✓ src/__tests__/user-level-config.test.ts (7 tests) 18ms
@urateam/core:test: hint: Using 'master' as the name for the initial branch. This default branch name
@urateam/core:test: hint: will change to "main" in Git 3.0. To configure the initial branch name
@urateam/core:test: hint: to use in all of your new repositories, which will suppress this warning,
@urateam/core:test: hint: call:
@urateam/core:test: hint:
@urateam/core:test: hint: 	git config --global init.defaultBranch <name>
@urateam/core:test: hint:
@urateam/core:test: hint: Names commonly chosen instead of 'master' are 'main', 'trunk' and
@urateam/core:test: hint: 'development'. The just-created branch can be renamed via this command:
@urateam/core:test: hint:
@urateam/core:test: hint: 	git branch -m <name>
@urateam/core:test: hint:
@urateam/core:test: hint: Disable this message with "git config set advice.defaultBranchName false"
@urateam/core:test: {"level":30,"time":"2026-05-24T11:28:33.939Z","pid":401385,"hostname":"df54c4ecdd90","name":"urateam","component":"ExtractHandoff","stage":"implement","msg":"building handoff from git diff"}
@urateam/core:test: {"level":30,"time":"2026-05-24T11:28:33.958Z","pid":401385,"hostname":"df54c4ecdd90","name":"urateam","component":"ExtractHandoff","stage":"implement","filesChanged":1,"msg":"handoff built"}
@urateam/core:test: hint: Using 'master' as the name for the initial branch. This default branch name
@urateam/core:test: hint: will change to "main" in Git 3.0. To configure the initial branch name
@urateam/core:test: hint: to use in all of your new repositories, which will suppress this warning,
@urateam/core:test: hint: call:
@urateam/core:test: hint:
@urateam/core:test: hint: 	git config --global init.defaultBranch <name>
@urateam/core:test: hint:
@urateam/core:test: hint: Names commonly chosen instead of 'master' are 'main', 'trunk' and
@urateam/core:test: hint: 'development'. The just-created branch can be renamed via this command:
@urateam/core:test: hint:
@urateam/core:test: hint: 	git branch -m <name>
@urateam/core:test: hint:
@urateam/core:test: hint: Disable this message with "git config set advice.defaultBranchName false"
@urateam/core:test: {"level":30,"time":"2026-05-24T11:28:34.002Z","pid":401385,"hostname":"df54c4ecdd90","name":"urateam","component":"ExtractHandoff","stage":"review","msg":"building handoff from git diff"}
@urateam/core:test: {"level":50,"time":"2026-05-24T11:28:34.011Z","pid":401385,"hostname":"df54c4ecdd90","name":"urateam","component":"git","args":["diff","--stat","origin/main...HEAD"],"cwd":"/tmp/extract-test-GPFhoB","stderr":"fatal: ambiguous argument 'origin/main...HEAD': unknown revision or path not in the working tree.\nUse '--' to separate paths from revisions, like this:\n'git <command> [<revision>...] -- [<file>...]'\n","msg":"git diff failed"}
@urateam/core:test: {"level":40,"time":"2026-05-24T11:28:34.016Z","pid":401385,"hostname":"df54c4ecdd90","name":"urateam","component":"git","args":"diff","err":"Command failed: git diff --name-only origin/main...HEAD\nfatal: ambiguous argument 'origin/main...HEAD': unknown revision or path not in the working tree.\nUse '--' to separate paths from revisions, like this:\n'git <command> [<revision>...] -- [<file>...]'\n","msg":"git command failed (non-fatal)"}
@urateam/core:test: {"level":30,"time":"2026-05-24T11:28:34.016Z","pid":401385,"hostname":"df54c4ecdd90","name":"urateam","component":"ExtractHandoff","stage":"review","filesChanged":1,"msg":"handoff built"}
@urateam/core:test: {"level":30,"time":"2026-05-24T11:28:34.042Z","pid":401385,"hostname":"df54c4ecdd90","name":"urateam","component":"ExtractHandoff","stage":"implement","msg":"building handoff from git diff"}
@urateam/core:test: {"level":40,"time":"2026-05-24T11:28:34.055Z","pid":401385,"hostname":"df54c4ecdd90","name":"urateam","component":"git","args":"status","err":"Command failed: git status --porcelain\nfatal: not a git repository (or any of the parent directories): .git\n","msg":"git command failed (non-fatal)"}
@urateam/core:test: {"level":50,"time":"2026-05-24T11:28:34.058Z","pid":401385,"hostname":"df54c4ecdd90","name":"urateam","component":"git","args":["diff","--stat","HEAD"],"cwd":"/tmp/extract-test-llhoIG","stderr":"warning: Not a git repository. Use --no-index to compare two paths outside a working tree\nusage: git diff --no-index [<options>] <path> <path> [<pathspec>...]\n\nDiff output format options\n    -p, --pat","msg":"git diff failed"}
@urateam/core:test: {"level":30,"time":"2026-05-24T11:28:34.058Z","pid":401385,"hostname":"df54c4ecdd90","name":"urateam","component":"ExtractHandoff","stage":"implement","filesChanged":0,"msg":"handoff built"}
@urateam/core:test:  ✓ src/__tests__/extract-handoff.test.ts (23 tests) 1058ms
@urateam/cli:test:  ✓ src/__tests__/preflight-claude-auth.test.ts (8 tests) 21ms
@urateam/core:test:  ✓ src/__tests__/policy-license.test.ts (4 tests) 1209ms
@urateam/core:test:    ✓ org-policy feature flag > policy module is re-exported from @urateam/core barrel  1197ms
@urateam/cli:test:  ✓ src/__tests__/preflight-dirs.test.ts (6 tests) 34ms
@urateam/cli:test: stdout | src/__tests__/service.test.ts > ura service install (darwin) > writes the plist and loads it via launchctl
@urateam/cli:test: ura service install: wrote /tmp/ura-service-GjbHoB/Library/LaunchAgents/com.urateam.daemon.plist and started the service.
@urateam/cli:test: 
@urateam/cli:test: stdout | src/__tests__/service.test.ts > ura service install (linux) > writes the systemd unit and runs daemon-reload + enable --now
@urateam/cli:test: ura service install: wrote /tmp/ura-service-KHAdEF/.config/systemd/user/urateam.service and started the service.
@urateam/cli:test: 
@urateam/cli:test: stdout | src/__tests__/service.test.ts > ura service uninstall (linux) > disables and deletes the unit when present
@urateam/cli:test: ura service uninstall: removed /tmp/ura-service-fkfGJF/.config/systemd/user/urateam.service.
@urateam/cli:test: 
@urateam/cli:test: stdout | src/__tests__/service.test.ts > ura service uninstall (linux) > still deletes the unit when systemctl disable fails (best-effort stop)
@urateam/cli:test: ura service uninstall: removed /tmp/ura-service-CdaBMF/.config/systemd/user/urateam.service.
@urateam/cli:test: 
@urateam/cli:test: stdout | src/__tests__/service.test.ts > ura service uninstall (darwin) > unloads and deletes the plist when present
@urateam/cli:test: ura service uninstall: removed /tmp/ura-service-JHmhNF/Library/LaunchAgents/com.urateam.daemon.plist.
@urateam/cli:test: 
@urateam/cli:test:  ✓ src/__tests__/service.test.ts (10 tests) 58ms
@urateam/core:test: {"level":30,"time":"2026-05-24T11:28:35.266Z","pid":401721,"hostname":"df54c4ecdd90","name":"urateam","component":"git","runDir":"/tmp/laf-cleanup-lADHPN/old-run","ageHours":48,"msg":"cleaned up stale worktree"}
@urateam/core:test: hint: Using 'master' as the name for the initial branch. This default branch name
@urateam/core:test: hint: will change to "main" in Git 3.0. To configure the initial branch name
@urateam/core:test: hint: to use in all of your new repositories, which will suppress this warning,
@urateam/core:test: hint: call:
@urateam/core:test: hint:
@urateam/core:test: hint: 	git config --global init.defaultBranch <name>
@urateam/core:test: hint:
@urateam/core:test: hint: Names commonly chosen instead of 'master' are 'main', 'trunk' and
@urateam/core:test: hint: 'development'. The just-created branch can be renamed via this command:
@urateam/core:test: hint:
@urateam/core:test: hint: 	git branch -m <name>
@urateam/core:test: hint:
@urateam/core:test: hint: Disable this message with "git config set advice.defaultBranchName false"
@urateam/core:test: Cloning into '/tmp/laf-work-OihaGO'...
@urateam/core:test: warning: You appear to have cloned an empty repository.
@urateam/core:test: done.
@urateam/core:test: To /tmp/laf-src-OJgHnM
@urateam/core:test:  * [new branch]      master -> master
@urateam/core:test: {"level":30,"time":"2026-05-24T11:28:35.365Z","pid":401721,"hostname":"df54c4ecdd90","name":"urateam","component":"git","url":"/tmp/laf-src-OJgHnM","dir":"/tmp/laf-clone-BbFMnM/repo","msg":"cloning repository"}
@urateam/core:test: hint: Using 'master' as the name for the initial branch. This default branch name
@urateam/core:test: hint: will change to "main" in Git 3.0. To configure the initial branch name
@urateam/core:test: hint: to use in all of your new repositories, which will suppress this warning,
@urateam/core:test: hint: call:
@urateam/core:test: hint:
@urateam/core:test: hint: 	git config --global init.defaultBranch <name>
@urateam/core:test: hint:
@urateam/core:test: hint: Names commonly chosen instead of 'master' are 'main', 'trunk' and
@urateam/core:test: hint: 'development'. The just-created branch can be renamed via this command:
@urateam/core:test: hint:
@urateam/core:test: hint: 	git branch -m <name>
@urateam/core:test: hint:
@urateam/core:test: hint: Disable this message with "git config set advice.defaultBranchName false"
@urateam/core:test: Cloning into '/tmp/laf-rebase-clone-nCPIac'...
@urateam/core:test: warning: You appear to have cloned an empty repository.
@urateam/core:test: done.
@urateam/core:test: To /tmp/laf-rebase-origin-CPoFac
@urateam/core:test:  * [new branch]      main -> main
@urateam/core:test: Switched to a new branch 'feature'
@urateam/core:test: {"level":40,"time":"2026-05-24T11:28:35.523Z","pid":401668,"hostname":"df54c4ecdd90","name":"urateam","component":"ReviewProvidersRunner","err":{"type":"TypeError","message":"db.select is not a function","stack":"TypeError: db.select is not a function\n    at getModelHealthScores (/home/ura/data/runs/PnXZTHwyAR6qch7obf8pl/worktree/packages/core/src/executor/review/model-health.ts:33:6)\n    at runReviewProviders (/home/ura/data/runs/PnXZTHwyAR6qch7obf8pl/worktree/packages/core/src/pipeline/review-providers-runner.ts:75:26)\n    at /home/ura/data/runs/PnXZTHwyAR6qch7obf8pl/worktree/packages/core/src/__tests__/runner-fanout-integration.test.ts:64:26\n    at processTicksAndRejections (node:internal/process/task_queues:103:5)\n    at file:///home/ura/data/runs/PnXZTHwyAR6qch7obf8pl/worktree/node_modules/.pnpm/@vitest+runner@3.2.4/node_modules/@vitest/runner/dist/chunk-hooks.js:752:20"},"msg":"model-health probe failed — skipping flagging this tick"}
@urateam/core:test: {"level":40,"time":"2026-05-24T11:28:35.541Z","pid":401668,"hostname":"df54c4ecdd90","name":"urateam","component":"ReviewProvidersRunner","err":{"type":"TypeError","message":"db.select is not a function","stack":"TypeError: db.select is not a function\n    at getModelHealthScores (/home/ura/data/runs/PnXZTHwyAR6qch7obf8pl/worktree/packages/core/src/executor/review/model-health.ts:33:6)\n    at runReviewProviders (/home/ura/data/runs/PnXZTHwyAR6qch7obf8pl/worktree/packages/core/src/pipeline/review-providers-runner.ts:75:26)\n    at /home/ura/data/runs/PnXZTHwyAR6qch7obf8pl/worktree/packages/core/src/__tests__/runner-fanout-integration.test.ts:89:11\n    at processTicksAndRejections (node:internal/process/task_queues:103:5)\n    at file:///home/ura/data/runs/PnXZTHwyAR6qch7obf8pl/worktree/node_modules/.pnpm/@vitest+runner@3.2.4/node_modules/@vitest/runner/dist/chunk-hooks.js:752:20"},"msg":"model-health probe failed — skipping flagging this tick"}
@urateam/core:test: {"level":40,"time":"2026-05-24T11:28:35.542Z","pid":401668,"hostname":"df54c4ecdd90","name":"urateam","component":"ReviewProvidersRunner","err":{"type":"TypeError","message":"db.select is not a function","stack":"TypeError: db.select is not a function\n    at getModelHealthScores (/home/ura/data/runs/PnXZTHwyAR6qch7obf8pl/worktree/packages/core/src/executor/review/model-health.ts:33:6)\n    at runReviewProviders (/home/ura/data/runs/PnXZTHwyAR6qch7obf8pl/worktree/packages/core/src/pipeline/review-providers-runner.ts:75:26)\n    at /home/ura/data/runs/PnXZTHwyAR6qch7obf8pl/worktree/packages/core/src/__tests__/runner-fanout-integration.test.ts:108:26\n    at processTicksAndRejections (node:internal/process/task_queues:103:5)\n    at file:///home/ura/data/runs/PnXZTHwyAR6qch7obf8pl/worktree/node_modules/.pnpm/@vitest+runner@3.2.4/node_modules/@vitest/runner/dist/chunk-hooks.js:752:20"},"msg":"model-health probe failed — skipping flagging this tick"}
@urateam/core:test: {"level":40,"time":"2026-05-24T11:28:35.543Z","pid":401668,"hostname":"df54c4ecdd90","name":"urateam","component":"ReviewProvidersRunner","providerId":"openrouter","err":"network gone","msg":"review provider threw — recording as advisory failure"}
@urateam/core:test:  ✓ src/__tests__/runner-fanout-integration.test.ts (3 tests) 935ms
@urateam/core:test:    ✓ runner fanout integration > runs fanout once per stage execution and persists rows; runner posts comments separately  928ms
@urateam/cli:test: stdout | src/__tests__/init.test.ts > ura init > creates config.json, data/, repos/ under URATEAM_HOME
@urateam/cli:test: ura init: created /tmp/ura-init-IDadjf
@urateam/cli:test: Next: ura repo add <url>
@urateam/cli:test: 
@urateam/core:test: Cloning into '/tmp/laf-rebase-adv-InlOdf'...
@urateam/core:test: done.
@urateam/cli:test: stdout | src/__tests__/init.test.ts > ura init > seeds config.json with version=1 and an empty repos array
@urateam/cli:test: ura init: created /tmp/ura-init-MlnCEg
@urateam/cli:test: Next: ura repo add <url>
@urateam/cli:test: 
@urateam/cli:test: stdout | src/__tests__/init.test.ts > ura init > is idempotent: re-running does not overwrite an existing config
@urateam/cli:test: ura init: created /tmp/ura-init-ofLDIg
@urateam/cli:test: Next: ura repo add <url>
@urateam/cli:test: 
@urateam/cli:test: stdout | src/__tests__/init.test.ts > ura init > is idempotent: re-running does not overwrite an existing config
@urateam/cli:test: ura init: /tmp/ura-init-ofLDIg/config.json already exists — leaving it untouched.
@urateam/cli:test: 
@urateam/core:test: Already on 'main'
@urateam/cli:test:  ✓ src/__tests__/init.test.ts (4 tests) 30ms
@urateam/core:test: To /tmp/laf-rebase-origin-CPoFac
@urateam/core:test:    b0d618e..5e89e3a  main -> main
@urateam/core:test: hint: Using 'master' as the name for the initial branch. This default branch name
@urateam/core:test: hint: will change to "main" in Git 3.0. To configure the initial branch name
@urateam/core:test: hint: to use in all of your new repositories, which will suppress this warning,
@urateam/core:test: hint: call:
@urateam/core:test: hint:
@urateam/core:test: hint: 	git config --global init.defaultBranch <name>
@urateam/core:test: hint:
@urateam/core:test: hint: Names commonly chosen instead of 'master' are 'main', 'trunk' and
@urateam/core:test: hint: 'development'. The just-created branch can be renamed via this command:
@urateam/core:test: hint:
@urateam/core:test: hint: 	git branch -m <name>
@urateam/core:test: hint:
@urateam/core:test: hint: Disable this message with "git config set advice.defaultBranchName false"
@urateam/core:test: Cloning into '/tmp/laf-rebase-clone-lbhcJj'...
@urateam/core:test: warning: You appear to have cloned an empty repository.
@urateam/core:test: done.
@urateam/cli:test: stdout | src/__tests__/uninstall.test.ts > ura uninstall > removes URATEAM_HOME when --yes is passed
@urateam/cli:test: ura uninstall: removed /tmp/ura-uninst-PJGgAk.
@urateam/cli:test: Also run: npm uninstall -g @urateam/cli
@urateam/cli:test: 
@urateam/cli:test: stdout | src/__tests__/uninstall.test.ts > ura uninstall > is a no-op when URATEAM_HOME does not exist
@urateam/cli:test: ura uninstall: /tmp/ura-uninst-pIbbKk does not exist — nothing to remove.
@urateam/cli:test: 
@urateam/cli:test:  ✓ src/__tests__/uninstall.test.ts (4 tests) 28ms
@urateam/core:test: To /tmp/laf-rebase-origin-CcnPJj
@urateam/core:test:  * [new branch]      main -> main
@urateam/core:test: Switched to a new branch 'conflict-branch'
@urateam/core:test: Cloning into '/tmp/laf-rebase-adv-JOLhGn'...
@urateam/core:test: done.
@urateam/core:test: Already on 'main'
@urateam/core:test: To /tmp/laf-rebase-origin-CcnPJj
@urateam/core:test:    b0d618e..2e1fbb7  main -> main
@urateam/core:test: {"level":50,"time":"2026-05-24T11:28:35.932Z","pid":401721,"hostname":"df54c4ecdd90","name":"urateam","component":"git","args":["rebase","origin/main"],"cwd":"/tmp/laf-rebase-clone-lbhcJj","stderr":"Rebasing (1/1)\rerror: could not apply 0db8ef0... feature changes file.txt\nhint: Resolve all conflicts manually, mark them as resolved with\nhint: \"git add/rm <conflicted_files>\", then run \"git rebase -","msg":"git rebase failed"}
@urateam/core:test: {"level":40,"time":"2026-05-24T11:28:35.943Z","pid":401721,"hostname":"df54c4ecdd90","name":"urateam","component":"git","baseBranch":"main","msg":"rebase failed — conflicts detected"}
@urateam/core:test: hint: Using 'master' as the name for the initial branch. This default branch name
@urateam/core:test: hint: will change to "main" in Git 3.0. To configure the initial branch name
@urateam/core:test: hint: to use in all of your new repositories, which will suppress this warning,
@urateam/core:test: hint: call:
@urateam/core:test: hint:
@urateam/core:test: hint: 	git config --global init.defaultBranch <name>
@urateam/core:test: hint:
@urateam/core:test: hint: Names commonly chosen instead of 'master' are 'main', 'trunk' and
@urateam/core:test: hint: 'development'. The just-created branch can be renamed via this command:
@urateam/core:test: hint:
@urateam/core:test: hint: 	git branch -m <name>
@urateam/core:test: hint:
@urateam/core:test: hint: Disable this message with "git config set advice.defaultBranchName false"
@urateam/core:test: Cloning into '/tmp/laf-rebase-clone-pInNGD'...
@urateam/core:test: warning: You appear to have cloned an empty repository.
@urateam/core:test: done.
@urateam/core:test: To /tmp/laf-rebase-origin-igGLGD
@urateam/core:test:  * [new branch]      main -> main
@urateam/core:test: {"level":50,"time":"2026-05-24T11:28:36.149Z","pid":401721,"hostname":"df54c4ecdd90","name":"urateam","component":"git","args":["rebase","--abort"],"cwd":"/tmp/laf-rebase-clone-pInNGD","stderr":"fatal: no rebase in progress\n","msg":"git rebase failed"}
@urateam/core:test:  ✓ src/__tests__/repo.test.ts (28 tests) 920ms
@urateam/core:test:    ✓ rebaseBranch / abortRebase > returns success:false when there are conflicts, and abortRebase cleans up  332ms
@urateam/cli:test:  ✓ src/__tests__/start-user-level-fallback.test.ts (8 tests) 37ms
@urateam/cli:test:  ✓ src/__tests__/env-file.test.ts (8 tests) 40ms
@urateam/cli:test:  ✓ src/__tests__/oauth-state.test.ts (6 tests) 17ms
@urateam/cli:test:  ✓ src/__tests__/service-unit.test.ts (14 tests) 10ms
@urateam/core:test: {"level":40,"time":"2026-05-24T11:28:37.195Z","pid":401850,"hostname":"df54c4ecdd90","name":"urateam","component":"agent-branch-sweep","branch":"agent/BEC-100-stale-no-pr","err":"gh API down","msg":"hasOpenPR check failed — preserving branch"}
@urateam/core:test: {"level":40,"time":"2026-05-24T11:28:37.199Z","pid":401850,"hostname":"df54c4ecdd90","name":"urateam","component":"agent-branch-sweep","branch":"agent/BEC-101-stale-with-pr","err":"gh API down","msg":"hasOpenPR check failed — preserving branch"}
@urateam/core:test:  ✓ src/__tests__/agent-branch-sweep.test.ts (4 tests) 1065ms
@urateam/core:test:    ✓ sweepStaleAgentBranches > deletes only stale branches with no open PR  535ms
@urateam/core:test:    ✓ sweepStaleAgentBranches > returns empty result when no agent/* branches exist  326ms
@urateam/core:test:  ✓ src/__tests__/bec-183-pre-stream-stall.test.ts (8 tests) 535ms
@urateam/core:test: {"level":50,"time":"2026-05-24T11:28:38.292Z","pid":402420,"hostname":"df54c4ecdd90","name":"urateam","component":"git","args":["push","origin","agent/iss-1","--force-with-lease"],"cwd":"/tmp/push-stale-test-bBeKpH/clone","stderr":"To /tmp/push-stale-test-bBeKpH/origin.git\n ! [rejected]        agent/iss-1 -> agent/iss-1 (stale info)\nerror: failed to push some refs to '/tmp/push-stale-test-bBeKpH/origin.git'\n","msg":"git push failed"}
@urateam/core:test: {"level":40,"time":"2026-05-24T11:28:38.296Z","pid":402420,"hostname":"df54c4ecdd90","name":"urateam","component":"git","branch":"agent/iss-1","msg":"force-with-lease push rejected with stale info — fetching+pruning origin and retrying (urateam#115)"}
@urateam/core:test: {"level":50,"time":"2026-05-24T11:28:38.582Z","pid":402420,"hostname":"df54c4ecdd90","name":"urateam","component":"git","args":["push","origin","agent/iss-1","--force-with-lease"],"cwd":"/tmp/push-stale-test-LcbiDc/clone","stderr":"fatal: '/nonexistent/origin.git' does not appear to be a git repository\nfatal: Could not read from remote repository.\n\nPlease make sure you have the correct access rights\nand the repository exists.\n","msg":"git push failed"}
@urateam/core:test:  ✓ src/__tests__/push-stale-info-recovery.test.ts (2 tests) 572ms
@urateam/core:test:    ✓ pushBranchForce — stale-info recovery (urateam#115) > recovers from 'stale info' rejection by fetching+pruning and retrying  345ms
@urateam/cli:test:  ✓ src/__tests__/repo-plugins-from-env.test.ts (9 tests) 37ms
@urateam/cli:test:  ✓ src/__tests__/triage-quality.test.ts (10 tests) 12ms
@urateam/core:test:  ✓ src/__tests__/db-migrations.test.ts (11 tests) 547ms
@urateam/core:test:    ✓ database migrations > migrations are idempotent (can be run multiple times safely)  326ms
@urateam/core:test: {"level":30,"time":"2026-05-24T11:28:39.134Z","pid":402574,"hostname":"df54c4ecdd90","name":"urateam","component":"git","issueId":"BEC-999","filtered":[".claude/"],"trackedScratchpad":[],"msg":"auto-commit filtered scratchpad paths (BEC-157)"}
@urateam/core:test: {"level":40,"time":"2026-05-24T11:28:39.136Z","pid":402574,"hostname":"df54c4ecdd90","name":"urateam","component":"git","issueId":"BEC-999","worktreePath":"/tmp/urateam-bec157-kjINIK","msg":"auto-committing uncommitted changes (agent did not commit)"}
@urateam/core:test: {"level":30,"time":"2026-05-24T11:28:39.217Z","pid":402574,"hostname":"df54c4ecdd90","name":"urateam","component":"git","issueId":"BEC-999","filtered":["BEC-149-INDEX.md","BEC-149-PR-CHECKLIST.md"],"trackedScratchpad":[],"msg":"auto-commit filtered scratchpad paths (BEC-157)"}
@urateam/core:test: {"level":40,"time":"2026-05-24T11:28:39.218Z","pid":402574,"hostname":"df54c4ecdd90","name":"urateam","component":"git","issueId":"BEC-999","worktreePath":"/tmp/urateam-bec157-aLLBMM","msg":"auto-committing uncommitted changes (agent did not commit)"}
@urateam/core:test: {"level":30,"time":"2026-05-24T11:28:39.336Z","pid":402574,"hostname":"df54c4ecdd90","name":"urateam","component":"git","issueId":"BEC-999","filtered":["verify-fix.mjs","verify-thing.ts"],"trackedScratchpad":[],"msg":"auto-commit filtered scratchpad paths (BEC-157)"}
@urateam/core:test: {"level":40,"time":"2026-05-24T11:28:39.339Z","pid":402574,"hostname":"df54c4ecdd90","name":"urateam","component":"git","issueId":"BEC-999","worktreePath":"/tmp/urateam-bec157-gHJHeP","msg":"auto-committing uncommitted changes (agent did not commit)"}
@urateam/cli:test:  ✓ src/__tests__/version.test.ts (2 tests) 6ms
@urateam/core:test: {"level":40,"time":"2026-05-24T11:28:39.384Z","pid":402574,"hostname":"df54c4ecdd90","name":"urateam","component":"git","issueId":"BEC-999","worktreePath":"/tmp/urateam-bec157-glEKFc","msg":"auto-committing uncommitted changes (agent did not commit)"}
@urateam/cli:test: 
@urateam/cli:test:  Test Files  29 passed (29)
@urateam/cli:test:       Tests  271 passed (271)
@urateam/cli:test:    Start at  11:28:15
@urateam/cli:test:    Duration  24.33s (transform 2.22s, setup 0ms, collect 19.23s, tests 14.83s, environment 8ms, prepare 5.23s)
@urateam/cli:test: 
@urateam/core:test: {"level":40,"time":"2026-05-24T11:28:39.432Z","pid":402574,"hostname":"df54c4ecdd90","name":"urateam","component":"git","issueId":"BEC-999","worktreePath":"/tmp/urateam-bec157-NnICOd","msg":"auto-committing uncommitted changes (agent did not commit)"}
@urateam/core:test: {"level":30,"time":"2026-05-24T11:28:39.470Z","pid":402574,"hostname":"df54c4ecdd90","name":"urateam","component":"git","issueId":"BEC-999","filtered":[".claude/","BEC-200-OUTPUT.md"],"trackedScratchpad":[],"msg":"auto-commit filtered scratchpad paths (BEC-157)"}
@urateam/core:test: {"level":40,"time":"2026-05-24T11:28:39.470Z","pid":402574,"hostname":"df54c4ecdd90","name":"urateam","component":"git","issueId":"BEC-999","worktreePath":"/tmp/urateam-bec157-impjfe","allFiltered":[".claude/","BEC-200-OUTPUT.md"],"msg":"auto-commit: no real changes after scratchpad filter (skipping commit)"}
@urateam/core:test: {"level":40,"time":"2026-05-24T11:28:39.505Z","pid":402574,"hostname":"df54c4ecdd90","name":"urateam","component":"git","issueId":"BEC-999","worktreePath":"/tmp/urateam-bec157-FIOCOf","msg":"auto-committing uncommitted changes (agent did not commit)"}
@urateam/core:test:  ✓ src/__tests__/auto-commit-scratchpad.test.ts (14 tests) 448ms
@urateam/core:test: {"level":40,"time":"2026-05-24T11:28:40.294Z","pid":402617,"hostname":"df54c4ecdd90","name":"urateam","component":"ReleaseManager:scheduler","repoUrl":"https://github.com/org/repo","branch":"main","msg":"release-manager unlicensed — skipping ticks"}
@urateam/core:test: {"level":30,"time":"2026-05-24T11:28:40.326Z","pid":402617,"hostname":"df54c4ecdd90","name":"urateam","component":"ReleaseManager:scheduler","repoUrl":"https://github.com/org/repo","branch":"main","tag":"v1.0.1","sha":"head_sha","mergedPrCount":2,"releaseUrl":"https://github.com/org/repo/releases/tag/v1.0.1","msg":"tick fire"}
@urateam/core:test: {"level":30,"time":"2026-05-24T11:28:40.348Z","pid":402617,"hostname":"df54c4ecdd90","name":"urateam","component":"ReleaseManager:scheduler","repoUrl":"https://github.com/org/repo","branch":"main","reason":"mergedPRsSince not met (2/100)","mergedCommitsSinceLastTag":2,"lastTag":"v1.0.0","proposedVersion":"v1.0.1","msg":"tick skip"}
@urateam/core:test: {"level":30,"time":"2026-05-24T11:28:40.368Z","pid":402617,"hostname":"df54c4ecdd90","name":"urateam","component":"ReleaseManager:scheduler","repoUrl":"https://github.com/org/repo","branch":"main","reason":"mergedPRsSince not met (2/100)","mergedCommitsSinceLastTag":2,"lastTag":"v1.0.0","proposedVersion":"v1.0.1","msg":"tick skip"}
@urateam/core:test: {"level":30,"time":"2026-05-24T11:28:40.386Z","pid":402617,"hostname":"df54c4ecdd90","name":"urateam","component":"ReleaseManager:scheduler","repoUrl":"https://github.com/org/repo","branch":"main","tag":"v1.0.1","sha":"head_sha","mergedPrCount":2,"releaseUrl":"https://github.com/org/repo/releases/tag/v1.0.1","msg":"tick fire"}
@urateam/core:test: {"level":30,"time":"2026-05-24T11:28:40.404Z","pid":402617,"hostname":"df54c4ecdd90","name":"urateam","component":"ReleaseManager:scheduler","repoUrl":"https://github.com/org/repo","branch":"main","reason":"awaiting-approval","proposedVersion":"v1.0.1","msg":"tick skip"}
@urateam/core:test: {"level":30,"time":"2026-05-24T11:28:40.423Z","pid":402617,"hostname":"df54c4ecdd90","name":"urateam","component":"ReleaseManager:scheduler","repoUrl":"https://github.com/org/repo","branch":"main","tag":"v1.0.1","sha":"head_sha","mergedPrCount":2,"releaseUrl":"https://github.com/org/repo/releases/tag/v1.0.1","msg":"tick fire"}
@urateam/core:test: {"level":30,"time":"2026-05-24T11:28:40.440Z","pid":402617,"hostname":"df54c4ecdd90","name":"urateam","component":"ReleaseManager:scheduler","repoUrl":"https://github.com/org/repo","branch":"main","msg":"manual tag detected — re-baselining"}
@urateam/core:test: {"level":30,"time":"2026-05-24T11:28:40.463Z","pid":402617,"hostname":"df54c4ecdd90","name":"urateam","component":"ReleaseManager:scheduler","repoUrl":"https://github.com/org/repo","branch":"main","reason":"tag_exists","proposedVersion":"v1.0.1","msg":"tick skip"}
@urateam/core:test: {"level":30,"time":"2026-05-24T11:28:40.487Z","pid":402617,"hostname":"df54c4ecdd90","name":"urateam","component":"ReleaseManager:scheduler","repoUrl":"https://github.com/org/repo","branch":"main","reason":"qa_needs_trigger","mergedCommitsSinceLastTag":1,"lastTag":"v1.0.0","proposedVersion":"v1.0.1","msg":"tick skip"}
@urateam/core:test: {"level":30,"time":"2026-05-24T11:28:40.513Z","pid":402617,"hostname":"df54c4ecdd90","name":"urateam","component":"ReleaseManager:scheduler","repoUrl":"https://github.com/org/repo","branch":"main","reason":"qa_running","mergedCommitsSinceLastTag":1,"lastTag":"v1.0.0","proposedVersion":"v1.0.1","msg":"tick skip"}
@urateam/core:test: {"level":30,"time":"2026-05-24T11:28:40.531Z","pid":402617,"hostname":"df54c4ecdd90","name":"urateam","component":"ReleaseManager:scheduler","repoUrl":"https://github.com/org/repo","branch":"main","reason":"qa_no_workflow","mergedCommitsSinceLastTag":1,"lastTag":"v1.0.0","proposedVersion":"v1.0.1","msg":"tick skip"}
@urateam/core:test: {"level":30,"time":"2026-05-24T11:28:40.547Z","pid":402617,"hostname":"df54c4ecdd90","name":"urateam","component":"ReleaseManager:scheduler","repoUrl":"https://github.com/org/repo","branch":"main","reason":"qa_needs_trigger","mergedCommitsSinceLastTag":1,"lastTag":"v1.0.0","proposedVersion":"v1.0.1","msg":"tick skip"}
@urateam/core:test: {"level":30,"time":"2026-05-24T11:28:40.549Z","pid":402617,"hostname":"df54c4ecdd90","name":"urateam","component":"ReleaseManager:scheduler","repoUrl":"https://github.com/org/repo","branch":"main","reason":"qa_needs_trigger","mergedCommitsSinceLastTag":1,"lastTag":"v1.0.0","proposedVersion":"v1.0.1","msg":"tick skip"}
@urateam/core:test: {"level":30,"time":"2026-05-24T11:28:40.552Z","pid":402617,"hostname":"df54c4ecdd90","name":"urateam","component":"ReleaseManager:scheduler","repoUrl":"https://github.com/org/repo","branch":"main","reason":"qa_needs_trigger","mergedCommitsSinceLastTag":1,"lastTag":"v1.0.0","proposedVersion":"v1.0.1","msg":"tick skip"}
@urateam/core:test: {"level":30,"time":"2026-05-24T11:28:40.554Z","pid":402617,"hostname":"df54c4ecdd90","name":"urateam","component":"ReleaseManager:scheduler","repoUrl":"https://github.com/org/repo","branch":"main","reason":"qa_needs_trigger","mergedCommitsSinceLastTag":1,"lastTag":"v1.0.0","proposedVersion":"v1.0.1","msg":"tick skip"}
@urateam/core:test: {"level":30,"time":"2026-05-24T11:28:40.570Z","pid":402617,"hostname":"df54c4ecdd90","name":"urateam","component":"ReleaseManager:scheduler","repoUrl":"https://github.com/org/repo","branch":"main","reason":"qa_needs_trigger","mergedCommitsSinceLastTag":1,"lastTag":"v1.0.0","proposedVersion":"v1.0.1","msg":"tick skip"}
@urateam/core:test: {"level":30,"time":"2026-05-24T11:28:40.572Z","pid":402617,"hostname":"df54c4ecdd90","name":"urateam","component":"ReleaseManager:scheduler","repoUrl":"https://github.com/org/repo","branch":"main","reason":"qa_needs_trigger","mergedCommitsSinceLastTag":1,"lastTag":"v1.0.0","proposedVersion":"v1.0.1","msg":"tick skip"}
@urateam/core:test: {"level":30,"time":"2026-05-24T11:28:40.573Z","pid":402617,"hostname":"df54c4ecdd90","name":"urateam","component":"ReleaseManager:scheduler","repoUrl":"https://github.com/org/repo","branch":"main","reason":"qa_dispatch_error","mergedCommitsSinceLastTag":1,"lastTag":"v1.0.0","proposedVersion":"v1.0.1","msg":"tick skip"}
@urateam/core:test:  ✓ src/__tests__/release-manager-scheduler.test.ts (14 tests) 306ms
@urateam/core:test: {"level":30,"time":"2026-05-24T11:28:40.756Z","pid":402771,"hostname":"df54c4ecdd90","name":"urateam","component":"PipelineRunner","issueId":"FP-1","pipeline":"auto-implement","msg":"start() called"}
@urateam/core:test: {"level":30,"time":"2026-05-24T11:28:40.759Z","pid":402771,"hostname":"df54c4ecdd90","name":"urateam","component":"PipelineRunner","runId":"DAEhLCqYUWdDwlldDTUzF","issueId":"FP-1","branch":"agent/FP-1-force-push-test-issue","msg":"inserting run into DB"}
@urateam/core:test: {"level":30,"time":"2026-05-24T11:28:40.763Z","pid":402771,"hostname":"df54c4ecdd90","name":"urateam","component":"PipelineRunner","runId":"DAEhLCqYUWdDwlldDTUzF","issueId":"FP-1","branch":"agent/FP-1-force-push-test-issue","msg":"run queued"}
@urateam/core:test: {"level":30,"time":"2026-05-24T11:28:40.763Z","pid":402771,"hostname":"df54c4ecdd90","name":"urateam","component":"PipelineRunner","runId":"DAEhLCqYUWdDwlldDTUzF","issueId":"FP-1","msg":"executing pipeline"}
@urateam/core:test: {"level":30,"time":"2026-05-24T11:28:40.768Z","pid":402771,"hostname":"df54c4ecdd90","name":"urateam","component":"PipelineRunner","runId":"DAEhLCqYUWdDwlldDTUzF","issueId":"FP-1","msg":"notifying pipeline start"}
@urateam/core:test: {"level":30,"time":"2026-05-24T11:28:40.769Z","pid":402771,"hostname":"df54c4ecdd90","name":"urateam","component":"PipelineRunner","runId":"DAEhLCqYUWdDwlldDTUzF","issueId":"FP-1","repoUrl":"https://github.com/test/test-repo.git","repoDir":"/tmp/force-push-repos/force-push-test-issue","msg":"cloning repository"}
@urateam/core:test: {"level":30,"time":"2026-05-24T11:28:40.769Z","pid":402771,"hostname":"df54c4ecdd90","name":"urateam","component":"PipelineRunner","runId":"DAEhLCqYUWdDwlldDTUzF","issueId":"FP-1","msg":"clone complete, creating worktree"}
@urateam/core:test: {"level":30,"time":"2026-05-24T11:28:40.770Z","pid":402771,"hostname":"df54c4ecdd90","name":"urateam","component":"license","tier":"oss","msg":"no license key set — running in OSS mode"}
@urateam/core:test: {"level":30,"time":"2026-05-24T11:28:40.770Z","pid":402771,"hostname":"df54c4ecdd90","name":"urateam","component":"PipelineRunner","runId":"DAEhLCqYUWdDwlldDTUzF","issueId":"FP-1","worktreePath":"/tmp/force-push-test-worktree","msg":"worktree created"}
@urateam/core:test: {"level":40,"time":"2026-05-24T11:28:40.772Z","pid":402771,"hostname":"df54c4ecdd90","name":"urateam","component":"PipelineRunner","err":{"type":"Error","message":"ENOENT: no such file or directory, open '/tmp/force-push-test-worktree/CLAUDE.md'","stack":"Error: ENOENT: no such file or directory, open '/tmp/force-push-test-worktree/CLAUDE.md'\n    at open (node:internal/fs/promises:639:25)\n    at writeFile (node:internal/fs/promises:1219:14)\n    at PipelineRunner.injectAgentConfig (/home/ura/data/runs/PnXZTHwyAR6qch7obf8pl/worktree/packages/core/src/pipeline/runner.ts:765:7)\n    at PipelineRunner.executePipeline (/home/ura/data/runs/PnXZTHwyAR6qch7obf8pl/worktree/packages/core/src/pipeline/runner.ts:922:9)\n    at /home/ura/data/runs/PnXZTHwyAR6qch7obf8pl/worktree/packages/core/src/pipeline/runner.ts:336:9\n    at Object.enqueue (/home/ura/data/runs/PnXZTHwyAR6qch7obf8pl/worktree/packages/core/src/pipeline/queue.ts:33:16)","errno":-2,"code":"ENOENT","syscall":"open","path":"/tmp/force-push-test-worktree/CLAUDE.md"},"msg":"failed to inject CLAUDE.md — agent will run without it"}
@urateam/core:test: {"level":30,"time":"2026-05-24T11:28:40.784Z","pid":402771,"hostname":"df54c4ecdd90","name":"urateam","component":"PipelineRunner","runId":"DAEhLCqYUWdDwlldDTUzF","issueId":"FP-1","languages":["typescript"],"frameworks":[],"buildSystems":["pnpm"],"msg":"tech stack detected"}
@urateam/core:test: {"level":30,"time":"2026-05-24T11:28:40.785Z","pid":402771,"hostname":"df54c4ecdd90","name":"urateam","component":"PipelineRunner","runId":"DAEhLCqYUWdDwlldDTUzF","issueId":"FP-1","stages":["triage","implement"],"msg":"starting pipeline stages"}
@urateam/core:test: {"level":30,"time":"2026-05-24T11:28:40.785Z","pid":402771,"hostname":"df54c4ecdd90","name":"urateam","component":"PipelineRunner","runId":"DAEhLCqYUWdDwlldDTUzF","issueId":"FP-1","stage":"triage","msg":"executing stage"}
@urateam/core:test: {"level":30,"time":"2026-05-24T11:28:40.790Z","pid":402771,"hostname":"df54c4ecdd90","name":"urateam","component":"PipelineRunner","runId":"DAEhLCqYUWdDwlldDTUzF","issueId":"FP-1","stage":"implement","msg":"executing stage"}
@urateam/core:test: {"level":40,"time":"2026-05-24T11:28:40.799Z","pid":402771,"hostname":"df54c4ecdd90","name":"urateam","component":"PipelineRunner","runId":"DAEhLCqYUWdDwlldDTUzF","issueId":"FP-1","excerpt":[],"outputPrefix":"","msg":"typecheck-gate: non-zero exit with no parseable TS errors — treating as setup issue and continuing"}
@urateam/core:test: {"level":30,"time":"2026-05-24T11:28:40.801Z","pid":402771,"hostname":"df54c4ecdd90","name":"urateam","component":"PipelineRunner","runId":"DAEhLCqYUWdDwlldDTUzF","issueId":"FP-1","defaultBranch":"main","msg":"push queue: rebasing before push"}
@urateam/core:test: {"level":30,"time":"2026-05-24T11:28:40.801Z","pid":402771,"hostname":"df54c4ecdd90","name":"urateam","component":"PipelineRunner","runId":"DAEhLCqYUWdDwlldDTUzF","issueId":"FP-1","branch":"agent/FP-1-force-push-test-issue","rebaseConflict":false,"msg":"push queue: force-with-lease push (agent branch or rebase conflict)"}
@urateam/core:test: {"level":50,"time":"2026-05-24T11:28:40.806Z","pid":402771,"hostname":"df54c4ecdd90","name":"urateam","component":"PipelineRunner","runId":"DAEhLCqYUWdDwlldDTUzF","issueId":"FP-1","err":{"type":"Error","message":"[vitest] No \"getAgentCommits\" export is defined on the \"../repo/git.js\" mock. Did you forget to return it from \"vi.mock\"?\nIf you need to partially mock a module, you can use \"importOriginal\" helper inside:\n","stack":"Error: [vitest] No \"getAgentCommits\" export is defined on the \"../repo/git.js\" mock. Did you forget to return it from \"vi.mock\"?\nIf you need to partially mock a module, you can use \"importOriginal\" helper inside:\n\n    at VitestMocker.createError (file:///home/ura/data/runs/PnXZTHwyAR6qch7obf8pl/worktree/node_modules/.pnpm/vitest@3.2.4_@types+node@22.19.17_tsx@4.21.0/node_modules/vitest/dist/chunks/execute.B7h3T_Hc.js:284:17)\n    at Object.get (file:///home/ura/data/runs/PnXZTHwyAR6qch7obf8pl/worktree/node_modules/.pnpm/vitest@3.2.4_@types+node@22.19.17_tsx@4.21.0/node_modules/vitest/dist/chunks/execute.B7h3T_Hc.js:330:16)\n    at /home/ura/data/runs/PnXZTHwyAR6qch7obf8pl/worktree/packages/core/src/pipeline/runner.ts:2503:11\n    at processTicksAndRejections (node:internal/process/task_queues:103:5)\n    at withBranchLock (/home/ura/data/runs/PnXZTHwyAR6qch7obf8pl/worktree/packages/core/src/pipeline/distributed-lock.ts:133:16)\n    at /home/ura/data/runs/PnXZTHwyAR6qch7obf8pl/worktree/packages/core/src/pipeline/runner.ts:2368:9\n    at Object.enqueue (/home/ura/data/runs/PnXZTHwyAR6qch7obf8pl/worktree/packages/core/src/pipeline/queue.ts:33:16)\n    at PipelineRunner.executePipeline (/home/ura/data/runs/PnXZTHwyAR6qch7obf8pl/worktree/packages/core/src/pipeline/runner.ts:2367:7)\n    at /home/ura/data/runs/PnXZTHwyAR6qch7obf8pl/worktree/packages/core/src/pipeline/runner.ts:336:9\n    at Object.enqueue (/home/ura/data/runs/PnXZTHwyAR6qch7obf8pl/worktree/packages/core/src/pipeline/queue.ts:33:16)","codeFrame":"vi\u001b[33m.\u001b[39m\u001b[34mmock\u001b[39m(\u001b[35mimport\u001b[39m(\u001b[32m\"../repo/git.js\"\u001b[39m)\u001b[33m,\u001b[39m \u001b[35masync\u001b[39m (importOriginal) \u001b[33m=>\u001b[39m {\n  \u001b[35mconst\u001b[39m actual \u001b[33m=\u001b[39m \u001b[35mawait\u001b[39m \u001b[34mimportOriginal\u001b[39m()\n  \u001b[35mreturn\u001b[39m {\n    \u001b[33m...\u001b[39mactual\u001b[33m,\u001b[39m\n    \u001b[90m// your mocked methods\u001b[39m\n  }\n})"},"msg":"pipeline failed with unexpected error"}
@urateam/core:test: {"level":30,"time":"2026-05-24T11:28:40.841Z","pid":402771,"hostname":"df54c4ecdd90","name":"urateam","component":"PipelineRunner","issueId":"FP-2","pipeline":"auto-implement","msg":"start() called"}
@urateam/core:test: {"level":30,"time":"2026-05-24T11:28:40.842Z","pid":402771,"hostname":"df54c4ecdd90","name":"urateam","component":"PipelineRunner","runId":"CM3nVBQ_Jj_H06flAGmDe","issueId":"FP-2","branch":"agent/FP-2-force-push-test-issue","msg":"inserting run into DB"}
@urateam/core:test: {"level":30,"time":"2026-05-24T11:28:40.842Z","pid":402771,"hostname":"df54c4ecdd90","name":"urateam","component":"PipelineRunner","runId":"CM3nVBQ_Jj_H06flAGmDe","issueId":"FP-2","branch":"agent/FP-2-force-push-test-issue","msg":"run queued"}
@urateam/core:test: {"level":30,"time":"2026-05-24T11:28:40.843Z","pid":402771,"hostname":"df54c4ecdd90","name":"urateam","component":"PipelineRunner","runId":"CM3nVBQ_Jj_H06flAGmDe","issueId":"FP-2","msg":"executing pipeline"}
@urateam/core:test: {"level":30,"time":"2026-05-24T11:28:40.843Z","pid":402771,"hostname":"df54c4ecdd90","name":"urateam","component":"PipelineRunner","runId":"CM3nVBQ_Jj_H06flAGmDe","issueId":"FP-2","msg":"notifying pipeline start"}
@urateam/core:test: {"level":30,"time":"2026-05-24T11:28:40.843Z","pid":402771,"hostname":"df54c4ecdd90","name":"urateam","component":"PipelineRunner","runId":"CM3nVBQ_Jj_H06flAGmDe","issueId":"FP-2","repoUrl":"https://github.com/test/test-repo.git","repoDir":"/tmp/force-push-repos/force-push-test-issue","msg":"cloning repository"}
@urateam/core:test: {"level":30,"time":"2026-05-24T11:28:40.843Z","pid":402771,"hostname":"df54c4ecdd90","name":"urateam","component":"PipelineRunner","runId":"CM3nVBQ_Jj_H06flAGmDe","issueId":"FP-2","msg":"clone complete, creating worktree"}
@urateam/core:test: {"level":30,"time":"2026-05-24T11:28:40.843Z","pid":402771,"hostname":"df54c4ecdd90","name":"urateam","component":"PipelineRunner","runId":"CM3nVBQ_Jj_H06flAGmDe","issueId":"FP-2","worktreePath":"/tmp/force-push-test-worktree","msg":"worktree created"}
@urateam/core:test: {"level":40,"time":"2026-05-24T11:28:40.844Z","pid":402771,"hostname":"df54c4ecdd90","name":"urateam","component":"PipelineRunner","err":{"type":"Error","message":"ENOENT: no such file or directory, open '/tmp/force-push-test-worktree/CLAUDE.md'","stack":"Error: ENOENT: no such file or directory, open '/tmp/force-push-test-worktree/CLAUDE.md'\n    at open (node:internal/fs/promises:639:25)\n    at writeFile (node:internal/fs/promises:1219:14)\n    at PipelineRunner.injectAgentConfig (/home/ura/data/runs/PnXZTHwyAR6qch7obf8pl/worktree/packages/core/src/pipeline/runner.ts:765:7)\n    at PipelineRunner.executePipeline (/home/ura/data/runs/PnXZTHwyAR6qch7obf8pl/worktree/packages/core/src/pipeline/runner.ts:922:9)\n    at /home/ura/data/runs/PnXZTHwyAR6qch7obf8pl/worktree/packages/core/src/pipeline/runner.ts:336:9\n    at Object.enqueue (/home/ura/data/runs/PnXZTHwyAR6qch7obf8pl/worktree/packages/core/src/pipeline/queue.ts:33:16)","errno":-2,"code":"ENOENT","syscall":"open","path":"/tmp/force-push-test-worktree/CLAUDE.md"},"msg":"failed to inject CLAUDE.md — agent will run without it"}
@urateam/core:test: {"level":30,"time":"2026-05-24T11:28:40.845Z","pid":402771,"hostname":"df54c4ecdd90","name":"urateam","component":"PipelineRunner","runId":"CM3nVBQ_Jj_H06flAGmDe","issueId":"FP-2","languages":["typescript"],"frameworks":[],"buildSystems":["pnpm"],"msg":"tech stack detected"}
@urateam/core:test: {"level":30,"time":"2026-05-24T11:28:40.845Z","pid":402771,"hostname":"df54c4ecdd90","name":"urateam","component":"PipelineRunner","runId":"CM3nVBQ_Jj_H06flAGmDe","issueId":"FP-2","stages":["triage","implement"],"msg":"starting pipeline stages"}
@urateam/core:test: {"level":30,"time":"2026-05-24T11:28:40.845Z","pid":402771,"hostname":"df54c4ecdd90","name":"urateam","component":"PipelineRunner","runId":"CM3nVBQ_Jj_H06flAGmDe","issueId":"FP-2","stage":"triage","msg":"executing stage"}
@urateam/core:test: {"level":30,"time":"2026-05-24T11:28:40.848Z","pid":402771,"hostname":"df54c4ecdd90","name":"urateam","component":"PipelineRunner","runId":"CM3nVBQ_Jj_H06flAGmDe","issueId":"FP-2","stage":"implement","msg":"executing stage"}
@urateam/core:test: {"level":40,"time":"2026-05-24T11:28:40.853Z","pid":402771,"hostname":"df54c4ecdd90","name":"urateam","component":"PipelineRunner","runId":"CM3nVBQ_Jj_H06flAGmDe","issueId":"FP-2","excerpt":[],"outputPrefix":"","msg":"typecheck-gate: non-zero exit with no parseable TS errors — treating as setup issue and continuing"}
@urateam/core:test: {"level":30,"time":"2026-05-24T11:28:40.854Z","pid":402771,"hostname":"df54c4ecdd90","name":"urateam","component":"PipelineRunner","runId":"CM3nVBQ_Jj_H06flAGmDe","issueId":"FP-2","defaultBranch":"main","msg":"push queue: rebasing before push"}
@urateam/core:test: {"level":30,"time":"2026-05-24T11:28:40.854Z","pid":402771,"hostname":"df54c4ecdd90","name":"urateam","component":"PipelineRunner","runId":"CM3nVBQ_Jj_H06flAGmDe","issueId":"FP-2","branch":"agent/FP-2-force-push-test-issue","rebaseConflict":false,"msg":"push queue: force-with-lease push (agent branch or rebase conflict)"}
@urateam/core:test: {"level":50,"time":"2026-05-24T11:28:40.855Z","pid":402771,"hostname":"df54c4ecdd90","name":"urateam","component":"PipelineRunner","runId":"CM3nVBQ_Jj_H06flAGmDe","issueId":"FP-2","err":{"type":"Error","message":"[vitest] No \"getAgentCommits\" export is defined on the \"../repo/git.js\" mock. Did you forget to return it from \"vi.mock\"?\nIf you need to partially mock a module, you can use \"importOriginal\" helper inside:\n","stack":"Error: [vitest] No \"getAgentCommits\" export is defined on the \"../repo/git.js\" mock. Did you forget to return it from \"vi.mock\"?\nIf you need to partially mock a module, you can use \"importOriginal\" helper inside:\n\n    at VitestMocker.createError (file:///home/ura/data/runs/PnXZTHwyAR6qch7obf8pl/worktree/node_modules/.pnpm/vitest@3.2.4_@types+node@22.19.17_tsx@4.21.0/node_modules/vitest/dist/chunks/execute.B7h3T_Hc.js:284:17)\n    at Object.get (file:///home/ura/data/runs/PnXZTHwyAR6qch7obf8pl/worktree/node_modules/.pnpm/vitest@3.2.4_@types+node@22.19.17_tsx@4.21.0/node_modules/vitest/dist/chunks/execute.B7h3T_Hc.js:330:16)\n    at /home/ura/data/runs/PnXZTHwyAR6qch7obf8pl/worktree/packages/core/src/pipeline/runner.ts:2503:11\n    at processTicksAndRejections (node:internal/process/task_queues:103:5)\n    at withBranchLock (/home/ura/data/runs/PnXZTHwyAR6qch7obf8pl/worktree/packages/core/src/pipeline/distributed-lock.ts:133:16)\n    at /home/ura/data/runs/PnXZTHwyAR6qch7obf8pl/worktree/packages/core/src/pipeline/runner.ts:2368:9\n    at Object.enqueue (/home/ura/data/runs/PnXZTHwyAR6qch7obf8pl/worktree/packages/core/src/pipeline/queue.ts:33:16)\n    at PipelineRunner.executePipeline (/home/ura/data/runs/PnXZTHwyAR6qch7obf8pl/worktree/packages/core/src/pipeline/runner.ts:2367:7)\n    at /home/ura/data/runs/PnXZTHwyAR6qch7obf8pl/worktree/packages/core/src/pipeline/runner.ts:336:9\n    at Object.enqueue (/home/ura/data/runs/PnXZTHwyAR6qch7obf8pl/worktree/packages/core/src/pipeline/queue.ts:33:16)","codeFrame":"vi\u001b[33m.\u001b[39m\u001b[34mmock\u001b[39m(\u001b[35mimport\u001b[39m(\u001b[32m\"../repo/git.js\"\u001b[39m)\u001b[33m,\u001b[39m \u001b[35masync\u001b[39m (importOriginal) \u001b[33m=>\u001b[39m {\n  \u001b[35mconst\u001b[39m actual \u001b[33m=\u001b[39m \u001b[35mawait\u001b[39m \u001b[34mimportOriginal\u001b[39m()\n  \u001b[35mreturn\u001b[39m {\n    \u001b[33m...\u001b[39mactual\u001b[33m,\u001b[39m\n    \u001b[90m// your mocked methods\u001b[39m\n  }\n})"},"msg":"pipeline failed with unexpected error"}
@urateam/core:test: {"level":30,"time":"2026-05-24T11:28:40.905Z","pid":402771,"hostname":"df54c4ecdd90","name":"urateam","component":"PipelineRunner","issueId":"FP-3","pipeline":"auto-implement","msg":"start() called"}
@urateam/core:test: {"level":30,"time":"2026-05-24T11:28:40.905Z","pid":402771,"hostname":"df54c4ecdd90","name":"urateam","component":"PipelineRunner","runId":"OdvlrmLCdv2IO8WEuEeQS","issueId":"FP-3","branch":"agent/FP-3-force-push-test-issue","msg":"inserting run into DB"}
@urateam/core:test: {"level":30,"time":"2026-05-24T11:28:40.906Z","pid":402771,"hostname":"df54c4ecdd90","name":"urateam","component":"PipelineRunner","runId":"OdvlrmLCdv2IO8WEuEeQS","issueId":"FP-3","branch":"agent/FP-3-force-push-test-issue","msg":"run queued"}
@urateam/core:test: {"level":30,"time":"2026-05-24T11:28:40.906Z","pid":402771,"hostname":"df54c4ecdd90","name":"urateam","component":"PipelineRunner","runId":"OdvlrmLCdv2IO8WEuEeQS","issueId":"FP-3","msg":"executing pipeline"}
@urateam/core:test: {"level":30,"time":"2026-05-24T11:28:40.907Z","pid":402771,"hostname":"df54c4ecdd90","name":"urateam","component":"PipelineRunner","runId":"OdvlrmLCdv2IO8WEuEeQS","issueId":"FP-3","msg":"notifying pipeline start"}
@urateam/core:test: {"level":30,"time":"2026-05-24T11:28:40.907Z","pid":402771,"hostname":"df54c4ecdd90","name":"urateam","component":"PipelineRunner","runId":"OdvlrmLCdv2IO8WEuEeQS","issueId":"FP-3","repoUrl":"https://github.com/test/test-repo.git","repoDir":"/tmp/force-push-repos/force-push-test-issue","msg":"cloning repository"}
@urateam/core:test: {"level":30,"time":"2026-05-24T11:28:40.907Z","pid":402771,"hostname":"df54c4ecdd90","name":"urateam","component":"PipelineRunner","runId":"OdvlrmLCdv2IO8WEuEeQS","issueId":"FP-3","msg":"clone complete, creating worktree"}
@urateam/core:test: {"level":30,"time":"2026-05-24T11:28:40.907Z","pid":402771,"hostname":"df54c4ecdd90","name":"urateam","component":"PipelineRunner","runId":"OdvlrmLCdv2IO8WEuEeQS","issueId":"FP-3","worktreePath":"/tmp/force-push-test-worktree","msg":"worktree created"}
@urateam/core:test: {"level":40,"time":"2026-05-24T11:28:40.908Z","pid":402771,"hostname":"df54c4ecdd90","name":"urateam","component":"PipelineRunner","err":{"type":"Error","message":"ENOENT: no such file or directory, open '/tmp/force-push-test-worktree/CLAUDE.md'","stack":"Error: ENOENT: no such file or directory, open '/tmp/force-push-test-worktree/CLAUDE.md'\n    at open (node:internal/fs/promises:639:25)\n    at writeFile (node:internal/fs/promises:1219:14)\n    at PipelineRunner.injectAgentConfig (/home/ura/data/runs/PnXZTHwyAR6qch7obf8pl/worktree/packages/core/src/pipeline/runner.ts:765:7)\n    at PipelineRunner.executePipeline (/home/ura/data/runs/PnXZTHwyAR6qch7obf8pl/worktree/packages/core/src/pipeline/runner.ts:922:9)\n    at /home/ura/data/runs/PnXZTHwyAR6qch7obf8pl/worktree/packages/core/src/pipeline/runner.ts:336:9\n    at Object.enqueue (/home/ura/data/runs/PnXZTHwyAR6qch7obf8pl/worktree/packages/core/src/pipeline/queue.ts:33:16)","errno":-2,"code":"ENOENT","syscall":"open","path":"/tmp/force-push-test-worktree/CLAUDE.md"},"msg":"failed to inject CLAUDE.md — agent will run without it"}
@urateam/core:test: {"level":30,"time":"2026-05-24T11:28:40.908Z","pid":402771,"hostname":"df54c4ecdd90","name":"urateam","component":"PipelineRunner","runId":"OdvlrmLCdv2IO8WEuEeQS","issueId":"FP-3","languages":["typescript"],"frameworks":[],"buildSystems":["pnpm"],"msg":"tech stack detected"}
@urateam/core:test: {"level":30,"time":"2026-05-24T11:28:40.908Z","pid":402771,"hostname":"df54c4ecdd90","name":"urateam","component":"PipelineRunner","runId":"OdvlrmLCdv2IO8WEuEeQS","issueId":"FP-3","stages":["triage","implement"],"msg":"starting pipeline stages"}
@urateam/core:test: {"level":30,"time":"2026-05-24T11:28:40.908Z","pid":402771,"hostname":"df54c4ecdd90","name":"urateam","component":"PipelineRunner","runId":"OdvlrmLCdv2IO8WEuEeQS","issueId":"FP-3","stage":"triage","msg":"executing stage"}
@urateam/core:test: {"level":30,"time":"2026-05-24T11:28:40.910Z","pid":402771,"hostname":"df54c4ecdd90","name":"urateam","component":"PipelineRunner","runId":"OdvlrmLCdv2IO8WEuEeQS","issueId":"FP-3","stage":"implement","msg":"executing stage"}
@urateam/core:test: {"level":40,"time":"2026-05-24T11:28:40.914Z","pid":402771,"hostname":"df54c4ecdd90","name":"urateam","component":"PipelineRunner","runId":"OdvlrmLCdv2IO8WEuEeQS","issueId":"FP-3","excerpt":[],"outputPrefix":"","msg":"typecheck-gate: non-zero exit with no parseable TS errors — treating as setup issue and continuing"}
@urateam/core:test: {"level":30,"time":"2026-05-24T11:28:40.914Z","pid":402771,"hostname":"df54c4ecdd90","name":"urateam","component":"PipelineRunner","runId":"OdvlrmLCdv2IO8WEuEeQS","issueId":"FP-3","defaultBranch":"main","msg":"push queue: rebasing before push"}
@urateam/core:test: {"level":40,"time":"2026-05-24T11:28:40.914Z","pid":402771,"hostname":"df54c4ecdd90","name":"urateam","component":"PipelineRunner","runId":"OdvlrmLCdv2IO8WEuEeQS","issueId":"FP-3","msg":"push queue: rebase conflicts detected, running implement pass to resolve"}
@urateam/core:test: {"level":30,"time":"2026-05-24T11:28:40.917Z","pid":402771,"hostname":"df54c4ecdd90","name":"urateam","component":"PipelineRunner","runId":"OdvlrmLCdv2IO8WEuEeQS","issueId":"FP-3","msg":"push queue: conflict resolution succeeded"}
@urateam/core:test: {"level":30,"time":"2026-05-24T11:28:40.917Z","pid":402771,"hostname":"df54c4ecdd90","name":"urateam","component":"PipelineRunner","runId":"OdvlrmLCdv2IO8WEuEeQS","issueId":"FP-3","branch":"agent/FP-3-force-push-test-issue","rebaseConflict":false,"msg":"push queue: force-with-lease push (agent branch or rebase conflict)"}
@urateam/core:test: {"level":50,"time":"2026-05-24T11:28:40.917Z","pid":402771,"hostname":"df54c4ecdd90","name":"urateam","component":"PipelineRunner","runId":"OdvlrmLCdv2IO8WEuEeQS","issueId":"FP-3","err":{"type":"Error","message":"[vitest] No \"getAgentCommits\" export is defined on the \"../repo/git.js\" mock. Did you forget to return it from \"vi.mock\"?\nIf you need to partially mock a module, you can use \"importOriginal\" helper inside:\n","stack":"Error: [vitest] No \"getAgentCommits\" export is defined on the \"../repo/git.js\" mock. Did you forget to return it from \"vi.mock\"?\nIf you need to partially mock a module, you can use \"importOriginal\" helper inside:\n\n    at VitestMocker.createError (file:///home/ura/data/runs/PnXZTHwyAR6qch7obf8pl/worktree/node_modules/.pnpm/vitest@3.2.4_@types+node@22.19.17_tsx@4.21.0/node_modules/vitest/dist/chunks/execute.B7h3T_Hc.js:284:17)\n    at Object.get (file:///home/ura/data/runs/PnXZTHwyAR6qch7obf8pl/worktree/node_modules/.pnpm/vitest@3.2.4_@types+node@22.19.17_tsx@4.21.0/node_modules/vitest/dist/chunks/execute.B7h3T_Hc.js:330:16)\n    at /home/ura/data/runs/PnXZTHwyAR6qch7obf8pl/worktree/packages/core/src/pipeline/runner.ts:2503:11\n    at processTicksAndRejections (node:internal/process/task_queues:103:5)\n    at withBranchLock (/home/ura/data/runs/PnXZTHwyAR6qch7obf8pl/worktree/packages/core/src/pipeline/distributed-lock.ts:133:16)\n    at /home/ura/data/runs/PnXZTHwyAR6qch7obf8pl/worktree/packages/core/src/pipeline/runner.ts:2368:9\n    at Object.enqueue (/home/ura/data/runs/PnXZTHwyAR6qch7obf8pl/worktree/packages/core/src/pipeline/queue.ts:33:16)\n    at PipelineRunner.executePipeline (/home/ura/data/runs/PnXZTHwyAR6qch7obf8pl/worktree/packages/core/src/pipeline/runner.ts:2367:7)\n    at /home/ura/data/runs/PnXZTHwyAR6qch7obf8pl/worktree/packages/core/src/pipeline/runner.ts:336:9\n    at Object.enqueue (/home/ura/data/runs/PnXZTHwyAR6qch7obf8pl/worktree/packages/core/src/pipeline/queue.ts:33:16)","codeFrame":"vi\u001b[33m.\u001b[39m\u001b[34mmock\u001b[39m(\u001b[35mimport\u001b[39m(\u001b[32m\"../repo/git.js\"\u001b[39m)\u001b[33m,\u001b[39m \u001b[35masync\u001b[39m (importOriginal) \u001b[33m=>\u001b[39m {\n  \u001b[35mconst\u001b[39m actual \u001b[33m=\u001b[39m \u001b[35mawait\u001b[39m \u001b[34mimportOriginal\u001b[39m()\n  \u001b[35mreturn\u001b[39m {\n    \u001b[33m...\u001b[39mactual\u001b[33m,\u001b[39m\n    \u001b[90m// your mocked methods\u001b[39m\n  }\n})"},"msg":"pipeline failed with unexpected error"}
@urateam/core:test:  ✓ src/__tests__/force-push-agent-branches.test.ts (9 tests) 227ms
@urateam/core:test:  ✓ src/__tests__/reproduce-bec48-distributed-race.test.ts (4 tests) 214ms
@urateam/core:test:  ✓ src/__tests__/bec89-unified-schema.test.ts (13 tests) 264ms
@urateam/core:test: {"level":30,"time":"2026-05-24T11:28:42.229Z","pid":402859,"hostname":"df54c4ecdd90","name":"urateam","component":"git","hookPath":"/tmp/stale-worktree-test-PgbebM/.git/hooks/pre-push","msg":"installed pre-push branch-safety hook"}
@urateam/core:test: {"level":30,"time":"2026-05-24T11:28:42.300Z","pid":402859,"hostname":"df54c4ecdd90","name":"urateam","component":"git","hookPath":"/tmp/stale-worktree-test-GPpjEP/.git/hooks/pre-push","msg":"installed pre-push branch-safety hook"}
@urateam/core:test: {"level":50,"time":"2026-05-24T11:28:42.312Z","pid":402859,"hostname":"df54c4ecdd90","name":"urateam","component":"git","args":["worktree","add","-B","agent/iss-1","/tmp/stale-worktree-runs-dinoKa/run-2/worktree"],"cwd":"/tmp/stale-worktree-test-GPpjEP","stderr":"fatal: 'agent/iss-1' is already used by worktree at '/tmp/stale-worktree-runs-dinoKa/run-1/worktree'\n","msg":"git worktree failed"}
@urateam/core:test: {"level":40,"time":"2026-05-24T11:28:42.312Z","pid":402859,"hostname":"df54c4ecdd90","name":"urateam","component":"git","stalePath":"/tmp/stale-worktree-runs-dinoKa/run-1/worktree","worktreePath":"/tmp/stale-worktree-runs-dinoKa/run-2/worktree","msg":"removing stale worktree blocking branch checkout"}
@urateam/core:test: {"level":30,"time":"2026-05-24T11:28:42.329Z","pid":402859,"hostname":"df54c4ecdd90","name":"urateam","component":"git","hookPath":"/tmp/stale-worktree-test-GPpjEP/.git/hooks/pre-push","msg":"installed pre-push branch-safety hook"}
@urateam/core:test: {"level":30,"time":"2026-05-24T11:28:42.384Z","pid":402859,"hostname":"df54c4ecdd90","name":"urateam","component":"git","hookPath":"/tmp/stale-worktree-test-cbCHFc/.git/hooks/pre-push","msg":"installed pre-push branch-safety hook"}
@urateam/core:test: {"level":30,"time":"2026-05-24T11:28:42.399Z","pid":402859,"hostname":"df54c4ecdd90","name":"urateam","component":"git","hookPath":"/tmp/stale-worktree-test-cbCHFc/.git/hooks/pre-push","msg":"installed pre-push branch-safety hook"}
@urateam/core:test: {"level":50,"time":"2026-05-24T11:28:42.442Z","pid":402859,"hostname":"df54c4ecdd90","name":"urateam","component":"git","args":["worktree","add","-B","agent/blocked","/tmp/stale-worktree-runs-pLkkde/not-a-dir/run-fail/worktree"],"cwd":"/tmp/stale-worktree-test-AjpcCe","stderr":"Preparing worktree (new branch 'agent/blocked')\nfatal: could not create leading directories of '/tmp/stale-worktree-runs-pLkkde/not-a-dir/run-fail/worktree/.git': Not a directory\n","msg":"git worktree failed"}
@urateam/core:test:  ✓ src/__tests__/worktree-stale-recovery.test.ts (4 tests) 300ms
@urateam/core:test:  ✓ src/__tests__/pm-circuit-breaker.test.ts (10 tests) 212ms
@urateam/core:test: {"level":30,"time":"2026-05-24T11:28:43.505Z","pid":402941,"hostname":"df54c4ecdd90","name":"urateam","component":"license","tier":"enterprise","customerId":"cust_test","expiresAt":"2026-05-25T11:28:43.000Z","msg":"license key validated"}
@urateam/core:test: {"level":30,"time":"2026-05-24T11:28:43.523Z","pid":402941,"hostname":"df54c4ecdd90","name":"urateam","component":"license","tier":"enterprise","customerId":"cust_test","expiresAt":"2026-05-25T11:28:43.000Z","msg":"license key validated"}
@urateam/core:test: {"level":30,"time":"2026-05-24T11:28:43.546Z","pid":402941,"hostname":"df54c4ecdd90","name":"urateam","component":"license","tier":"enterprise","customerId":"cust_test","expiresAt":"2026-05-25T11:28:43.000Z","msg":"license key validated"}
@urateam/core:test: {"level":30,"time":"2026-05-24T11:28:43.561Z","pid":402941,"hostname":"df54c4ecdd90","name":"urateam","component":"license","tier":"enterprise","customerId":"cust_test","expiresAt":"2026-05-25T11:28:43.000Z","msg":"license key validated"}
@urateam/core:test: {"level":40,"time":"2026-05-24T11:28:43.563Z","pid":402941,"hostname":"df54c4ecdd90","name":"urateam","component":"cost.aggregate","runs":15,"maxRuns":5,"from":"2026-04-01T00:00:00.000Z","to":"2026-04-30T23:59:59.000Z","msg":"aggregateAll: runs exceed cap, truncating to most recent"}
@urateam/core:test: {"level":30,"time":"2026-05-24T11:28:43.576Z","pid":402941,"hostname":"df54c4ecdd90","name":"urateam","component":"license","tier":"enterprise","customerId":"cust_test","expiresAt":"2026-05-25T11:28:43.000Z","msg":"license key validated"}
@urateam/core:test: {"level":30,"time":"2026-05-24T11:28:43.587Z","pid":402941,"hostname":"df54c4ecdd90","name":"urateam","component":"license","tier":"enterprise","customerId":"cust_test","expiresAt":"2026-05-25T11:28:43.000Z","msg":"license key validated"}
@urateam/core:test: {"level":30,"time":"2026-05-24T11:28:43.598Z","pid":402941,"hostname":"df54c4ecdd90","name":"urateam","component":"license","tier":"enterprise","customerId":"cust_test","expiresAt":"2026-05-25T11:28:43.000Z","msg":"license key validated"}
@urateam/core:test: {"level":30,"time":"2026-05-24T11:28:43.608Z","pid":402941,"hostname":"df54c4ecdd90","name":"urateam","component":"license","tier":"enterprise","customerId":"cust_test","expiresAt":"2026-05-25T11:28:43.000Z","msg":"license key validated"}
@urateam/core:test: {"level":30,"time":"2026-05-24T11:28:43.636Z","pid":402941,"hostname":"df54c4ecdd90","name":"urateam","component":"license","tier":"enterprise","customerId":"cust_test","expiresAt":"2026-05-25T11:28:43.000Z","msg":"license key validated"}
@urateam/core:test: {"level":30,"time":"2026-05-24T11:28:43.646Z","pid":402941,"hostname":"df54c4ecdd90","name":"urateam","component":"license","tier":"enterprise","customerId":"cust_test","expiresAt":"2026-05-25T11:28:43.000Z","msg":"license key validated"}
@urateam/core:test: {"level":30,"time":"2026-05-24T11:28:43.660Z","pid":402941,"hostname":"df54c4ecdd90","name":"urateam","component":"license","tier":"enterprise","customerId":"cust_test","expiresAt":"2026-05-25T11:28:43.000Z","msg":"license key validated"}
@urateam/core:test: {"level":30,"time":"2026-05-24T11:28:43.669Z","pid":402941,"hostname":"df54c4ecdd90","name":"urateam","component":"license","tier":"enterprise","customerId":"cust_test","expiresAt":"2026-05-25T11:28:43.000Z","msg":"license key validated"}
@urateam/core:test: {"level":30,"time":"2026-05-24T11:28:43.677Z","pid":402941,"hostname":"df54c4ecdd90","name":"urateam","component":"license","tier":"enterprise","customerId":"cust_test","expiresAt":"2026-05-25T11:28:43.000Z","msg":"license key validated"}
@urateam/core:test:  ✓ src/__tests__/cost/aggregate.test.ts (15 tests) 194ms
@urateam/core:test: {"level":30,"time":"2026-05-24T11:28:43.718Z","pid":402961,"hostname":"df54c4ecdd90","name":"urateam","component":"license","tier":"enterprise","customerId":"cust_test","expiresAt":"2026-05-25T11:28:43.000Z","msg":"license key validated"}
@urateam/core:test: {"level":30,"time":"2026-05-24T11:28:43.736Z","pid":402961,"hostname":"df54c4ecdd90","name":"urateam","component":"license","tier":"enterprise","customerId":"cust_test","expiresAt":"2026-05-25T11:28:43.000Z","msg":"license key validated"}
@urateam/core:test: {"level":30,"time":"2026-05-24T11:28:43.748Z","pid":402961,"hostname":"df54c4ecdd90","name":"urateam","component":"license","tier":"enterprise","customerId":"cust_test","expiresAt":"2026-05-25T11:28:43.000Z","msg":"license key validated"}
@urateam/core:test: {"level":30,"time":"2026-05-24T11:28:43.757Z","pid":402961,"hostname":"df54c4ecdd90","name":"urateam","component":"license","tier":"enterprise","customerId":"cust_test","expiresAt":"2026-05-25T11:28:43.000Z","msg":"license key validated"}
@urateam/core:test: {"level":30,"time":"2026-05-24T11:28:43.767Z","pid":402961,"hostname":"df54c4ecdd90","name":"urateam","component":"license","tier":"enterprise","customerId":"cust_test","expiresAt":"2026-05-25T11:28:43.000Z","msg":"license key validated"}
@urateam/core:test: {"level":30,"time":"2026-05-24T11:28:43.777Z","pid":402961,"hostname":"df54c4ecdd90","name":"urateam","component":"license","tier":"enterprise","customerId":"cust_test","expiresAt":"2026-05-25T11:28:43.000Z","msg":"license key validated"}
@urateam/core:test: {"level":30,"time":"2026-05-24T11:28:43.787Z","pid":402961,"hostname":"df54c4ecdd90","name":"urateam","component":"license","tier":"enterprise","customerId":"cust_test","expiresAt":"2026-05-25T11:28:43.000Z","msg":"license key validated"}
@urateam/core:test: {"level":30,"time":"2026-05-24T11:28:43.818Z","pid":402961,"hostname":"df54c4ecdd90","name":"urateam","component":"license","tier":"enterprise","customerId":"cust_test","expiresAt":"2026-05-25T11:28:43.000Z","msg":"license key validated"}
@urateam/core:test: {"level":30,"time":"2026-05-24T11:28:43.827Z","pid":402961,"hostname":"df54c4ecdd90","name":"urateam","component":"license","tier":"enterprise","customerId":"cust_test","expiresAt":"2026-05-25T11:28:43.000Z","msg":"license key validated"}
@urateam/core:test:  ✓ src/__tests__/audit/reader.test.ts (11 tests) 185ms
@urateam/core:test: {"level":30,"time":"2026-05-24T11:28:44.859Z","pid":402981,"hostname":"df54c4ecdd90","name":"urateam","component":"PipelineRunner","issueId":"RS-1","pipeline":"auto-implement","msg":"start() called"}
@urateam/core:test: {"level":30,"time":"2026-05-24T11:28:44.861Z","pid":402981,"hostname":"df54c4ecdd90","name":"urateam","component":"PipelineRunner","runId":"_Gyk0FBERzHymxuYcNnqa","issueId":"RS-1","branch":"agent/RS-1-undefined","msg":"inserting run into DB"}
@urateam/core:test: {"level":30,"time":"2026-05-24T11:28:44.864Z","pid":402981,"hostname":"df54c4ecdd90","name":"urateam","component":"PipelineRunner","runId":"_Gyk0FBERzHymxuYcNnqa","issueId":"RS-1","branch":"agent/RS-1-undefined","msg":"run queued"}
@urateam/core:test: {"level":30,"time":"2026-05-24T11:28:44.864Z","pid":402981,"hostname":"df54c4ecdd90","name":"urateam","component":"PipelineRunner","runId":"_Gyk0FBERzHymxuYcNnqa","issueId":"RS-1","msg":"executing pipeline"}
@urateam/core:test: {"level":30,"time":"2026-05-24T11:28:44.871Z","pid":402981,"hostname":"df54c4ecdd90","name":"urateam","component":"PipelineRunner","runId":"_Gyk0FBERzHymxuYcNnqa","issueId":"RS-1","msg":"notifying pipeline start"}
@urateam/core:test: {"level":30,"time":"2026-05-24T11:28:44.871Z","pid":402981,"hostname":"df54c4ecdd90","name":"urateam","component":"PipelineRunner","runId":"_Gyk0FBERzHymxuYcNnqa","issueId":"RS-1","repoUrl":"https://github.com/test/test-repo.git","repoDir":"/tmp/retry-strategies-repos/undefined","msg":"cloning repository"}
@urateam/core:test: {"level":30,"time":"2026-05-24T11:28:44.871Z","pid":402981,"hostname":"df54c4ecdd90","name":"urateam","component":"PipelineRunner","runId":"_Gyk0FBERzHymxuYcNnqa","issueId":"RS-1","msg":"clone complete, creating worktree"}
@urateam/core:test: {"level":30,"time":"2026-05-24T11:28:44.872Z","pid":402981,"hostname":"df54c4ecdd90","name":"urateam","component":"license","tier":"pro","customerId":"cust_test","expiresAt":"2026-05-25T11:28:44.000Z","msg":"license key validated"}
@urateam/core:test: {"level":30,"time":"2026-05-24T11:28:44.873Z","pid":402981,"hostname":"df54c4ecdd90","name":"urateam","component":"PipelineRunner","runId":"_Gyk0FBERzHymxuYcNnqa","issueId":"RS-1","worktreePath":"/tmp/retry-strategies-worktree","msg":"worktree created"}
@urateam/core:test: {"level":40,"time":"2026-05-24T11:28:44.874Z","pid":402981,"hostname":"df54c4ecdd90","name":"urateam","component":"PipelineRunner","err":{"type":"Error","message":"ENOENT: no such file or directory, open '/tmp/retry-strategies-worktree/CLAUDE.md'","stack":"Error: ENOENT: no such file or directory, open '/tmp/retry-strategies-worktree/CLAUDE.md'\n    at open (node:internal/fs/promises:639:25)\n    at writeFile (node:internal/fs/promises:1219:14)\n    at PipelineRunner.injectAgentConfig (/home/ura/data/runs/PnXZTHwyAR6qch7obf8pl/worktree/packages/core/src/pipeline/runner.ts:765:7)\n    at PipelineRunner.executePipeline (/home/ura/data/runs/PnXZTHwyAR6qch7obf8pl/worktree/packages/core/src/pipeline/runner.ts:922:9)\n    at /home/ura/data/runs/PnXZTHwyAR6qch7obf8pl/worktree/packages/core/src/pipeline/runner.ts:336:9\n    at Object.enqueue (/home/ura/data/runs/PnXZTHwyAR6qch7obf8pl/worktree/packages/core/src/pipeline/queue.ts:33:16)","errno":-2,"code":"ENOENT","syscall":"open","path":"/tmp/retry-strategies-worktree/CLAUDE.md"},"msg":"failed to inject CLAUDE.md — agent will run without it"}
@urateam/core:test: {"level":30,"time":"2026-05-24T11:28:44.885Z","pid":402981,"hostname":"df54c4ecdd90","name":"urateam","component":"PipelineRunner","runId":"_Gyk0FBERzHymxuYcNnqa","issueId":"RS-1","languages":["typescript"],"frameworks":[],"buildSystems":["pnpm"],"msg":"tech stack detected"}
@urateam/core:test: {"level":30,"time":"2026-05-24T11:28:44.885Z","pid":402981,"hostname":"df54c4ecdd90","name":"urateam","component":"PipelineRunner","runId":"_Gyk0FBERzHymxuYcNnqa","issueId":"RS-1","stages":["implement"],"msg":"starting pipeline stages"}
@urateam/core:test: {"level":30,"time":"2026-05-24T11:28:44.885Z","pid":402981,"hostname":"df54c4ecdd90","name":"urateam","component":"PipelineRunner","runId":"_Gyk0FBERzHymxuYcNnqa","issueId":"RS-1","stage":"implement","msg":"executing stage"}
@urateam/core:test: {"level":40,"time":"2026-05-24T11:28:44.894Z","pid":402981,"hostname":"df54c4ecdd90","name":"urateam","component":"PipelineRunner","runId":"_Gyk0FBERzHymxuYcNnqa","issueId":"RS-1","stage":"implement","attempt":1,"maxAttempts":2,"prevError":"simulated stage failure","msg":"stage failed — restarting (urateam#121)"}
@urateam/core:test: {"level":30,"time":"2026-05-24T11:28:44.901Z","pid":402981,"hostname":"df54c4ecdd90","name":"urateam","component":"PipelineRunner","runId":"_Gyk0FBERzHymxuYcNnqa","issueId":"RS-1","msg":"typecheck-gate: passed"}
@urateam/core:test: {"level":30,"time":"2026-05-24T11:28:44.905Z","pid":402981,"hostname":"df54c4ecdd90","name":"urateam","component":"PipelineRunner","runId":"_Gyk0FBERzHymxuYcNnqa","issueId":"RS-1","defaultBranch":"main","msg":"push queue: rebasing before push"}
@urateam/core:test: {"level":30,"time":"2026-05-24T11:28:44.906Z","pid":402981,"hostname":"df54c4ecdd90","name":"urateam","component":"PipelineRunner","runId":"_Gyk0FBERzHymxuYcNnqa","issueId":"RS-1","msg":"creating PR via gh CLI"}
@urateam/core:test: {"level":30,"time":"2026-05-24T11:28:44.906Z","pid":402981,"hostname":"df54c4ecdd90","name":"urateam","component":"PipelineRunner","runId":"_Gyk0FBERzHymxuYcNnqa","issueId":"RS-1","prUrl":"https://github.com/test/repo/pull/99","msg":"PR created"}
@urateam/core:test: {"level":30,"time":"2026-05-24T11:28:44.907Z","pid":402981,"hostname":"df54c4ecdd90","name":"urateam","component":"PipelineRunner","runId":"_Gyk0FBERzHymxuYcNnqa","issueId":"RS-1","prUrl":"https://github.com/test/repo/pull/99","autoMerged":false,"autoCommitted":false,"totalInputTokens":100,"totalOutputTokens":50,"stageRetries":{"implement":1},"totalStageRetries":1,"msg":"pipeline completed"}
@urateam/core:test: {"level":30,"time":"2026-05-24T11:28:44.936Z","pid":402981,"hostname":"df54c4ecdd90","name":"urateam","component":"PipelineRunner","issueId":"RS-2","pipeline":"auto-implement","msg":"start() called"}
@urateam/core:test: {"level":30,"time":"2026-05-24T11:28:44.937Z","pid":402981,"hostname":"df54c4ecdd90","name":"urateam","component":"PipelineRunner","runId":"4SDVgnlUkSTqI-SwWbiDh","issueId":"RS-2","branch":"agent/RS-2-undefined","msg":"inserting run into DB"}
@urateam/core:test: {"level":30,"time":"2026-05-24T11:28:44.937Z","pid":402981,"hostname":"df54c4ecdd90","name":"urateam","component":"PipelineRunner","runId":"4SDVgnlUkSTqI-SwWbiDh","issueId":"RS-2","branch":"agent/RS-2-undefined","msg":"run queued"}
@urateam/core:test: {"level":30,"time":"2026-05-24T11:28:44.937Z","pid":402981,"hostname":"df54c4ecdd90","name":"urateam","component":"PipelineRunner","runId":"4SDVgnlUkSTqI-SwWbiDh","issueId":"RS-2","msg":"executing pipeline"}
@urateam/core:test: {"level":30,"time":"2026-05-24T11:28:44.938Z","pid":402981,"hostname":"df54c4ecdd90","name":"urateam","component":"PipelineRunner","runId":"4SDVgnlUkSTqI-SwWbiDh","issueId":"RS-2","msg":"notifying pipeline start"}
@urateam/core:test: {"level":30,"time":"2026-05-24T11:28:44.938Z","pid":402981,"hostname":"df54c4ecdd90","name":"urateam","component":"PipelineRunner","runId":"4SDVgnlUkSTqI-SwWbiDh","issueId":"RS-2","repoUrl":"https://github.com/test/test-repo.git","repoDir":"/tmp/retry-strategies-repos/undefined","msg":"cloning repository"}
@urateam/core:test: {"level":30,"time":"2026-05-24T11:28:44.938Z","pid":402981,"hostname":"df54c4ecdd90","name":"urateam","component":"PipelineRunner","runId":"4SDVgnlUkSTqI-SwWbiDh","issueId":"RS-2","msg":"clone complete, creating worktree"}
@urateam/core:test: {"level":30,"time":"2026-05-24T11:28:44.939Z","pid":402981,"hostname":"df54c4ecdd90","name":"urateam","component":"license","tier":"pro","customerId":"cust_test","expiresAt":"2026-05-25T11:28:44.000Z","msg":"license key validated"}
@urateam/core:test: {"level":30,"time":"2026-05-24T11:28:44.939Z","pid":402981,"hostname":"df54c4ecdd90","name":"urateam","component":"PipelineRunner","runId":"4SDVgnlUkSTqI-SwWbiDh","issueId":"RS-2","worktreePath":"/tmp/retry-strategies-worktree","msg":"worktree created"}
@urateam/core:test: {"level":40,"time":"2026-05-24T11:28:44.939Z","pid":402981,"hostname":"df54c4ecdd90","name":"urateam","component":"PipelineRunner","err":{"type":"Error","message":"ENOENT: no such file or directory, open '/tmp/retry-strategies-worktree/CLAUDE.md'","stack":"Error: ENOENT: no such file or directory, open '/tmp/retry-strategies-worktree/CLAUDE.md'\n    at open (node:internal/fs/promises:639:25)\n    at writeFile (node:internal/fs/promises:1219:14)\n    at PipelineRunner.injectAgentConfig (/home/ura/data/runs/PnXZTHwyAR6qch7obf8pl/worktree/packages/core/src/pipeline/runner.ts:765:7)\n    at PipelineRunner.executePipeline (/home/ura/data/runs/PnXZTHwyAR6qch7obf8pl/worktree/packages/core/src/pipeline/runner.ts:922:9)\n    at /home/ura/data/runs/PnXZTHwyAR6qch7obf8pl/worktree/packages/core/src/pipeline/runner.ts:336:9\n    at Object.enqueue (/home/ura/data/runs/PnXZTHwyAR6qch7obf8pl/worktree/packages/core/src/pipeline/queue.ts:33:16)","errno":-2,"code":"ENOENT","syscall":"open","path":"/tmp/retry-strategies-worktree/CLAUDE.md"},"msg":"failed to inject CLAUDE.md — agent will run without it"}
@urateam/core:test: {"level":30,"time":"2026-05-24T11:28:44.940Z","pid":402981,"hostname":"df54c4ecdd90","name":"urateam","component":"PipelineRunner","runId":"4SDVgnlUkSTqI-SwWbiDh","issueId":"RS-2","languages":["typescript"],"frameworks":[],"buildSystems":["pnpm"],"msg":"tech stack detected"}
@urateam/core:test: {"level":30,"time":"2026-05-24T11:28:44.940Z","pid":402981,"hostname":"df54c4ecdd90","name":"urateam","component":"PipelineRunner","runId":"4SDVgnlUkSTqI-SwWbiDh","issueId":"RS-2","stages":["implement"],"msg":"starting pipeline stages"}
@urateam/core:test: {"level":30,"time":"2026-05-24T11:28:44.940Z","pid":402981,"hostname":"df54c4ecdd90","name":"urateam","component":"PipelineRunner","runId":"4SDVgnlUkSTqI-SwWbiDh","issueId":"RS-2","stage":"implement","msg":"executing stage"}
@urateam/core:test: {"level":40,"time":"2026-05-24T11:28:44.941Z","pid":402981,"hostname":"df54c4ecdd90","name":"urateam","component":"PipelineRunner","runId":"4SDVgnlUkSTqI-SwWbiDh","issueId":"RS-2","stage":"implement","attempt":1,"maxAttempts":2,"prevError":"simulated stage failure","msg":"stage failed — restarting (urateam#121)"}
@urateam/core:test: {"level":40,"time":"2026-05-24T11:28:44.943Z","pid":402981,"hostname":"df54c4ecdd90","name":"urateam","component":"PipelineRunner","runId":"4SDVgnlUkSTqI-SwWbiDh","issueId":"RS-2","stage":"implement","attempt":2,"maxAttempts":2,"prevError":"simulated stage failure","msg":"stage failed — restarting (urateam#121)"}
@urateam/core:test: {"level":40,"time":"2026-05-24T11:28:44.968Z","pid":403001,"hostname":"df54c4ecdd90","name":"urateam","component":"PmAgent:promote","issueId":"BEC-147","failureCount":4,"threshold":3,"msg":"skipped promote: circuit-breaker engaged (too many consecutive failures)"}
@urateam/core:test: {"level":30,"time":"2026-05-24T11:28:44.974Z","pid":402981,"hostname":"df54c4ecdd90","name":"urateam","component":"PipelineRunner","issueId":"RS-3","pipeline":"auto-implement","msg":"start() called"}
@urateam/core:test: {"level":30,"time":"2026-05-24T11:28:44.974Z","pid":402981,"hostname":"df54c4ecdd90","name":"urateam","component":"PipelineRunner","runId":"gwU032HUxFD17gs1RqjUJ","issueId":"RS-3","branch":"agent/RS-3-undefined","msg":"inserting run into DB"}
@urateam/core:test: {"level":30,"time":"2026-05-24T11:28:44.975Z","pid":402981,"hostname":"df54c4ecdd90","name":"urateam","component":"PipelineRunner","runId":"gwU032HUxFD17gs1RqjUJ","issueId":"RS-3","branch":"agent/RS-3-undefined","msg":"run queued"}
@urateam/core:test: {"level":30,"time":"2026-05-24T11:28:44.975Z","pid":402981,"hostname":"df54c4ecdd90","name":"urateam","component":"PipelineRunner","runId":"gwU032HUxFD17gs1RqjUJ","issueId":"RS-3","msg":"executing pipeline"}
@urateam/core:test: {"level":30,"time":"2026-05-24T11:28:44.975Z","pid":402981,"hostname":"df54c4ecdd90","name":"urateam","component":"PipelineRunner","runId":"gwU032HUxFD17gs1RqjUJ","issueId":"RS-3","msg":"notifying pipeline start"}
@urateam/core:test: {"level":30,"time":"2026-05-24T11:28:44.976Z","pid":402981,"hostname":"df54c4ecdd90","name":"urateam","component":"PipelineRunner","runId":"gwU032HUxFD17gs1RqjUJ","issueId":"RS-3","repoUrl":"https://github.com/test/test-repo.git","repoDir":"/tmp/retry-strategies-repos/undefined","msg":"cloning repository"}
@urateam/core:test: {"level":30,"time":"2026-05-24T11:28:44.976Z","pid":402981,"hostname":"df54c4ecdd90","name":"urateam","component":"PipelineRunner","runId":"gwU032HUxFD17gs1RqjUJ","issueId":"RS-3","msg":"clone complete, creating worktree"}
@urateam/core:test: {"level":30,"time":"2026-05-24T11:28:44.976Z","pid":402981,"hostname":"df54c4ecdd90","name":"urateam","component":"license","tier":"pro","customerId":"cust_test","expiresAt":"2026-05-25T11:28:44.000Z","msg":"license key validated"}
@urateam/core:test: {"level":30,"time":"2026-05-24T11:28:44.976Z","pid":402981,"hostname":"df54c4ecdd90","name":"urateam","component":"PipelineRunner","runId":"gwU032HUxFD17gs1RqjUJ","issueId":"RS-3","worktreePath":"/tmp/retry-strategies-worktree","msg":"worktree created"}
@urateam/core:test: {"level":40,"time":"2026-05-24T11:28:44.971Z","pid":403001,"hostname":"df54c4ecdd90","name":"urateam","component":"PmAgent:promote","issueId":"BEC-147","err":{"type":"TypeError","message":"linearClient.issueLabels is not a function","stack":"TypeError: linearClient.issueLabels is not a function\n    at /home/ura/data/runs/PnXZTHwyAR6qch7obf8pl/worktree/packages/core/src/pm/actions/promote.ts:239:52\n    at promoteReadyIssues (/home/ura/data/runs/PnXZTHwyAR6qch7obf8pl/worktree/packages/core/src/pm/actions/promote.ts:252:11)\n    at processTicksAndRejections (node:internal/process/task_queues:103:5)\n    at assertPromoteBreakerSkip (/home/ura/data/runs/PnXZTHwyAR6qch7obf8pl/worktree/packages/core/src/__tests__/bec-181-circuit-breaker-audit-gap.test.ts:145:19)\n    at file:///home/ura/data/runs/PnXZTHwyAR6qch7obf8pl/worktree/node_modules/.pnpm/@vitest+runner@3.2.4/node_modules/@vitest/runner/dist/chunk-hooks.js:752:20"},"msg":"Tier 5 escalation: failed to look up needs-design label"}
@urateam/core:test: {"level":40,"time":"2026-05-24T11:28:44.978Z","pid":403001,"hostname":"df54c4ecdd90","name":"urateam","component":"PmAgent:promote","issueId":"BEC-147","label":"needs-design","msg":"Tier 5 escalation: 'needs-design' label not found in Linear — escalation logged but issue not relabeled"}
@urateam/core:test: {"level":40,"time":"2026-05-24T11:28:44.976Z","pid":402981,"hostname":"df54c4ecdd90","name":"urateam","component":"PipelineRunner","err":{"type":"Error","message":"ENOENT: no such file or directory, open '/tmp/retry-strategies-worktree/CLAUDE.md'","stack":"Error: ENOENT: no such file or directory, open '/tmp/retry-strategies-worktree/CLAUDE.md'\n    at open (node:internal/fs/promises:639:25)\n    at writeFile (node:internal/fs/promises:1219:14)\n    at PipelineRunner.injectAgentConfig (/home/ura/data/runs/PnXZTHwyAR6qch7obf8pl/worktree/packages/core/src/pipeline/runner.ts:765:7)\n    at PipelineRunner.executePipeline (/home/ura/data/runs/PnXZTHwyAR6qch7obf8pl/worktree/packages/core/src/pipeline/runner.ts:922:9)\n    at /home/ura/data/runs/PnXZTHwyAR6qch7obf8pl/worktree/packages/core/src/pipeline/runner.ts:336:9\n    at Object.enqueue (/home/ura/data/runs/PnXZTHwyAR6qch7obf8pl/worktree/packages/core/src/pipeline/queue.ts:33:16)","errno":-2,"code":"ENOENT","syscall":"open","path":"/tmp/retry-strategies-worktree/CLAUDE.md"},"msg":"failed to inject CLAUDE.md — agent will run without it"}
@urateam/core:test: {"level":30,"time":"2026-05-24T11:28:44.978Z","pid":402981,"hostname":"df54c4ecdd90","name":"urateam","component":"PipelineRunner","runId":"gwU032HUxFD17gs1RqjUJ","issueId":"RS-3","languages":["typescript"],"frameworks":[],"buildSystems":["pnpm"],"msg":"tech stack detected"}
@urateam/core:test: {"level":30,"time":"2026-05-24T11:28:44.979Z","pid":402981,"hostname":"df54c4ecdd90","name":"urateam","component":"PipelineRunner","runId":"gwU032HUxFD17gs1RqjUJ","issueId":"RS-3","stages":["implement"],"msg":"starting pipeline stages"}
@urateam/core:test: {"level":30,"time":"2026-05-24T11:28:44.979Z","pid":402981,"hostname":"df54c4ecdd90","name":"urateam","component":"PipelineRunner","runId":"gwU032HUxFD17gs1RqjUJ","issueId":"RS-3","stage":"implement","msg":"executing stage"}
@urateam/core:test: {"level":40,"time":"2026-05-24T11:28:44.979Z","pid":403001,"hostname":"df54c4ecdd90","name":"urateam","component":"PmAgent:promote","issueId":"BEC-147","failureCount":4,"hasError":false,"msg":"Tier 5 escalation: moved issue to needs-design and notified"}
@urateam/core:test: {"level":40,"time":"2026-05-24T11:28:44.998Z","pid":403001,"hostname":"df54c4ecdd90","name":"urateam","component":"PmAgent:promote","issueId":"BEC-157","failureCount":3,"threshold":3,"msg":"skipped promote: circuit-breaker engaged (too many consecutive failures)"}
@urateam/core:test: {"level":40,"time":"2026-05-24T11:28:44.999Z","pid":403001,"hostname":"df54c4ecdd90","name":"urateam","component":"PmAgent:promote","issueId":"BEC-157","err":{"type":"TypeError","message":"linearClient.issueLabels is not a function","stack":"TypeError: linearClient.issueLabels is not a function\n    at /home/ura/data/runs/PnXZTHwyAR6qch7obf8pl/worktree/packages/core/src/pm/actions/promote.ts:239:52\n    at promoteReadyIssues (/home/ura/data/runs/PnXZTHwyAR6qch7obf8pl/worktree/packages/core/src/pm/actions/promote.ts:252:11)\n    at assertPromoteBreakerSkip (/home/ura/data/runs/PnXZTHwyAR6qch7obf8pl/worktree/packages/core/src/__tests__/bec-181-circuit-breaker-audit-gap.test.ts:145:19)\n    at file:///home/ura/data/runs/PnXZTHwyAR6qch7obf8pl/worktree/node_modules/.pnpm/@vitest+runner@3.2.4/node_modules/@vitest/runner/dist/chunk-hooks.js:752:20"},"msg":"Tier 5 escalation: failed to look up needs-design label"}
@urateam/core:test: {"level":40,"time":"2026-05-24T11:28:45.000Z","pid":403001,"hostname":"df54c4ecdd90","name":"urateam","component":"PmAgent:promote","issueId":"BEC-157","label":"needs-design","msg":"Tier 5 escalation: 'needs-design' label not found in Linear — escalation logged but issue not relabeled"}
@urateam/core:test: {"level":40,"time":"2026-05-24T11:28:45.000Z","pid":403001,"hostname":"df54c4ecdd90","name":"urateam","component":"PmAgent:promote","issueId":"BEC-157","failureCount":3,"hasError":false,"msg":"Tier 5 escalation: moved issue to needs-design and notified"}
@urateam/core:test: {"level":30,"time":"2026-05-24T11:28:45.010Z","pid":402981,"hostname":"df54c4ecdd90","name":"urateam","component":"PipelineRunner","issueId":"RS-4","pipeline":"auto-implement","msg":"start() called"}
@urateam/core:test: {"level":30,"time":"2026-05-24T11:28:45.010Z","pid":402981,"hostname":"df54c4ecdd90","name":"urateam","component":"PipelineRunner","runId":"LnIVMJZ3lNk603gmHHLzz","issueId":"RS-4","branch":"agent/RS-4-undefined","msg":"inserting run into DB"}
@urateam/core:test: {"level":30,"time":"2026-05-24T11:28:45.011Z","pid":402981,"hostname":"df54c4ecdd90","name":"urateam","component":"PipelineRunner","runId":"LnIVMJZ3lNk603gmHHLzz","issueId":"RS-4","branch":"agent/RS-4-undefined","msg":"run queued"}
@urateam/core:test: {"level":30,"time":"2026-05-24T11:28:45.011Z","pid":402981,"hostname":"df54c4ecdd90","name":"urateam","component":"PipelineRunner","runId":"LnIVMJZ3lNk603gmHHLzz","issueId":"RS-4","msg":"executing pipeline"}
@urateam/core:test: {"level":30,"time":"2026-05-24T11:28:45.012Z","pid":402981,"hostname":"df54c4ecdd90","name":"urateam","component":"PipelineRunner","runId":"LnIVMJZ3lNk603gmHHLzz","issueId":"RS-4","msg":"notifying pipeline start"}
@urateam/core:test: {"level":30,"time":"2026-05-24T11:28:45.012Z","pid":402981,"hostname":"df54c4ecdd90","name":"urateam","component":"PipelineRunner","runId":"LnIVMJZ3lNk603gmHHLzz","issueId":"RS-4","repoUrl":"https://github.com/test/test-repo.git","repoDir":"/tmp/retry-strategies-repos/undefined","msg":"cloning repository"}
@urateam/core:test: {"level":30,"time":"2026-05-24T11:28:45.012Z","pid":402981,"hostname":"df54c4ecdd90","name":"urateam","component":"PipelineRunner","runId":"LnIVMJZ3lNk603gmHHLzz","issueId":"RS-4","msg":"clone complete, creating worktree"}
@urateam/core:test: {"level":30,"time":"2026-05-24T11:28:45.012Z","pid":402981,"hostname":"df54c4ecdd90","name":"urateam","component":"license","tier":"pro","customerId":"cust_test","expiresAt":"2026-05-25T11:28:45.000Z","msg":"license key validated"}
@urateam/core:test: {"level":30,"time":"2026-05-24T11:28:45.012Z","pid":402981,"hostname":"df54c4ecdd90","name":"urateam","component":"PipelineRunner","runId":"LnIVMJZ3lNk603gmHHLzz","issueId":"RS-4","worktreePath":"/tmp/retry-strategies-worktree","msg":"worktree created"}
@urateam/core:test: {"level":40,"time":"2026-05-24T11:28:45.013Z","pid":402981,"hostname":"df54c4ecdd90","name":"urateam","component":"PipelineRunner","err":{"type":"Error","message":"ENOENT: no such file or directory, open '/tmp/retry-strategies-worktree/CLAUDE.md'","stack":"Error: ENOENT: no such file or directory, open '/tmp/retry-strategies-worktree/CLAUDE.md'\n    at open (node:internal/fs/promises:639:25)\n    at writeFile (node:internal/fs/promises:1219:14)\n    at PipelineRunner.injectAgentConfig (/home/ura/data/runs/PnXZTHwyAR6qch7obf8pl/worktree/packages/core/src/pipeline/runner.ts:765:7)\n    at PipelineRunner.executePipeline (/home/ura/data/runs/PnXZTHwyAR6qch7obf8pl/worktree/packages/core/src/pipeline/runner.ts:922:9)\n    at /home/ura/data/runs/PnXZTHwyAR6qch7obf8pl/worktree/packages/core/src/pipeline/runner.ts:336:9\n    at Object.enqueue (/home/ura/data/runs/PnXZTHwyAR6qch7obf8pl/worktree/packages/core/src/pipeline/queue.ts:33:16)","errno":-2,"code":"ENOENT","syscall":"open","path":"/tmp/retry-strategies-worktree/CLAUDE.md"},"msg":"failed to inject CLAUDE.md — agent will run without it"}
@urateam/core:test: {"level":30,"time":"2026-05-24T11:28:45.013Z","pid":402981,"hostname":"df54c4ecdd90","name":"urateam","component":"PipelineRunner","runId":"LnIVMJZ3lNk603gmHHLzz","issueId":"RS-4","languages":["typescript"],"frameworks":[],"buildSystems":["pnpm"],"msg":"tech stack detected"}
@urateam/core:test: {"level":30,"time":"2026-05-24T11:28:45.013Z","pid":402981,"hostname":"df54c4ecdd90","name":"urateam","component":"PipelineRunner","runId":"LnIVMJZ3lNk603gmHHLzz","issueId":"RS-4","stages":["implement"],"msg":"starting pipeline stages"}
@urateam/core:test: {"level":30,"time":"2026-05-24T11:28:45.013Z","pid":402981,"hostname":"df54c4ecdd90","name":"urateam","component":"PipelineRunner","runId":"LnIVMJZ3lNk603gmHHLzz","issueId":"RS-4","stage":"implement","msg":"executing stage"}
@urateam/core:test: {"level":30,"time":"2026-05-24T11:28:45.016Z","pid":403001,"hostname":"df54c4ecdd90","name":"urateam","component":"PmAgent:startTodo","totalTodo":1,"orphanedCount":1,"maxPerTick":5,"msg":"found Todo issues with no active pipeline run"}
@urateam/core:test: {"level":40,"time":"2026-05-24T11:28:45.017Z","pid":403001,"hostname":"df54c4ecdd90","name":"urateam","component":"PmAgent:startTodo","identifier":"BEC-147","failureCount":4,"threshold":3,"msg":"circuit-breaker engaged — skipping start"}
@urateam/core:test: {"level":30,"time":"2026-05-24T11:28:45.017Z","pid":403001,"hostname":"df54c4ecdd90","name":"urateam","component":"PmAgent:startTodo","started":0,"skipped":[{"id":"BEC-147","reason":"circuit-breaker: 4 consecutive failed runs (threshold 3)"}],"msg":"startTodoIssues summary"}
@urateam/core:test:  ✓ src/__tests__/runner-retry-strategies.test.ts (4 tests) 198ms
@urateam/core:test:  ✓ src/__tests__/bec-181-circuit-breaker-audit-gap.test.ts (7 tests) 190ms
@urateam/core:test: {"level":30,"time":"2026-05-24T11:28:46.004Z","pid":403025,"hostname":"df54c4ecdd90","name":"urateam","component":"license","tier":"enterprise","customerId":"cust_test","expiresAt":"2026-05-25T11:28:45.000Z","msg":"license key validated"}
@urateam/core:test: {"level":30,"time":"2026-05-24T11:28:46.007Z","pid":403025,"hostname":"df54c4ecdd90","name":"urateam","component":"cost.rollup","firstDate":"2026-04-24","yesterdayStr":"2026-05-23","days":30,"msg":"cost rollup: first run, backfilling"}
@urateam/core:test: {"level":30,"time":"2026-05-24T11:28:46.008Z","pid":403025,"hostname":"df54c4ecdd90","name":"urateam","component":"cost.rollup","date":"2026-04-24","rowsWritten":0,"msg":"no runs to roll up"}
@urateam/core:test: {"level":30,"time":"2026-05-24T11:28:46.008Z","pid":403025,"hostname":"df54c4ecdd90","name":"urateam","component":"cost.rollup","date":"2026-04-25","rowsWritten":0,"msg":"no runs to roll up"}
@urateam/core:test: {"level":30,"time":"2026-05-24T11:28:46.009Z","pid":403025,"hostname":"df54c4ecdd90","name":"urateam","component":"cost.rollup","date":"2026-04-26","rowsWritten":0,"msg":"no runs to roll up"}
@urateam/core:test: {"level":30,"time":"2026-05-24T11:28:46.009Z","pid":403025,"hostname":"df54c4ecdd90","name":"urateam","component":"cost.rollup","date":"2026-04-27","rowsWritten":0,"msg":"no runs to roll up"}
@urateam/core:test: {"level":30,"time":"2026-05-24T11:28:46.010Z","pid":403025,"hostname":"df54c4ecdd90","name":"urateam","component":"cost.rollup","date":"2026-04-28","rowsWritten":0,"msg":"no runs to roll up"}
@urateam/core:test: {"level":30,"time":"2026-05-24T11:28:46.010Z","pid":403025,"hostname":"df54c4ecdd90","name":"urateam","component":"cost.rollup","date":"2026-04-29","rowsWritten":0,"msg":"no runs to roll up"}
@urateam/core:test: {"level":30,"time":"2026-05-24T11:28:46.011Z","pid":403025,"hostname":"df54c4ecdd90","name":"urateam","component":"cost.rollup","date":"2026-04-30","rowsWritten":0,"msg":"no runs to roll up"}
@urateam/core:test: {"level":30,"time":"2026-05-24T11:28:46.012Z","pid":403025,"hostname":"df54c4ecdd90","name":"urateam","component":"cost.rollup","date":"2026-05-01","rowsWritten":0,"msg":"no runs to roll up"}
@urateam/core:test: {"level":30,"time":"2026-05-24T11:28:46.012Z","pid":403025,"hostname":"df54c4ecdd90","name":"urateam","component":"cost.rollup","date":"2026-05-02","rowsWritten":0,"msg":"no runs to roll up"}
@urateam/core:test: {"level":30,"time":"2026-05-24T11:28:46.013Z","pid":403025,"hostname":"df54c4ecdd90","name":"urateam","component":"cost.rollup","date":"2026-05-03","rowsWritten":0,"msg":"no runs to roll up"}
@urateam/core:test: {"level":30,"time":"2026-05-24T11:28:46.013Z","pid":403025,"hostname":"df54c4ecdd90","name":"urateam","component":"cost.rollup","date":"2026-05-04","rowsWritten":0,"msg":"no runs to roll up"}
@urateam/core:test: {"level":30,"time":"2026-05-24T11:28:46.013Z","pid":403025,"hostname":"df54c4ecdd90","name":"urateam","component":"cost.rollup","date":"2026-05-05","rowsWritten":0,"msg":"no runs to roll up"}
@urateam/core:test: {"level":30,"time":"2026-05-24T11:28:46.014Z","pid":403025,"hostname":"df54c4ecdd90","name":"urateam","component":"cost.rollup","date":"2026-05-06","rowsWritten":0,"msg":"no runs to roll up"}
@urateam/core:test: {"level":30,"time":"2026-05-24T11:28:46.014Z","pid":403025,"hostname":"df54c4ecdd90","name":"urateam","component":"cost.rollup","date":"2026-05-07","rowsWritten":0,"msg":"no runs to roll up"}
@urateam/core:test: {"level":30,"time":"2026-05-24T11:28:46.014Z","pid":403025,"hostname":"df54c4ecdd90","name":"urateam","component":"cost.rollup","date":"2026-05-08","rowsWritten":0,"msg":"no runs to roll up"}
@urateam/core:test: {"level":30,"time":"2026-05-24T11:28:46.015Z","pid":403025,"hostname":"df54c4ecdd90","name":"urateam","component":"cost.rollup","date":"2026-05-09","rowsWritten":0,"msg":"no runs to roll up"}
@urateam/core:test: {"level":30,"time":"2026-05-24T11:28:46.015Z","pid":403025,"hostname":"df54c4ecdd90","name":"urateam","component":"cost.rollup","date":"2026-05-10","rowsWritten":0,"msg":"no runs to roll up"}
@urateam/core:test: {"level":30,"time":"2026-05-24T11:28:46.015Z","pid":403025,"hostname":"df54c4ecdd90","name":"urateam","component":"cost.rollup","date":"2026-05-11","rowsWritten":0,"msg":"no runs to roll up"}
@urateam/core:test: {"level":30,"time":"2026-05-24T11:28:46.016Z","pid":403025,"hostname":"df54c4ecdd90","name":"urateam","component":"cost.rollup","date":"2026-05-12","rowsWritten":0,"msg":"no runs to roll up"}
@urateam/core:test: {"level":30,"time":"2026-05-24T11:28:46.016Z","pid":403025,"hostname":"df54c4ecdd90","name":"urateam","component":"cost.rollup","date":"2026-05-13","rowsWritten":0,"msg":"no runs to roll up"}
@urateam/core:test: {"level":30,"time":"2026-05-24T11:28:46.016Z","pid":403025,"hostname":"df54c4ecdd90","name":"urateam","component":"cost.rollup","date":"2026-05-14","rowsWritten":0,"msg":"no runs to roll up"}
@urateam/core:test: {"level":30,"time":"2026-05-24T11:28:46.016Z","pid":403025,"hostname":"df54c4ecdd90","name":"urateam","component":"cost.rollup","date":"2026-05-15","rowsWritten":0,"msg":"no runs to roll up"}
@urateam/core:test: {"level":30,"time":"2026-05-24T11:28:46.017Z","pid":403025,"hostname":"df54c4ecdd90","name":"urateam","component":"cost.rollup","date":"2026-05-16","rowsWritten":0,"msg":"no runs to roll up"}
@urateam/core:test: {"level":30,"time":"2026-05-24T11:28:46.017Z","pid":403025,"hostname":"df54c4ecdd90","name":"urateam","component":"cost.rollup","date":"2026-05-17","rowsWritten":0,"msg":"no runs to roll up"}
@urateam/core:test: {"level":30,"time":"2026-05-24T11:28:46.017Z","pid":403025,"hostname":"df54c4ecdd90","name":"urateam","component":"cost.rollup","date":"2026-05-18","rowsWritten":0,"msg":"no runs to roll up"}
@urateam/core:test: {"level":30,"time":"2026-05-24T11:28:46.018Z","pid":403025,"hostname":"df54c4ecdd90","name":"urateam","component":"cost.rollup","date":"2026-05-19","rowsWritten":0,"msg":"no runs to roll up"}
@urateam/core:test: {"level":30,"time":"2026-05-24T11:28:46.018Z","pid":403025,"hostname":"df54c4ecdd90","name":"urateam","component":"cost.rollup","date":"2026-05-20","rowsWritten":0,"msg":"no runs to roll up"}
@urateam/core:test: {"level":30,"time":"2026-05-24T11:28:46.018Z","pid":403025,"hostname":"df54c4ecdd90","name":"urateam","component":"cost.rollup","date":"2026-05-21","rowsWritten":0,"msg":"no runs to roll up"}
@urateam/core:test: {"level":30,"time":"2026-05-24T11:28:46.019Z","pid":403025,"hostname":"df54c4ecdd90","name":"urateam","component":"cost.rollup","date":"2026-05-22","rowsWritten":0,"msg":"no runs to roll up"}
@urateam/core:test: {"level":30,"time":"2026-05-24T11:28:46.024Z","pid":403025,"hostname":"df54c4ecdd90","name":"urateam","component":"cost.rollup","date":"2026-05-23","rowsWritten":1,"msg":"cost rollup complete"}
@urateam/core:test: {"level":30,"time":"2026-05-24T11:28:46.037Z","pid":403025,"hostname":"df54c4ecdd90","name":"urateam","component":"license","tier":"enterprise","customerId":"cust_test","expiresAt":"2026-05-25T11:28:46.000Z","msg":"license key validated"}
@urateam/core:test: {"level":30,"time":"2026-05-24T11:28:46.037Z","pid":403025,"hostname":"df54c4ecdd90","name":"urateam","component":"cost.rollup","firstDate":"2026-04-24","yesterdayStr":"2026-05-23","days":30,"msg":"cost rollup: first run, backfilling"}
@urateam/core:test: {"level":30,"time":"2026-05-24T11:28:46.038Z","pid":403025,"hostname":"df54c4ecdd90","name":"urateam","component":"cost.rollup","date":"2026-04-24","rowsWritten":0,"msg":"no runs to roll up"}
@urateam/core:test: {"level":30,"time":"2026-05-24T11:28:46.038Z","pid":403025,"hostname":"df54c4ecdd90","name":"urateam","component":"cost.rollup","date":"2026-04-25","rowsWritten":0,"msg":"no runs to roll up"}
@urateam/core:test: {"level":30,"time":"2026-05-24T11:28:46.038Z","pid":403025,"hostname":"df54c4ecdd90","name":"urateam","component":"cost.rollup","date":"2026-04-26","rowsWritten":0,"msg":"no runs to roll up"}
@urateam/core:test: {"level":30,"time":"2026-05-24T11:28:46.038Z","pid":403025,"hostname":"df54c4ecdd90","name":"urateam","component":"cost.rollup","date":"2026-04-27","rowsWritten":0,"msg":"no runs to roll up"}
@urateam/core:test: {"level":30,"time":"2026-05-24T11:28:46.039Z","pid":403025,"hostname":"df54c4ecdd90","name":"urateam","component":"cost.rollup","date":"2026-04-28","rowsWritten":0,"msg":"no runs to roll up"}
@urateam/core:test: {"level":30,"time":"2026-05-24T11:28:46.039Z","pid":403025,"hostname":"df54c4ecdd90","name":"urateam","component":"cost.rollup","date":"2026-04-29","rowsWritten":0,"msg":"no runs to roll up"}
@urateam/core:test: {"level":30,"time":"2026-05-24T11:28:46.039Z","pid":403025,"hostname":"df54c4ecdd90","name":"urateam","component":"cost.rollup","date":"2026-04-30","rowsWritten":0,"msg":"no runs to roll up"}
@urateam/core:test: {"level":30,"time":"2026-05-24T11:28:46.040Z","pid":403025,"hostname":"df54c4ecdd90","name":"urateam","component":"cost.rollup","date":"2026-05-01","rowsWritten":0,"msg":"no runs to roll up"}
@urateam/core:test: {"level":30,"time":"2026-05-24T11:28:46.040Z","pid":403025,"hostname":"df54c4ecdd90","name":"urateam","component":"cost.rollup","date":"2026-05-02","rowsWritten":0,"msg":"no runs to roll up"}
@urateam/core:test: {"level":30,"time":"2026-05-24T11:28:46.040Z","pid":403025,"hostname":"df54c4ecdd90","name":"urateam","component":"cost.rollup","date":"2026-05-03","rowsWritten":0,"msg":"no runs to roll up"}
@urateam/core:test: {"level":30,"time":"2026-05-24T11:28:46.040Z","pid":403025,"hostname":"df54c4ecdd90","name":"urateam","component":"cost.rollup","date":"2026-05-04","rowsWritten":0,"msg":"no runs to roll up"}
@urateam/core:test: {"level":30,"time":"2026-05-24T11:28:46.041Z","pid":403025,"hostname":"df54c4ecdd90","name":"urateam","component":"cost.rollup","date":"2026-05-05","rowsWritten":0,"msg":"no runs to roll up"}
@urateam/core:test: {"level":30,"time":"2026-05-24T11:28:46.041Z","pid":403025,"hostname":"df54c4ecdd90","name":"urateam","component":"cost.rollup","date":"2026-05-06","rowsWritten":0,"msg":"no runs to roll up"}
@urateam/core:test: {"level":30,"time":"2026-05-24T11:28:46.041Z","pid":403025,"hostname":"df54c4ecdd90","name":"urateam","component":"cost.rollup","date":"2026-05-07","rowsWritten":0,"msg":"no runs to roll up"}
@urateam/core:test: {"level":30,"time":"2026-05-24T11:28:46.042Z","pid":403025,"hostname":"df54c4ecdd90","name":"urateam","component":"cost.rollup","date":"2026-05-08","rowsWritten":0,"msg":"no runs to roll up"}
@urateam/core:test: {"level":30,"time":"2026-05-24T11:28:46.042Z","pid":403025,"hostname":"df54c4ecdd90","name":"urateam","component":"cost.rollup","date":"2026-05-09","rowsWritten":0,"msg":"no runs to roll up"}
@urateam/core:test: {"level":30,"time":"2026-05-24T11:28:46.042Z","pid":403025,"hostname":"df54c4ecdd90","name":"urateam","component":"cost.rollup","date":"2026-05-10","rowsWritten":0,"msg":"no runs to roll up"}
@urateam/core:test: {"level":30,"time":"2026-05-24T11:28:46.043Z","pid":403025,"hostname":"df54c4ecdd90","name":"urateam","component":"cost.rollup","date":"2026-05-11","rowsWritten":0,"msg":"no runs to roll up"}
@urateam/core:test: {"level":30,"time":"2026-05-24T11:28:46.043Z","pid":403025,"hostname":"df54c4ecdd90","name":"urateam","component":"cost.rollup","date":"2026-05-12","rowsWritten":0,"msg":"no runs to roll up"}
@urateam/core:test: {"level":30,"time":"2026-05-24T11:28:46.043Z","pid":403025,"hostname":"df54c4ecdd90","name":"urateam","component":"cost.rollup","date":"2026-05-13","rowsWritten":0,"msg":"no runs to roll up"}
@urateam/core:test: {"level":30,"time":"2026-05-24T11:28:46.044Z","pid":403025,"hostname":"df54c4ecdd90","name":"urateam","component":"cost.rollup","date":"2026-05-14","rowsWritten":0,"msg":"no runs to roll up"}
@urateam/core:test: {"level":30,"time":"2026-05-24T11:28:46.044Z","pid":403025,"hostname":"df54c4ecdd90","name":"urateam","component":"cost.rollup","date":"2026-05-15","rowsWritten":0,"msg":"no runs to roll up"}
@urateam/core:test: {"level":30,"time":"2026-05-24T11:28:46.044Z","pid":403025,"hostname":"df54c4ecdd90","name":"urateam","component":"cost.rollup","date":"2026-05-16","rowsWritten":0,"msg":"no runs to roll up"}
@urateam/core:test: {"level":30,"time":"2026-05-24T11:28:46.044Z","pid":403025,"hostname":"df54c4ecdd90","name":"urateam","component":"cost.rollup","date":"2026-05-17","rowsWritten":0,"msg":"no runs to roll up"}
@urateam/core:test: {"level":30,"time":"2026-05-24T11:28:46.045Z","pid":403025,"hostname":"df54c4ecdd90","name":"urateam","component":"cost.rollup","date":"2026-05-18","rowsWritten":0,"msg":"no runs to roll up"}
@urateam/core:test: {"level":30,"time":"2026-05-24T11:28:46.045Z","pid":403025,"hostname":"df54c4ecdd90","name":"urateam","component":"cost.rollup","date":"2026-05-19","rowsWritten":0,"msg":"no runs to roll up"}
@urateam/core:test: {"level":30,"time":"2026-05-24T11:28:46.045Z","pid":403025,"hostname":"df54c4ecdd90","name":"urateam","component":"cost.rollup","date":"2026-05-20","rowsWritten":0,"msg":"no runs to roll up"}
@urateam/core:test: {"level":30,"time":"2026-05-24T11:28:46.046Z","pid":403025,"hostname":"df54c4ecdd90","name":"urateam","component":"cost.rollup","date":"2026-05-21","rowsWritten":0,"msg":"no runs to roll up"}
@urateam/core:test: {"level":30,"time":"2026-05-24T11:28:46.046Z","pid":403025,"hostname":"df54c4ecdd90","name":"urateam","component":"cost.rollup","date":"2026-05-22","rowsWritten":0,"msg":"no runs to roll up"}
@urateam/core:test: {"level":30,"time":"2026-05-24T11:28:46.049Z","pid":403025,"hostname":"df54c4ecdd90","name":"urateam","component":"cost.rollup","date":"2026-05-23","rowsWritten":1,"msg":"cost rollup complete"}
@urateam/core:test: {"level":30,"time":"2026-05-24T11:28:46.050Z","pid":403025,"hostname":"df54c4ecdd90","name":"urateam","component":"cost.rollup","date":"2026-05-23","rowsWritten":1,"msg":"cost rollup complete"}
@urateam/core:test: {"level":30,"time":"2026-05-24T11:28:46.062Z","pid":403025,"hostname":"df54c4ecdd90","name":"urateam","component":"license","tier":"enterprise","customerId":"cust_test","expiresAt":"2026-05-25T11:28:46.000Z","msg":"license key validated"}
@urateam/core:test: {"level":30,"time":"2026-05-24T11:28:46.063Z","pid":403025,"hostname":"df54c4ecdd90","name":"urateam","component":"cost.rollup","firstDate":"2026-04-24","yesterdayStr":"2026-05-23","days":30,"msg":"cost rollup: first run, backfilling"}
@urateam/core:test: {"level":30,"time":"2026-05-24T11:28:46.063Z","pid":403025,"hostname":"df54c4ecdd90","name":"urateam","component":"cost.rollup","date":"2026-04-24","rowsWritten":0,"msg":"no runs to roll up"}
@urateam/core:test: {"level":30,"time":"2026-05-24T11:28:46.063Z","pid":403025,"hostname":"df54c4ecdd90","name":"urateam","component":"cost.rollup","date":"2026-04-25","rowsWritten":0,"msg":"no runs to roll up"}
@urateam/core:test: {"level":30,"time":"2026-05-24T11:28:46.063Z","pid":403025,"hostname":"df54c4ecdd90","name":"urateam","component":"cost.rollup","date":"2026-04-26","rowsWritten":0,"msg":"no runs to roll up"}
@urateam/core:test: {"level":30,"time":"2026-05-24T11:28:46.064Z","pid":403025,"hostname":"df54c4ecdd90","name":"urateam","component":"cost.rollup","date":"2026-04-27","rowsWritten":0,"msg":"no runs to roll up"}
@urateam/core:test: {"level":30,"time":"2026-05-24T11:28:46.064Z","pid":403025,"hostname":"df54c4ecdd90","name":"urateam","component":"cost.rollup","date":"2026-04-28","rowsWritten":0,"msg":"no runs to roll up"}
@urateam/core:test: {"level":30,"time":"2026-05-24T11:28:46.065Z","pid":403025,"hostname":"df54c4ecdd90","name":"urateam","component":"cost.rollup","date":"2026-04-29","rowsWritten":0,"msg":"no runs to roll up"}
@urateam/core:test: {"level":30,"time":"2026-05-24T11:28:46.065Z","pid":403025,"hostname":"df54c4ecdd90","name":"urateam","component":"cost.rollup","date":"2026-04-30","rowsWritten":0,"msg":"no runs to roll up"}
@urateam/core:test: {"level":30,"time":"2026-05-24T11:28:46.065Z","pid":403025,"hostname":"df54c4ecdd90","name":"urateam","component":"cost.rollup","date":"2026-05-01","rowsWritten":0,"msg":"no runs to roll up"}
@urateam/core:test: {"level":30,"time":"2026-05-24T11:28:46.065Z","pid":403025,"hostname":"df54c4ecdd90","name":"urateam","component":"cost.rollup","date":"2026-05-02","rowsWritten":0,"msg":"no runs to roll up"}
@urateam/core:test: {"level":30,"time":"2026-05-24T11:28:46.066Z","pid":403025,"hostname":"df54c4ecdd90","name":"urateam","component":"cost.rollup","date":"2026-05-03","rowsWritten":0,"msg":"no runs to roll up"}
@urateam/core:test: {"level":30,"time":"2026-05-24T11:28:46.066Z","pid":403025,"hostname":"df54c4ecdd90","name":"urateam","component":"cost.rollup","date":"2026-05-04","rowsWritten":0,"msg":"no runs to roll up"}
@urateam/core:test: {"level":30,"time":"2026-05-24T11:28:46.067Z","pid":403025,"hostname":"df54c4ecdd90","name":"urateam","component":"cost.rollup","date":"2026-05-05","rowsWritten":0,"msg":"no runs to roll up"}
@urateam/core:test: {"level":30,"time":"2026-05-24T11:28:46.067Z","pid":403025,"hostname":"df54c4ecdd90","name":"urateam","component":"cost.rollup","date":"2026-05-06","rowsWritten":0,"msg":"no runs to roll up"}
@urateam/core:test: {"level":30,"time":"2026-05-24T11:28:46.067Z","pid":403025,"hostname":"df54c4ecdd90","name":"urateam","component":"cost.rollup","date":"2026-05-07","rowsWritten":0,"msg":"no runs to roll up"}
@urateam/core:test: {"level":30,"time":"2026-05-24T11:28:46.068Z","pid":403025,"hostname":"df54c4ecdd90","name":"urateam","component":"cost.rollup","date":"2026-05-08","rowsWritten":0,"msg":"no runs to roll up"}
@urateam/core:test: {"level":30,"time":"2026-05-24T11:28:46.068Z","pid":403025,"hostname":"df54c4ecdd90","name":"urateam","component":"cost.rollup","date":"2026-05-09","rowsWritten":0,"msg":"no runs to roll up"}
@urateam/core:test: {"level":30,"time":"2026-05-24T11:28:46.068Z","pid":403025,"hostname":"df54c4ecdd90","name":"urateam","component":"cost.rollup","date":"2026-05-10","rowsWritten":0,"msg":"no runs to roll up"}
@urateam/core:test: {"level":30,"time":"2026-05-24T11:28:46.069Z","pid":403025,"hostname":"df54c4ecdd90","name":"urateam","component":"cost.rollup","date":"2026-05-11","rowsWritten":0,"msg":"no runs to roll up"}
@urateam/core:test: {"level":30,"time":"2026-05-24T11:28:46.069Z","pid":403025,"hostname":"df54c4ecdd90","name":"urateam","component":"cost.rollup","date":"2026-05-12","rowsWritten":0,"msg":"no runs to roll up"}
@urateam/core:test: {"level":30,"time":"2026-05-24T11:28:46.069Z","pid":403025,"hostname":"df54c4ecdd90","name":"urateam","component":"cost.rollup","date":"2026-05-13","rowsWritten":0,"msg":"no runs to roll up"}
@urateam/core:test: {"level":30,"time":"2026-05-24T11:28:46.070Z","pid":403025,"hostname":"df54c4ecdd90","name":"urateam","component":"cost.rollup","date":"2026-05-14","rowsWritten":0,"msg":"no runs to roll up"}
@urateam/core:test: {"level":30,"time":"2026-05-24T11:28:46.070Z","pid":403025,"hostname":"df54c4ecdd90","name":"urateam","component":"cost.rollup","date":"2026-05-15","rowsWritten":0,"msg":"no runs to roll up"}
@urateam/core:test: {"level":30,"time":"2026-05-24T11:28:46.071Z","pid":403025,"hostname":"df54c4ecdd90","name":"urateam","component":"cost.rollup","date":"2026-05-16","rowsWritten":0,"msg":"no runs to roll up"}
@urateam/core:test: {"level":30,"time":"2026-05-24T11:28:46.071Z","pid":403025,"hostname":"df54c4ecdd90","name":"urateam","component":"cost.rollup","date":"2026-05-17","rowsWritten":0,"msg":"no runs to roll up"}
@urateam/core:test: {"level":30,"time":"2026-05-24T11:28:46.071Z","pid":403025,"hostname":"df54c4ecdd90","name":"urateam","component":"cost.rollup","date":"2026-05-18","rowsWritten":0,"msg":"no runs to roll up"}
@urateam/core:test: {"level":30,"time":"2026-05-24T11:28:46.072Z","pid":403025,"hostname":"df54c4ecdd90","name":"urateam","component":"cost.rollup","date":"2026-05-19","rowsWritten":0,"msg":"no runs to roll up"}
@urateam/core:test: {"level":30,"time":"2026-05-24T11:28:46.072Z","pid":403025,"hostname":"df54c4ecdd90","name":"urateam","component":"cost.rollup","date":"2026-05-20","rowsWritten":0,"msg":"no runs to roll up"}
@urateam/core:test: {"level":30,"time":"2026-05-24T11:28:46.073Z","pid":403025,"hostname":"df54c4ecdd90","name":"urateam","component":"cost.rollup","date":"2026-05-21","rowsWritten":0,"msg":"no runs to roll up"}
@urateam/core:test: {"level":30,"time":"2026-05-24T11:28:46.073Z","pid":403025,"hostname":"df54c4ecdd90","name":"urateam","component":"cost.rollup","date":"2026-05-22","rowsWritten":0,"msg":"no runs to roll up"}
@urateam/core:test: {"level":30,"time":"2026-05-24T11:28:46.076Z","pid":403025,"hostname":"df54c4ecdd90","name":"urateam","component":"cost.rollup","date":"2026-05-23","rowsWritten":1,"msg":"cost rollup complete"}
@urateam/core:test: {"level":30,"time":"2026-05-24T11:28:46.078Z","pid":403025,"hostname":"df54c4ecdd90","name":"urateam","component":"cost.rollup","date":"2026-05-23","rowsWritten":1,"msg":"cost rollup complete"}
@urateam/core:test: {"level":30,"time":"2026-05-24T11:28:46.094Z","pid":403025,"hostname":"df54c4ecdd90","name":"urateam","component":"license","tier":"enterprise","customerId":"cust_test","expiresAt":"2026-05-25T11:28:46.000Z","msg":"license key validated"}
@urateam/core:test: {"level":30,"time":"2026-05-24T11:28:46.094Z","pid":403025,"hostname":"df54c4ecdd90","name":"urateam","component":"cost.rollup","firstDate":"2026-04-24","yesterdayStr":"2026-05-23","days":30,"msg":"cost rollup: first run, backfilling"}
@urateam/core:test: {"level":30,"time":"2026-05-24T11:28:46.094Z","pid":403025,"hostname":"df54c4ecdd90","name":"urateam","component":"cost.rollup","date":"2026-04-24","rowsWritten":0,"msg":"no runs to roll up"}
@urateam/core:test: {"level":30,"time":"2026-05-24T11:28:46.095Z","pid":403025,"hostname":"df54c4ecdd90","name":"urateam","component":"cost.rollup","date":"2026-04-25","rowsWritten":0,"msg":"no runs to roll up"}
@urateam/core:test: {"level":30,"time":"2026-05-24T11:28:46.095Z","pid":403025,"hostname":"df54c4ecdd90","name":"urateam","component":"cost.rollup","date":"2026-04-26","rowsWritten":0,"msg":"no runs to roll up"}
@urateam/core:test: {"level":30,"time":"2026-05-24T11:28:46.097Z","pid":403025,"hostname":"df54c4ecdd90","name":"urateam","component":"cost.rollup","date":"2026-04-27","rowsWritten":0,"msg":"no runs to roll up"}
@urateam/core:test: {"level":30,"time":"2026-05-24T11:28:46.098Z","pid":403025,"hostname":"df54c4ecdd90","name":"urateam","component":"cost.rollup","date":"2026-04-28","rowsWritten":0,"msg":"no runs to roll up"}
@urateam/core:test: {"level":30,"time":"2026-05-24T11:28:46.098Z","pid":403025,"hostname":"df54c4ecdd90","name":"urateam","component":"cost.rollup","date":"2026-04-29","rowsWritten":0,"msg":"no runs to roll up"}
@urateam/core:test: {"level":30,"time":"2026-05-24T11:28:46.098Z","pid":403025,"hostname":"df54c4ecdd90","name":"urateam","component":"cost.rollup","date":"2026-04-30","rowsWritten":0,"msg":"no runs to roll up"}
@urateam/core:test: {"level":30,"time":"2026-05-24T11:28:46.098Z","pid":403025,"hostname":"df54c4ecdd90","name":"urateam","component":"cost.rollup","date":"2026-05-01","rowsWritten":0,"msg":"no runs to roll up"}
@urateam/core:test: {"level":30,"time":"2026-05-24T11:28:46.099Z","pid":403025,"hostname":"df54c4ecdd90","name":"urateam","component":"cost.rollup","date":"2026-05-02","rowsWritten":0,"msg":"no runs to roll up"}
@urateam/core:test: {"level":30,"time":"2026-05-24T11:28:46.099Z","pid":403025,"hostname":"df54c4ecdd90","name":"urateam","component":"cost.rollup","date":"2026-05-03","rowsWritten":0,"msg":"no runs to roll up"}
@urateam/core:test: {"level":30,"time":"2026-05-24T11:28:46.100Z","pid":403025,"hostname":"df54c4ecdd90","name":"urateam","component":"cost.rollup","date":"2026-05-04","rowsWritten":1,"msg":"cost rollup complete"}
@urateam/core:test: {"level":30,"time":"2026-05-24T11:28:46.101Z","pid":403025,"hostname":"df54c4ecdd90","name":"urateam","component":"cost.rollup","date":"2026-05-05","rowsWritten":0,"msg":"no runs to roll up"}
@urateam/core:test: {"level":30,"time":"2026-05-24T11:28:46.101Z","pid":403025,"hostname":"df54c4ecdd90","name":"urateam","component":"cost.rollup","date":"2026-05-06","rowsWritten":0,"msg":"no runs to roll up"}
@urateam/core:test: {"level":30,"time":"2026-05-24T11:28:46.101Z","pid":403025,"hostname":"df54c4ecdd90","name":"urateam","component":"cost.rollup","date":"2026-05-07","rowsWritten":0,"msg":"no runs to roll up"}
@urateam/core:test: {"level":30,"time":"2026-05-24T11:28:46.101Z","pid":403025,"hostname":"df54c4ecdd90","name":"urateam","component":"cost.rollup","date":"2026-05-08","rowsWritten":0,"msg":"no runs to roll up"}
@urateam/core:test: {"level":30,"time":"2026-05-24T11:28:46.102Z","pid":403025,"hostname":"df54c4ecdd90","name":"urateam","component":"cost.rollup","date":"2026-05-09","rowsWritten":0,"msg":"no runs to roll up"}
@urateam/core:test: {"level":30,"time":"2026-05-24T11:28:46.102Z","pid":403025,"hostname":"df54c4ecdd90","name":"urateam","component":"cost.rollup","date":"2026-05-10","rowsWritten":0,"msg":"no runs to roll up"}
@urateam/core:test: {"level":30,"time":"2026-05-24T11:28:46.102Z","pid":403025,"hostname":"df54c4ecdd90","name":"urateam","component":"cost.rollup","date":"2026-05-11","rowsWritten":0,"msg":"no runs to roll up"}
@urateam/core:test: {"level":30,"time":"2026-05-24T11:28:46.102Z","pid":403025,"hostname":"df54c4ecdd90","name":"urateam","component":"cost.rollup","date":"2026-05-12","rowsWritten":0,"msg":"no runs to roll up"}
@urateam/core:test: {"level":30,"time":"2026-05-24T11:28:46.103Z","pid":403025,"hostname":"df54c4ecdd90","name":"urateam","component":"cost.rollup","date":"2026-05-13","rowsWritten":0,"msg":"no runs to roll up"}
@urateam/core:test: {"level":30,"time":"2026-05-24T11:28:46.103Z","pid":403025,"hostname":"df54c4ecdd90","name":"urateam","component":"cost.rollup","date":"2026-05-14","rowsWritten":1,"msg":"cost rollup complete"}
@urateam/core:test: {"level":30,"time":"2026-05-24T11:28:46.104Z","pid":403025,"hostname":"df54c4ecdd90","name":"urateam","component":"cost.rollup","date":"2026-05-15","rowsWritten":0,"msg":"no runs to roll up"}
@urateam/core:test: {"level":30,"time":"2026-05-24T11:28:46.104Z","pid":403025,"hostname":"df54c4ecdd90","name":"urateam","component":"cost.rollup","date":"2026-05-16","rowsWritten":0,"msg":"no runs to roll up"}
@urateam/core:test: {"level":30,"time":"2026-05-24T11:28:46.104Z","pid":403025,"hostname":"df54c4ecdd90","name":"urateam","component":"cost.rollup","date":"2026-05-17","rowsWritten":0,"msg":"no runs to roll up"}
@urateam/core:test: {"level":30,"time":"2026-05-24T11:28:46.105Z","pid":403025,"hostname":"df54c4ecdd90","name":"urateam","component":"cost.rollup","date":"2026-05-18","rowsWritten":0,"msg":"no runs to roll up"}
@urateam/core:test: {"level":30,"time":"2026-05-24T11:28:46.106Z","pid":403025,"hostname":"df54c4ecdd90","name":"urateam","component":"cost.rollup","date":"2026-05-19","rowsWritten":1,"msg":"cost rollup complete"}
@urateam/core:test: {"level":30,"time":"2026-05-24T11:28:46.106Z","pid":403025,"hostname":"df54c4ecdd90","name":"urateam","component":"cost.rollup","date":"2026-05-20","rowsWritten":0,"msg":"no runs to roll up"}
@urateam/core:test: {"level":30,"time":"2026-05-24T11:28:46.106Z","pid":403025,"hostname":"df54c4ecdd90","name":"urateam","component":"cost.rollup","date":"2026-05-21","rowsWritten":0,"msg":"no runs to roll up"}
@urateam/core:test: {"level":30,"time":"2026-05-24T11:28:46.106Z","pid":403025,"hostname":"df54c4ecdd90","name":"urateam","component":"cost.rollup","date":"2026-05-22","rowsWritten":0,"msg":"no runs to roll up"}
@urateam/core:test: {"level":30,"time":"2026-05-24T11:28:46.107Z","pid":403025,"hostname":"df54c4ecdd90","name":"urateam","component":"cost.rollup","date":"2026-05-23","rowsWritten":0,"msg":"no runs to roll up"}
@urateam/core:test: {"level":30,"time":"2026-05-24T11:28:46.126Z","pid":403025,"hostname":"df54c4ecdd90","name":"urateam","component":"license","tier":"enterprise","customerId":"cust_test","expiresAt":"2026-05-25T11:28:46.000Z","msg":"license key validated"}
@urateam/core:test: {"level":30,"time":"2026-05-24T11:28:46.126Z","pid":403025,"hostname":"df54c4ecdd90","name":"urateam","component":"cost.rollup","latestDate":"2026-05-21","firstDate":"2026-05-22","yesterdayStr":"2026-05-23","days":2,"msg":"cost rollup: backfilling missing days"}
@urateam/core:test: {"level":30,"time":"2026-05-24T11:28:46.127Z","pid":403025,"hostname":"df54c4ecdd90","name":"urateam","component":"cost.rollup","date":"2026-05-22","rowsWritten":1,"msg":"cost rollup complete"}
@urateam/core:test: {"level":30,"time":"2026-05-24T11:28:46.128Z","pid":403025,"hostname":"df54c4ecdd90","name":"urateam","component":"cost.rollup","date":"2026-05-23","rowsWritten":1,"msg":"cost rollup complete"}
@urateam/core:test:  ✓ src/__tests__/cost/rollup.test.ts (5 tests) 146ms
@urateam/core:test: {"level":30,"time":"2026-05-24T11:28:46.276Z","pid":403032,"hostname":"df54c4ecdd90","name":"urateam","component":"PipelineRunner","issueId":"RF-1","pipeline":"ralph-rf-test","msg":"start() called"}
@urateam/core:test: {"level":30,"time":"2026-05-24T11:28:46.278Z","pid":403032,"hostname":"df54c4ecdd90","name":"urateam","component":"PipelineRunner","runId":"mUiHwleIpi8WGRn6S9vFC","issueId":"RF-1","branch":"agent/RF-1-add-user-search","msg":"inserting run into DB"}
@urateam/core:test: {"level":30,"time":"2026-05-24T11:28:46.281Z","pid":403032,"hostname":"df54c4ecdd90","name":"urateam","component":"PipelineRunner","runId":"mUiHwleIpi8WGRn6S9vFC","issueId":"RF-1","branch":"agent/RF-1-add-user-search","msg":"run queued"}
@urateam/core:test: {"level":30,"time":"2026-05-24T11:28:46.282Z","pid":403032,"hostname":"df54c4ecdd90","name":"urateam","component":"PipelineRunner","runId":"mUiHwleIpi8WGRn6S9vFC","issueId":"RF-1","msg":"executing pipeline"}
@urateam/core:test: {"level":30,"time":"2026-05-24T11:28:46.290Z","pid":403032,"hostname":"df54c4ecdd90","name":"urateam","component":"PipelineRunner","runId":"mUiHwleIpi8WGRn6S9vFC","issueId":"RF-1","msg":"notifying pipeline start"}
@urateam/core:test: {"level":30,"time":"2026-05-24T11:28:46.290Z","pid":403032,"hostname":"df54c4ecdd90","name":"urateam","component":"PipelineRunner","runId":"mUiHwleIpi8WGRn6S9vFC","issueId":"RF-1","repoUrl":"https://github.com/test/test-repo.git","repoDir":"/tmp/ralph-rf-repos/add-user-search","msg":"cloning repository"}
@urateam/core:test: {"level":30,"time":"2026-05-24T11:28:46.290Z","pid":403032,"hostname":"df54c4ecdd90","name":"urateam","component":"PipelineRunner","runId":"mUiHwleIpi8WGRn6S9vFC","issueId":"RF-1","msg":"clone complete, creating worktree"}
@urateam/core:test: {"level":30,"time":"2026-05-24T11:28:46.290Z","pid":403032,"hostname":"df54c4ecdd90","name":"urateam","component":"license","tier":"oss","msg":"no license key set — running in OSS mode"}
@urateam/core:test: {"level":30,"time":"2026-05-24T11:28:46.290Z","pid":403032,"hostname":"df54c4ecdd90","name":"urateam","component":"PipelineRunner","runId":"mUiHwleIpi8WGRn6S9vFC","issueId":"RF-1","worktreePath":"/tmp/ralph-rf-test-worktree","msg":"worktree created"}
@urateam/core:test: {"level":40,"time":"2026-05-24T11:28:46.291Z","pid":403032,"hostname":"df54c4ecdd90","name":"urateam","component":"PipelineRunner","err":{"type":"Error","message":"ENOENT: no such file or directory, open '/tmp/ralph-rf-test-worktree/CLAUDE.md'","stack":"Error: ENOENT: no such file or directory, open '/tmp/ralph-rf-test-worktree/CLAUDE.md'\n    at open (node:internal/fs/promises:639:25)\n    at writeFile (node:internal/fs/promises:1219:14)\n    at PipelineRunner.injectAgentConfig (/home/ura/data/runs/PnXZTHwyAR6qch7obf8pl/worktree/packages/core/src/pipeline/runner.ts:765:7)\n    at PipelineRunner.executePipeline (/home/ura/data/runs/PnXZTHwyAR6qch7obf8pl/worktree/packages/core/src/pipeline/runner.ts:922:9)\n    at /home/ura/data/runs/PnXZTHwyAR6qch7obf8pl/worktree/packages/core/src/pipeline/runner.ts:336:9\n    at Object.enqueue (/home/ura/data/runs/PnXZTHwyAR6qch7obf8pl/worktree/packages/core/src/pipeline/queue.ts:33:16)","errno":-2,"code":"ENOENT","syscall":"open","path":"/tmp/ralph-rf-test-worktree/CLAUDE.md"},"msg":"failed to inject CLAUDE.md — agent will run without it"}
@urateam/core:test: {"level":30,"time":"2026-05-24T11:28:46.303Z","pid":403032,"hostname":"df54c4ecdd90","name":"urateam","component":"PipelineRunner","runId":"mUiHwleIpi8WGRn6S9vFC","issueId":"RF-1","languages":["typescript"],"frameworks":[],"buildSystems":["pnpm"],"msg":"tech stack detected"}
@urateam/core:test: {"level":30,"time":"2026-05-24T11:28:46.303Z","pid":403032,"hostname":"df54c4ecdd90","name":"urateam","component":"PipelineRunner","runId":"mUiHwleIpi8WGRn6S9vFC","issueId":"RF-1","stages":["implement","review"],"msg":"starting pipeline stages"}
@urateam/core:test: {"level":30,"time":"2026-05-24T11:28:46.303Z","pid":403032,"hostname":"df54c4ecdd90","name":"urateam","component":"PipelineRunner","runId":"mUiHwleIpi8WGRn6S9vFC","issueId":"RF-1","stage":"implement","msg":"executing stage"}
@urateam/core:test: {"level":30,"time":"2026-05-24T11:28:46.308Z","pid":403032,"hostname":"df54c4ecdd90","name":"urateam","component":"PipelineRunner","runId":"mUiHwleIpi8WGRn6S9vFC","issueId":"RF-1","iteration":1,"maxIterations":1,"msg":"RALPH: checking requirements"}
@urateam/core:test: {"level":30,"time":"2026-05-24T11:28:46.308Z","pid":403032,"hostname":"df54c4ecdd90","name":"urateam","component":"PipelineRunner","runId":"mUiHwleIpi8WGRn6S9vFC","issueId":"RF-1","iteration":1,"msg":"RALPH: all requirements satisfied"}
@urateam/core:test: {"level":30,"time":"2026-05-24T11:28:46.308Z","pid":403032,"hostname":"df54c4ecdd90","name":"urateam","component":"PipelineRunner","runId":"mUiHwleIpi8WGRn6S9vFC","issueId":"RF-1","stage":"review","msg":"executing stage"}
@urateam/core:test: {"level":30,"time":"2026-05-24T11:28:46.311Z","pid":403032,"hostname":"df54c4ecdd90","name":"urateam","component":"PipelineRunner","runId":"mUiHwleIpi8WGRn6S9vFC","issueId":"RF-1","rfIteration":1,"maxIterations":1,"blockingFindings":1,"msg":"review-fix loop: re-running stages to address blocking findings"}
@urateam/core:test: {"level":30,"time":"2026-05-24T11:28:46.311Z","pid":403032,"hostname":"df54c4ecdd90","name":"urateam","component":"PipelineRunner","runId":"mUiHwleIpi8WGRn6S9vFC","issueId":"RF-1","stage":"implement","rfIteration":1,"msg":"review-fix: executing stage"}
@urateam/core:test: {"level":30,"time":"2026-05-24T11:28:46.314Z","pid":403032,"hostname":"df54c4ecdd90","name":"urateam","component":"PipelineRunner","runId":"mUiHwleIpi8WGRn6S9vFC","issueId":"RF-1","rfIteration":1,"msg":"RALPH: re-checking requirements after review-fix implement"}
@urateam/core:test: {"level":40,"time":"2026-05-24T11:28:46.314Z","pid":403032,"hostname":"df54c4ecdd90","name":"urateam","component":"PipelineRunner","runId":"mUiHwleIpi8WGRn6S9vFC","issueId":"RF-1","rfIteration":1,"gaps":1,"msg":"RALPH: requirements NOT satisfied after review-fix implement — PR may be created as draft"}
@urateam/core:test: {"level":30,"time":"2026-05-24T11:28:46.314Z","pid":403032,"hostname":"df54c4ecdd90","name":"urateam","component":"PipelineRunner","runId":"mUiHwleIpi8WGRn6S9vFC","issueId":"RF-1","stage":"review","rfIteration":1,"msg":"review-fix: executing stage"}
@urateam/core:test: {"level":30,"time":"2026-05-24T11:28:46.316Z","pid":403032,"hostname":"df54c4ecdd90","name":"urateam","component":"PipelineRunner","runId":"mUiHwleIpi8WGRn6S9vFC","issueId":"RF-1","rfIteration":1,"msg":"review-fix loop: all blocking findings resolved"}
@urateam/core:test: {"level":40,"time":"2026-05-24T11:28:46.322Z","pid":403032,"hostname":"df54c4ecdd90","name":"urateam","component":"PipelineRunner","runId":"mUiHwleIpi8WGRn6S9vFC","issueId":"RF-1","excerpt":[],"outputPrefix":"","msg":"typecheck-gate: non-zero exit with no parseable TS errors — treating as setup issue and continuing"}
@urateam/core:test: {"level":30,"time":"2026-05-24T11:28:46.324Z","pid":403032,"hostname":"df54c4ecdd90","name":"urateam","component":"PipelineRunner","runId":"mUiHwleIpi8WGRn6S9vFC","issueId":"RF-1","defaultBranch":"main","msg":"push queue: rebasing before push"}
@urateam/core:test: {"level":30,"time":"2026-05-24T11:28:46.326Z","pid":403032,"hostname":"df54c4ecdd90","name":"urateam","component":"PipelineRunner","runId":"mUiHwleIpi8WGRn6S9vFC","issueId":"RF-1","msg":"creating PR via gh CLI"}
@urateam/core:test: {"level":30,"time":"2026-05-24T11:28:46.326Z","pid":403032,"hostname":"df54c4ecdd90","name":"urateam","component":"PipelineRunner","runId":"mUiHwleIpi8WGRn6S9vFC","issueId":"RF-1","prUrl":"https://github.com/test/repo/pull/99","msg":"PR created"}
@urateam/core:test: {"level":30,"time":"2026-05-24T11:28:46.326Z","pid":403032,"hostname":"df54c4ecdd90","name":"urateam","component":"PipelineRunner","runId":"mUiHwleIpi8WGRn6S9vFC","issueId":"RF-1","prUrl":"https://github.com/test/repo/pull/99","msg":"draft PR: adding review comments with gaps and next steps"}
@urateam/core:test: {"level":50,"time":"2026-05-24T11:28:46.328Z","pid":403032,"hostname":"df54c4ecdd90","name":"urateam","component":"PipelineRunner","runId":"mUiHwleIpi8WGRn6S9vFC","issueId":"RF-1","err":"spawn gh ENOENT","prUrl":"https://github.com/test/repo/pull/99","msg":"draft PR: failed to add gap comment"}
@urateam/core:test: {"level":30,"time":"2026-05-24T11:28:46.329Z","pid":403032,"hostname":"df54c4ecdd90","name":"urateam","component":"PipelineRunner","runId":"mUiHwleIpi8WGRn6S9vFC","issueId":"RF-1","prUrl":"https://github.com/test/repo/pull/99","autoMerged":false,"autoCommitted":false,"totalInputTokens":400,"totalOutputTokens":200,"msg":"pipeline completed"}
@urateam/core:test: {"level":30,"time":"2026-05-24T11:28:46.353Z","pid":403032,"hostname":"df54c4ecdd90","name":"urateam","component":"PipelineRunner","issueId":"RF-2","pipeline":"ralph-rf-test","msg":"start() called"}
@urateam/core:test: {"level":30,"time":"2026-05-24T11:28:46.354Z","pid":403032,"hostname":"df54c4ecdd90","name":"urateam","component":"PipelineRunner","runId":"3xDnqUCUt4_n7lS0UvcS5","issueId":"RF-2","branch":"agent/RF-2-add-user-search","msg":"inserting run into DB"}
@urateam/core:test: {"level":30,"time":"2026-05-24T11:28:46.354Z","pid":403032,"hostname":"df54c4ecdd90","name":"urateam","component":"PipelineRunner","runId":"3xDnqUCUt4_n7lS0UvcS5","issueId":"RF-2","branch":"agent/RF-2-add-user-search","msg":"run queued"}
@urateam/core:test: {"level":30,"time":"2026-05-24T11:28:46.354Z","pid":403032,"hostname":"df54c4ecdd90","name":"urateam","component":"PipelineRunner","runId":"3xDnqUCUt4_n7lS0UvcS5","issueId":"RF-2","msg":"executing pipeline"}
@urateam/core:test: {"level":30,"time":"2026-05-24T11:28:46.355Z","pid":403032,"hostname":"df54c4ecdd90","name":"urateam","component":"PipelineRunner","runId":"3xDnqUCUt4_n7lS0UvcS5","issueId":"RF-2","msg":"notifying pipeline start"}
@urateam/core:test: {"level":30,"time":"2026-05-24T11:28:46.355Z","pid":403032,"hostname":"df54c4ecdd90","name":"urateam","component":"PipelineRunner","runId":"3xDnqUCUt4_n7lS0UvcS5","issueId":"RF-2","repoUrl":"https://github.com/test/test-repo.git","repoDir":"/tmp/ralph-rf-repos/add-user-search","msg":"cloning repository"}
@urateam/core:test: {"level":30,"time":"2026-05-24T11:28:46.355Z","pid":403032,"hostname":"df54c4ecdd90","name":"urateam","component":"PipelineRunner","runId":"3xDnqUCUt4_n7lS0UvcS5","issueId":"RF-2","msg":"clone complete, creating worktree"}
@urateam/core:test: {"level":30,"time":"2026-05-24T11:28:46.356Z","pid":403032,"hostname":"df54c4ecdd90","name":"urateam","component":"PipelineRunner","runId":"3xDnqUCUt4_n7lS0UvcS5","issueId":"RF-2","worktreePath":"/tmp/ralph-rf-test-worktree","msg":"worktree created"}
@urateam/core:test: {"level":40,"time":"2026-05-24T11:28:46.356Z","pid":403032,"hostname":"df54c4ecdd90","name":"urateam","component":"PipelineRunner","err":{"type":"Error","message":"ENOENT: no such file or directory, open '/tmp/ralph-rf-test-worktree/CLAUDE.md'","stack":"Error: ENOENT: no such file or directory, open '/tmp/ralph-rf-test-worktree/CLAUDE.md'\n    at open (node:internal/fs/promises:639:25)\n    at writeFile (node:internal/fs/promises:1219:14)\n    at PipelineRunner.injectAgentConfig (/home/ura/data/runs/PnXZTHwyAR6qch7obf8pl/worktree/packages/core/src/pipeline/runner.ts:765:7)\n    at PipelineRunner.executePipeline (/home/ura/data/runs/PnXZTHwyAR6qch7obf8pl/worktree/packages/core/src/pipeline/runner.ts:922:9)\n    at /home/ura/data/runs/PnXZTHwyAR6qch7obf8pl/worktree/packages/core/src/pipeline/runner.ts:336:9\n    at Object.enqueue (/home/ura/data/runs/PnXZTHwyAR6qch7obf8pl/worktree/packages/core/src/pipeline/queue.ts:33:16)","errno":-2,"code":"ENOENT","syscall":"open","path":"/tmp/ralph-rf-test-worktree/CLAUDE.md"},"msg":"failed to inject CLAUDE.md — agent will run without it"}
@urateam/core:test: {"level":30,"time":"2026-05-24T11:28:46.359Z","pid":403032,"hostname":"df54c4ecdd90","name":"urateam","component":"PipelineRunner","runId":"3xDnqUCUt4_n7lS0UvcS5","issueId":"RF-2","languages":["typescript"],"frameworks":[],"buildSystems":["pnpm"],"msg":"tech stack detected"}
@urateam/core:test: {"level":30,"time":"2026-05-24T11:28:46.359Z","pid":403032,"hostname":"df54c4ecdd90","name":"urateam","component":"PipelineRunner","runId":"3xDnqUCUt4_n7lS0UvcS5","issueId":"RF-2","stages":["implement","review"],"msg":"starting pipeline stages"}
@urateam/core:test: {"level":30,"time":"2026-05-24T11:28:46.359Z","pid":403032,"hostname":"df54c4ecdd90","name":"urateam","component":"PipelineRunner","runId":"3xDnqUCUt4_n7lS0UvcS5","issueId":"RF-2","stage":"implement","msg":"executing stage"}
@urateam/core:test: {"level":30,"time":"2026-05-24T11:28:46.362Z","pid":403032,"hostname":"df54c4ecdd90","name":"urateam","component":"PipelineRunner","runId":"3xDnqUCUt4_n7lS0UvcS5","issueId":"RF-2","iteration":1,"maxIterations":1,"msg":"RALPH: checking requirements"}
@urateam/core:test: {"level":30,"time":"2026-05-24T11:28:46.362Z","pid":403032,"hostname":"df54c4ecdd90","name":"urateam","component":"PipelineRunner","runId":"3xDnqUCUt4_n7lS0UvcS5","issueId":"RF-2","iteration":1,"msg":"RALPH: all requirements satisfied"}
@urateam/core:test: {"level":30,"time":"2026-05-24T11:28:46.362Z","pid":403032,"hostname":"df54c4ecdd90","name":"urateam","component":"PipelineRunner","runId":"3xDnqUCUt4_n7lS0UvcS5","issueId":"RF-2","stage":"review","msg":"executing stage"}
@urateam/core:test: {"level":30,"time":"2026-05-24T11:28:46.365Z","pid":403032,"hostname":"df54c4ecdd90","name":"urateam","component":"PipelineRunner","runId":"3xDnqUCUt4_n7lS0UvcS5","issueId":"RF-2","rfIteration":1,"maxIterations":1,"blockingFindings":1,"msg":"review-fix loop: re-running stages to address blocking findings"}
@urateam/core:test: {"level":30,"time":"2026-05-24T11:28:46.365Z","pid":403032,"hostname":"df54c4ecdd90","name":"urateam","component":"PipelineRunner","runId":"3xDnqUCUt4_n7lS0UvcS5","issueId":"RF-2","stage":"implement","rfIteration":1,"msg":"review-fix: executing stage"}
@urateam/core:test: {"level":30,"time":"2026-05-24T11:28:46.368Z","pid":403032,"hostname":"df54c4ecdd90","name":"urateam","component":"PipelineRunner","runId":"3xDnqUCUt4_n7lS0UvcS5","issueId":"RF-2","rfIteration":1,"msg":"RALPH: re-checking requirements after review-fix implement"}
@urateam/core:test: {"level":30,"time":"2026-05-24T11:28:46.368Z","pid":403032,"hostname":"df54c4ecdd90","name":"urateam","component":"PipelineRunner","runId":"3xDnqUCUt4_n7lS0UvcS5","issueId":"RF-2","rfIteration":1,"msg":"RALPH: requirements satisfied after review-fix implement"}
@urateam/core:test: {"level":30,"time":"2026-05-24T11:28:46.368Z","pid":403032,"hostname":"df54c4ecdd90","name":"urateam","component":"PipelineRunner","runId":"3xDnqUCUt4_n7lS0UvcS5","issueId":"RF-2","stage":"review","rfIteration":1,"msg":"review-fix: executing stage"}
@urateam/core:test: {"level":30,"time":"2026-05-24T11:28:46.369Z","pid":403032,"hostname":"df54c4ecdd90","name":"urateam","component":"PipelineRunner","runId":"3xDnqUCUt4_n7lS0UvcS5","issueId":"RF-2","rfIteration":1,"msg":"review-fix loop: all blocking findings resolved"}
@urateam/core:test: {"level":40,"time":"2026-05-24T11:28:46.373Z","pid":403032,"hostname":"df54c4ecdd90","name":"urateam","component":"PipelineRunner","runId":"3xDnqUCUt4_n7lS0UvcS5","issueId":"RF-2","excerpt":[],"outputPrefix":"","msg":"typecheck-gate: non-zero exit with no parseable TS errors — treating as setup issue and continuing"}
@urateam/core:test: {"level":30,"time":"2026-05-24T11:28:46.373Z","pid":403032,"hostname":"df54c4ecdd90","name":"urateam","component":"PipelineRunner","runId":"3xDnqUCUt4_n7lS0UvcS5","issueId":"RF-2","defaultBranch":"main","msg":"push queue: rebasing before push"}
@urateam/core:test: {"level":30,"time":"2026-05-24T11:28:46.374Z","pid":403032,"hostname":"df54c4ecdd90","name":"urateam","component":"PipelineRunner","runId":"3xDnqUCUt4_n7lS0UvcS5","issueId":"RF-2","msg":"creating PR via gh CLI"}
@urateam/core:test: {"level":30,"time":"2026-05-24T11:28:46.374Z","pid":403032,"hostname":"df54c4ecdd90","name":"urateam","component":"PipelineRunner","runId":"3xDnqUCUt4_n7lS0UvcS5","issueId":"RF-2","prUrl":"https://github.com/test/repo/pull/99","msg":"PR created"}
@urateam/core:test: {"level":30,"time":"2026-05-24T11:28:46.374Z","pid":403032,"hostname":"df54c4ecdd90","name":"urateam","component":"PipelineRunner","runId":"3xDnqUCUt4_n7lS0UvcS5","issueId":"RF-2","prUrl":"https://github.com/test/repo/pull/99","autoMerged":false,"autoCommitted":false,"totalInputTokens":400,"totalOutputTokens":200,"msg":"pipeline completed"}
@urateam/core:test:  ✓ src/__tests__/ralph-review-fix-regression.test.ts (2 tests) 151ms
@urateam/core:test: {"level":40,"time":"2026-05-24T11:28:46.862Z","pid":403092,"hostname":"df54c4ecdd90","name":"urateam","component":"OpenRouterFanout","modelId":"m1","msg":"fanout: structured parse failed, preserving raw output"}
@urateam/core:test:  ✓ src/__tests__/openrouter-fanout.test.ts (6 tests) 164ms
@urateam/core:test:  ✓ src/__tests__/e2e-fanout.test.ts (1 test) 180ms
@urateam/core:test: {"level":30,"time":"2026-05-24T11:28:47.884Z","pid":403112,"hostname":"df54c4ecdd90","name":"urateam","component":"auth.session","deleted":1,"msg":"expired sessions pruned"}
@urateam/core:test:  ✓ src/__tests__/auth/session-store.test.ts (6 tests) 136ms
@urateam/core:test: {"level":50,"time":"2026-05-24T11:28:48.074Z","pid":403132,"hostname":"df54c4ecdd90","name":"urateam","component":"WebhookHandler","teamId":"team-frontend","projectId":"none","issueId":"LIN-42","msg":"no repo mapping for team — set REPO_TEAM_ID + REPO_URL in .env (ura dev / ura start) or check repos.config.ts (ura run); the team UUID logged here must match"}
@urateam/core:test: {"level":40,"time":"2026-05-24T11:28:48.153Z","pid":403132,"hostname":"df54c4ecdd90","name":"urateam","component":"WebhookHandler","issueId":"LIN-42","reason":"global at 110% (1,100,000 / 1,000,000 tokens)","msg":"webhook start refused — budget exceeded"}
@urateam/core:test:  ✓ src/__tests__/webhook-handler.test.ts (17 tests) 125ms
@urateam/core:test: {"level":30,"time":"2026-05-24T11:28:49.009Z","pid":403152,"hostname":"df54c4ecdd90","name":"urateam","component":"automerge","owner":"test","repo":"repo","prNumber":1,"msg":"checking PR for automerge eligibility"}
@urateam/core:test: {"level":30,"time":"2026-05-24T11:28:49.010Z","pid":403152,"hostname":"df54c4ecdd90","name":"urateam","component":"automerge","owner":"test","repo":"repo","prNumber":1,"mergeMethod":"squash","msg":"PR eligible — attempting automerge"}
@urateam/core:test: {"level":30,"time":"2026-05-24T11:28:49.010Z","pid":403152,"hostname":"df54c4ecdd90","name":"urateam","component":"automerge","owner":"test","repo":"repo","prNumber":1,"msg":"PR auto-merged successfully"}
@urateam/core:test: {"level":30,"time":"2026-05-24T11:28:49.011Z","pid":403152,"hostname":"df54c4ecdd90","name":"urateam","component":"GitHubWebhookHandler","runId":"run-001","prNumber":1,"merged":true,"message":"PR auto-merged successfully","msg":"automerge: decision recorded"}
@urateam/core:test: {"level":30,"time":"2026-05-24T11:28:49.027Z","pid":403152,"hostname":"df54c4ecdd90","name":"urateam","component":"automerge","owner":"test","repo":"repo","prNumber":2,"msg":"checking PR for automerge eligibility"}
@urateam/core:test: {"level":30,"time":"2026-05-24T11:28:49.028Z","pid":403152,"hostname":"df54c4ecdd90","name":"urateam","component":"automerge","owner":"test","repo":"repo","prNumber":2,"reason":"PR is a draft","msg":"PR not eligible for automerge"}
@urateam/core:test: {"level":30,"time":"2026-05-24T11:28:49.028Z","pid":403152,"hostname":"df54c4ecdd90","name":"urateam","component":"GitHubWebhookHandler","runId":"run-002","prNumber":2,"merged":false,"message":"PR is a draft","msg":"automerge: decision recorded"}
@urateam/core:test: {"level":30,"time":"2026-05-24T11:28:49.046Z","pid":403152,"hostname":"df54c4ecdd90","name":"urateam","component":"automerge","owner":"test","repo":"repo","prNumber":3,"msg":"checking PR for automerge eligibility"}
@urateam/core:test: {"level":30,"time":"2026-05-24T11:28:49.047Z","pid":403152,"hostname":"df54c4ecdd90","name":"urateam","component":"automerge","owner":"test","repo":"repo","prNumber":3,"reason":"Required status check 'ci/tests' has not passed (status: not found)","msg":"PR not eligible for automerge"}
@urateam/core:test: {"level":30,"time":"2026-05-24T11:28:49.047Z","pid":403152,"hostname":"df54c4ecdd90","name":"urateam","component":"GitHubWebhookHandler","runId":"run-003","prNumber":3,"merged":false,"message":"Required status check 'ci/tests' has not passed (status: not found)","msg":"automerge: decision recorded"}
@urateam/core:test: {"level":30,"time":"2026-05-24T11:28:49.061Z","pid":403152,"hostname":"df54c4ecdd90","name":"urateam","component":"automerge","owner":"test","repo":"repo","prNumber":4,"msg":"checking PR for automerge eligibility"}
@urateam/core:test: {"level":30,"time":"2026-05-24T11:28:49.061Z","pid":403152,"hostname":"df54c4ecdd90","name":"urateam","component":"automerge","owner":"test","repo":"repo","prNumber":4,"reason":"PR has 0 approving review(s), need 2","msg":"PR not eligible for automerge"}
@urateam/core:test: {"level":30,"time":"2026-05-24T11:28:49.062Z","pid":403152,"hostname":"df54c4ecdd90","name":"urateam","component":"GitHubWebhookHandler","runId":"run-004","prNumber":4,"merged":false,"message":"PR has 0 approving review(s), need 2","msg":"automerge: decision recorded"}
@urateam/core:test: {"level":30,"time":"2026-05-24T11:28:49.079Z","pid":403152,"hostname":"df54c4ecdd90","name":"urateam","component":"automerge","owner":"test","repo":"repo","prNumber":5,"msg":"checking PR for automerge eligibility"}
@urateam/core:test: {"level":30,"time":"2026-05-24T11:28:49.079Z","pid":403152,"hostname":"df54c4ecdd90","name":"urateam","component":"automerge","owner":"test","repo":"repo","prNumber":5,"reason":"PR is missing required labels: ready-to-merge","msg":"PR not eligible for automerge"}
@urateam/core:test: {"level":30,"time":"2026-05-24T11:28:49.079Z","pid":403152,"hostname":"df54c4ecdd90","name":"urateam","component":"GitHubWebhookHandler","runId":"run-005","prNumber":5,"merged":false,"message":"PR is missing required labels: ready-to-merge","msg":"automerge: decision recorded"}
@urateam/core:test: {"level":30,"time":"2026-05-24T11:28:49.094Z","pid":403152,"hostname":"df54c4ecdd90","name":"urateam","component":"automerge","owner":"test","repo":"repo","prNumber":6,"msg":"checking PR for automerge eligibility"}
@urateam/core:test: {"level":30,"time":"2026-05-24T11:28:49.094Z","pid":403152,"hostname":"df54c4ecdd90","name":"urateam","component":"automerge","owner":"test","repo":"repo","prNumber":6,"reason":"Base branch 'develop' is not in allowedBranches: [main, release]","msg":"PR not eligible for automerge"}
@urateam/core:test: {"level":30,"time":"2026-05-24T11:28:49.094Z","pid":403152,"hostname":"df54c4ecdd90","name":"urateam","component":"GitHubWebhookHandler","runId":"run-006","prNumber":6,"merged":false,"message":"Base branch 'develop' is not in allowedBranches: [main, release]","msg":"automerge: decision recorded"}
@urateam/core:test: {"level":30,"time":"2026-05-24T11:28:49.125Z","pid":403152,"hostname":"df54c4ecdd90","name":"urateam","component":"automerge","owner":"test","repo":"repo","prNumber":9,"msg":"checking PR for automerge eligibility"}
@urateam/core:test: {"level":30,"time":"2026-05-24T11:28:49.125Z","pid":403152,"hostname":"df54c4ecdd90","name":"urateam","component":"automerge","owner":"test","repo":"repo","prNumber":9,"mergeMethod":"squash","msg":"PR eligible — attempting automerge"}
@urateam/core:test: {"level":30,"time":"2026-05-24T11:28:49.125Z","pid":403152,"hostname":"df54c4ecdd90","name":"urateam","component":"automerge","owner":"test","repo":"repo","prNumber":9,"msg":"PR auto-merged successfully"}
@urateam/core:test: {"level":30,"time":"2026-05-24T11:28:49.125Z","pid":403152,"hostname":"df54c4ecdd90","name":"urateam","component":"GitHubWebhookHandler","runId":"run-009","prNumber":9,"merged":true,"message":"PR auto-merged successfully","msg":"automerge: decision recorded"}
@urateam/core:test: {"level":30,"time":"2026-05-24T11:28:49.134Z","pid":403152,"hostname":"df54c4ecdd90","name":"urateam","component":"automerge","owner":"test","repo":"repo","prNumber":10,"msg":"checking PR for automerge eligibility"}
@urateam/core:test: {"level":30,"time":"2026-05-24T11:28:49.134Z","pid":403152,"hostname":"df54c4ecdd90","name":"urateam","component":"automerge","owner":"test","repo":"repo","prNumber":10,"mergeMethod":"squash","msg":"PR eligible — attempting automerge"}
@urateam/core:test: {"level":40,"time":"2026-05-24T11:28:49.134Z","pid":403152,"hostname":"df54c4ecdd90","name":"urateam","component":"automerge","owner":"test","repo":"repo","prNumber":10,"message":"Branch protection prevented merge: Required status check failed","msg":"automerge API call failed"}
@urateam/core:test: {"level":30,"time":"2026-05-24T11:28:49.134Z","pid":403152,"hostname":"df54c4ecdd90","name":"urateam","component":"GitHubWebhookHandler","runId":"run-010","prNumber":10,"merged":false,"message":"Branch protection prevented merge: Required status check failed","msg":"automerge: decision recorded"}
@urateam/core:test:  ✓ src/__tests__/pr-automerge.test.ts (19 tests) 162ms
@urateam/core:test:  ✓ src/__tests__/bec146-repro.test.ts (3 tests) 78ms
@urateam/core:test: {"level":30,"time":"2026-05-24T11:28:50.271Z","pid":403192,"hostname":"df54c4ecdd90","name":"urateam","component":"license","tier":"enterprise","customerId":"cust_test","expiresAt":"2026-05-25T11:28:50.000Z","msg":"license key validated"}
@urateam/core:test: {"level":30,"time":"2026-05-24T11:28:50.296Z","pid":403192,"hostname":"df54c4ecdd90","name":"urateam","component":"license","tier":"enterprise","customerId":"cust_test","expiresAt":"2026-05-25T11:28:50.000Z","msg":"license key validated"}
@urateam/core:test: {"level":30,"time":"2026-05-24T11:28:50.341Z","pid":403192,"hostname":"df54c4ecdd90","name":"urateam","component":"license","tier":"enterprise","customerId":"cust_test","expiresAt":"2026-05-25T11:28:50.000Z","msg":"license key validated"}
@urateam/core:test:  ✓ src/__tests__/surgical-review-fix-runner.test.ts (4 tests) 146ms
@urateam/core:test: {"level":30,"time":"2026-05-24T11:28:50.506Z","pid":403199,"hostname":"df54c4ecdd90","name":"urateam","component":"PmAgent:slack-interface","slashCommand":"/release","commandText":"approve","msg":"received Slack slash command"}
@urateam/core:test:  ✓ src/__tests__/release-manager-slack-handler.test.ts (12 tests) 123ms
@urateam/core:test: {"level":30,"time":"2026-05-24T11:28:51.505Z","pid":403232,"hostname":"df54c4ecdd90","name":"urateam","component":"PipelineRunner","issueId":"MV-GL-1","pipeline":"auto-implement","msg":"start() called"}
@urateam/core:test: {"level":30,"time":"2026-05-24T11:28:51.507Z","pid":403232,"hostname":"df54c4ecdd90","name":"urateam","component":"PipelineRunner","runId":"19hLKBLnUzUUSFBbl5Xsj","issueId":"MV-GL-1","branch":"agent/MV-GL-1-undefined","msg":"inserting run into DB"}
@urateam/core:test: {"level":30,"time":"2026-05-24T11:28:51.511Z","pid":403232,"hostname":"df54c4ecdd90","name":"urateam","component":"PipelineRunner","runId":"19hLKBLnUzUUSFBbl5Xsj","issueId":"MV-GL-1","branch":"agent/MV-GL-1-undefined","msg":"run queued"}
@urateam/core:test: {"level":30,"time":"2026-05-24T11:28:51.512Z","pid":403232,"hostname":"df54c4ecdd90","name":"urateam","component":"PipelineRunner","runId":"19hLKBLnUzUUSFBbl5Xsj","issueId":"MV-GL-1","msg":"executing pipeline"}
@urateam/core:test: {"level":30,"time":"2026-05-24T11:28:51.519Z","pid":403232,"hostname":"df54c4ecdd90","name":"urateam","component":"PipelineRunner","runId":"19hLKBLnUzUUSFBbl5Xsj","issueId":"MV-GL-1","msg":"notifying pipeline start"}
@urateam/core:test: {"level":30,"time":"2026-05-24T11:28:51.519Z","pid":403232,"hostname":"df54c4ecdd90","name":"urateam","component":"PipelineRunner","runId":"19hLKBLnUzUUSFBbl5Xsj","issueId":"MV-GL-1","repoUrl":"https://[redacted]@gitlab.com/myorg/myrepo.git","repoDir":"/tmp/multi-vcs-repos/undefined","msg":"cloning repository"}
@urateam/core:test: {"level":30,"time":"2026-05-24T11:28:51.520Z","pid":403232,"hostname":"df54c4ecdd90","name":"urateam","component":"PipelineRunner","runId":"19hLKBLnUzUUSFBbl5Xsj","issueId":"MV-GL-1","msg":"clone complete, creating worktree"}
@urateam/core:test: {"level":30,"time":"2026-05-24T11:28:51.521Z","pid":403232,"hostname":"df54c4ecdd90","name":"urateam","component":"license","tier":"pro","customerId":"cust_test","expiresAt":"2026-05-25T11:28:51.000Z","msg":"license key validated"}
@urateam/core:test: {"level":30,"time":"2026-05-24T11:28:51.521Z","pid":403232,"hostname":"df54c4ecdd90","name":"urateam","component":"PipelineRunner","runId":"19hLKBLnUzUUSFBbl5Xsj","issueId":"MV-GL-1","worktreePath":"/tmp/multi-vcs-worktree","msg":"worktree created"}
@urateam/core:test: {"level":40,"time":"2026-05-24T11:28:51.522Z","pid":403232,"hostname":"df54c4ecdd90","name":"urateam","component":"PipelineRunner","err":{"type":"Error","message":"ENOENT: no such file or directory, open '/tmp/multi-vcs-worktree/CLAUDE.md'","stack":"Error: ENOENT: no such file or directory, open '/tmp/multi-vcs-worktree/CLAUDE.md'\n    at open (node:internal/fs/promises:639:25)\n    at writeFile (node:internal/fs/promises:1219:14)\n    at PipelineRunner.injectAgentConfig (/home/ura/data/runs/PnXZTHwyAR6qch7obf8pl/worktree/packages/core/src/pipeline/runner.ts:765:7)\n    at PipelineRunner.executePipeline (/home/ura/data/runs/PnXZTHwyAR6qch7obf8pl/worktree/packages/core/src/pipeline/runner.ts:922:9)\n    at /home/ura/data/runs/PnXZTHwyAR6qch7obf8pl/worktree/packages/core/src/pipeline/runner.ts:336:9\n    at Object.enqueue (/home/ura/data/runs/PnXZTHwyAR6qch7obf8pl/worktree/packages/core/src/pipeline/queue.ts:33:16)","errno":-2,"code":"ENOENT","syscall":"open","path":"/tmp/multi-vcs-worktree/CLAUDE.md"},"msg":"failed to inject CLAUDE.md — agent will run without it"}
@urateam/core:test: {"level":30,"time":"2026-05-24T11:28:51.534Z","pid":403232,"hostname":"df54c4ecdd90","name":"urateam","component":"PipelineRunner","runId":"19hLKBLnUzUUSFBbl5Xsj","issueId":"MV-GL-1","languages":["typescript"],"frameworks":[],"buildSystems":["pnpm"],"msg":"tech stack detected"}
@urateam/core:test: {"level":30,"time":"2026-05-24T11:28:51.534Z","pid":403232,"hostname":"df54c4ecdd90","name":"urateam","component":"PipelineRunner","runId":"19hLKBLnUzUUSFBbl5Xsj","issueId":"MV-GL-1","stages":["implement"],"msg":"starting pipeline stages"}
@urateam/core:test: {"level":30,"time":"2026-05-24T11:28:51.534Z","pid":403232,"hostname":"df54c4ecdd90","name":"urateam","component":"PipelineRunner","runId":"19hLKBLnUzUUSFBbl5Xsj","issueId":"MV-GL-1","stage":"implement","msg":"executing stage"}
@urateam/core:test: {"level":30,"time":"2026-05-24T11:28:51.538Z","pid":403232,"hostname":"df54c4ecdd90","name":"urateam","component":"PipelineRunner","runId":"19hLKBLnUzUUSFBbl5Xsj","issueId":"MV-GL-1","msg":"typecheck-gate: passed"}
@urateam/core:test: {"level":30,"time":"2026-05-24T11:28:51.541Z","pid":403232,"hostname":"df54c4ecdd90","name":"urateam","component":"PipelineRunner","runId":"19hLKBLnUzUUSFBbl5Xsj","issueId":"MV-GL-1","defaultBranch":"main","msg":"push queue: rebasing before push"}
@urateam/core:test: {"level":30,"time":"2026-05-24T11:28:51.543Z","pid":403232,"hostname":"df54c4ecdd90","name":"urateam","component":"PipelineRunner","runId":"19hLKBLnUzUUSFBbl5Xsj","issueId":"MV-GL-1","prUrl":"https://gitlab.com/myorg/myrepo/-/merge_requests/42","msg":"MR created via GitLab API"}
@urateam/core:test: {"level":30,"time":"2026-05-24T11:28:51.546Z","pid":403232,"hostname":"df54c4ecdd90","name":"urateam","component":"PipelineRunner","runId":"19hLKBLnUzUUSFBbl5Xsj","issueId":"MV-GL-1","prUrl":"https://gitlab.com/myorg/myrepo/-/merge_requests/42","autoMerged":false,"autoCommitted":false,"totalInputTokens":100,"totalOutputTokens":50,"msg":"pipeline completed"}
@urateam/core:test:  ✓ src/__tests__/pm-budget-utc-boundary.test.ts (8 tests) 110ms
@urateam/core:test: {"level":30,"time":"2026-05-24T11:28:51.564Z","pid":403232,"hostname":"df54c4ecdd90","name":"urateam","component":"PipelineRunner","runId":"19hLKBLnUzUUSFBbl5Xsj","issueId":"MV-GL-1","mrIid":42,"msg":"BEC-175: posted GitLab MR cost summary"}
@urateam/core:test: {"level":30,"time":"2026-05-24T11:28:51.575Z","pid":403232,"hostname":"df54c4ecdd90","name":"urateam","component":"PipelineRunner","issueId":"MV-BB-1","pipeline":"auto-implement","msg":"start() called"}
@urateam/core:test: {"level":30,"time":"2026-05-24T11:28:51.575Z","pid":403232,"hostname":"df54c4ecdd90","name":"urateam","component":"PipelineRunner","runId":"ebvIEb2T8a-qO1ZClGwB3","issueId":"MV-BB-1","branch":"agent/MV-BB-1-undefined","msg":"inserting run into DB"}
@urateam/core:test: {"level":30,"time":"2026-05-24T11:28:51.575Z","pid":403232,"hostname":"df54c4ecdd90","name":"urateam","component":"PipelineRunner","runId":"ebvIEb2T8a-qO1ZClGwB3","issueId":"MV-BB-1","branch":"agent/MV-BB-1-undefined","msg":"run queued"}
@urateam/core:test: {"level":30,"time":"2026-05-24T11:28:51.576Z","pid":403232,"hostname":"df54c4ecdd90","name":"urateam","component":"PipelineRunner","runId":"ebvIEb2T8a-qO1ZClGwB3","issueId":"MV-BB-1","msg":"executing pipeline"}
@urateam/core:test: {"level":30,"time":"2026-05-24T11:28:51.576Z","pid":403232,"hostname":"df54c4ecdd90","name":"urateam","component":"PipelineRunner","runId":"ebvIEb2T8a-qO1ZClGwB3","issueId":"MV-BB-1","msg":"notifying pipeline start"}
@urateam/core:test: {"level":30,"time":"2026-05-24T11:28:51.577Z","pid":403232,"hostname":"df54c4ecdd90","name":"urateam","component":"PipelineRunner","runId":"ebvIEb2T8a-qO1ZClGwB3","issueId":"MV-BB-1","repoUrl":"https://[redacted]@bitbucket.org/myws/myrepo.git","repoDir":"/tmp/multi-vcs-repos/undefined","msg":"cloning repository"}
@urateam/core:test: {"level":30,"time":"2026-05-24T11:28:51.577Z","pid":403232,"hostname":"df54c4ecdd90","name":"urateam","component":"PipelineRunner","runId":"ebvIEb2T8a-qO1ZClGwB3","issueId":"MV-BB-1","msg":"clone complete, creating worktree"}
@urateam/core:test: {"level":30,"time":"2026-05-24T11:28:51.577Z","pid":403232,"hostname":"df54c4ecdd90","name":"urateam","component":"license","tier":"pro","customerId":"cust_test","expiresAt":"2026-05-25T11:28:51.000Z","msg":"license key validated"}
@urateam/core:test: {"level":30,"time":"2026-05-24T11:28:51.577Z","pid":403232,"hostname":"df54c4ecdd90","name":"urateam","component":"PipelineRunner","runId":"ebvIEb2T8a-qO1ZClGwB3","issueId":"MV-BB-1","worktreePath":"/tmp/multi-vcs-worktree","msg":"worktree created"}
@urateam/core:test: {"level":40,"time":"2026-05-24T11:28:51.577Z","pid":403232,"hostname":"df54c4ecdd90","name":"urateam","component":"PipelineRunner","err":{"type":"Error","message":"ENOENT: no such file or directory, open '/tmp/multi-vcs-worktree/CLAUDE.md'","stack":"Error: ENOENT: no such file or directory, open '/tmp/multi-vcs-worktree/CLAUDE.md'\n    at open (node:internal/fs/promises:639:25)\n    at writeFile (node:internal/fs/promises:1219:14)\n    at PipelineRunner.injectAgentConfig (/home/ura/data/runs/PnXZTHwyAR6qch7obf8pl/worktree/packages/core/src/pipeline/runner.ts:765:7)\n    at PipelineRunner.executePipeline (/home/ura/data/runs/PnXZTHwyAR6qch7obf8pl/worktree/packages/core/src/pipeline/runner.ts:922:9)\n    at /home/ura/data/runs/PnXZTHwyAR6qch7obf8pl/worktree/packages/core/src/pipeline/runner.ts:336:9\n    at Object.enqueue (/home/ura/data/runs/PnXZTHwyAR6qch7obf8pl/worktree/packages/core/src/pipeline/queue.ts:33:16)","errno":-2,"code":"ENOENT","syscall":"open","path":"/tmp/multi-vcs-worktree/CLAUDE.md"},"msg":"failed to inject CLAUDE.md — agent will run without it"}
@urateam/core:test: {"level":30,"time":"2026-05-24T11:28:51.578Z","pid":403232,"hostname":"df54c4ecdd90","name":"urateam","component":"PipelineRunner","runId":"ebvIEb2T8a-qO1ZClGwB3","issueId":"MV-BB-1","languages":["typescript"],"frameworks":[],"buildSystems":["pnpm"],"msg":"tech stack detected"}
@urateam/core:test: {"level":30,"time":"2026-05-24T11:28:51.578Z","pid":403232,"hostname":"df54c4ecdd90","name":"urateam","component":"PipelineRunner","runId":"ebvIEb2T8a-qO1ZClGwB3","issueId":"MV-BB-1","stages":["implement"],"msg":"starting pipeline stages"}
@urateam/core:test: {"level":30,"time":"2026-05-24T11:28:51.578Z","pid":403232,"hostname":"df54c4ecdd90","name":"urateam","component":"PipelineRunner","runId":"ebvIEb2T8a-qO1ZClGwB3","issueId":"MV-BB-1","stage":"implement","msg":"executing stage"}
@urateam/core:test: {"level":30,"time":"2026-05-24T11:28:51.580Z","pid":403232,"hostname":"df54c4ecdd90","name":"urateam","component":"PipelineRunner","runId":"ebvIEb2T8a-qO1ZClGwB3","issueId":"MV-BB-1","msg":"typecheck-gate: passed"}
@urateam/core:test: {"level":30,"time":"2026-05-24T11:28:51.580Z","pid":403232,"hostname":"df54c4ecdd90","name":"urateam","component":"PipelineRunner","runId":"ebvIEb2T8a-qO1ZClGwB3","issueId":"MV-BB-1","defaultBranch":"main","msg":"push queue: rebasing before push"}
@urateam/core:test: {"level":30,"time":"2026-05-24T11:28:51.581Z","pid":403232,"hostname":"df54c4ecdd90","name":"urateam","component":"PipelineRunner","runId":"ebvIEb2T8a-qO1ZClGwB3","issueId":"MV-BB-1","prUrl":"https://bitbucket.org/myws/myrepo/pull-requests/42","msg":"PR created via Bitbucket API"}
@urateam/core:test: {"level":30,"time":"2026-05-24T11:28:51.581Z","pid":403232,"hostname":"df54c4ecdd90","name":"urateam","component":"PipelineRunner","runId":"ebvIEb2T8a-qO1ZClGwB3","issueId":"MV-BB-1","prUrl":"https://bitbucket.org/myws/myrepo/pull-requests/42","autoMerged":false,"autoCommitted":false,"totalInputTokens":100,"totalOutputTokens":50,"msg":"pipeline completed"}
@urateam/core:test: {"level":30,"time":"2026-05-24T11:28:51.582Z","pid":403232,"hostname":"df54c4ecdd90","name":"urateam","component":"PipelineRunner","runId":"ebvIEb2T8a-qO1ZClGwB3","issueId":"MV-BB-1","prId":42,"msg":"BEC-175: posted Bitbucket PR cost summary"}
@urateam/core:test:  ✓ src/__tests__/runner-multi-vcs.test.ts (2 tests) 122ms
@urateam/core:test: stderr | src/__tests__/migrator.test.ts > Migration Framework > Postgres Migrations > should create schema_migrations table on first run
@urateam/core:test: Skipping Postgres tests: TEST_POSTGRES_URL not set
@urateam/core:test: 
@urateam/core:test: stderr | src/__tests__/migrator.test.ts > Migration Framework > Postgres Migrations > should create schema_migrations table on first run
@urateam/core:test: Skipping Postgres test: TEST_POSTGRES_URL not set
@urateam/core:test: 
@urateam/core:test: stderr | src/__tests__/migrator.test.ts > Migration Framework > Postgres Migrations > should record all active migrations in schema_migrations
@urateam/core:test: Skipping Postgres tests: TEST_POSTGRES_URL not set
@urateam/core:test: 
@urateam/core:test: stderr | src/__tests__/migrator.test.ts > Migration Framework > Postgres Migrations > should record all active migrations in schema_migrations
@urateam/core:test: Skipping Postgres test: TEST_POSTGRES_URL not set
@urateam/core:test: 
@urateam/core:test: stderr | src/__tests__/migrator.test.ts > Migration Framework > Postgres Migrations > should create all expected tables
@urateam/core:test: Skipping Postgres tests: TEST_POSTGRES_URL not set
@urateam/core:test: 
@urateam/core:test: stderr | src/__tests__/migrator.test.ts > Migration Framework > Postgres Migrations > should create all expected tables
@urateam/core:test: Skipping Postgres test: TEST_POSTGRES_URL not set
@urateam/core:test: 
@urateam/core:test: stderr | src/__tests__/migrator.test.ts > Migration Framework > Postgres Migrations > should be idempotent (safe to run twice)
@urateam/core:test: Skipping Postgres tests: TEST_POSTGRES_URL not set
@urateam/core:test: 
@urateam/core:test: stderr | src/__tests__/migrator.test.ts > Migration Framework > Postgres Migrations > should be idempotent (safe to run twice)
@urateam/core:test: Skipping Postgres test: TEST_POSTGRES_URL not set
@urateam/core:test: 
@urateam/core:test: stderr | src/__tests__/migrator.test.ts > Migration Framework > Postgres Migrations > should track migration applied_at timestamp
@urateam/core:test: Skipping Postgres tests: TEST_POSTGRES_URL not set
@urateam/core:test: 
@urateam/core:test: stderr | src/__tests__/migrator.test.ts > Migration Framework > Postgres Migrations > should track migration applied_at timestamp
@urateam/core:test: Skipping Postgres test: TEST_POSTGRES_URL not set
@urateam/core:test: 
@urateam/core:test: stderr | src/__tests__/migrator.test.ts > Migration Framework > Postgres Migrations > getMigrationStatusPostgres should report correct status
@urateam/core:test: Skipping Postgres tests: TEST_POSTGRES_URL not set
@urateam/core:test: 
@urateam/core:test: stderr | src/__tests__/migrator.test.ts > Migration Framework > Postgres Migrations > getMigrationStatusPostgres should report correct status
@urateam/core:test: Skipping Postgres test: TEST_POSTGRES_URL not set
@urateam/core:test: 
@urateam/core:test: stderr | src/__tests__/migrator.test.ts > Migration Framework > Postgres Migrations > getMigrationStatusPostgres should report pending migrations correctly
@urateam/core:test: Skipping Postgres tests: TEST_POSTGRES_URL not set
@urateam/core:test: 
@urateam/core:test: stderr | src/__tests__/migrator.test.ts > Migration Framework > Postgres Migrations > getMigrationStatusPostgres should report pending migrations correctly
@urateam/core:test: Skipping Postgres test: TEST_POSTGRES_URL not set
@urateam/core:test: 
@urateam/core:test:  ✓ src/__tests__/migrator.test.ts (29 tests) 93ms
@urateam/core:test:  ✓ src/__tests__/review-convention-prompt.test.ts (10 tests) 114ms
@urateam/core:test: {"level":30,"time":"2026-05-24T11:28:52.603Z","pid":403283,"hostname":"df54c4ecdd90","name":"urateam","component":"license","tier":"enterprise","customerId":"cust_test","expiresAt":"2026-05-25T11:28:52.000Z","msg":"license key validated"}
@urateam/core:test: {"level":30,"time":"2026-05-24T11:28:52.641Z","pid":403283,"hostname":"df54c4ecdd90","name":"urateam","component":"license","tier":"enterprise","customerId":"cust_test","expiresAt":"2026-05-25T11:28:52.000Z","msg":"license key validated"}
@urateam/core:test: {"level":30,"time":"2026-05-24T11:28:52.651Z","pid":403283,"hostname":"df54c4ecdd90","name":"urateam","component":"license","tier":"enterprise","customerId":"cust_test","expiresAt":"2026-05-25T11:28:52.000Z","msg":"license key validated"}
@urateam/core:test:  ✓ src/__tests__/rbac/user-role-store.test.ts (9 tests) 107ms
@urateam/core:test: {"level":50,"time":"2026-05-24T11:28:53.473Z","pid":403356,"hostname":"df54c4ecdd90","name":"urateam","component":"git","args":["diff","--stat","HEAD"],"cwd":"/tmp/x","stderr":"","msg":"git diff failed"}
@urateam/core:test: {"level":30,"time":"2026-05-24T11:28:53.481Z","pid":403336,"hostname":"df54c4ecdd90","name":"urateam","component":"license","tier":"enterprise","customerId":"cust_test","expiresAt":"2026-05-25T11:28:53.000Z","msg":"license key validated"}
@urateam/core:test: {"level":30,"time":"2026-05-24T11:28:53.482Z","pid":403336,"hostname":"df54c4ecdd90","name":"urateam","component":"audit.retention","retentionDays":365,"cutoff":"2025-05-24T11:28:53.482Z","deleted":1,"msg":"audit log pruned"}
@urateam/core:test: {"level":30,"time":"2026-05-24T11:28:53.483Z","pid":403336,"hostname":"df54c4ecdd90","name":"urateam","component":"auth.session","deleted":0,"msg":"expired sessions pruned"}
@urateam/core:test: {"level":30,"time":"2026-05-24T11:28:53.483Z","pid":403336,"hostname":"df54c4ecdd90","name":"urateam","component":"cost.rollup","firstDate":"2026-04-24","yesterdayStr":"2026-05-23","days":30,"msg":"cost rollup: first run, backfilling"}
@urateam/core:test: {"level":30,"time":"2026-05-24T11:28:53.484Z","pid":403336,"hostname":"df54c4ecdd90","name":"urateam","component":"cost.rollup","date":"2026-04-24","rowsWritten":0,"msg":"no runs to roll up"}
@urateam/core:test: {"level":30,"time":"2026-05-24T11:28:53.485Z","pid":403336,"hostname":"df54c4ecdd90","name":"urateam","component":"cost.rollup","date":"2026-04-25","rowsWritten":0,"msg":"no runs to roll up"}
@urateam/core:test: {"level":30,"time":"2026-05-24T11:28:53.486Z","pid":403336,"hostname":"df54c4ecdd90","name":"urateam","component":"cost.rollup","date":"2026-04-26","rowsWritten":0,"msg":"no runs to roll up"}
@urateam/core:test: {"level":30,"time":"2026-05-24T11:28:53.488Z","pid":403336,"hostname":"df54c4ecdd90","name":"urateam","component":"cost.rollup","date":"2026-04-27","rowsWritten":0,"msg":"no runs to roll up"}
@urateam/core:test: {"level":30,"time":"2026-05-24T11:28:53.489Z","pid":403336,"hostname":"df54c4ecdd90","name":"urateam","component":"cost.rollup","date":"2026-04-28","rowsWritten":0,"msg":"no runs to roll up"}
@urateam/core:test: {"level":30,"time":"2026-05-24T11:28:53.489Z","pid":403336,"hostname":"df54c4ecdd90","name":"urateam","component":"cost.rollup","date":"2026-04-29","rowsWritten":0,"msg":"no runs to roll up"}
@urateam/core:test: {"level":30,"time":"2026-05-24T11:28:53.490Z","pid":403336,"hostname":"df54c4ecdd90","name":"urateam","component":"cost.rollup","date":"2026-04-30","rowsWritten":0,"msg":"no runs to roll up"}
@urateam/core:test: {"level":30,"time":"2026-05-24T11:28:53.491Z","pid":403336,"hostname":"df54c4ecdd90","name":"urateam","component":"cost.rollup","date":"2026-05-01","rowsWritten":0,"msg":"no runs to roll up"}
@urateam/core:test: {"level":30,"time":"2026-05-24T11:28:53.491Z","pid":403336,"hostname":"df54c4ecdd90","name":"urateam","component":"cost.rollup","date":"2026-05-02","rowsWritten":0,"msg":"no runs to roll up"}
@urateam/core:test: {"level":30,"time":"2026-05-24T11:28:53.492Z","pid":403336,"hostname":"df54c4ecdd90","name":"urateam","component":"cost.rollup","date":"2026-05-03","rowsWritten":0,"msg":"no runs to roll up"}
@urateam/core:test: {"level":30,"time":"2026-05-24T11:28:53.492Z","pid":403336,"hostname":"df54c4ecdd90","name":"urateam","component":"cost.rollup","date":"2026-05-04","rowsWritten":0,"msg":"no runs to roll up"}
@urateam/core:test: {"level":30,"time":"2026-05-24T11:28:53.493Z","pid":403336,"hostname":"df54c4ecdd90","name":"urateam","component":"cost.rollup","date":"2026-05-05","rowsWritten":0,"msg":"no runs to roll up"}
@urateam/core:test: {"level":30,"time":"2026-05-24T11:28:53.493Z","pid":403336,"hostname":"df54c4ecdd90","name":"urateam","component":"cost.rollup","date":"2026-05-06","rowsWritten":0,"msg":"no runs to roll up"}
@urateam/core:test: {"level":30,"time":"2026-05-24T11:28:53.494Z","pid":403336,"hostname":"df54c4ecdd90","name":"urateam","component":"cost.rollup","date":"2026-05-07","rowsWritten":0,"msg":"no runs to roll up"}
@urateam/core:test: {"level":30,"time":"2026-05-24T11:28:53.494Z","pid":403336,"hostname":"df54c4ecdd90","name":"urateam","component":"cost.rollup","date":"2026-05-08","rowsWritten":0,"msg":"no runs to roll up"}
@urateam/core:test: {"level":30,"time":"2026-05-24T11:28:53.495Z","pid":403336,"hostname":"df54c4ecdd90","name":"urateam","component":"cost.rollup","date":"2026-05-09","rowsWritten":0,"msg":"no runs to roll up"}
@urateam/core:test: {"level":30,"time":"2026-05-24T11:28:53.495Z","pid":403336,"hostname":"df54c4ecdd90","name":"urateam","component":"cost.rollup","date":"2026-05-10","rowsWritten":0,"msg":"no runs to roll up"}
@urateam/core:test: {"level":30,"time":"2026-05-24T11:28:53.496Z","pid":403336,"hostname":"df54c4ecdd90","name":"urateam","component":"cost.rollup","date":"2026-05-11","rowsWritten":0,"msg":"no runs to roll up"}
@urateam/core:test: {"level":30,"time":"2026-05-24T11:28:53.496Z","pid":403336,"hostname":"df54c4ecdd90","name":"urateam","component":"cost.rollup","date":"2026-05-12","rowsWritten":0,"msg":"no runs to roll up"}
@urateam/core:test: {"level":30,"time":"2026-05-24T11:28:53.497Z","pid":403336,"hostname":"df54c4ecdd90","name":"urateam","component":"cost.rollup","date":"2026-05-13","rowsWritten":0,"msg":"no runs to roll up"}
@urateam/core:test: {"level":30,"time":"2026-05-24T11:28:53.498Z","pid":403336,"hostname":"df54c4ecdd90","name":"urateam","component":"cost.rollup","date":"2026-05-14","rowsWritten":0,"msg":"no runs to roll up"}
@urateam/core:test: {"level":30,"time":"2026-05-24T11:28:53.498Z","pid":403336,"hostname":"df54c4ecdd90","name":"urateam","component":"cost.rollup","date":"2026-05-15","rowsWritten":0,"msg":"no runs to roll up"}
@urateam/core:test: {"level":30,"time":"2026-05-24T11:28:53.499Z","pid":403336,"hostname":"df54c4ecdd90","name":"urateam","component":"cost.rollup","date":"2026-05-16","rowsWritten":0,"msg":"no runs to roll up"}
@urateam/core:test: {"level":30,"time":"2026-05-24T11:28:53.499Z","pid":403336,"hostname":"df54c4ecdd90","name":"urateam","component":"cost.rollup","date":"2026-05-17","rowsWritten":0,"msg":"no runs to roll up"}
@urateam/core:test: {"level":30,"time":"2026-05-24T11:28:53.500Z","pid":403336,"hostname":"df54c4ecdd90","name":"urateam","component":"cost.rollup","date":"2026-05-18","rowsWritten":0,"msg":"no runs to roll up"}
@urateam/core:test: {"level":30,"time":"2026-05-24T11:28:53.500Z","pid":403336,"hostname":"df54c4ecdd90","name":"urateam","component":"cost.rollup","date":"2026-05-19","rowsWritten":0,"msg":"no runs to roll up"}
@urateam/core:test: {"level":30,"time":"2026-05-24T11:28:53.501Z","pid":403336,"hostname":"df54c4ecdd90","name":"urateam","component":"cost.rollup","date":"2026-05-20","rowsWritten":0,"msg":"no runs to roll up"}
@urateam/core:test: {"level":30,"time":"2026-05-24T11:28:53.501Z","pid":403336,"hostname":"df54c4ecdd90","name":"urateam","component":"cost.rollup","date":"2026-05-21","rowsWritten":0,"msg":"no runs to roll up"}
@urateam/core:test: {"level":30,"time":"2026-05-24T11:28:53.501Z","pid":403336,"hostname":"df54c4ecdd90","name":"urateam","component":"cost.rollup","date":"2026-05-22","rowsWritten":0,"msg":"no runs to roll up"}
@urateam/core:test: {"level":30,"time":"2026-05-24T11:28:53.503Z","pid":403336,"hostname":"df54c4ecdd90","name":"urateam","component":"cost.rollup","date":"2026-05-23","rowsWritten":0,"msg":"no runs to roll up"}
@urateam/core:test: {"level":30,"time":"2026-05-24T11:28:53.503Z","pid":403336,"hostname":"df54c4ecdd90","name":"urateam","component":"PmAgent:scheduler","triaged":0,"promoted":0,"errors":0,"msg":"tick complete"}
@urateam/core:test: {"level":30,"time":"2026-05-24T11:28:53.518Z","pid":403336,"hostname":"df54c4ecdd90","name":"urateam","component":"license","tier":"enterprise","customerId":"cust_test","expiresAt":"2026-05-25T11:28:53.000Z","msg":"license key validated"}
@urateam/core:test: {"level":30,"time":"2026-05-24T11:28:53.519Z","pid":403336,"hostname":"df54c4ecdd90","name":"urateam","component":"audit.retention","retentionDays":365,"cutoff":"2025-05-24T11:28:53.519Z","deleted":1,"msg":"audit log pruned"}
@urateam/core:test: {"level":30,"time":"2026-05-24T11:28:53.519Z","pid":403336,"hostname":"df54c4ecdd90","name":"urateam","component":"auth.session","deleted":0,"msg":"expired sessions pruned"}
@urateam/core:test: {"level":30,"time":"2026-05-24T11:28:53.519Z","pid":403336,"hostname":"df54c4ecdd90","name":"urateam","component":"cost.rollup","firstDate":"2026-04-24","yesterdayStr":"2026-05-23","days":30,"msg":"cost rollup: first run, backfilling"}
@urateam/core:test: {"level":30,"time":"2026-05-24T11:28:53.520Z","pid":403336,"hostname":"df54c4ecdd90","name":"urateam","component":"cost.rollup","date":"2026-04-24","rowsWritten":0,"msg":"no runs to roll up"}
@urateam/core:test: {"level":30,"time":"2026-05-24T11:28:53.520Z","pid":403336,"hostname":"df54c4ecdd90","name":"urateam","component":"cost.rollup","date":"2026-04-25","rowsWritten":0,"msg":"no runs to roll up"}
@urateam/core:test: {"level":30,"time":"2026-05-24T11:28:53.520Z","pid":403336,"hostname":"df54c4ecdd90","name":"urateam","component":"cost.rollup","date":"2026-04-26","rowsWritten":0,"msg":"no runs to roll up"}
@urateam/core:test: {"level":30,"time":"2026-05-24T11:28:53.520Z","pid":403336,"hostname":"df54c4ecdd90","name":"urateam","component":"cost.rollup","date":"2026-04-27","rowsWritten":0,"msg":"no runs to roll up"}
@urateam/core:test: {"level":30,"time":"2026-05-24T11:28:53.521Z","pid":403336,"hostname":"df54c4ecdd90","name":"urateam","component":"cost.rollup","date":"2026-04-28","rowsWritten":0,"msg":"no runs to roll up"}
@urateam/core:test: {"level":30,"time":"2026-05-24T11:28:53.521Z","pid":403336,"hostname":"df54c4ecdd90","name":"urateam","component":"cost.rollup","date":"2026-04-29","rowsWritten":0,"msg":"no runs to roll up"}
@urateam/core:test: {"level":30,"time":"2026-05-24T11:28:53.521Z","pid":403336,"hostname":"df54c4ecdd90","name":"urateam","component":"cost.rollup","date":"2026-04-30","rowsWritten":0,"msg":"no runs to roll up"}
@urateam/core:test: {"level":30,"time":"2026-05-24T11:28:53.522Z","pid":403336,"hostname":"df54c4ecdd90","name":"urateam","component":"cost.rollup","date":"2026-05-01","rowsWritten":0,"msg":"no runs to roll up"}
@urateam/core:test: {"level":30,"time":"2026-05-24T11:28:53.522Z","pid":403336,"hostname":"df54c4ecdd90","name":"urateam","component":"cost.rollup","date":"2026-05-02","rowsWritten":0,"msg":"no runs to roll up"}
@urateam/core:test: {"level":30,"time":"2026-05-24T11:28:53.523Z","pid":403336,"hostname":"df54c4ecdd90","name":"urateam","component":"cost.rollup","date":"2026-05-03","rowsWritten":0,"msg":"no runs to roll up"}
@urateam/core:test: {"level":30,"time":"2026-05-24T11:28:53.523Z","pid":403336,"hostname":"df54c4ecdd90","name":"urateam","component":"cost.rollup","date":"2026-05-04","rowsWritten":0,"msg":"no runs to roll up"}
@urateam/core:test: {"level":30,"time":"2026-05-24T11:28:53.523Z","pid":403336,"hostname":"df54c4ecdd90","name":"urateam","component":"cost.rollup","date":"2026-05-05","rowsWritten":0,"msg":"no runs to roll up"}
@urateam/core:test: {"level":30,"time":"2026-05-24T11:28:53.524Z","pid":403336,"hostname":"df54c4ecdd90","name":"urateam","component":"cost.rollup","date":"2026-05-06","rowsWritten":0,"msg":"no runs to roll up"}
@urateam/core:test: {"level":30,"time":"2026-05-24T11:28:53.524Z","pid":403336,"hostname":"df54c4ecdd90","name":"urateam","component":"cost.rollup","date":"2026-05-07","rowsWritten":0,"msg":"no runs to roll up"}
@urateam/core:test: {"level":30,"time":"2026-05-24T11:28:53.524Z","pid":403336,"hostname":"df54c4ecdd90","name":"urateam","component":"cost.rollup","date":"2026-05-08","rowsWritten":0,"msg":"no runs to roll up"}
@urateam/core:test: {"level":30,"time":"2026-05-24T11:28:53.525Z","pid":403336,"hostname":"df54c4ecdd90","name":"urateam","component":"cost.rollup","date":"2026-05-09","rowsWritten":0,"msg":"no runs to roll up"}
@urateam/core:test: {"level":30,"time":"2026-05-24T11:28:53.525Z","pid":403336,"hostname":"df54c4ecdd90","name":"urateam","component":"cost.rollup","date":"2026-05-10","rowsWritten":0,"msg":"no runs to roll up"}
@urateam/core:test: {"level":30,"time":"2026-05-24T11:28:53.526Z","pid":403336,"hostname":"df54c4ecdd90","name":"urateam","component":"cost.rollup","date":"2026-05-11","rowsWritten":0,"msg":"no runs to roll up"}
@urateam/core:test: {"level":30,"time":"2026-05-24T11:28:53.526Z","pid":403336,"hostname":"df54c4ecdd90","name":"urateam","component":"cost.rollup","date":"2026-05-12","rowsWritten":0,"msg":"no runs to roll up"}
@urateam/core:test: {"level":30,"time":"2026-05-24T11:28:53.526Z","pid":403336,"hostname":"df54c4ecdd90","name":"urateam","component":"cost.rollup","date":"2026-05-13","rowsWritten":0,"msg":"no runs to roll up"}
@urateam/core:test: {"level":30,"time":"2026-05-24T11:28:53.527Z","pid":403336,"hostname":"df54c4ecdd90","name":"urateam","component":"cost.rollup","date":"2026-05-14","rowsWritten":0,"msg":"no runs to roll up"}
@urateam/core:test: {"level":30,"time":"2026-05-24T11:28:53.527Z","pid":403336,"hostname":"df54c4ecdd90","name":"urateam","component":"cost.rollup","date":"2026-05-15","rowsWritten":0,"msg":"no runs to roll up"}
@urateam/core:test: {"level":30,"time":"2026-05-24T11:28:53.527Z","pid":403336,"hostname":"df54c4ecdd90","name":"urateam","component":"cost.rollup","date":"2026-05-16","rowsWritten":0,"msg":"no runs to roll up"}
@urateam/core:test: {"level":30,"time":"2026-05-24T11:28:53.528Z","pid":403336,"hostname":"df54c4ecdd90","name":"urateam","component":"cost.rollup","date":"2026-05-17","rowsWritten":0,"msg":"no runs to roll up"}
@urateam/core:test: {"level":30,"time":"2026-05-24T11:28:53.528Z","pid":403336,"hostname":"df54c4ecdd90","name":"urateam","component":"cost.rollup","date":"2026-05-18","rowsWritten":0,"msg":"no runs to roll up"}
@urateam/core:test: {"level":30,"time":"2026-05-24T11:28:53.528Z","pid":403336,"hostname":"df54c4ecdd90","name":"urateam","component":"cost.rollup","date":"2026-05-19","rowsWritten":0,"msg":"no runs to roll up"}
@urateam/core:test: {"level":30,"time":"2026-05-24T11:28:53.529Z","pid":403336,"hostname":"df54c4ecdd90","name":"urateam","component":"cost.rollup","date":"2026-05-20","rowsWritten":0,"msg":"no runs to roll up"}
@urateam/core:test: {"level":30,"time":"2026-05-24T11:28:53.529Z","pid":403336,"hostname":"df54c4ecdd90","name":"urateam","component":"cost.rollup","date":"2026-05-21","rowsWritten":0,"msg":"no runs to roll up"}
@urateam/core:test: {"level":30,"time":"2026-05-24T11:28:53.529Z","pid":403336,"hostname":"df54c4ecdd90","name":"urateam","component":"cost.rollup","date":"2026-05-22","rowsWritten":0,"msg":"no runs to roll up"}
@urateam/core:test: {"level":30,"time":"2026-05-24T11:28:53.530Z","pid":403336,"hostname":"df54c4ecdd90","name":"urateam","component":"cost.rollup","date":"2026-05-23","rowsWritten":0,"msg":"no runs to roll up"}
@urateam/core:test: {"level":30,"time":"2026-05-24T11:28:53.530Z","pid":403336,"hostname":"df54c4ecdd90","name":"urateam","component":"PmAgent:scheduler","triaged":0,"promoted":0,"errors":0,"msg":"tick complete"}
@urateam/core:test: {"level":30,"time":"2026-05-24T11:28:53.544Z","pid":403336,"hostname":"df54c4ecdd90","name":"urateam","component":"license","tier":"enterprise","customerId":"cust_test","expiresAt":"2026-05-25T11:28:53.000Z","msg":"license key validated"}
@urateam/core:test: {"level":40,"time":"2026-05-24T11:28:53.544Z","pid":403336,"hostname":"df54c4ecdd90","name":"urateam","component":"PmAgent:scheduler","err":{"type":"SqliteError","message":"no such table: audit_events","stack":"SqliteError: no such table: audit_events\n    at Database.prepare (/home/ura/data/runs/PnXZTHwyAR6qch7obf8pl/worktree/node_modules/.pnpm/better-sqlite3@11.10.0/node_modules/better-sqlite3/lib/methods/wrappers.js:5:21)\n    at BetterSQLiteSession.prepareQuery (file:///home/ura/data/runs/PnXZTHwyAR6qch7obf8pl/worktree/node_modules/.pnpm/drizzle-orm@0.38.4_@types+better-sqlite3@7.6.13_better-sqlite3@11.10.0_postgres@3.4.9/node_modules/src/better-sqlite3/session.ts:50:28)\n    at BetterSQLiteSession.prepareOneTimeQuery (file:///home/ura/data/runs/PnXZTHwyAR6qch7obf8pl/worktree/node_modules/.pnpm/drizzle-orm@0.38.4_@types+better-sqlite3@7.6.13_better-sqlite3@11.10.0_postgres@3.4.9/node_modules/src/sqlite-core/session.ts:135:15)\n    at QueryPromise._prepare (file:///home/ura/data/runs/PnXZTHwyAR6qch7obf8pl/worktree/node_modules/.pnpm/drizzle-orm@0.38.4_@types+better-sqlite3@7.6.13_better-sqlite3@11.10.0_postgres@3.4.9/node_modules/src/sqlite-core/query-builders/delete.ts:266:78)\n    at QueryPromise.execute (file:///home/ura/data/runs/PnXZTHwyAR6qch7obf8pl/worktree/node_modules/.pnpm/drizzle-orm@0.38.4_@types+better-sqlite3@7.6.13_better-sqlite3@11.10.0_postgres@3.4.9/node_modules/src/sqlite-core/query-builders/delete.ts:295:15)\n    at QueryPromise.then (file:///home/ura/data/runs/PnXZTHwyAR6qch7obf8pl/worktree/node_modules/.pnpm/drizzle-orm@0.38.4_@types+better-sqlite3@7.6.13_better-sqlite3@11.10.0_postgres@3.4.9/node_modules/src/query-promise.ts:31:15)\n    at processTicksAndRejections (node:internal/process/task_queues:103:5)","code":"SQLITE_ERROR"},"msg":"audit retention sweep failed"}
@urateam/core:test: {"level":30,"time":"2026-05-24T11:28:53.549Z","pid":403336,"hostname":"df54c4ecdd90","name":"urateam","component":"auth.session","deleted":0,"msg":"expired sessions pruned"}
@urateam/core:test: {"level":30,"time":"2026-05-24T11:28:53.550Z","pid":403336,"hostname":"df54c4ecdd90","name":"urateam","component":"cost.rollup","firstDate":"2026-04-24","yesterdayStr":"2026-05-23","days":30,"msg":"cost rollup: first run, backfilling"}
@urateam/core:test: {"level":30,"time":"2026-05-24T11:28:53.550Z","pid":403336,"hostname":"df54c4ecdd90","name":"urateam","component":"cost.rollup","date":"2026-04-24","rowsWritten":0,"msg":"no runs to roll up"}
@urateam/core:test: {"level":30,"time":"2026-05-24T11:28:53.551Z","pid":403336,"hostname":"df54c4ecdd90","name":"urateam","component":"cost.rollup","date":"2026-04-25","rowsWritten":0,"msg":"no runs to roll up"}
@urateam/core:test: {"level":30,"time":"2026-05-24T11:28:53.551Z","pid":403336,"hostname":"df54c4ecdd90","name":"urateam","component":"cost.rollup","date":"2026-04-26","rowsWritten":0,"msg":"no runs to roll up"}
@urateam/core:test: {"level":30,"time":"2026-05-24T11:28:53.552Z","pid":403336,"hostname":"df54c4ecdd90","name":"urateam","component":"cost.rollup","date":"2026-04-27","rowsWritten":0,"msg":"no runs to roll up"}
@urateam/core:test: {"level":30,"time":"2026-05-24T11:28:53.552Z","pid":403336,"hostname":"df54c4ecdd90","name":"urateam","component":"cost.rollup","date":"2026-04-28","rowsWritten":0,"msg":"no runs to roll up"}
@urateam/core:test: {"level":30,"time":"2026-05-24T11:28:53.553Z","pid":403336,"hostname":"df54c4ecdd90","name":"urateam","component":"cost.rollup","date":"2026-04-29","rowsWritten":0,"msg":"no runs to roll up"}
@urateam/core:test: {"level":30,"time":"2026-05-24T11:28:53.553Z","pid":403336,"hostname":"df54c4ecdd90","name":"urateam","component":"cost.rollup","date":"2026-04-30","rowsWritten":0,"msg":"no runs to roll up"}
@urateam/core:test: {"level":30,"time":"2026-05-24T11:28:53.554Z","pid":403336,"hostname":"df54c4ecdd90","name":"urateam","component":"cost.rollup","date":"2026-05-01","rowsWritten":0,"msg":"no runs to roll up"}
@urateam/core:test: {"level":30,"time":"2026-05-24T11:28:53.554Z","pid":403336,"hostname":"df54c4ecdd90","name":"urateam","component":"cost.rollup","date":"2026-05-02","rowsWritten":0,"msg":"no runs to roll up"}
@urateam/core:test: {"level":30,"time":"2026-05-24T11:28:53.555Z","pid":403336,"hostname":"df54c4ecdd90","name":"urateam","component":"cost.rollup","date":"2026-05-03","rowsWritten":0,"msg":"no runs to roll up"}
@urateam/core:test: {"level":30,"time":"2026-05-24T11:28:53.555Z","pid":403336,"hostname":"df54c4ecdd90","name":"urateam","component":"cost.rollup","date":"2026-05-04","rowsWritten":0,"msg":"no runs to roll up"}
@urateam/core:test: {"level":30,"time":"2026-05-24T11:28:53.559Z","pid":403336,"hostname":"df54c4ecdd90","name":"urateam","component":"cost.rollup","date":"2026-05-05","rowsWritten":0,"msg":"no runs to roll up"}
@urateam/core:test: {"level":30,"time":"2026-05-24T11:28:53.559Z","pid":403336,"hostname":"df54c4ecdd90","name":"urateam","component":"cost.rollup","date":"2026-05-06","rowsWritten":0,"msg":"no runs to roll up"}
@urateam/core:test: {"level":30,"time":"2026-05-24T11:28:53.559Z","pid":403336,"hostname":"df54c4ecdd90","name":"urateam","component":"cost.rollup","date":"2026-05-07","rowsWritten":0,"msg":"no runs to roll up"}
@urateam/core:test: {"level":30,"time":"2026-05-24T11:28:53.560Z","pid":403336,"hostname":"df54c4ecdd90","name":"urateam","component":"cost.rollup","date":"2026-05-08","rowsWritten":0,"msg":"no runs to roll up"}
@urateam/core:test: {"level":30,"time":"2026-05-24T11:28:53.560Z","pid":403336,"hostname":"df54c4ecdd90","name":"urateam","component":"cost.rollup","date":"2026-05-09","rowsWritten":0,"msg":"no runs to roll up"}
@urateam/core:test: {"level":30,"time":"2026-05-24T11:28:53.560Z","pid":403336,"hostname":"df54c4ecdd90","name":"urateam","component":"cost.rollup","date":"2026-05-10","rowsWritten":0,"msg":"no runs to roll up"}
@urateam/core:test: {"level":30,"time":"2026-05-24T11:28:53.561Z","pid":403336,"hostname":"df54c4ecdd90","name":"urateam","component":"cost.rollup","date":"2026-05-11","rowsWritten":0,"msg":"no runs to roll up"}
@urateam/core:test: {"level":30,"time":"2026-05-24T11:28:53.561Z","pid":403336,"hostname":"df54c4ecdd90","name":"urateam","component":"cost.rollup","date":"2026-05-12","rowsWritten":0,"msg":"no runs to roll up"}
@urateam/core:test: {"level":30,"time":"2026-05-24T11:28:53.561Z","pid":403336,"hostname":"df54c4ecdd90","name":"urateam","component":"cost.rollup","date":"2026-05-13","rowsWritten":0,"msg":"no runs to roll up"}
@urateam/core:test: {"level":30,"time":"2026-05-24T11:28:53.561Z","pid":403336,"hostname":"df54c4ecdd90","name":"urateam","component":"cost.rollup","date":"2026-05-14","rowsWritten":0,"msg":"no runs to roll up"}
@urateam/core:test: {"level":30,"time":"2026-05-24T11:28:53.562Z","pid":403336,"hostname":"df54c4ecdd90","name":"urateam","component":"cost.rollup","date":"2026-05-15","rowsWritten":0,"msg":"no runs to roll up"}
@urateam/core:test: {"level":30,"time":"2026-05-24T11:28:53.562Z","pid":403336,"hostname":"df54c4ecdd90","name":"urateam","component":"cost.rollup","date":"2026-05-16","rowsWritten":0,"msg":"no runs to roll up"}
@urateam/core:test: {"level":30,"time":"2026-05-24T11:28:53.562Z","pid":403336,"hostname":"df54c4ecdd90","name":"urateam","component":"cost.rollup","date":"2026-05-17","rowsWritten":0,"msg":"no runs to roll up"}
@urateam/core:test: {"level":30,"time":"2026-05-24T11:28:53.563Z","pid":403336,"hostname":"df54c4ecdd90","name":"urateam","component":"cost.rollup","date":"2026-05-18","rowsWritten":0,"msg":"no runs to roll up"}
@urateam/core:test: {"level":30,"time":"2026-05-24T11:28:53.563Z","pid":403336,"hostname":"df54c4ecdd90","name":"urateam","component":"cost.rollup","date":"2026-05-19","rowsWritten":0,"msg":"no runs to roll up"}
@urateam/core:test: {"level":30,"time":"2026-05-24T11:28:53.563Z","pid":403336,"hostname":"df54c4ecdd90","name":"urateam","component":"cost.rollup","date":"2026-05-20","rowsWritten":0,"msg":"no runs to roll up"}
@urateam/core:test: {"level":30,"time":"2026-05-24T11:28:53.563Z","pid":403336,"hostname":"df54c4ecdd90","name":"urateam","component":"cost.rollup","date":"2026-05-21","rowsWritten":0,"msg":"no runs to roll up"}
@urateam/core:test: {"level":30,"time":"2026-05-24T11:28:53.564Z","pid":403336,"hostname":"df54c4ecdd90","name":"urateam","component":"cost.rollup","date":"2026-05-22","rowsWritten":0,"msg":"no runs to roll up"}
@urateam/core:test: {"level":30,"time":"2026-05-24T11:28:53.564Z","pid":403336,"hostname":"df54c4ecdd90","name":"urateam","component":"cost.rollup","date":"2026-05-23","rowsWritten":0,"msg":"no runs to roll up"}
@urateam/core:test: {"level":30,"time":"2026-05-24T11:28:53.564Z","pid":403336,"hostname":"df54c4ecdd90","name":"urateam","component":"PmAgent:scheduler","triaged":0,"promoted":0,"errors":0,"msg":"tick complete"}
@urateam/core:test: {"level":50,"time":"2026-05-24T11:28:53.564Z","pid":403356,"hostname":"df54c4ecdd90","name":"urateam","component":"DeepReview","agent":"efficiency","err":"Claude Code executable not found at /home/ura/data/runs/PnXZTHwyAR6qch7obf8pl/worktree/node_modules/.pnpm/@anthropic-ai+claude-agent-sdk@0.2.101_zod@4.3.6/node_modules/@anthropic-ai/claude-agent-sdk/cli.js. Is options.pathToClaudeCodeExecutable set?","msg":"deep-review sub-agent failed"}
@urateam/core:test: {"level":30,"time":"2026-05-24T11:28:53.564Z","pid":403356,"hostname":"df54c4ecdd90","name":"urateam","component":"DeepReview","reuse":0,"quality":0,"efficiency":0,"total":0,"msg":"deep review complete"}
@urateam/core:test:  ✓ src/__tests__/pm-audit-retention-step.test.ts (3 tests) 114ms
@urateam/core:test: {"level":50,"time":"2026-05-24T11:28:53.568Z","pid":403356,"hostname":"df54c4ecdd90","name":"urateam","component":"git","args":["diff","--stat","HEAD"],"cwd":"/tmp/x","stderr":"","msg":"git diff failed"}
@urateam/core:test: {"level":50,"time":"2026-05-24T11:28:53.574Z","pid":403356,"hostname":"df54c4ecdd90","name":"urateam","component":"DeepReview","agent":"quality","err":"Claude Code executable not found at /home/ura/data/runs/PnXZTHwyAR6qch7obf8pl/worktree/node_modules/.pnpm/@anthropic-ai+claude-agent-sdk@0.2.101_zod@4.3.6/node_modules/@anthropic-ai/claude-agent-sdk/cli.js. Is options.pathToClaudeCodeExecutable set?","msg":"deep-review sub-agent failed"}
@urateam/core:test: {"level":30,"time":"2026-05-24T11:28:53.575Z","pid":403356,"hostname":"df54c4ecdd90","name":"urateam","component":"DeepReview","reuse":0,"quality":0,"efficiency":0,"total":0,"msg":"deep review complete"}
@urateam/core:test:  ✓ src/__tests__/deep-review-resume.test.ts (2 tests) 108ms
@urateam/core:test: {"level":30,"time":"2026-05-24T11:28:54.597Z","pid":403381,"hostname":"df54c4ecdd90","name":"urateam","component":"Executor","runId":"run-bec251-json","issueId":"BEC-251","stage":"implement","authMethod":"api-key","msg":"Claude auth method resolved"}
@urateam/core:test: {"level":30,"time":"2026-05-24T11:28:54.598Z","pid":403381,"hostname":"df54c4ecdd90","name":"urateam","component":"Executor","runId":"run-bec251-json","issueId":"BEC-251","stage":"implement","workdir":"/tmp/bec251-workdir","msg":"importing Agent SDK"}
@urateam/core:test: {"level":30,"time":"2026-05-24T11:28:54.599Z","pid":403381,"hostname":"df54c4ecdd90","name":"urateam","component":"Executor","runId":"run-bec251-json","issueId":"BEC-251","stage":"implement","workdir":"/tmp/bec251-workdir","msg":"starting agent query"}
@urateam/core:test: {"level":50,"time":"2026-05-24T11:28:54.600Z","pid":403381,"hostname":"df54c4ecdd90","name":"urateam","component":"Executor","runId":"run-bec251-json","issueId":"BEC-251","stage":"implement","err":{"type":"Error","message":"Claude Code process exited with code 1","stack":"Error: Claude Code process exited with code 1\n    at makeProcessExitError (/home/ura/data/runs/PnXZTHwyAR6qch7obf8pl/worktree/packages/core/src/__tests__/executor-error-capture.test.ts:93:15)\n    at /home/ura/data/runs/PnXZTHwyAR6qch7obf8pl/worktree/packages/core/src/__tests__/executor-error-capture.test.ts:112:22\n    at processTicksAndRejections (node:internal/process/task_queues:103:5)\n    at file:///home/ura/data/runs/PnXZTHwyAR6qch7obf8pl/worktree/node_modules/.pnpm/@vitest+runner@3.2.4/node_modules/@vitest/runner/dist/chunk-hooks.js:752:20","exitCode":1,"stderr":"auth: 401"},"msg":"stage failed"}
@urateam/core:test: {"level":50,"time":"2026-05-24T11:28:54.610Z","pid":403380,"hostname":"df54c4ecdd90","name":"urateam","component":"PmAgent:budget-alerts","err":{"type":"Error","message":"slack is down","stack":"Error: slack is down\n    at /home/ura/data/runs/PnXZTHwyAR6qch7obf8pl/worktree/packages/core/src/__tests__/pm-budget-alerts.test.ts:153:30\n    at file:///home/ura/data/runs/PnXZTHwyAR6qch7obf8pl/worktree/node_modules/.pnpm/@vitest+runner@3.2.4/node_modules/@vitest/runner/dist/chunk-hooks.js:155:11\n    at file:///home/ura/data/runs/PnXZTHwyAR6qch7obf8pl/worktree/node_modules/.pnpm/@vitest+runner@3.2.4/node_modules/@vitest/runner/dist/chunk-hooks.js:752:26\n    at file:///home/ura/data/runs/PnXZTHwyAR6qch7obf8pl/worktree/node_modules/.pnpm/@vitest+runner@3.2.4/node_modules/@vitest/runner/dist/chunk-hooks.js:1897:20\n    at new Promise (<anonymous>)\n    at runWithTimeout (file:///home/ura/data/runs/PnXZTHwyAR6qch7obf8pl/worktree/node_modules/.pnpm/@vitest+runner@3.2.4/node_modules/@vitest/runner/dist/chunk-hooks.js:1863:10)\n    at runTest (file:///home/ura/data/runs/PnXZTHwyAR6qch7obf8pl/worktree/node_modules/.pnpm/@vitest+runner@3.2.4/node_modules/@vitest/runner/dist/chunk-hooks.js:1574:12)\n    at processTicksAndRejections (node:internal/process/task_queues:103:5)\n    at runSuite (file:///home/ura/data/runs/PnXZTHwyAR6qch7obf8pl/worktree/node_modules/.pnpm/@vitest+runner@3.2.4/node_modules/@vitest/runner/dist/chunk-hooks.js:1729:8)\n    at runSuite (file:///home/ura/data/runs/PnXZTHwyAR6qch7obf8pl/worktree/node_modules/.pnpm/@vitest+runner@3.2.4/node_modules/@vitest/runner/dist/chunk-hooks.js:1729:8)"},"scope":"global","threshold":50,"msg":"failed to post budget alert to slack — rolling back dedup row so next tick retries"}
@urateam/core:test: {"level":30,"time":"2026-05-24T11:28:54.623Z","pid":403381,"hostname":"df54c4ecdd90","name":"urateam","component":"Executor","runId":"run-bec251-oneliner","issueId":"BEC-251","stage":"implement","authMethod":"api-key","msg":"Claude auth method resolved"}
@urateam/core:test: {"level":30,"time":"2026-05-24T11:28:54.623Z","pid":403381,"hostname":"df54c4ecdd90","name":"urateam","component":"Executor","runId":"run-bec251-oneliner","issueId":"BEC-251","stage":"implement","workdir":"/tmp/bec251-workdir","msg":"importing Agent SDK"}
@urateam/core:test: {"level":50,"time":"2026-05-24T11:28:54.623Z","pid":403380,"hostname":"df54c4ecdd90","name":"urateam","component":"PmAgent:budget-alerts","err":{"type":"Error","message":"db is down","stack":"Error: db is down\n    at Object.insert (/home/ura/data/runs/PnXZTHwyAR6qch7obf8pl/worktree/packages/core/src/__tests__/pm-budget-alerts.test.ts:168:15)\n    at tryInsertAlert (/home/ura/data/runs/PnXZTHwyAR6qch7obf8pl/worktree/packages/core/src/pm/budget-alerts.ts:102:8)\n    at maybeFireAlerts (/home/ura/data/runs/PnXZTHwyAR6qch7obf8pl/worktree/packages/core/src/pm/budget-alerts.ts:46:30)\n    at /home/ura/data/runs/PnXZTHwyAR6qch7obf8pl/worktree/packages/core/src/__tests__/pm-budget-alerts.test.ts:172:11\n    at file:///home/ura/data/runs/PnXZTHwyAR6qch7obf8pl/worktree/node_modules/.pnpm/@vitest+runner@3.2.4/node_modules/@vitest/runner/dist/chunk-hooks.js:155:11\n    at file:///home/ura/data/runs/PnXZTHwyAR6qch7obf8pl/worktree/node_modules/.pnpm/@vitest+runner@3.2.4/node_modules/@vitest/runner/dist/chunk-hooks.js:752:26\n    at file:///home/ura/data/runs/PnXZTHwyAR6qch7obf8pl/worktree/node_modules/.pnpm/@vitest+runner@3.2.4/node_modules/@vitest/runner/dist/chunk-hooks.js:1897:20\n    at new Promise (<anonymous>)\n    at runWithTimeout (file:///home/ura/data/runs/PnXZTHwyAR6qch7obf8pl/worktree/node_modules/.pnpm/@vitest+runner@3.2.4/node_modules/@vitest/runner/dist/chunk-hooks.js:1863:10)\n    at runTest (file:///home/ura/data/runs/PnXZTHwyAR6qch7obf8pl/worktree/node_modules/.pnpm/@vitest+runner@3.2.4/node_modules/@vitest/runner/dist/chunk-hooks.js:1574:12)"},"scopeKey":"global","threshold":50,"msg":"failed to insert budget_alerts row"}
@urateam/core:test: {"level":30,"time":"2026-05-24T11:28:54.624Z","pid":403381,"hostname":"df54c4ecdd90","name":"urateam","component":"Executor","runId":"run-bec251-oneliner","issueId":"BEC-251","stage":"implement","workdir":"/tmp/bec251-workdir","msg":"starting agent query"}
@urateam/core:test: {"level":50,"time":"2026-05-24T11:28:54.624Z","pid":403381,"hostname":"df54c4ecdd90","name":"urateam","component":"Executor","runId":"run-bec251-oneliner","issueId":"BEC-251","stage":"implement","err":{"type":"Error","message":"Claude Code process exited with code 1","stack":"Error: Claude Code process exited with code 1\n    at makeProcessExitError (/home/ura/data/runs/PnXZTHwyAR6qch7obf8pl/worktree/packages/core/src/__tests__/executor-error-capture.test.ts:93:15)\n    at /home/ura/data/runs/PnXZTHwyAR6qch7obf8pl/worktree/packages/core/src/__tests__/executor-error-capture.test.ts:174:13\n    at mockCall (file:///home/ura/data/runs/PnXZTHwyAR6qch7obf8pl/worktree/node_modules/.pnpm/@vitest+spy@3.2.4/node_modules/@vitest/spy/dist/index.js:96:15)\n    at spy (file:///home/ura/data/runs/PnXZTHwyAR6qch7obf8pl/worktree/node_modules/.pnpm/tinyspy@4.0.4/node_modules/tinyspy/dist/index.js:47:80)\n    at Module.executeStage (/home/ura/data/runs/PnXZTHwyAR6qch7obf8pl/worktree/packages/core/src/executor/executor.ts:291:22)\n    at processTicksAndRejections (node:internal/process/task_queues:103:5)\n    at /home/ura/data/runs/PnXZTHwyAR6qch7obf8pl/worktree/packages/core/src/__tests__/executor-error-capture.test.ts:180:20\n    at file:///home/ura/data/runs/PnXZTHwyAR6qch7obf8pl/worktree/node_modules/.pnpm/@vitest+runner@3.2.4/node_modules/@vitest/runner/dist/chunk-hooks.js:752:20","exitCode":1,"stderr":"auth: 401"},"msg":"stage failed"}
@urateam/core:test:  ✓ src/__tests__/pm-budget-alerts.test.ts (20 tests | 10 skipped) 82ms
@urateam/core:test: {"level":30,"time":"2026-05-24T11:28:54.636Z","pid":403381,"hostname":"df54c4ecdd90","name":"urateam","component":"Executor","runId":"run-bec251-resumed","issueId":"BEC-251","stage":"implement","authMethod":"api-key","msg":"Claude auth method resolved"}
@urateam/core:test: {"level":30,"time":"2026-05-24T11:28:54.636Z","pid":403381,"hostname":"df54c4ecdd90","name":"urateam","component":"Executor","runId":"run-bec251-resumed","issueId":"BEC-251","stage":"implement","workdir":"/tmp/bec251-workdir","msg":"importing Agent SDK"}
@urateam/core:test: {"level":30,"time":"2026-05-24T11:28:54.637Z","pid":403381,"hostname":"df54c4ecdd90","name":"urateam","component":"Executor","runId":"run-bec251-resumed","issueId":"BEC-251","stage":"implement","workdir":"/tmp/bec251-workdir","msg":"starting agent query"}
@urateam/core:test: {"level":40,"time":"2026-05-24T11:28:54.639Z","pid":403381,"hostname":"df54c4ecdd90","name":"urateam","component":"SessionResolver","err":"ENOENT: no such file or directory, open '/home/ura/.claude/projects/-tmp-bec251-workdir/session-uuid-1.jsonl'","stage":"implement","msg":"failed to count prior session messages — emitting resumed event with count=0"}
@urateam/core:test: {"level":50,"time":"2026-05-24T11:28:54.640Z","pid":403381,"hostname":"df54c4ecdd90","name":"urateam","component":"Executor","runId":"run-bec251-resumed","issueId":"BEC-251","stage":"implement","err":{"type":"Error","message":"Claude Code process exited with code 1","stack":"Error: Claude Code process exited with code 1\n    at makeProcessExitError (/home/ura/data/runs/PnXZTHwyAR6qch7obf8pl/worktree/packages/core/src/__tests__/executor-error-capture.test.ts:93:15)\n    at /home/ura/data/runs/PnXZTHwyAR6qch7obf8pl/worktree/packages/core/src/__tests__/executor-error-capture.test.ts:207:13\n    at mockCall (file:///home/ura/data/runs/PnXZTHwyAR6qch7obf8pl/worktree/node_modules/.pnpm/@vitest+spy@3.2.4/node_modules/@vitest/spy/dist/index.js:96:15)\n    at spy (file:///home/ura/data/runs/PnXZTHwyAR6qch7obf8pl/worktree/node_modules/.pnpm/tinyspy@4.0.4/node_modules/tinyspy/dist/index.js:47:80)\n    at Module.executeStage (/home/ura/data/runs/PnXZTHwyAR6qch7obf8pl/worktree/packages/core/src/executor/executor.ts:291:22)\n    at processTicksAndRejections (node:internal/process/task_queues:103:5)\n    at /home/ura/data/runs/PnXZTHwyAR6qch7obf8pl/worktree/packages/core/src/__tests__/executor-error-capture.test.ts:213:5\n    at file:///home/ura/data/runs/PnXZTHwyAR6qch7obf8pl/worktree/node_modules/.pnpm/@vitest+runner@3.2.4/node_modules/@vitest/runner/dist/chunk-hooks.js:752:20","exitCode":1,"stderr":""},"msg":"stage failed"}
@urateam/core:test: {"level":30,"time":"2026-05-24T11:28:54.650Z","pid":403381,"hostname":"df54c4ecdd90","name":"urateam","component":"Executor","runId":"run-bec251-fresh","issueId":"BEC-251","stage":"implement","authMethod":"api-key","msg":"Claude auth method resolved"}
@urateam/core:test: {"level":30,"time":"2026-05-24T11:28:54.650Z","pid":403381,"hostname":"df54c4ecdd90","name":"urateam","component":"Executor","runId":"run-bec251-fresh","issueId":"BEC-251","stage":"implement","workdir":"/tmp/bec251-workdir","msg":"importing Agent SDK"}
@urateam/core:test: {"level":30,"time":"2026-05-24T11:28:54.652Z","pid":403381,"hostname":"df54c4ecdd90","name":"urateam","component":"license","tier":"oss","msg":"no license key set — running in OSS mode"}
@urateam/core:test: {"level":30,"time":"2026-05-24T11:28:54.653Z","pid":403381,"hostname":"df54c4ecdd90","name":"urateam","component":"Executor","runId":"run-bec251-fresh","issueId":"BEC-251","stage":"implement","workdir":"/tmp/bec251-workdir","msg":"starting agent query"}
@urateam/core:test: {"level":50,"time":"2026-05-24T11:28:54.653Z","pid":403381,"hostname":"df54c4ecdd90","name":"urateam","component":"Executor","runId":"run-bec251-fresh","issueId":"BEC-251","stage":"implement","err":{"type":"Error","message":"Claude Code process exited with code 1","stack":"Error: Claude Code process exited with code 1\n    at makeProcessExitError (/home/ura/data/runs/PnXZTHwyAR6qch7obf8pl/worktree/packages/core/src/__tests__/executor-error-capture.test.ts:93:15)\n    at /home/ura/data/runs/PnXZTHwyAR6qch7obf8pl/worktree/packages/core/src/__tests__/executor-error-capture.test.ts:239:13\n    at mockCall (file:///home/ura/data/runs/PnXZTHwyAR6qch7obf8pl/worktree/node_modules/.pnpm/@vitest+spy@3.2.4/node_modules/@vitest/spy/dist/index.js:96:15)\n    at spy (file:///home/ura/data/runs/PnXZTHwyAR6qch7obf8pl/worktree/node_modules/.pnpm/tinyspy@4.0.4/node_modules/tinyspy/dist/index.js:47:80)\n    at Module.executeStage (/home/ura/data/runs/PnXZTHwyAR6qch7obf8pl/worktree/packages/core/src/executor/executor.ts:291:22)\n    at processTicksAndRejections (node:internal/process/task_queues:103:5)\n    at /home/ura/data/runs/PnXZTHwyAR6qch7obf8pl/worktree/packages/core/src/__tests__/executor-error-capture.test.ts:245:5\n    at file:///home/ura/data/runs/PnXZTHwyAR6qch7obf8pl/worktree/node_modules/.pnpm/@vitest+runner@3.2.4/node_modules/@vitest/runner/dist/chunk-hooks.js:752:20","exitCode":1,"stderr":""},"msg":"stage failed"}
@urateam/core:test: {"level":30,"time":"2026-05-24T11:28:54.664Z","pid":403381,"hostname":"df54c4ecdd90","name":"urateam","component":"Executor","runId":"run-bec251-parse","issueId":"BEC-251","stage":"implement","authMethod":"api-key","msg":"Claude auth method resolved"}
@urateam/core:test: {"level":30,"time":"2026-05-24T11:28:54.664Z","pid":403381,"hostname":"df54c4ecdd90","name":"urateam","component":"Executor","runId":"run-bec251-parse","issueId":"BEC-251","stage":"implement","workdir":"/tmp/bec251-workdir","msg":"importing Agent SDK"}
@urateam/core:test: {"level":30,"time":"2026-05-24T11:28:54.665Z","pid":403381,"hostname":"df54c4ecdd90","name":"urateam","component":"Executor","runId":"run-bec251-parse","issueId":"BEC-251","stage":"implement","workdir":"/tmp/bec251-workdir","msg":"starting agent query"}
@urateam/core:test: {"level":50,"time":"2026-05-24T11:28:54.665Z","pid":403381,"hostname":"df54c4ecdd90","name":"urateam","component":"Executor","runId":"run-bec251-parse","issueId":"BEC-251","stage":"implement","err":{"type":"Error","message":"Claude Code process exited with code 127","stack":"Error: Claude Code process exited with code 127\n    at /home/ura/data/runs/PnXZTHwyAR6qch7obf8pl/worktree/packages/core/src/__tests__/executor-error-capture.test.ts:269:22\n    at processTicksAndRejections (node:internal/process/task_queues:103:5)\n    at file:///home/ura/data/runs/PnXZTHwyAR6qch7obf8pl/worktree/node_modules/.pnpm/@vitest+runner@3.2.4/node_modules/@vitest/runner/dist/chunk-hooks.js:752:20"},"msg":"stage failed"}
@urateam/core:test: {"level":30,"time":"2026-05-24T11:28:54.675Z","pid":403381,"hostname":"df54c4ecdd90","name":"urateam","component":"Executor","runId":"run-bec251-nostderr","issueId":"BEC-251","stage":"implement","authMethod":"api-key","msg":"Claude auth method resolved"}
@urateam/core:test: {"level":30,"time":"2026-05-24T11:28:54.675Z","pid":403381,"hostname":"df54c4ecdd90","name":"urateam","component":"Executor","runId":"run-bec251-nostderr","issueId":"BEC-251","stage":"implement","workdir":"/tmp/bec251-workdir","msg":"importing Agent SDK"}
@urateam/core:test: {"level":30,"time":"2026-05-24T11:28:54.676Z","pid":403381,"hostname":"df54c4ecdd90","name":"urateam","component":"Executor","runId":"run-bec251-nostderr","issueId":"BEC-251","stage":"implement","workdir":"/tmp/bec251-workdir","msg":"starting agent query"}
@urateam/core:test: {"level":50,"time":"2026-05-24T11:28:54.676Z","pid":403381,"hostname":"df54c4ecdd90","name":"urateam","component":"Executor","runId":"run-bec251-nostderr","issueId":"BEC-251","stage":"implement","err":{"type":"Error","message":"Claude Code process exited with code 1","stack":"Error: Claude Code process exited with code 1\n    at makeProcessExitError (/home/ura/data/runs/PnXZTHwyAR6qch7obf8pl/worktree/packages/core/src/__tests__/executor-error-capture.test.ts:93:15)\n    at /home/ura/data/runs/PnXZTHwyAR6qch7obf8pl/worktree/packages/core/src/__tests__/executor-error-capture.test.ts:301:13\n    at mockCall (file:///home/ura/data/runs/PnXZTHwyAR6qch7obf8pl/worktree/node_modules/.pnpm/@vitest+spy@3.2.4/node_modules/@vitest/spy/dist/index.js:96:15)\n    at spy (file:///home/ura/data/runs/PnXZTHwyAR6qch7obf8pl/worktree/node_modules/.pnpm/tinyspy@4.0.4/node_modules/tinyspy/dist/index.js:47:80)\n    at Module.executeStage (/home/ura/data/runs/PnXZTHwyAR6qch7obf8pl/worktree/packages/core/src/executor/executor.ts:291:22)\n    at processTicksAndRejections (node:internal/process/task_queues:103:5)\n    at /home/ura/data/runs/PnXZTHwyAR6qch7obf8pl/worktree/packages/core/src/__tests__/executor-error-capture.test.ts:307:5\n    at file:///home/ura/data/runs/PnXZTHwyAR6qch7obf8pl/worktree/node_modules/.pnpm/@vitest+runner@3.2.4/node_modules/@vitest/runner/dist/chunk-hooks.js:752:20","exitCode":1,"stderr":""},"msg":"stage failed"}
@urateam/core:test:  ✓ src/__tests__/executor-error-capture.test.ts (6 tests) 100ms
@urateam/core:test:  ✓ src/__tests__/deep-review.test.ts (34 tests) 87ms
@urateam/core:test: {"level":30,"time":"2026-05-24T11:28:55.871Z","pid":403431,"hostname":"df54c4ecdd90","name":"urateam","component":"license","tier":"enterprise","customerId":"cust_test","expiresAt":"2026-05-25T11:28:55.000Z","msg":"license key validated"}
@urateam/core:test: {"level":30,"time":"2026-05-24T11:28:55.882Z","pid":403431,"hostname":"df54c4ecdd90","name":"urateam","component":"license","tier":"enterprise","customerId":"cust_test","expiresAt":"2026-05-25T11:28:55.000Z","msg":"license key validated"}
@urateam/core:test: {"level":30,"time":"2026-05-24T11:28:55.889Z","pid":403431,"hostname":"df54c4ecdd90","name":"urateam","component":"license","tier":"enterprise","customerId":"cust_test","expiresAt":"2026-05-25T11:28:55.000Z","msg":"license key validated"}
@urateam/core:test: {"level":30,"time":"2026-05-24T11:28:55.913Z","pid":403431,"hostname":"df54c4ecdd90","name":"urateam","component":"license","tier":"enterprise","customerId":"cust_test","expiresAt":"2026-05-25T11:28:55.000Z","msg":"license key validated"}
@urateam/core:test: {"level":30,"time":"2026-05-24T11:28:55.923Z","pid":403431,"hostname":"df54c4ecdd90","name":"urateam","component":"license","tier":"enterprise","customerId":"cust_test","expiresAt":"2026-05-25T11:28:55.000Z","msg":"license key validated"}
@urateam/core:test:  ✓ src/__tests__/rbac/bootstrap.test.ts (7 tests) 78ms
@urateam/core:test: {"level":30,"time":"2026-05-24T11:28:56.673Z","pid":403464,"hostname":"df54c4ecdd90","name":"urateam","component":"license","tier":"enterprise","customerId":"cust_test","expiresAt":"2026-05-25T11:28:56.000Z","msg":"license key validated"}
@urateam/core:test: {"level":30,"time":"2026-05-24T11:28:56.675Z","pid":403464,"hostname":"df54c4ecdd90","name":"urateam","component":"audit.retention","retentionDays":365,"cutoff":"2025-05-24T11:28:56.675Z","deleted":0,"msg":"audit log pruned"}
@urateam/core:test: {"level":30,"time":"2026-05-24T11:28:56.675Z","pid":403464,"hostname":"df54c4ecdd90","name":"urateam","component":"auth.session","deleted":1,"msg":"expired sessions pruned"}
@urateam/core:test: {"level":30,"time":"2026-05-24T11:28:56.676Z","pid":403464,"hostname":"df54c4ecdd90","name":"urateam","component":"cost.rollup","firstDate":"2026-04-24","yesterdayStr":"2026-05-23","days":30,"msg":"cost rollup: first run, backfilling"}
@urateam/core:test: {"level":30,"time":"2026-05-24T11:28:56.677Z","pid":403464,"hostname":"df54c4ecdd90","name":"urateam","component":"cost.rollup","date":"2026-04-24","rowsWritten":0,"msg":"no runs to roll up"}
@urateam/core:test: {"level":30,"time":"2026-05-24T11:28:56.677Z","pid":403464,"hostname":"df54c4ecdd90","name":"urateam","component":"cost.rollup","date":"2026-04-25","rowsWritten":0,"msg":"no runs to roll up"}
@urateam/core:test: {"level":30,"time":"2026-05-24T11:28:56.678Z","pid":403464,"hostname":"df54c4ecdd90","name":"urateam","component":"cost.rollup","date":"2026-04-26","rowsWritten":0,"msg":"no runs to roll up"}
@urateam/core:test: {"level":30,"time":"2026-05-24T11:28:56.679Z","pid":403464,"hostname":"df54c4ecdd90","name":"urateam","component":"cost.rollup","date":"2026-04-27","rowsWritten":0,"msg":"no runs to roll up"}
@urateam/core:test: {"level":30,"time":"2026-05-24T11:28:56.680Z","pid":403464,"hostname":"df54c4ecdd90","name":"urateam","component":"cost.rollup","date":"2026-04-28","rowsWritten":0,"msg":"no runs to roll up"}
@urateam/core:test: {"level":30,"time":"2026-05-24T11:28:56.681Z","pid":403464,"hostname":"df54c4ecdd90","name":"urateam","component":"cost.rollup","date":"2026-04-29","rowsWritten":0,"msg":"no runs to roll up"}
@urateam/core:test: {"level":30,"time":"2026-05-24T11:28:56.682Z","pid":403464,"hostname":"df54c4ecdd90","name":"urateam","component":"cost.rollup","date":"2026-04-30","rowsWritten":0,"msg":"no runs to roll up"}
@urateam/core:test: {"level":30,"time":"2026-05-24T11:28:56.682Z","pid":403464,"hostname":"df54c4ecdd90","name":"urateam","component":"cost.rollup","date":"2026-05-01","rowsWritten":0,"msg":"no runs to roll up"}
@urateam/core:test: {"level":30,"time":"2026-05-24T11:28:56.683Z","pid":403464,"hostname":"df54c4ecdd90","name":"urateam","component":"cost.rollup","date":"2026-05-02","rowsWritten":0,"msg":"no runs to roll up"}
@urateam/core:test: {"level":30,"time":"2026-05-24T11:28:56.683Z","pid":403464,"hostname":"df54c4ecdd90","name":"urateam","component":"cost.rollup","date":"2026-05-03","rowsWritten":0,"msg":"no runs to roll up"}
@urateam/core:test: {"level":30,"time":"2026-05-24T11:28:56.684Z","pid":403464,"hostname":"df54c4ecdd90","name":"urateam","component":"cost.rollup","date":"2026-05-04","rowsWritten":0,"msg":"no runs to roll up"}
@urateam/core:test: {"level":30,"time":"2026-05-24T11:28:56.684Z","pid":403464,"hostname":"df54c4ecdd90","name":"urateam","component":"cost.rollup","date":"2026-05-05","rowsWritten":0,"msg":"no runs to roll up"}
@urateam/core:test: {"level":30,"time":"2026-05-24T11:28:56.684Z","pid":403464,"hostname":"df54c4ecdd90","name":"urateam","component":"cost.rollup","date":"2026-05-06","rowsWritten":0,"msg":"no runs to roll up"}
@urateam/core:test: {"level":30,"time":"2026-05-24T11:28:56.685Z","pid":403464,"hostname":"df54c4ecdd90","name":"urateam","component":"cost.rollup","date":"2026-05-07","rowsWritten":0,"msg":"no runs to roll up"}
@urateam/core:test: {"level":30,"time":"2026-05-24T11:28:56.685Z","pid":403464,"hostname":"df54c4ecdd90","name":"urateam","component":"cost.rollup","date":"2026-05-08","rowsWritten":0,"msg":"no runs to roll up"}
@urateam/core:test: {"level":30,"time":"2026-05-24T11:28:56.686Z","pid":403464,"hostname":"df54c4ecdd90","name":"urateam","component":"cost.rollup","date":"2026-05-09","rowsWritten":0,"msg":"no runs to roll up"}
@urateam/core:test: {"level":30,"time":"2026-05-24T11:28:56.686Z","pid":403464,"hostname":"df54c4ecdd90","name":"urateam","component":"cost.rollup","date":"2026-05-10","rowsWritten":0,"msg":"no runs to roll up"}
@urateam/core:test: {"level":30,"time":"2026-05-24T11:28:56.687Z","pid":403464,"hostname":"df54c4ecdd90","name":"urateam","component":"cost.rollup","date":"2026-05-11","rowsWritten":0,"msg":"no runs to roll up"}
@urateam/core:test: {"level":30,"time":"2026-05-24T11:28:56.687Z","pid":403464,"hostname":"df54c4ecdd90","name":"urateam","component":"cost.rollup","date":"2026-05-12","rowsWritten":0,"msg":"no runs to roll up"}
@urateam/core:test: {"level":30,"time":"2026-05-24T11:28:56.687Z","pid":403464,"hostname":"df54c4ecdd90","name":"urateam","component":"cost.rollup","date":"2026-05-13","rowsWritten":0,"msg":"no runs to roll up"}
@urateam/core:test: {"level":30,"time":"2026-05-24T11:28:56.688Z","pid":403464,"hostname":"df54c4ecdd90","name":"urateam","component":"cost.rollup","date":"2026-05-14","rowsWritten":0,"msg":"no runs to roll up"}
@urateam/core:test: {"level":30,"time":"2026-05-24T11:28:56.688Z","pid":403464,"hostname":"df54c4ecdd90","name":"urateam","component":"cost.rollup","date":"2026-05-15","rowsWritten":0,"msg":"no runs to roll up"}
@urateam/core:test: {"level":30,"time":"2026-05-24T11:28:56.689Z","pid":403464,"hostname":"df54c4ecdd90","name":"urateam","component":"cost.rollup","date":"2026-05-16","rowsWritten":0,"msg":"no runs to roll up"}
@urateam/core:test: {"level":30,"time":"2026-05-24T11:28:56.689Z","pid":403464,"hostname":"df54c4ecdd90","name":"urateam","component":"cost.rollup","date":"2026-05-17","rowsWritten":0,"msg":"no runs to roll up"}
@urateam/core:test: {"level":30,"time":"2026-05-24T11:28:56.690Z","pid":403464,"hostname":"df54c4ecdd90","name":"urateam","component":"cost.rollup","date":"2026-05-18","rowsWritten":0,"msg":"no runs to roll up"}
@urateam/core:test: {"level":30,"time":"2026-05-24T11:28:56.690Z","pid":403464,"hostname":"df54c4ecdd90","name":"urateam","component":"cost.rollup","date":"2026-05-19","rowsWritten":0,"msg":"no runs to roll up"}
@urateam/core:test: {"level":30,"time":"2026-05-24T11:28:56.690Z","pid":403464,"hostname":"df54c4ecdd90","name":"urateam","component":"cost.rollup","date":"2026-05-20","rowsWritten":0,"msg":"no runs to roll up"}
@urateam/core:test: {"level":30,"time":"2026-05-24T11:28:56.691Z","pid":403464,"hostname":"df54c4ecdd90","name":"urateam","component":"cost.rollup","date":"2026-05-21","rowsWritten":0,"msg":"no runs to roll up"}
@urateam/core:test: {"level":30,"time":"2026-05-24T11:28:56.691Z","pid":403464,"hostname":"df54c4ecdd90","name":"urateam","component":"cost.rollup","date":"2026-05-22","rowsWritten":0,"msg":"no runs to roll up"}
@urateam/core:test: {"level":30,"time":"2026-05-24T11:28:56.692Z","pid":403464,"hostname":"df54c4ecdd90","name":"urateam","component":"cost.rollup","date":"2026-05-23","rowsWritten":0,"msg":"no runs to roll up"}
@urateam/core:test: {"level":30,"time":"2026-05-24T11:28:56.692Z","pid":403464,"hostname":"df54c4ecdd90","name":"urateam","component":"PmAgent:scheduler","triaged":0,"promoted":0,"errors":0,"msg":"tick complete"}
@urateam/core:test: {"level":30,"time":"2026-05-24T11:28:56.707Z","pid":403464,"hostname":"df54c4ecdd90","name":"urateam","component":"license","tier":"enterprise","customerId":"cust_test","expiresAt":"2026-05-25T11:28:56.000Z","msg":"license key validated"}
@urateam/core:test: {"level":30,"time":"2026-05-24T11:28:56.707Z","pid":403464,"hostname":"df54c4ecdd90","name":"urateam","component":"audit.retention","retentionDays":365,"cutoff":"2025-05-24T11:28:56.707Z","deleted":0,"msg":"audit log pruned"}
@urateam/core:test: {"level":40,"time":"2026-05-24T11:28:56.708Z","pid":403464,"hostname":"df54c4ecdd90","name":"urateam","component":"PmAgent:scheduler","err":{"type":"SqliteError","message":"no such table: dashboard_sessions","stack":"SqliteError: no such table: dashboard_sessions\n    at Database.prepare (/home/ura/data/runs/PnXZTHwyAR6qch7obf8pl/worktree/node_modules/.pnpm/better-sqlite3@11.10.0/node_modules/better-sqlite3/lib/methods/wrappers.js:5:21)\n    at BetterSQLiteSession.prepareQuery (file:///home/ura/data/runs/PnXZTHwyAR6qch7obf8pl/worktree/node_modules/.pnpm/drizzle-orm@0.38.4_@types+better-sqlite3@7.6.13_better-sqlite3@11.10.0_postgres@3.4.9/node_modules/src/better-sqlite3/session.ts:50:28)\n    at BetterSQLiteSession.prepareOneTimeQuery (file:///home/ura/data/runs/PnXZTHwyAR6qch7obf8pl/worktree/node_modules/.pnpm/drizzle-orm@0.38.4_@types+better-sqlite3@7.6.13_better-sqlite3@11.10.0_postgres@3.4.9/node_modules/src/sqlite-core/session.ts:135:15)\n    at QueryPromise._prepare (file:///home/ura/data/runs/PnXZTHwyAR6qch7obf8pl/worktree/node_modules/.pnpm/drizzle-orm@0.38.4_@types+better-sqlite3@7.6.13_better-sqlite3@11.10.0_postgres@3.4.9/node_modules/src/sqlite-core/query-builders/delete.ts:266:78)\n    at QueryPromise.execute (file:///home/ura/data/runs/PnXZTHwyAR6qch7obf8pl/worktree/node_modules/.pnpm/drizzle-orm@0.38.4_@types+better-sqlite3@7.6.13_better-sqlite3@11.10.0_postgres@3.4.9/node_modules/src/sqlite-core/query-builders/delete.ts:295:15)\n    at QueryPromise.then (file:///home/ura/data/runs/PnXZTHwyAR6qch7obf8pl/worktree/node_modules/.pnpm/drizzle-orm@0.38.4_@types+better-sqlite3@7.6.13_better-sqlite3@11.10.0_postgres@3.4.9/node_modules/src/query-promise.ts:31:15)\n    at processTicksAndRejections (node:internal/process/task_queues:103:5)","code":"SQLITE_ERROR"},"msg":"session prune failed"}
@urateam/core:test: {"level":30,"time":"2026-05-24T11:28:56.714Z","pid":403464,"hostname":"df54c4ecdd90","name":"urateam","component":"cost.rollup","firstDate":"2026-04-24","yesterdayStr":"2026-05-23","days":30,"msg":"cost rollup: first run, backfilling"}
@urateam/core:test: {"level":30,"time":"2026-05-24T11:28:56.714Z","pid":403464,"hostname":"df54c4ecdd90","name":"urateam","component":"cost.rollup","date":"2026-04-24","rowsWritten":0,"msg":"no runs to roll up"}
@urateam/core:test: {"level":30,"time":"2026-05-24T11:28:56.715Z","pid":403464,"hostname":"df54c4ecdd90","name":"urateam","component":"cost.rollup","date":"2026-04-25","rowsWritten":0,"msg":"no runs to roll up"}
@urateam/core:test: {"level":30,"time":"2026-05-24T11:28:56.715Z","pid":403464,"hostname":"df54c4ecdd90","name":"urateam","component":"cost.rollup","date":"2026-04-26","rowsWritten":0,"msg":"no runs to roll up"}
@urateam/core:test: {"level":30,"time":"2026-05-24T11:28:56.716Z","pid":403464,"hostname":"df54c4ecdd90","name":"urateam","component":"cost.rollup","date":"2026-04-27","rowsWritten":0,"msg":"no runs to roll up"}
@urateam/core:test: {"level":30,"time":"2026-05-24T11:28:56.716Z","pid":403464,"hostname":"df54c4ecdd90","name":"urateam","component":"cost.rollup","date":"2026-04-28","rowsWritten":0,"msg":"no runs to roll up"}
@urateam/core:test: {"level":30,"time":"2026-05-24T11:28:56.716Z","pid":403464,"hostname":"df54c4ecdd90","name":"urateam","component":"cost.rollup","date":"2026-04-29","rowsWritten":0,"msg":"no runs to roll up"}
@urateam/core:test: {"level":30,"time":"2026-05-24T11:28:56.717Z","pid":403464,"hostname":"df54c4ecdd90","name":"urateam","component":"cost.rollup","date":"2026-04-30","rowsWritten":0,"msg":"no runs to roll up"}
@urateam/core:test: {"level":30,"time":"2026-05-24T11:28:56.717Z","pid":403464,"hostname":"df54c4ecdd90","name":"urateam","component":"cost.rollup","date":"2026-05-01","rowsWritten":0,"msg":"no runs to roll up"}
@urateam/core:test: {"level":30,"time":"2026-05-24T11:28:56.717Z","pid":403464,"hostname":"df54c4ecdd90","name":"urateam","component":"cost.rollup","date":"2026-05-02","rowsWritten":0,"msg":"no runs to roll up"}
@urateam/core:test: {"level":30,"time":"2026-05-24T11:28:56.718Z","pid":403464,"hostname":"df54c4ecdd90","name":"urateam","component":"cost.rollup","date":"2026-05-03","rowsWritten":0,"msg":"no runs to roll up"}
@urateam/core:test: {"level":30,"time":"2026-05-24T11:28:56.718Z","pid":403464,"hostname":"df54c4ecdd90","name":"urateam","component":"cost.rollup","date":"2026-05-04","rowsWritten":0,"msg":"no runs to roll up"}
@urateam/core:test: {"level":30,"time":"2026-05-24T11:28:56.718Z","pid":403464,"hostname":"df54c4ecdd90","name":"urateam","component":"cost.rollup","date":"2026-05-05","rowsWritten":0,"msg":"no runs to roll up"}
@urateam/core:test: {"level":30,"time":"2026-05-24T11:28:56.719Z","pid":403464,"hostname":"df54c4ecdd90","name":"urateam","component":"cost.rollup","date":"2026-05-06","rowsWritten":0,"msg":"no runs to roll up"}
@urateam/core:test: {"level":30,"time":"2026-05-24T11:28:56.719Z","pid":403464,"hostname":"df54c4ecdd90","name":"urateam","component":"cost.rollup","date":"2026-05-07","rowsWritten":0,"msg":"no runs to roll up"}
@urateam/core:test: {"level":30,"time":"2026-05-24T11:28:56.719Z","pid":403464,"hostname":"df54c4ecdd90","name":"urateam","component":"cost.rollup","date":"2026-05-08","rowsWritten":0,"msg":"no runs to roll up"}
@urateam/core:test: {"level":30,"time":"2026-05-24T11:28:56.720Z","pid":403464,"hostname":"df54c4ecdd90","name":"urateam","component":"cost.rollup","date":"2026-05-09","rowsWritten":0,"msg":"no runs to roll up"}
@urateam/core:test: {"level":30,"time":"2026-05-24T11:28:56.720Z","pid":403464,"hostname":"df54c4ecdd90","name":"urateam","component":"cost.rollup","date":"2026-05-10","rowsWritten":0,"msg":"no runs to roll up"}
@urateam/core:test: {"level":30,"time":"2026-05-24T11:28:56.722Z","pid":403464,"hostname":"df54c4ecdd90","name":"urateam","component":"cost.rollup","date":"2026-05-11","rowsWritten":0,"msg":"no runs to roll up"}
@urateam/core:test: {"level":30,"time":"2026-05-24T11:28:56.723Z","pid":403464,"hostname":"df54c4ecdd90","name":"urateam","component":"cost.rollup","date":"2026-05-12","rowsWritten":0,"msg":"no runs to roll up"}
@urateam/core:test: {"level":30,"time":"2026-05-24T11:28:56.723Z","pid":403464,"hostname":"df54c4ecdd90","name":"urateam","component":"cost.rollup","date":"2026-05-13","rowsWritten":0,"msg":"no runs to roll up"}
@urateam/core:test: {"level":30,"time":"2026-05-24T11:28:56.723Z","pid":403464,"hostname":"df54c4ecdd90","name":"urateam","component":"cost.rollup","date":"2026-05-14","rowsWritten":0,"msg":"no runs to roll up"}
@urateam/core:test: {"level":30,"time":"2026-05-24T11:28:56.724Z","pid":403464,"hostname":"df54c4ecdd90","name":"urateam","component":"cost.rollup","date":"2026-05-15","rowsWritten":0,"msg":"no runs to roll up"}
@urateam/core:test: {"level":30,"time":"2026-05-24T11:28:56.724Z","pid":403464,"hostname":"df54c4ecdd90","name":"urateam","component":"cost.rollup","date":"2026-05-16","rowsWritten":0,"msg":"no runs to roll up"}
@urateam/core:test: {"level":30,"time":"2026-05-24T11:28:56.724Z","pid":403464,"hostname":"df54c4ecdd90","name":"urateam","component":"cost.rollup","date":"2026-05-17","rowsWritten":0,"msg":"no runs to roll up"}
@urateam/core:test: {"level":30,"time":"2026-05-24T11:28:56.725Z","pid":403464,"hostname":"df54c4ecdd90","name":"urateam","component":"cost.rollup","date":"2026-05-18","rowsWritten":0,"msg":"no runs to roll up"}
@urateam/core:test: {"level":30,"time":"2026-05-24T11:28:56.725Z","pid":403464,"hostname":"df54c4ecdd90","name":"urateam","component":"cost.rollup","date":"2026-05-19","rowsWritten":0,"msg":"no runs to roll up"}
@urateam/core:test: {"level":30,"time":"2026-05-24T11:28:56.725Z","pid":403464,"hostname":"df54c4ecdd90","name":"urateam","component":"cost.rollup","date":"2026-05-20","rowsWritten":0,"msg":"no runs to roll up"}
@urateam/core:test: {"level":30,"time":"2026-05-24T11:28:56.726Z","pid":403464,"hostname":"df54c4ecdd90","name":"urateam","component":"cost.rollup","date":"2026-05-21","rowsWritten":0,"msg":"no runs to roll up"}
@urateam/core:test: {"level":30,"time":"2026-05-24T11:28:56.726Z","pid":403464,"hostname":"df54c4ecdd90","name":"urateam","component":"cost.rollup","date":"2026-05-22","rowsWritten":0,"msg":"no runs to roll up"}
@urateam/core:test: {"level":30,"time":"2026-05-24T11:28:56.727Z","pid":403464,"hostname":"df54c4ecdd90","name":"urateam","component":"cost.rollup","date":"2026-05-23","rowsWritten":0,"msg":"no runs to roll up"}
@urateam/core:test: {"level":30,"time":"2026-05-24T11:28:56.728Z","pid":403464,"hostname":"df54c4ecdd90","name":"urateam","component":"PmAgent:scheduler","triaged":0,"promoted":0,"errors":0,"msg":"tick complete"}
@urateam/core:test:  ✓ src/__tests__/pm-sso-prune-step.test.ts (2 tests) 81ms
@urateam/core:test:  ✓ src/__tests__/db.test.ts (5 tests) 87ms
@urateam/core:test: {"level":50,"time":"2026-05-24T11:28:57.770Z","pid":403504,"hostname":"df54c4ecdd90","name":"urateam","component":"Qa:gap","err":{"type":"Error","message":"Linear unauthorized","stack":"Error: Linear unauthorized\n    at Object.<anonymous> (/home/ura/data/runs/PnXZTHwyAR6qch7obf8pl/worktree/packages/core/src/__tests__/qa-gap.test.ts:99:46)\n    at Object.mockCall (file:///home/ura/data/runs/PnXZTHwyAR6qch7obf8pl/worktree/node_modules/.pnpm/@vitest+spy@3.2.4/node_modules/@vitest/spy/dist/index.js:96:15)\n    at Object.spy [as createIssue] (file:///home/ura/data/runs/PnXZTHwyAR6qch7obf8pl/worktree/node_modules/.pnpm/tinyspy@4.0.4/node_modules/tinyspy/dist/index.js:47:80)\n    at fileGapIssue (/home/ura/data/runs/PnXZTHwyAR6qch7obf8pl/worktree/packages/core/src/qa/gap.ts:83:34)\n    at processTicksAndRejections (node:internal/process/task_queues:103:5)\n    at /home/ura/data/runs/PnXZTHwyAR6qch7obf8pl/worktree/packages/core/src/__tests__/qa-gap.test.ts:101:20\n    at file:///home/ura/data/runs/PnXZTHwyAR6qch7obf8pl/worktree/node_modules/.pnpm/@vitest+runner@3.2.4/node_modules/@vitest/runner/dist/chunk-hooks.js:752:20"},"repoUrl":"https://github.com/org/repo","branch":"main","workflowPath":".github/workflows/smoke.yml","msg":"Linear createIssue failed"}
@urateam/core:test:  ✓ src/__tests__/qa-gap.test.ts (4 tests) 85ms
@urateam/core:test: {"level":30,"time":"2026-05-24T11:28:58.029Z","pid":403524,"hostname":"df54c4ecdd90","name":"urateam","component":"license","tier":"oss","msg":"no license key set — running in OSS mode"}
@urateam/core:test: {"level":30,"time":"2026-05-24T11:28:58.030Z","pid":403524,"hostname":"df54c4ecdd90","name":"urateam","component":"server","tier":"oss","licensed":false,"msg":"license status"}
@urateam/core:test: {"level":30,"time":"2026-05-24T11:28:58.053Z","pid":403524,"hostname":"df54c4ecdd90","name":"urateam","component":"license","tier":"oss","msg":"no license key set — running in OSS mode"}
@urateam/core:test: {"level":30,"time":"2026-05-24T11:28:58.053Z","pid":403524,"hostname":"df54c4ecdd90","name":"urateam","component":"server","tier":"oss","licensed":false,"msg":"license status"}
@urateam/core:test: {"level":30,"time":"2026-05-24T11:28:58.062Z","pid":403524,"hostname":"df54c4ecdd90","name":"urateam","component":"license","tier":"oss","msg":"no license key set — running in OSS mode"}
@urateam/core:test: {"level":30,"time":"2026-05-24T11:28:58.063Z","pid":403524,"hostname":"df54c4ecdd90","name":"urateam","component":"server","tier":"oss","licensed":false,"msg":"license status"}
@urateam/core:test: {"level":30,"time":"2026-05-24T11:28:58.071Z","pid":403524,"hostname":"df54c4ecdd90","name":"urateam","component":"license","tier":"oss","msg":"no license key set — running in OSS mode"}
@urateam/core:test: {"level":30,"time":"2026-05-24T11:28:58.071Z","pid":403524,"hostname":"df54c4ecdd90","name":"urateam","component":"server","tier":"oss","licensed":false,"msg":"license status"}
@urateam/core:test: {"level":40,"time":"2026-05-24T11:28:58.077Z","pid":403524,"hostname":"df54c4ecdd90","name":"urateam","component":"server","feature":"slack-interface","msg":"pmSlack is configured but the slack-interface feature requires a Pro license — Slack routes will NOT be mounted"}
@urateam/core:test: {"level":30,"time":"2026-05-24T11:28:58.083Z","pid":403524,"hostname":"df54c4ecdd90","name":"urateam","component":"license","tier":"pro","customerId":"cust_test","expiresAt":"2026-05-25T11:28:58.000Z","msg":"license key validated"}
@urateam/core:test: {"level":30,"time":"2026-05-24T11:28:58.083Z","pid":403524,"hostname":"df54c4ecdd90","name":"urateam","component":"server","tier":"pro","licensed":true,"msg":"license status"}
@urateam/core:test:  ✓ src/__tests__/server.test.ts (5 tests) 76ms
@urateam/core:test:  ✓ src/__tests__/triage-results-store.test.ts (5 tests) 117ms
@urateam/core:test: {"level":30,"time":"2026-05-24T11:28:59.115Z","pid":403564,"hostname":"df54c4ecdd90","name":"urateam","component":"license","tier":"enterprise","customerId":"cust_test","expiresAt":"2026-05-25T11:28:59.000Z","msg":"license key validated"}
@urateam/core:test: {"level":30,"time":"2026-05-24T11:28:59.127Z","pid":403564,"hostname":"df54c4ecdd90","name":"urateam","component":"license","tier":"enterprise","customerId":"cust_test","expiresAt":"2026-05-25T11:28:59.000Z","msg":"license key validated"}
@urateam/core:test: {"level":30,"time":"2026-05-24T11:28:59.138Z","pid":403564,"hostname":"df54c4ecdd90","name":"urateam","component":"license","tier":"enterprise","customerId":"cust_test","expiresAt":"2026-05-25T11:28:59.000Z","msg":"license key validated"}
@urateam/core:test: {"level":30,"time":"2026-05-24T11:28:59.148Z","pid":403564,"hostname":"df54c4ecdd90","name":"urateam","component":"license","tier":"enterprise","customerId":"cust_test","expiresAt":"2026-05-25T11:28:59.000Z","msg":"license key validated"}
@urateam/core:test: {"level":30,"time":"2026-05-24T11:28:59.160Z","pid":403564,"hostname":"df54c4ecdd90","name":"urateam","component":"license","tier":"enterprise","customerId":"cust_test","expiresAt":"2026-05-25T11:28:59.000Z","msg":"license key validated"}
@urateam/core:test:  ✓ src/__tests__/audit/csv.test.ts (6 tests) 86ms
@urateam/core:test:  ✓ src/__tests__/db-qa-gap-issues.test.ts (4 tests) 89ms
@urateam/core:test:  ✓ src/__tests__/auth/user-store.test.ts (8 tests) 91ms
@urateam/core:test:  ✓ src/__tests__/circuit-breaker-probe.test.ts (7 tests) 75ms
@urateam/core:test:  ✓ src/__tests__/audit-reader-triage-quality.test.ts (8 tests) 99ms
@urateam/core:test: {"level":30,"time":"2026-05-24T11:29:02.082Z","pid":403664,"hostname":"df54c4ecdd90","name":"urateam","component":"license","tier":"enterprise","customerId":"cust_test","expiresAt":"2026-05-25T11:29:02.000Z","msg":"license key validated"}
@urateam/core:test: {"level":30,"time":"2026-05-24T11:29:02.084Z","pid":403664,"hostname":"df54c4ecdd90","name":"urateam","component":"audit.retention","retentionDays":365,"cutoff":"2025-05-24T11:29:02.083Z","deleted":0,"msg":"audit log pruned"}
@urateam/core:test: {"level":30,"time":"2026-05-24T11:29:02.084Z","pid":403664,"hostname":"df54c4ecdd90","name":"urateam","component":"auth.session","deleted":0,"msg":"expired sessions pruned"}
@urateam/core:test: {"level":30,"time":"2026-05-24T11:29:02.086Z","pid":403664,"hostname":"df54c4ecdd90","name":"urateam","component":"cost.rollup","firstDate":"2026-04-24","yesterdayStr":"2026-05-23","days":30,"msg":"cost rollup: first run, backfilling"}
@urateam/core:test: {"level":30,"time":"2026-05-24T11:29:02.087Z","pid":403664,"hostname":"df54c4ecdd90","name":"urateam","component":"cost.rollup","date":"2026-04-24","rowsWritten":0,"msg":"no runs to roll up"}
@urateam/core:test: {"level":30,"time":"2026-05-24T11:29:02.088Z","pid":403664,"hostname":"df54c4ecdd90","name":"urateam","component":"cost.rollup","date":"2026-04-25","rowsWritten":0,"msg":"no runs to roll up"}
@urateam/core:test: {"level":30,"time":"2026-05-24T11:29:02.089Z","pid":403664,"hostname":"df54c4ecdd90","name":"urateam","component":"cost.rollup","date":"2026-04-26","rowsWritten":0,"msg":"no runs to roll up"}
@urateam/core:test: {"level":30,"time":"2026-05-24T11:29:02.090Z","pid":403664,"hostname":"df54c4ecdd90","name":"urateam","component":"cost.rollup","date":"2026-04-27","rowsWritten":0,"msg":"no runs to roll up"}
@urateam/core:test: {"level":30,"time":"2026-05-24T11:29:02.090Z","pid":403664,"hostname":"df54c4ecdd90","name":"urateam","component":"cost.rollup","date":"2026-04-28","rowsWritten":0,"msg":"no runs to roll up"}
@urateam/core:test: {"level":30,"time":"2026-05-24T11:29:02.091Z","pid":403664,"hostname":"df54c4ecdd90","name":"urateam","component":"cost.rollup","date":"2026-04-29","rowsWritten":0,"msg":"no runs to roll up"}
@urateam/core:test: {"level":30,"time":"2026-05-24T11:29:02.092Z","pid":403664,"hostname":"df54c4ecdd90","name":"urateam","component":"cost.rollup","date":"2026-04-30","rowsWritten":0,"msg":"no runs to roll up"}
@urateam/core:test: {"level":30,"time":"2026-05-24T11:29:02.092Z","pid":403664,"hostname":"df54c4ecdd90","name":"urateam","component":"cost.rollup","date":"2026-05-01","rowsWritten":0,"msg":"no runs to roll up"}
@urateam/core:test: {"level":30,"time":"2026-05-24T11:29:02.093Z","pid":403664,"hostname":"df54c4ecdd90","name":"urateam","component":"cost.rollup","date":"2026-05-02","rowsWritten":0,"msg":"no runs to roll up"}
@urateam/core:test: {"level":30,"time":"2026-05-24T11:29:02.093Z","pid":403664,"hostname":"df54c4ecdd90","name":"urateam","component":"cost.rollup","date":"2026-05-03","rowsWritten":0,"msg":"no runs to roll up"}
@urateam/core:test: {"level":30,"time":"2026-05-24T11:29:02.093Z","pid":403664,"hostname":"df54c4ecdd90","name":"urateam","component":"cost.rollup","date":"2026-05-04","rowsWritten":0,"msg":"no runs to roll up"}
@urateam/core:test: {"level":30,"time":"2026-05-24T11:29:02.094Z","pid":403664,"hostname":"df54c4ecdd90","name":"urateam","component":"cost.rollup","date":"2026-05-05","rowsWritten":0,"msg":"no runs to roll up"}
@urateam/core:test: {"level":30,"time":"2026-05-24T11:29:02.094Z","pid":403664,"hostname":"df54c4ecdd90","name":"urateam","component":"cost.rollup","date":"2026-05-06","rowsWritten":0,"msg":"no runs to roll up"}
@urateam/core:test: {"level":30,"time":"2026-05-24T11:29:02.095Z","pid":403664,"hostname":"df54c4ecdd90","name":"urateam","component":"cost.rollup","date":"2026-05-07","rowsWritten":0,"msg":"no runs to roll up"}
@urateam/core:test: {"level":30,"time":"2026-05-24T11:29:02.095Z","pid":403664,"hostname":"df54c4ecdd90","name":"urateam","component":"cost.rollup","date":"2026-05-08","rowsWritten":0,"msg":"no runs to roll up"}
@urateam/core:test: {"level":30,"time":"2026-05-24T11:29:02.095Z","pid":403664,"hostname":"df54c4ecdd90","name":"urateam","component":"cost.rollup","date":"2026-05-09","rowsWritten":0,"msg":"no runs to roll up"}
@urateam/core:test: {"level":30,"time":"2026-05-24T11:29:02.096Z","pid":403664,"hostname":"df54c4ecdd90","name":"urateam","component":"cost.rollup","date":"2026-05-10","rowsWritten":0,"msg":"no runs to roll up"}
@urateam/core:test: {"level":30,"time":"2026-05-24T11:29:02.096Z","pid":403664,"hostname":"df54c4ecdd90","name":"urateam","component":"cost.rollup","date":"2026-05-11","rowsWritten":0,"msg":"no runs to roll up"}
@urateam/core:test: {"level":30,"time":"2026-05-24T11:29:02.097Z","pid":403664,"hostname":"df54c4ecdd90","name":"urateam","component":"cost.rollup","date":"2026-05-12","rowsWritten":0,"msg":"no runs to roll up"}
@urateam/core:test: {"level":30,"time":"2026-05-24T11:29:02.097Z","pid":403664,"hostname":"df54c4ecdd90","name":"urateam","component":"cost.rollup","date":"2026-05-13","rowsWritten":0,"msg":"no runs to roll up"}
@urateam/core:test: {"level":30,"time":"2026-05-24T11:29:02.097Z","pid":403664,"hostname":"df54c4ecdd90","name":"urateam","component":"cost.rollup","date":"2026-05-14","rowsWritten":0,"msg":"no runs to roll up"}
@urateam/core:test: {"level":30,"time":"2026-05-24T11:29:02.098Z","pid":403664,"hostname":"df54c4ecdd90","name":"urateam","component":"cost.rollup","date":"2026-05-15","rowsWritten":0,"msg":"no runs to roll up"}
@urateam/core:test: {"level":30,"time":"2026-05-24T11:29:02.098Z","pid":403664,"hostname":"df54c4ecdd90","name":"urateam","component":"cost.rollup","date":"2026-05-16","rowsWritten":0,"msg":"no runs to roll up"}
@urateam/core:test: {"level":30,"time":"2026-05-24T11:29:02.099Z","pid":403664,"hostname":"df54c4ecdd90","name":"urateam","component":"cost.rollup","date":"2026-05-17","rowsWritten":0,"msg":"no runs to roll up"}
@urateam/core:test: {"level":30,"time":"2026-05-24T11:29:02.099Z","pid":403664,"hostname":"df54c4ecdd90","name":"urateam","component":"cost.rollup","date":"2026-05-18","rowsWritten":0,"msg":"no runs to roll up"}
@urateam/core:test: {"level":30,"time":"2026-05-24T11:29:02.099Z","pid":403664,"hostname":"df54c4ecdd90","name":"urateam","component":"cost.rollup","date":"2026-05-19","rowsWritten":0,"msg":"no runs to roll up"}
@urateam/core:test: {"level":30,"time":"2026-05-24T11:29:02.100Z","pid":403664,"hostname":"df54c4ecdd90","name":"urateam","component":"cost.rollup","date":"2026-05-20","rowsWritten":0,"msg":"no runs to roll up"}
@urateam/core:test: {"level":30,"time":"2026-05-24T11:29:02.100Z","pid":403664,"hostname":"df54c4ecdd90","name":"urateam","component":"cost.rollup","date":"2026-05-21","rowsWritten":0,"msg":"no runs to roll up"}
@urateam/core:test: {"level":30,"time":"2026-05-24T11:29:02.100Z","pid":403664,"hostname":"df54c4ecdd90","name":"urateam","component":"cost.rollup","date":"2026-05-22","rowsWritten":0,"msg":"no runs to roll up"}
@urateam/core:test: {"level":30,"time":"2026-05-24T11:29:02.105Z","pid":403664,"hostname":"df54c4ecdd90","name":"urateam","component":"cost.rollup","date":"2026-05-23","rowsWritten":1,"msg":"cost rollup complete"}
@urateam/core:test: {"level":30,"time":"2026-05-24T11:29:02.105Z","pid":403664,"hostname":"df54c4ecdd90","name":"urateam","component":"PmAgent:scheduler","triaged":0,"promoted":0,"errors":0,"msg":"tick complete"}
@urateam/core:test: {"level":30,"time":"2026-05-24T11:29:02.120Z","pid":403664,"hostname":"df54c4ecdd90","name":"urateam","component":"license","tier":"enterprise","customerId":"cust_test","expiresAt":"2026-05-25T11:29:02.000Z","msg":"license key validated"}
@urateam/core:test: {"level":30,"time":"2026-05-24T11:29:02.121Z","pid":403664,"hostname":"df54c4ecdd90","name":"urateam","component":"audit.retention","retentionDays":365,"cutoff":"2025-05-24T11:29:02.121Z","deleted":0,"msg":"audit log pruned"}
@urateam/core:test: {"level":30,"time":"2026-05-24T11:29:02.121Z","pid":403664,"hostname":"df54c4ecdd90","name":"urateam","component":"auth.session","deleted":0,"msg":"expired sessions pruned"}
@urateam/core:test: {"level":40,"time":"2026-05-24T11:29:02.121Z","pid":403664,"hostname":"df54c4ecdd90","name":"urateam","component":"PmAgent:scheduler","err":{"type":"SqliteError","message":"no such table: cost_rollups_daily","stack":"SqliteError: no such table: cost_rollups_daily\n    at Database.prepare (/home/ura/data/runs/PnXZTHwyAR6qch7obf8pl/worktree/node_modules/.pnpm/better-sqlite3@11.10.0/node_modules/better-sqlite3/lib/methods/wrappers.js:5:21)\n    at BetterSQLiteSession.prepareQuery (file:///home/ura/data/runs/PnXZTHwyAR6qch7obf8pl/worktree/node_modules/.pnpm/drizzle-orm@0.38.4_@types+better-sqlite3@7.6.13_better-sqlite3@11.10.0_postgres@3.4.9/node_modules/src/better-sqlite3/session.ts:50:28)\n    at BetterSQLiteSession.prepareOneTimeQuery (file:///home/ura/data/runs/PnXZTHwyAR6qch7obf8pl/worktree/node_modules/.pnpm/drizzle-orm@0.38.4_@types+better-sqlite3@7.6.13_better-sqlite3@11.10.0_postgres@3.4.9/node_modules/src/sqlite-core/session.ts:135:15)\n    at SQLiteSelectBase._prepare (file:///home/ura/data/runs/PnXZTHwyAR6qch7obf8pl/worktree/node_modules/.pnpm/drizzle-orm@0.38.4_@types+better-sqlite3@7.6.13_better-sqlite3@11.10.0_postgres@3.4.9/node_modules/src/sqlite-core/query-builders/select.ts:865:85)\n    at SQLiteSelectBase.all (file:///home/ura/data/runs/PnXZTHwyAR6qch7obf8pl/worktree/node_modules/.pnpm/drizzle-orm@0.38.4_@types+better-sqlite3@7.6.13_better-sqlite3@11.10.0_postgres@3.4.9/node_modules/src/sqlite-core/query-builders/select.ts:884:15)\n    at SQLiteSelectBase.execute (file:///home/ura/data/runs/PnXZTHwyAR6qch7obf8pl/worktree/node_modules/.pnpm/drizzle-orm@0.38.4_@types+better-sqlite3@7.6.13_better-sqlite3@11.10.0_postgres@3.4.9/node_modules/src/sqlite-core/query-builders/select.ts:896:15)\n    at SQLiteSelectBase.then (file:///home/ura/data/runs/PnXZTHwyAR6qch7obf8pl/worktree/node_modules/.pnpm/drizzle-orm@0.38.4_@types+better-sqlite3@7.6.13_better-sqlite3@11.10.0_postgres@3.4.9/node_modules/src/query-promise.ts:31:15)\n    at processTicksAndRejections (node:internal/process/task_queues:103:5)","code":"SQLITE_ERROR"},"msg":"cost rollup failed"}
@urateam/core:test: {"level":30,"time":"2026-05-24T11:29:02.129Z","pid":403664,"hostname":"df54c4ecdd90","name":"urateam","component":"PmAgent:scheduler","triaged":0,"promoted":0,"errors":0,"msg":"tick complete"}
@urateam/core:test:  ✓ src/__tests__/pm-cost-rollup-step.test.ts (2 tests) 75ms
@urateam/core:test: {"level":30,"time":"2026-05-24T11:29:02.363Z","pid":403684,"hostname":"df54c4ecdd90","name":"urateam","component":"PmAgent:sweep-recovery","recovered":["BEC-1"],"msg":"circuit-breaker recovery sweep cleared issues"}
@urateam/core:test: {"level":30,"time":"2026-05-24T11:29:02.391Z","pid":403684,"hostname":"df54c4ecdd90","name":"urateam","component":"PmAgent:sweep-recovery","recovered":["BEC-1"],"msg":"circuit-breaker recovery sweep cleared issues"}
@urateam/core:test:  ✓ src/__tests__/circuit-breaker-integration.test.ts (3 tests) 75ms
@urateam/core:test: {"level":40,"time":"2026-05-24T11:29:02.753Z","pid":403724,"hostname":"df54c4ecdd90","name":"urateam","component":"PostFanoutComments","modelId":"anthropic/claude-3.5-sonnet","err":"rate limit","msg":"failed to post fanout PR comment"}
@urateam/core:test: {"level":30,"time":"2026-05-24T11:29:02.758Z","pid":403724,"hostname":"df54c4ecdd90","name":"urateam","component":"PostFanoutComments","modelId":"nvidia/nemotron-3-super-120b-a12b:free","err":"openrouter response missing choices — provider returned 200 OK but no completion: Provider returned error","msg":"fanout: suppressing upstream-provider failure from PR comment (DB row + audit event still recorded)"}
@urateam/core:test: {"level":30,"time":"2026-05-24T11:29:02.760Z","pid":403724,"hostname":"df54c4ecdd90","name":"urateam","component":"PostFanoutComments","modelId":"nvidia/nemotron-3-super-120b-a12b:free","err":"openrouter response missing choices — provider returned 200 OK but no completion: Provider returned error","msg":"fanout: suppressing upstream-provider failure from PR comment (DB row + audit event still recorded)"}
@urateam/core:test:  ✓ src/__tests__/post-fanout-comments.test.ts (14 tests) 71ms
@urateam/core:test: {"level":30,"time":"2026-05-24T11:29:03.092Z","pid":403704,"hostname":"df54c4ecdd90","name":"urateam","component":"license","tier":"enterprise","customerId":"cust_test","expiresAt":"2026-05-25T11:29:03.000Z","msg":"license key validated"}
@urateam/core:test: {"level":30,"time":"2026-05-24T11:29:03.100Z","pid":403704,"hostname":"df54c4ecdd90","name":"urateam","component":"cost.rollup","firstDate":"2026-04-24","yesterdayStr":"2026-05-23","days":30,"msg":"cost rollup: first run, backfilling"}
@urateam/core:test: {"level":30,"time":"2026-05-24T11:29:03.101Z","pid":403704,"hostname":"df54c4ecdd90","name":"urateam","component":"cost.rollup","date":"2026-04-24","rowsWritten":0,"msg":"no runs to roll up"}
@urateam/core:test: {"level":30,"time":"2026-05-24T11:29:03.102Z","pid":403704,"hostname":"df54c4ecdd90","name":"urateam","component":"cost.rollup","date":"2026-04-25","rowsWritten":0,"msg":"no runs to roll up"}
@urateam/core:test: {"level":30,"time":"2026-05-24T11:29:03.102Z","pid":403704,"hostname":"df54c4ecdd90","name":"urateam","component":"cost.rollup","date":"2026-04-26","rowsWritten":0,"msg":"no runs to roll up"}
@urateam/core:test: {"level":30,"time":"2026-05-24T11:29:03.103Z","pid":403704,"hostname":"df54c4ecdd90","name":"urateam","component":"cost.rollup","date":"2026-04-27","rowsWritten":0,"msg":"no runs to roll up"}
@urateam/core:test: {"level":30,"time":"2026-05-24T11:29:03.103Z","pid":403704,"hostname":"df54c4ecdd90","name":"urateam","component":"cost.rollup","date":"2026-04-28","rowsWritten":0,"msg":"no runs to roll up"}
@urateam/core:test: {"level":30,"time":"2026-05-24T11:29:03.104Z","pid":403704,"hostname":"df54c4ecdd90","name":"urateam","component":"cost.rollup","date":"2026-04-29","rowsWritten":0,"msg":"no runs to roll up"}
@urateam/core:test: {"level":30,"time":"2026-05-24T11:29:03.104Z","pid":403704,"hostname":"df54c4ecdd90","name":"urateam","component":"cost.rollup","date":"2026-04-30","rowsWritten":0,"msg":"no runs to roll up"}
@urateam/core:test: {"level":30,"time":"2026-05-24T11:29:03.104Z","pid":403704,"hostname":"df54c4ecdd90","name":"urateam","component":"cost.rollup","date":"2026-05-01","rowsWritten":0,"msg":"no runs to roll up"}
@urateam/core:test: {"level":30,"time":"2026-05-24T11:29:03.105Z","pid":403704,"hostname":"df54c4ecdd90","name":"urateam","component":"cost.rollup","date":"2026-05-02","rowsWritten":0,"msg":"no runs to roll up"}
@urateam/core:test: {"level":30,"time":"2026-05-24T11:29:03.105Z","pid":403704,"hostname":"df54c4ecdd90","name":"urateam","component":"cost.rollup","date":"2026-05-03","rowsWritten":0,"msg":"no runs to roll up"}
@urateam/core:test: {"level":30,"time":"2026-05-24T11:29:03.106Z","pid":403704,"hostname":"df54c4ecdd90","name":"urateam","component":"cost.rollup","date":"2026-05-04","rowsWritten":0,"msg":"no runs to roll up"}
@urateam/core:test: {"level":30,"time":"2026-05-24T11:29:03.106Z","pid":403704,"hostname":"df54c4ecdd90","name":"urateam","component":"cost.rollup","date":"2026-05-05","rowsWritten":0,"msg":"no runs to roll up"}
@urateam/core:test: {"level":30,"time":"2026-05-24T11:29:03.106Z","pid":403704,"hostname":"df54c4ecdd90","name":"urateam","component":"cost.rollup","date":"2026-05-06","rowsWritten":0,"msg":"no runs to roll up"}
@urateam/core:test: {"level":30,"time":"2026-05-24T11:29:03.106Z","pid":403704,"hostname":"df54c4ecdd90","name":"urateam","component":"cost.rollup","date":"2026-05-07","rowsWritten":0,"msg":"no runs to roll up"}
@urateam/core:test: {"level":30,"time":"2026-05-24T11:29:03.107Z","pid":403704,"hostname":"df54c4ecdd90","name":"urateam","component":"cost.rollup","date":"2026-05-08","rowsWritten":0,"msg":"no runs to roll up"}
@urateam/core:test: {"level":30,"time":"2026-05-24T11:29:03.107Z","pid":403704,"hostname":"df54c4ecdd90","name":"urateam","component":"cost.rollup","date":"2026-05-09","rowsWritten":0,"msg":"no runs to roll up"}
@urateam/core:test: {"level":30,"time":"2026-05-24T11:29:03.107Z","pid":403704,"hostname":"df54c4ecdd90","name":"urateam","component":"cost.rollup","date":"2026-05-10","rowsWritten":0,"msg":"no runs to roll up"}
@urateam/core:test: {"level":30,"time":"2026-05-24T11:29:03.108Z","pid":403704,"hostname":"df54c4ecdd90","name":"urateam","component":"cost.rollup","date":"2026-05-11","rowsWritten":0,"msg":"no runs to roll up"}
@urateam/core:test: {"level":30,"time":"2026-05-24T11:29:03.108Z","pid":403704,"hostname":"df54c4ecdd90","name":"urateam","component":"cost.rollup","date":"2026-05-12","rowsWritten":0,"msg":"no runs to roll up"}
@urateam/core:test: {"level":30,"time":"2026-05-24T11:29:03.108Z","pid":403704,"hostname":"df54c4ecdd90","name":"urateam","component":"cost.rollup","date":"2026-05-13","rowsWritten":0,"msg":"no runs to roll up"}
@urateam/core:test: {"level":30,"time":"2026-05-24T11:29:03.109Z","pid":403704,"hostname":"df54c4ecdd90","name":"urateam","component":"cost.rollup","date":"2026-05-14","rowsWritten":0,"msg":"no runs to roll up"}
@urateam/core:test: {"level":30,"time":"2026-05-24T11:29:03.109Z","pid":403704,"hostname":"df54c4ecdd90","name":"urateam","component":"cost.rollup","date":"2026-05-15","rowsWritten":0,"msg":"no runs to roll up"}
@urateam/core:test: {"level":30,"time":"2026-05-24T11:29:03.110Z","pid":403704,"hostname":"df54c4ecdd90","name":"urateam","component":"cost.rollup","date":"2026-05-16","rowsWritten":0,"msg":"no runs to roll up"}
@urateam/core:test: {"level":30,"time":"2026-05-24T11:29:03.111Z","pid":403704,"hostname":"df54c4ecdd90","name":"urateam","component":"cost.rollup","date":"2026-05-17","rowsWritten":0,"msg":"no runs to roll up"}
@urateam/core:test: {"level":30,"time":"2026-05-24T11:29:03.111Z","pid":403704,"hostname":"df54c4ecdd90","name":"urateam","component":"cost.rollup","date":"2026-05-18","rowsWritten":0,"msg":"no runs to roll up"}
@urateam/core:test: {"level":30,"time":"2026-05-24T11:29:03.111Z","pid":403704,"hostname":"df54c4ecdd90","name":"urateam","component":"cost.rollup","date":"2026-05-19","rowsWritten":0,"msg":"no runs to roll up"}
@urateam/core:test: {"level":30,"time":"2026-05-24T11:29:03.112Z","pid":403704,"hostname":"df54c4ecdd90","name":"urateam","component":"cost.rollup","date":"2026-05-20","rowsWritten":0,"msg":"no runs to roll up"}
@urateam/core:test: {"level":30,"time":"2026-05-24T11:29:03.112Z","pid":403704,"hostname":"df54c4ecdd90","name":"urateam","component":"cost.rollup","date":"2026-05-21","rowsWritten":0,"msg":"no runs to roll up"}
@urateam/core:test: {"level":30,"time":"2026-05-24T11:29:03.112Z","pid":403704,"hostname":"df54c4ecdd90","name":"urateam","component":"cost.rollup","date":"2026-05-22","rowsWritten":0,"msg":"no runs to roll up"}
@urateam/core:test: {"level":30,"time":"2026-05-24T11:29:03.117Z","pid":403704,"hostname":"df54c4ecdd90","name":"urateam","component":"cost.rollup","date":"2026-05-23","rowsWritten":6,"msg":"cost rollup complete"}
@urateam/core:test:  ✓ src/__tests__/cost-integration.test.ts (1 test) 58ms
@urateam/core:test:  ✓ src/__tests__/release-manager-qarun-query.test.ts (4 tests) 83ms
@urateam/core:test: {"level":30,"time":"2026-05-24T11:29:04.091Z","pid":403764,"hostname":"df54c4ecdd90","name":"urateam","component":"Executor","runId":"run-bec81","issueId":"BEC-81","stage":"implement","authMethod":"mounted-session","msg":"Claude auth method resolved"}
@urateam/core:test: {"level":30,"time":"2026-05-24T11:29:04.092Z","pid":403764,"hostname":"df54c4ecdd90","name":"urateam","component":"Executor","runId":"run-bec81","issueId":"BEC-81","stage":"implement","workdir":"/tmp/test-workdir","msg":"importing Agent SDK"}
@urateam/core:test: {"level":30,"time":"2026-05-24T11:29:04.093Z","pid":403764,"hostname":"df54c4ecdd90","name":"urateam","component":"Executor","runId":"run-bec81","issueId":"BEC-81","stage":"implement","workdir":"/tmp/test-workdir","msg":"starting agent query"}
@urateam/core:test: {"level":30,"time":"2026-05-24T11:29:04.093Z","pid":403764,"hostname":"df54c4ecdd90","name":"urateam","component":"Executor","runId":"run-bec81","issueId":"BEC-81","stage":"implement","msg":"iterating agent messages"}
@urateam/core:test: {"level":30,"time":"2026-05-24T11:29:04.095Z","pid":403764,"hostname":"df54c4ecdd90","name":"urateam","component":"Executor","runId":"run-bec81","issueId":"BEC-81","stage":"implement","inputTokens":0,"outputTokens":0,"turns":1,"msg":"stage completed"}
@urateam/core:test: {"level":30,"time":"2026-05-24T11:29:04.106Z","pid":403764,"hostname":"df54c4ecdd90","name":"urateam","component":"Executor","runId":"run-bec81-complete","issueId":"BEC-81","stage":"triage","authMethod":"mounted-session","msg":"Claude auth method resolved"}
@urateam/core:test: {"level":30,"time":"2026-05-24T11:29:04.106Z","pid":403764,"hostname":"df54c4ecdd90","name":"urateam","component":"Executor","runId":"run-bec81-complete","issueId":"BEC-81","stage":"triage","workdir":"/tmp/test-workdir","msg":"importing Agent SDK"}
@urateam/core:test: {"level":30,"time":"2026-05-24T11:29:04.107Z","pid":403764,"hostname":"df54c4ecdd90","name":"urateam","component":"Executor","runId":"run-bec81-complete","issueId":"BEC-81","stage":"triage","workdir":"/tmp/test-workdir","msg":"starting agent query"}
@urateam/core:test: {"level":30,"time":"2026-05-24T11:29:04.107Z","pid":403764,"hostname":"df54c4ecdd90","name":"urateam","component":"Executor","runId":"run-bec81-complete","issueId":"BEC-81","stage":"triage","msg":"iterating agent messages"}
@urateam/core:test: {"level":30,"time":"2026-05-24T11:29:04.107Z","pid":403764,"hostname":"df54c4ecdd90","name":"urateam","component":"Executor","runId":"run-bec81-complete","issueId":"BEC-81","stage":"triage","inputTokens":0,"outputTokens":0,"turns":1,"msg":"stage completed"}
@urateam/core:test: {"level":30,"time":"2026-05-24T11:29:04.116Z","pid":403764,"hostname":"df54c4ecdd90","name":"urateam","component":"Executor","runId":"run-bec81-fail","issueId":"BEC-81","stage":"review","authMethod":"mounted-session","msg":"Claude auth method resolved"}
@urateam/core:test: {"level":30,"time":"2026-05-24T11:29:04.116Z","pid":403764,"hostname":"df54c4ecdd90","name":"urateam","component":"Executor","runId":"run-bec81-fail","issueId":"BEC-81","stage":"review","workdir":"/tmp/test-workdir","msg":"importing Agent SDK"}
@urateam/core:test: {"level":30,"time":"2026-05-24T11:29:04.117Z","pid":403764,"hostname":"df54c4ecdd90","name":"urateam","component":"Executor","runId":"run-bec81-fail","issueId":"BEC-81","stage":"review","workdir":"/tmp/test-workdir","msg":"starting agent query"}
@urateam/core:test: {"level":50,"time":"2026-05-24T11:29:04.117Z","pid":403764,"hostname":"df54c4ecdd90","name":"urateam","component":"Executor","runId":"run-bec81-fail","issueId":"BEC-81","stage":"review","err":{"type":"Error","message":"simulated SDK failure","stack":"Error: simulated SDK failure\n    at /home/ura/data/runs/PnXZTHwyAR6qch7obf8pl/worktree/packages/core/src/__tests__/executor-issue-id.test.ts:182:13\n    at mockCall (file:///home/ura/data/runs/PnXZTHwyAR6qch7obf8pl/worktree/node_modules/.pnpm/@vitest+spy@3.2.4/node_modules/@vitest/spy/dist/index.js:96:15)\n    at spy (file:///home/ura/data/runs/PnXZTHwyAR6qch7obf8pl/worktree/node_modules/.pnpm/tinyspy@4.0.4/node_modules/tinyspy/dist/index.js:47:80)\n    at Module.executeStage (/home/ura/data/runs/PnXZTHwyAR6qch7obf8pl/worktree/packages/core/src/executor/executor.ts:291:22)\n    at processTicksAndRejections (node:internal/process/task_queues:103:5)\n    at /home/ura/data/runs/PnXZTHwyAR6qch7obf8pl/worktree/packages/core/src/__tests__/executor-issue-id.test.ts:187:20\n    at file:///home/ura/data/runs/PnXZTHwyAR6qch7obf8pl/worktree/node_modules/.pnpm/@vitest+runner@3.2.4/node_modules/@vitest/runner/dist/chunk-hooks.js:752:20"},"msg":"stage failed"}
@urateam/core:test: {"level":30,"time":"2026-05-24T11:29:04.133Z","pid":403764,"hostname":"df54c4ecdd90","name":"urateam","component":"Executor","runId":"run-A","issueId":"BEC-10","stage":"triage","authMethod":"mounted-session","msg":"Claude auth method resolved"}
@urateam/core:test: {"level":30,"time":"2026-05-24T11:29:04.133Z","pid":403764,"hostname":"df54c4ecdd90","name":"urateam","component":"Executor","runId":"run-B","issueId":"BEC-20","stage":"triage","authMethod":"mounted-session","msg":"Claude auth method resolved"}
@urateam/core:test: {"level":30,"time":"2026-05-24T11:29:04.133Z","pid":403764,"hostname":"df54c4ecdd90","name":"urateam","component":"Executor","runId":"run-A","issueId":"BEC-10","stage":"triage","workdir":"/tmp/workdir-A","msg":"importing Agent SDK"}
@urateam/core:test: {"level":30,"time":"2026-05-24T11:29:04.134Z","pid":403764,"hostname":"df54c4ecdd90","name":"urateam","component":"Executor","runId":"run-B","issueId":"BEC-20","stage":"triage","workdir":"/tmp/workdir-B","msg":"importing Agent SDK"}
@urateam/core:test: {"level":30,"time":"2026-05-24T11:29:04.135Z","pid":403764,"hostname":"df54c4ecdd90","name":"urateam","component":"Executor","runId":"run-A","issueId":"BEC-10","stage":"triage","workdir":"/tmp/workdir-A","msg":"starting agent query"}
@urateam/core:test: {"level":30,"time":"2026-05-24T11:29:04.135Z","pid":403764,"hostname":"df54c4ecdd90","name":"urateam","component":"Executor","runId":"run-A","issueId":"BEC-10","stage":"triage","msg":"iterating agent messages"}
@urateam/core:test: {"level":30,"time":"2026-05-24T11:29:04.135Z","pid":403764,"hostname":"df54c4ecdd90","name":"urateam","component":"Executor","runId":"run-A","issueId":"BEC-10","stage":"triage","inputTokens":0,"outputTokens":0,"turns":1,"msg":"stage completed"}
@urateam/core:test: {"level":30,"time":"2026-05-24T11:29:04.203Z","pid":403764,"hostname":"df54c4ecdd90","name":"urateam","component":"Executor","runId":"run-B","issueId":"BEC-20","stage":"triage","workdir":"/tmp/workdir-B","msg":"starting agent query"}
@urateam/core:test: {"level":30,"time":"2026-05-24T11:29:04.216Z","pid":403764,"hostname":"df54c4ecdd90","name":"urateam","component":"Executor","runId":"run-B","issueId":"BEC-20","stage":"triage","msg":"iterating agent messages"}
@urateam/core:test: {"level":50,"time":"2026-05-24T11:29:04.218Z","pid":403764,"hostname":"df54c4ecdd90","name":"urateam","component":"Executor","runId":"run-B","issueId":"BEC-20","stage":"triage","err":{"type":"ReferenceError","message":"Claude Code executable not found at /home/ura/data/runs/PnXZTHwyAR6qch7obf8pl/worktree/node_modules/.pnpm/@anthropic-ai+claude-agent-sdk@0.2.101_zod@4.3.6/node_modules/@anthropic-ai/claude-agent-sdk/cli.js. Is options.pathToClaudeCodeExecutable set?","stack":"ReferenceError: Claude Code executable not found at /home/ura/data/runs/PnXZTHwyAR6qch7obf8pl/worktree/node_modules/.pnpm/@anthropic-ai+claude-agent-sdk@0.2.101_zod@4.3.6/node_modules/@anthropic-ai/claude-agent-sdk/cli.js. Is options.pathToClaudeCodeExecutable set?\n    at ChildProcess.<anonymous> (file:///home/ura/data/runs/PnXZTHwyAR6qch7obf8pl/worktree/node_modules/.pnpm/@anthropic-ai+claude-agent-sdk@0.2.101_zod@4.3.6/node_modules/@anthropic-ai/claude-agent-sdk/sdk.mjs:58:7577)\n    at ChildProcess.emit (node:events:531:35)\n    at Process.ChildProcess._handle.onexit (node:internal/child_process:291:12)\n    at onErrorNT (node:internal/child_process:483:16)\n    at processTicksAndRejections (node:internal/process/task_queues:89:21)"},"msg":"stage failed"}
@urateam/core:test:  ✓ src/__tests__/executor-issue-id.test.ts (4 tests) 157ms
@urateam/core:test: {"level":30,"time":"2026-05-24T11:29:04.649Z","pid":403784,"hostname":"df54c4ecdd90","name":"urateam","component":"license","tier":"enterprise","customerId":"cust_test","expiresAt":"2026-05-25T11:29:04.000Z","msg":"license key validated"}
@urateam/core:test: {"level":30,"time":"2026-05-24T11:29:04.662Z","pid":403784,"hostname":"df54c4ecdd90","name":"urateam","component":"license","tier":"enterprise","customerId":"cust_test","expiresAt":"2026-05-25T11:29:04.000Z","msg":"license key validated"}
@urateam/core:test: {"level":30,"time":"2026-05-24T11:29:04.671Z","pid":403784,"hostname":"df54c4ecdd90","name":"urateam","component":"license","tier":"enterprise","customerId":"cust_test","expiresAt":"2026-05-25T11:29:04.000Z","msg":"license key validated"}
@urateam/core:test:  ✓ src/__tests__/policy/evaluate.test.ts (4 tests) 55ms
@urateam/core:test: {"level":30,"time":"2026-05-24T11:29:05.013Z","pid":403825,"hostname":"df54c4ecdd90","name":"urateam","component":"RALPH","msg":"no acceptance criteria defined, skipping requirements check"}
@urateam/core:test: {"level":50,"time":"2026-05-24T11:29:05.024Z","pid":403825,"hostname":"df54c4ecdd90","name":"urateam","component":"git","args":["diff","--stat","HEAD"],"cwd":"/tmp","stderr":"warning: Not a git repository. Use --no-index to compare two paths outside a working tree\nusage: git diff --no-index [<options>] <path> <path> [<pathspec>...]\n\nDiff output format options\n    -p, --pat","msg":"git diff failed"}
@urateam/core:test: {"level":50,"time":"2026-05-24T11:29:05.029Z","pid":403825,"hostname":"df54c4ecdd90","name":"urateam","component":"git","args":["diff","--stat","HEAD"],"cwd":"/tmp","stderr":"warning: Not a git repository. Use --no-index to compare two paths outside a working tree\nusage: git diff --no-index [<options>] <path> <path> [<pathspec>...]\n\nDiff output format options\n    -p, --pat","msg":"git diff failed"}
@urateam/core:test: {"level":50,"time":"2026-05-24T11:29:05.036Z","pid":403825,"hostname":"df54c4ecdd90","name":"urateam","component":"git","args":["diff","--stat","HEAD"],"cwd":"/tmp","stderr":"warning: Not a git repository. Use --no-index to compare two paths outside a working tree\nusage: git diff --no-index [<options>] <path> <path> [<pathspec>...]\n\nDiff output format options\n    -p, --pat","msg":"git diff failed"}
@urateam/core:test: {"level":50,"time":"2026-05-24T11:29:05.037Z","pid":403825,"hostname":"df54c4ecdd90","name":"urateam","component":"RALPH","err":"Reached maximum number of turns (6)","msg":"requirements check agent failed"}
@urateam/core:test: {"level":50,"time":"2026-05-24T11:29:05.041Z","pid":403825,"hostname":"df54c4ecdd90","name":"urateam","component":"git","args":["diff","--stat","HEAD"],"cwd":"/tmp","stderr":"warning: Not a git repository. Use --no-index to compare two paths outside a working tree\nusage: git diff --no-index [<options>] <path> <path> [<pathspec>...]\n\nDiff output format options\n    -p, --pat","msg":"git diff failed"}
@urateam/core:test: {"level":40,"time":"2026-05-24T11:29:05.042Z","pid":403825,"hostname":"df54c4ecdd90","name":"urateam","component":"RALPH","msg":"requirements check agent did not produce structured output"}
@urateam/core:test: {"level":50,"time":"2026-05-24T11:29:05.045Z","pid":403825,"hostname":"df54c4ecdd90","name":"urateam","component":"git","args":["diff","--stat","HEAD"],"cwd":"/tmp","stderr":"warning: Not a git repository. Use --no-index to compare two paths outside a working tree\nusage: git diff --no-index [<options>] <path> <path> [<pathspec>...]\n\nDiff output format options\n    -p, --pat","msg":"git diff failed"}
@urateam/core:test: {"level":50,"time":"2026-05-24T11:29:05.053Z","pid":403825,"hostname":"df54c4ecdd90","name":"urateam","component":"git","args":["diff","--stat","HEAD"],"cwd":"/tmp","stderr":"warning: Not a git repository. Use --no-index to compare two paths outside a working tree\nusage: git diff --no-index [<options>] <path> <path> [<pathspec>...]\n\nDiff output format options\n    -p, --pat","msg":"git diff failed"}
@urateam/core:test: {"level":50,"time":"2026-05-24T11:29:05.058Z","pid":403825,"hostname":"df54c4ecdd90","name":"urateam","component":"git","args":["diff","--stat","HEAD"],"cwd":"/tmp","stderr":"warning: Not a git repository. Use --no-index to compare two paths outside a working tree\nusage: git diff --no-index [<options>] <path> <path> [<pathspec>...]\n\nDiff output format options\n    -p, --pat","msg":"git diff failed"}
@urateam/core:test:  ✓ src/__tests__/ralph.test.ts (9 tests) 50ms
@urateam/core:test: {"level":30,"time":"2026-05-24T11:29:05.369Z","pid":403805,"hostname":"df54c4ecdd90","name":"urateam","component":"license","tier":"enterprise","customerId":"cust_test","expiresAt":"2026-05-25T11:29:05.000Z","msg":"license key validated"}
@urateam/core:test: {"level":30,"time":"2026-05-24T11:29:05.371Z","pid":403805,"hostname":"df54c4ecdd90","name":"urateam","component":"audit.retention","retentionDays":365,"cutoff":"2025-05-24T11:29:05.370Z","deleted":0,"msg":"audit log pruned"}
@urateam/core:test: {"level":30,"time":"2026-05-24T11:29:05.371Z","pid":403805,"hostname":"df54c4ecdd90","name":"urateam","component":"auth.session","deleted":0,"msg":"expired sessions pruned"}
@urateam/core:test: {"level":30,"time":"2026-05-24T11:29:05.372Z","pid":403805,"hostname":"df54c4ecdd90","name":"urateam","component":"cost.rollup","firstDate":"2026-04-24","yesterdayStr":"2026-05-23","days":30,"msg":"cost rollup: first run, backfilling"}
@urateam/core:test: {"level":30,"time":"2026-05-24T11:29:05.373Z","pid":403805,"hostname":"df54c4ecdd90","name":"urateam","component":"cost.rollup","date":"2026-04-24","rowsWritten":0,"msg":"no runs to roll up"}
@urateam/core:test: {"level":30,"time":"2026-05-24T11:29:05.374Z","pid":403805,"hostname":"df54c4ecdd90","name":"urateam","component":"cost.rollup","date":"2026-04-25","rowsWritten":0,"msg":"no runs to roll up"}
@urateam/core:test: {"level":30,"time":"2026-05-24T11:29:05.374Z","pid":403805,"hostname":"df54c4ecdd90","name":"urateam","component":"cost.rollup","date":"2026-04-26","rowsWritten":0,"msg":"no runs to roll up"}
@urateam/core:test: {"level":30,"time":"2026-05-24T11:29:05.375Z","pid":403805,"hostname":"df54c4ecdd90","name":"urateam","component":"cost.rollup","date":"2026-04-27","rowsWritten":0,"msg":"no runs to roll up"}
@urateam/core:test: {"level":30,"time":"2026-05-24T11:29:05.375Z","pid":403805,"hostname":"df54c4ecdd90","name":"urateam","component":"cost.rollup","date":"2026-04-28","rowsWritten":0,"msg":"no runs to roll up"}
@urateam/core:test: {"level":30,"time":"2026-05-24T11:29:05.376Z","pid":403805,"hostname":"df54c4ecdd90","name":"urateam","component":"cost.rollup","date":"2026-04-29","rowsWritten":0,"msg":"no runs to roll up"}
@urateam/core:test: {"level":30,"time":"2026-05-24T11:29:05.377Z","pid":403805,"hostname":"df54c4ecdd90","name":"urateam","component":"cost.rollup","date":"2026-04-30","rowsWritten":0,"msg":"no runs to roll up"}
@urateam/core:test: {"level":30,"time":"2026-05-24T11:29:05.377Z","pid":403805,"hostname":"df54c4ecdd90","name":"urateam","component":"cost.rollup","date":"2026-05-01","rowsWritten":0,"msg":"no runs to roll up"}
@urateam/core:test: {"level":30,"time":"2026-05-24T11:29:05.378Z","pid":403805,"hostname":"df54c4ecdd90","name":"urateam","component":"cost.rollup","date":"2026-05-02","rowsWritten":0,"msg":"no runs to roll up"}
@urateam/core:test: {"level":30,"time":"2026-05-24T11:29:05.378Z","pid":403805,"hostname":"df54c4ecdd90","name":"urateam","component":"cost.rollup","date":"2026-05-03","rowsWritten":0,"msg":"no runs to roll up"}
@urateam/core:test: {"level":30,"time":"2026-05-24T11:29:05.379Z","pid":403805,"hostname":"df54c4ecdd90","name":"urateam","component":"cost.rollup","date":"2026-05-04","rowsWritten":0,"msg":"no runs to roll up"}
@urateam/core:test: {"level":30,"time":"2026-05-24T11:29:05.379Z","pid":403805,"hostname":"df54c4ecdd90","name":"urateam","component":"cost.rollup","date":"2026-05-05","rowsWritten":0,"msg":"no runs to roll up"}
@urateam/core:test: {"level":30,"time":"2026-05-24T11:29:05.379Z","pid":403805,"hostname":"df54c4ecdd90","name":"urateam","component":"cost.rollup","date":"2026-05-06","rowsWritten":0,"msg":"no runs to roll up"}
@urateam/core:test: {"level":30,"time":"2026-05-24T11:29:05.380Z","pid":403805,"hostname":"df54c4ecdd90","name":"urateam","component":"cost.rollup","date":"2026-05-07","rowsWritten":0,"msg":"no runs to roll up"}
@urateam/core:test: {"level":30,"time":"2026-05-24T11:29:05.380Z","pid":403805,"hostname":"df54c4ecdd90","name":"urateam","component":"cost.rollup","date":"2026-05-08","rowsWritten":0,"msg":"no runs to roll up"}
@urateam/core:test: {"level":30,"time":"2026-05-24T11:29:05.380Z","pid":403805,"hostname":"df54c4ecdd90","name":"urateam","component":"cost.rollup","date":"2026-05-09","rowsWritten":0,"msg":"no runs to roll up"}
@urateam/core:test: {"level":30,"time":"2026-05-24T11:29:05.381Z","pid":403805,"hostname":"df54c4ecdd90","name":"urateam","component":"cost.rollup","date":"2026-05-10","rowsWritten":0,"msg":"no runs to roll up"}
@urateam/core:test: {"level":30,"time":"2026-05-24T11:29:05.381Z","pid":403805,"hostname":"df54c4ecdd90","name":"urateam","component":"cost.rollup","date":"2026-05-11","rowsWritten":0,"msg":"no runs to roll up"}
@urateam/core:test: {"level":30,"time":"2026-05-24T11:29:05.381Z","pid":403805,"hostname":"df54c4ecdd90","name":"urateam","component":"cost.rollup","date":"2026-05-12","rowsWritten":0,"msg":"no runs to roll up"}
@urateam/core:test: {"level":30,"time":"2026-05-24T11:29:05.382Z","pid":403805,"hostname":"df54c4ecdd90","name":"urateam","component":"cost.rollup","date":"2026-05-13","rowsWritten":0,"msg":"no runs to roll up"}
@urateam/core:test: {"level":30,"time":"2026-05-24T11:29:05.382Z","pid":403805,"hostname":"df54c4ecdd90","name":"urateam","component":"cost.rollup","date":"2026-05-14","rowsWritten":0,"msg":"no runs to roll up"}
@urateam/core:test: {"level":30,"time":"2026-05-24T11:29:05.383Z","pid":403805,"hostname":"df54c4ecdd90","name":"urateam","component":"cost.rollup","date":"2026-05-15","rowsWritten":0,"msg":"no runs to roll up"}
@urateam/core:test: {"level":30,"time":"2026-05-24T11:29:05.383Z","pid":403805,"hostname":"df54c4ecdd90","name":"urateam","component":"cost.rollup","date":"2026-05-16","rowsWritten":0,"msg":"no runs to roll up"}
@urateam/core:test: {"level":30,"time":"2026-05-24T11:29:05.383Z","pid":403805,"hostname":"df54c4ecdd90","name":"urateam","component":"cost.rollup","date":"2026-05-17","rowsWritten":0,"msg":"no runs to roll up"}
@urateam/core:test: {"level":30,"time":"2026-05-24T11:29:05.384Z","pid":403805,"hostname":"df54c4ecdd90","name":"urateam","component":"cost.rollup","date":"2026-05-18","rowsWritten":0,"msg":"no runs to roll up"}
@urateam/core:test: {"level":30,"time":"2026-05-24T11:29:05.384Z","pid":403805,"hostname":"df54c4ecdd90","name":"urateam","component":"cost.rollup","date":"2026-05-19","rowsWritten":0,"msg":"no runs to roll up"}
@urateam/core:test: {"level":30,"time":"2026-05-24T11:29:05.384Z","pid":403805,"hostname":"df54c4ecdd90","name":"urateam","component":"cost.rollup","date":"2026-05-20","rowsWritten":0,"msg":"no runs to roll up"}
@urateam/core:test: {"level":30,"time":"2026-05-24T11:29:05.385Z","pid":403805,"hostname":"df54c4ecdd90","name":"urateam","component":"cost.rollup","date":"2026-05-21","rowsWritten":0,"msg":"no runs to roll up"}
@urateam/core:test: {"level":30,"time":"2026-05-24T11:29:05.385Z","pid":403805,"hostname":"df54c4ecdd90","name":"urateam","component":"cost.rollup","date":"2026-05-22","rowsWritten":0,"msg":"no runs to roll up"}
@urateam/core:test: {"level":30,"time":"2026-05-24T11:29:05.385Z","pid":403805,"hostname":"df54c4ecdd90","name":"urateam","component":"cost.rollup","date":"2026-05-23","rowsWritten":0,"msg":"no runs to roll up"}
@urateam/core:test: {"level":30,"time":"2026-05-24T11:29:05.386Z","pid":403805,"hostname":"df54c4ecdd90","name":"urateam","component":"PmAgent:scheduler","triaged":0,"promoted":0,"errors":0,"msg":"tick complete"}
@urateam/core:test: {"level":30,"time":"2026-05-24T11:29:05.400Z","pid":403805,"hostname":"df54c4ecdd90","name":"urateam","component":"license","tier":"enterprise","customerId":"cust_test","expiresAt":"2026-05-25T11:29:05.000Z","msg":"license key validated"}
@urateam/core:test: {"level":30,"time":"2026-05-24T11:29:05.400Z","pid":403805,"hostname":"df54c4ecdd90","name":"urateam","component":"audit.retention","retentionDays":365,"cutoff":"2025-05-24T11:29:05.400Z","deleted":0,"msg":"audit log pruned"}
@urateam/core:test: {"level":30,"time":"2026-05-24T11:29:05.401Z","pid":403805,"hostname":"df54c4ecdd90","name":"urateam","component":"auth.session","deleted":0,"msg":"expired sessions pruned"}
@urateam/core:test: {"level":30,"time":"2026-05-24T11:29:05.401Z","pid":403805,"hostname":"df54c4ecdd90","name":"urateam","component":"cost.rollup","firstDate":"2026-04-24","yesterdayStr":"2026-05-23","days":30,"msg":"cost rollup: first run, backfilling"}
@urateam/core:test: {"level":30,"time":"2026-05-24T11:29:05.401Z","pid":403805,"hostname":"df54c4ecdd90","name":"urateam","component":"cost.rollup","date":"2026-04-24","rowsWritten":0,"msg":"no runs to roll up"}
@urateam/core:test: {"level":30,"time":"2026-05-24T11:29:05.402Z","pid":403805,"hostname":"df54c4ecdd90","name":"urateam","component":"cost.rollup","date":"2026-04-25","rowsWritten":0,"msg":"no runs to roll up"}
@urateam/core:test: {"level":30,"time":"2026-05-24T11:29:05.402Z","pid":403805,"hostname":"df54c4ecdd90","name":"urateam","component":"cost.rollup","date":"2026-04-26","rowsWritten":0,"msg":"no runs to roll up"}
@urateam/core:test: {"level":30,"time":"2026-05-24T11:29:05.402Z","pid":403805,"hostname":"df54c4ecdd90","name":"urateam","component":"cost.rollup","date":"2026-04-27","rowsWritten":0,"msg":"no runs to roll up"}
@urateam/core:test: {"level":30,"time":"2026-05-24T11:29:05.403Z","pid":403805,"hostname":"df54c4ecdd90","name":"urateam","component":"cost.rollup","date":"2026-04-28","rowsWritten":0,"msg":"no runs to roll up"}
@urateam/core:test: {"level":30,"time":"2026-05-24T11:29:05.403Z","pid":403805,"hostname":"df54c4ecdd90","name":"urateam","component":"cost.rollup","date":"2026-04-29","rowsWritten":0,"msg":"no runs to roll up"}
@urateam/core:test: {"level":30,"time":"2026-05-24T11:29:05.403Z","pid":403805,"hostname":"df54c4ecdd90","name":"urateam","component":"cost.rollup","date":"2026-04-30","rowsWritten":0,"msg":"no runs to roll up"}
@urateam/core:test: {"level":30,"time":"2026-05-24T11:29:05.404Z","pid":403805,"hostname":"df54c4ecdd90","name":"urateam","component":"cost.rollup","date":"2026-05-01","rowsWritten":0,"msg":"no runs to roll up"}
@urateam/core:test: {"level":30,"time":"2026-05-24T11:29:05.404Z","pid":403805,"hostname":"df54c4ecdd90","name":"urateam","component":"cost.rollup","date":"2026-05-02","rowsWritten":0,"msg":"no runs to roll up"}
@urateam/core:test: {"level":30,"time":"2026-05-24T11:29:05.404Z","pid":403805,"hostname":"df54c4ecdd90","name":"urateam","component":"cost.rollup","date":"2026-05-03","rowsWritten":0,"msg":"no runs to roll up"}
@urateam/core:test: {"level":30,"time":"2026-05-24T11:29:05.405Z","pid":403805,"hostname":"df54c4ecdd90","name":"urateam","component":"cost.rollup","date":"2026-05-04","rowsWritten":0,"msg":"no runs to roll up"}
@urateam/core:test: {"level":30,"time":"2026-05-24T11:29:05.405Z","pid":403805,"hostname":"df54c4ecdd90","name":"urateam","component":"cost.rollup","date":"2026-05-05","rowsWritten":0,"msg":"no runs to roll up"}
@urateam/core:test: {"level":30,"time":"2026-05-24T11:29:05.405Z","pid":403805,"hostname":"df54c4ecdd90","name":"urateam","component":"cost.rollup","date":"2026-05-06","rowsWritten":0,"msg":"no runs to roll up"}
@urateam/core:test: {"level":30,"time":"2026-05-24T11:29:05.406Z","pid":403805,"hostname":"df54c4ecdd90","name":"urateam","component":"cost.rollup","date":"2026-05-07","rowsWritten":0,"msg":"no runs to roll up"}
@urateam/core:test: {"level":30,"time":"2026-05-24T11:29:05.406Z","pid":403805,"hostname":"df54c4ecdd90","name":"urateam","component":"cost.rollup","date":"2026-05-08","rowsWritten":0,"msg":"no runs to roll up"}
@urateam/core:test: {"level":30,"time":"2026-05-24T11:29:05.406Z","pid":403805,"hostname":"df54c4ecdd90","name":"urateam","component":"cost.rollup","date":"2026-05-09","rowsWritten":0,"msg":"no runs to roll up"}
@urateam/core:test: {"level":30,"time":"2026-05-24T11:29:05.407Z","pid":403805,"hostname":"df54c4ecdd90","name":"urateam","component":"cost.rollup","date":"2026-05-10","rowsWritten":0,"msg":"no runs to roll up"}
@urateam/core:test: {"level":30,"time":"2026-05-24T11:29:05.407Z","pid":403805,"hostname":"df54c4ecdd90","name":"urateam","component":"cost.rollup","date":"2026-05-11","rowsWritten":0,"msg":"no runs to roll up"}
@urateam/core:test: {"level":30,"time":"2026-05-24T11:29:05.407Z","pid":403805,"hostname":"df54c4ecdd90","name":"urateam","component":"cost.rollup","date":"2026-05-12","rowsWritten":0,"msg":"no runs to roll up"}
@urateam/core:test: {"level":30,"time":"2026-05-24T11:29:05.408Z","pid":403805,"hostname":"df54c4ecdd90","name":"urateam","component":"cost.rollup","date":"2026-05-13","rowsWritten":0,"msg":"no runs to roll up"}
@urateam/core:test: {"level":30,"time":"2026-05-24T11:29:05.408Z","pid":403805,"hostname":"df54c4ecdd90","name":"urateam","component":"cost.rollup","date":"2026-05-14","rowsWritten":0,"msg":"no runs to roll up"}
@urateam/core:test: {"level":30,"time":"2026-05-24T11:29:05.409Z","pid":403805,"hostname":"df54c4ecdd90","name":"urateam","component":"cost.rollup","date":"2026-05-15","rowsWritten":0,"msg":"no runs to roll up"}
@urateam/core:test: {"level":30,"time":"2026-05-24T11:29:05.409Z","pid":403805,"hostname":"df54c4ecdd90","name":"urateam","component":"cost.rollup","date":"2026-05-16","rowsWritten":0,"msg":"no runs to roll up"}
@urateam/core:test: {"level":30,"time":"2026-05-24T11:29:05.410Z","pid":403805,"hostname":"df54c4ecdd90","name":"urateam","component":"cost.rollup","date":"2026-05-17","rowsWritten":0,"msg":"no runs to roll up"}
@urateam/core:test: {"level":30,"time":"2026-05-24T11:29:05.410Z","pid":403805,"hostname":"df54c4ecdd90","name":"urateam","component":"cost.rollup","date":"2026-05-18","rowsWritten":0,"msg":"no runs to roll up"}
@urateam/core:test: {"level":30,"time":"2026-05-24T11:29:05.410Z","pid":403805,"hostname":"df54c4ecdd90","name":"urateam","component":"cost.rollup","date":"2026-05-19","rowsWritten":0,"msg":"no runs to roll up"}
@urateam/core:test: {"level":30,"time":"2026-05-24T11:29:05.411Z","pid":403805,"hostname":"df54c4ecdd90","name":"urateam","component":"cost.rollup","date":"2026-05-20","rowsWritten":0,"msg":"no runs to roll up"}
@urateam/core:test: {"level":30,"time":"2026-05-24T11:29:05.411Z","pid":403805,"hostname":"df54c4ecdd90","name":"urateam","component":"cost.rollup","date":"2026-05-21","rowsWritten":0,"msg":"no runs to roll up"}
@urateam/core:test: {"level":30,"time":"2026-05-24T11:29:05.411Z","pid":403805,"hostname":"df54c4ecdd90","name":"urateam","component":"cost.rollup","date":"2026-05-22","rowsWritten":0,"msg":"no runs to roll up"}
@urateam/core:test: {"level":30,"time":"2026-05-24T11:29:05.412Z","pid":403805,"hostname":"df54c4ecdd90","name":"urateam","component":"cost.rollup","date":"2026-05-23","rowsWritten":0,"msg":"no runs to roll up"}
@urateam/core:test: {"level":30,"time":"2026-05-24T11:29:05.412Z","pid":403805,"hostname":"df54c4ecdd90","name":"urateam","component":"PmAgent:scheduler","triaged":0,"promoted":0,"errors":0,"msg":"tick complete"}
@urateam/core:test:  ✓ src/__tests__/pm-budget-refused-event.test.ts (2 tests) 76ms
@urateam/core:test: {"level":50,"time":"2026-05-24T11:29:05.899Z","pid":403872,"hostname":"df54c4ecdd90","name":"urateam","module":"repo/bitbucket","status":409,"body":"Conflict","msg":"Bitbucket merge API error"}
@urateam/core:test: {"level":50,"time":"2026-05-24T11:29:05.901Z","pid":403872,"hostname":"df54c4ecdd90","name":"urateam","module":"repo/bitbucket","err":{"type":"Error","message":"network error","stack":"Error: network error\n    at /home/ura/data/runs/PnXZTHwyAR6qch7obf8pl/worktree/packages/core/src/__tests__/bitbucket.test.ts:323:57\n    at file:///home/ura/data/runs/PnXZTHwyAR6qch7obf8pl/worktree/node_modules/.pnpm/@vitest+runner@3.2.4/node_modules/@vitest/runner/dist/chunk-hooks.js:155:11\n    at file:///home/ura/data/runs/PnXZTHwyAR6qch7obf8pl/worktree/node_modules/.pnpm/@vitest+runner@3.2.4/node_modules/@vitest/runner/dist/chunk-hooks.js:752:26\n    at file:///home/ura/data/runs/PnXZTHwyAR6qch7obf8pl/worktree/node_modules/.pnpm/@vitest+runner@3.2.4/node_modules/@vitest/runner/dist/chunk-hooks.js:1897:20\n    at new Promise (<anonymous>)\n    at runWithTimeout (file:///home/ura/data/runs/PnXZTHwyAR6qch7obf8pl/worktree/node_modules/.pnpm/@vitest+runner@3.2.4/node_modules/@vitest/runner/dist/chunk-hooks.js:1863:10)\n    at runTest (file:///home/ura/data/runs/PnXZTHwyAR6qch7obf8pl/worktree/node_modules/.pnpm/@vitest+runner@3.2.4/node_modules/@vitest/runner/dist/chunk-hooks.js:1574:12)\n    at processTicksAndRejections (node:internal/process/task_queues:103:5)\n    at runSuite (file:///home/ura/data/runs/PnXZTHwyAR6qch7obf8pl/worktree/node_modules/.pnpm/@vitest+runner@3.2.4/node_modules/@vitest/runner/dist/chunk-hooks.js:1729:8)\n    at runSuite (file:///home/ura/data/runs/PnXZTHwyAR6qch7obf8pl/worktree/node_modules/.pnpm/@vitest+runner@3.2.4/node_modules/@vitest/runner/dist/chunk-hooks.js:1729:8)"},"msg":"Bitbucket merge request failed"}
@urateam/core:test:  ✓ src/__tests__/bitbucket.test.ts (27 tests) 93ms
@urateam/core:test: {"level":40,"time":"2026-05-24T11:29:06.314Z","pid":403892,"hostname":"df54c4ecdd90","name":"urateam","component":"PmAgent:slack-interface","err":{"type":"Error","message":"boom","stack":"Error: boom\n    at /home/ura/data/runs/PnXZTHwyAR6qch7obf8pl/worktree/packages/core/src/__tests__/pm-slack-interface.test.ts:112:50\n    at file:///home/ura/data/runs/PnXZTHwyAR6qch7obf8pl/worktree/node_modules/.pnpm/@vitest+runner@3.2.4/node_modules/@vitest/runner/dist/chunk-hooks.js:155:11\n    at file:///home/ura/data/runs/PnXZTHwyAR6qch7obf8pl/worktree/node_modules/.pnpm/@vitest+runner@3.2.4/node_modules/@vitest/runner/dist/chunk-hooks.js:752:26\n    at file:///home/ura/data/runs/PnXZTHwyAR6qch7obf8pl/worktree/node_modules/.pnpm/@vitest+runner@3.2.4/node_modules/@vitest/runner/dist/chunk-hooks.js:1897:20\n    at new Promise (<anonymous>)\n    at runWithTimeout (file:///home/ura/data/runs/PnXZTHwyAR6qch7obf8pl/worktree/node_modules/.pnpm/@vitest+runner@3.2.4/node_modules/@vitest/runner/dist/chunk-hooks.js:1863:10)\n    at runTest (file:///home/ura/data/runs/PnXZTHwyAR6qch7obf8pl/worktree/node_modules/.pnpm/@vitest+runner@3.2.4/node_modules/@vitest/runner/dist/chunk-hooks.js:1574:12)\n    at processTicksAndRejections (node:internal/process/task_queues:103:5)\n    at runSuite (file:///home/ura/data/runs/PnXZTHwyAR6qch7obf8pl/worktree/node_modules/.pnpm/@vitest+runner@3.2.4/node_modules/@vitest/runner/dist/chunk-hooks.js:1729:8)\n    at runSuite (file:///home/ura/data/runs/PnXZTHwyAR6qch7obf8pl/worktree/node_modules/.pnpm/@vitest+runner@3.2.4/node_modules/@vitest/runner/dist/chunk-hooks.js:1729:8)"},"message":"anything","msg":"failed to parse NL intent"}
@urateam/core:test: {"level":40,"time":"2026-05-24T11:29:06.325Z","pid":403892,"hostname":"df54c4ecdd90","name":"urateam","component":"PmAgent:slack-bulk","responsePreview":"I cannot help with that.","msg":"bulk create: no JSON array in Claude response"}
@urateam/core:test: {"level":40,"time":"2026-05-24T11:29:06.327Z","pid":403892,"hostname":"df54c4ecdd90","name":"urateam","component":"PmAgent:slack-bulk","err":{"type":"Error","message":"API error","stack":"Error: API error\n    at /home/ura/data/runs/PnXZTHwyAR6qch7obf8pl/worktree/packages/core/src/__tests__/pm-slack-interface.test.ts:202:50\n    at file:///home/ura/data/runs/PnXZTHwyAR6qch7obf8pl/worktree/node_modules/.pnpm/@vitest+runner@3.2.4/node_modules/@vitest/runner/dist/chunk-hooks.js:155:11\n    at file:///home/ura/data/runs/PnXZTHwyAR6qch7obf8pl/worktree/node_modules/.pnpm/@vitest+runner@3.2.4/node_modules/@vitest/runner/dist/chunk-hooks.js:752:26\n    at file:///home/ura/data/runs/PnXZTHwyAR6qch7obf8pl/worktree/node_modules/.pnpm/@vitest+runner@3.2.4/node_modules/@vitest/runner/dist/chunk-hooks.js:1897:20\n    at new Promise (<anonymous>)\n    at runWithTimeout (file:///home/ura/data/runs/PnXZTHwyAR6qch7obf8pl/worktree/node_modules/.pnpm/@vitest+runner@3.2.4/node_modules/@vitest/runner/dist/chunk-hooks.js:1863:10)\n    at runTest (file:///home/ura/data/runs/PnXZTHwyAR6qch7obf8pl/worktree/node_modules/.pnpm/@vitest+runner@3.2.4/node_modules/@vitest/runner/dist/chunk-hooks.js:1574:12)\n    at processTicksAndRejections (node:internal/process/task_queues:103:5)\n    at runSuite (file:///home/ura/data/runs/PnXZTHwyAR6qch7obf8pl/worktree/node_modules/.pnpm/@vitest+runner@3.2.4/node_modules/@vitest/runner/dist/chunk-hooks.js:1729:8)\n    at runSuite (file:///home/ura/data/runs/PnXZTHwyAR6qch7obf8pl/worktree/node_modules/.pnpm/@vitest+runner@3.2.4/node_modules/@vitest/runner/dist/chunk-hooks.js:1729:8)"},"msg":"bulk create: failed to analyze request"}
@urateam/core:test: {"level":30,"time":"2026-05-24T11:29:06.329Z","pid":403892,"hostname":"df54c4ecdd90","name":"urateam","component":"PmAgent:slack-commands","msg":"PM Agent paused via Slack"}
@urateam/core:test: {"level":30,"time":"2026-05-24T11:29:06.329Z","pid":403892,"hostname":"df54c4ecdd90","name":"urateam","component":"PmAgent:slack-commands","msg":"PM Agent resumed via Slack"}
@urateam/core:test: {"level":30,"time":"2026-05-24T11:29:06.333Z","pid":403852,"hostname":"df54c4ecdd90","name":"urateam","component":"Executor","runId":"run-bec82-default","issueId":"BEC-82","stage":"implement","authMethod":"mounted-session","msg":"Claude auth method resolved"}
@urateam/core:test: {"level":30,"time":"2026-05-24T11:29:06.334Z","pid":403852,"hostname":"df54c4ecdd90","name":"urateam","component":"Executor","runId":"run-bec82-default","issueId":"BEC-82","stage":"implement","workdir":"/tmp/bec82-workdir","msg":"importing Agent SDK"}
@urateam/core:test: {"level":30,"time":"2026-05-24T11:29:06.335Z","pid":403852,"hostname":"df54c4ecdd90","name":"urateam","component":"Executor","runId":"run-bec82-default","issueId":"BEC-82","stage":"implement","workdir":"/tmp/bec82-workdir","msg":"starting agent query"}
@urateam/core:test: {"level":30,"time":"2026-05-24T11:29:06.335Z","pid":403852,"hostname":"df54c4ecdd90","name":"urateam","component":"Executor","runId":"run-bec82-default","issueId":"BEC-82","stage":"implement","msg":"iterating agent messages"}
@urateam/core:test: {"level":30,"time":"2026-05-24T11:29:06.337Z","pid":403852,"hostname":"df54c4ecdd90","name":"urateam","component":"Executor","runId":"run-bec82-default","issueId":"BEC-82","stage":"implement","inputTokens":0,"outputTokens":0,"turns":1,"msg":"stage completed"}
@urateam/core:test: {"level":30,"time":"2026-05-24T11:29:06.346Z","pid":403852,"hostname":"df54c4ecdd90","name":"urateam","component":"Executor","runId":"run-bec82-override","issueId":"BEC-82","stage":"implement","authMethod":"mounted-session","msg":"Claude auth method resolved"}
@urateam/core:test: {"level":30,"time":"2026-05-24T11:29:06.347Z","pid":403852,"hostname":"df54c4ecdd90","name":"urateam","component":"Executor","runId":"run-bec82-override","issueId":"BEC-82","stage":"implement","workdir":"/tmp/bec82-workdir","msg":"importing Agent SDK"}
@urateam/core:test: {"level":30,"time":"2026-05-24T11:29:06.348Z","pid":403852,"hostname":"df54c4ecdd90","name":"urateam","component":"Executor","runId":"run-bec82-override","issueId":"BEC-82","stage":"implement","workdir":"/tmp/bec82-workdir","msg":"starting agent query"}
@urateam/core:test: {"level":30,"time":"2026-05-24T11:29:06.348Z","pid":403852,"hostname":"df54c4ecdd90","name":"urateam","component":"Executor","runId":"run-bec82-override","issueId":"BEC-82","stage":"implement","msg":"iterating agent messages"}
@urateam/core:test: {"level":30,"time":"2026-05-24T11:29:06.349Z","pid":403852,"hostname":"df54c4ecdd90","name":"urateam","component":"Executor","runId":"run-bec82-override","issueId":"BEC-82","stage":"implement","inputTokens":0,"outputTokens":0,"turns":1,"msg":"stage completed"}
@urateam/core:test: {"level":30,"time":"2026-05-24T11:29:06.360Z","pid":403852,"hostname":"df54c4ecdd90","name":"urateam","component":"Executor","runId":"run-bec82-fallback","issueId":"BEC-82","stage":"implement","authMethod":"mounted-session","msg":"Claude auth method resolved"}
@urateam/core:test: {"level":30,"time":"2026-05-24T11:29:06.360Z","pid":403852,"hostname":"df54c4ecdd90","name":"urateam","component":"Executor","runId":"run-bec82-fallback","issueId":"BEC-82","stage":"implement","workdir":"/tmp/bec82-workdir","msg":"importing Agent SDK"}
@urateam/core:test: {"level":30,"time":"2026-05-24T11:29:06.361Z","pid":403852,"hostname":"df54c4ecdd90","name":"urateam","component":"Executor","runId":"run-bec82-fallback","issueId":"BEC-82","stage":"implement","workdir":"/tmp/bec82-workdir","msg":"starting agent query"}
@urateam/core:test: {"level":30,"time":"2026-05-24T11:29:06.361Z","pid":403852,"hostname":"df54c4ecdd90","name":"urateam","component":"Executor","runId":"run-bec82-fallback","issueId":"BEC-82","stage":"implement","msg":"iterating agent messages"}
@urateam/core:test: {"level":30,"time":"2026-05-24T11:29:06.364Z","pid":403852,"hostname":"df54c4ecdd90","name":"urateam","component":"Executor","runId":"run-bec82-fallback","issueId":"BEC-82","stage":"implement","inputTokens":0,"outputTokens":0,"turns":1,"msg":"stage completed"}
@urateam/core:test: {"level":30,"time":"2026-05-24T11:29:06.373Z","pid":403892,"hostname":"df54c4ecdd90","name":"urateam","component":"PmAgent:slack-commands","runId":"run-abc","mode":"cancel","slackUserId":"U42","msg":"run stop requested via Slack"}
@urateam/core:test: {"level":30,"time":"2026-05-24T11:29:06.374Z","pid":403892,"hostname":"df54c4ecdd90","name":"urateam","component":"PmAgent:slack-commands","runId":"run-xyz","mode":"graceful","slackUserId":"U42","msg":"run stop requested via Slack"}
@urateam/core:test: {"level":40,"time":"2026-05-24T11:29:06.374Z","pid":403892,"hostname":"df54c4ecdd90","name":"urateam","component":"PmAgent:slack-commands","count":3,"slackUserId":"U42","msg":"container halt requested via Slack"}
@urateam/core:test: {"level":30,"time":"2026-05-24T11:29:06.376Z","pid":403852,"hostname":"df54c4ecdd90","name":"urateam","component":"Executor","runId":"run-bec82-test-stage","issueId":"BEC-82","stage":"test","authMethod":"mounted-session","msg":"Claude auth method resolved"}
@urateam/core:test: {"level":30,"time":"2026-05-24T11:29:06.376Z","pid":403852,"hostname":"df54c4ecdd90","name":"urateam","component":"Executor","runId":"run-bec82-test-stage","issueId":"BEC-82","stage":"test","workdir":"/tmp/bec82-workdir","msg":"importing Agent SDK"}
@urateam/core:test: {"level":30,"time":"2026-05-24T11:29:06.376Z","pid":403852,"hostname":"df54c4ecdd90","name":"urateam","component":"Executor","runId":"run-bec82-test-stage","issueId":"BEC-82","stage":"test","workdir":"/tmp/bec82-workdir","msg":"starting agent query"}
@urateam/core:test: {"level":30,"time":"2026-05-24T11:29:06.377Z","pid":403852,"hostname":"df54c4ecdd90","name":"urateam","component":"Executor","runId":"run-bec82-test-stage","issueId":"BEC-82","stage":"test","msg":"iterating agent messages"}
@urateam/core:test: {"level":30,"time":"2026-05-24T11:29:06.377Z","pid":403852,"hostname":"df54c4ecdd90","name":"urateam","component":"Executor","runId":"run-bec82-test-stage","issueId":"BEC-82","stage":"test","inputTokens":0,"outputTokens":0,"turns":1,"msg":"stage completed"}
@urateam/core:test:  ✓ src/__tests__/pm-slack-interface.test.ts (62 tests) 75ms
@urateam/core:test: {"level":30,"time":"2026-05-24T11:29:06.389Z","pid":403852,"hostname":"df54c4ecdd90","name":"urateam","component":"Executor","runId":"run-bec82-haiku-default","issueId":"BEC-82","stage":"test","authMethod":"mounted-session","msg":"Claude auth method resolved"}
@urateam/core:test: {"level":30,"time":"2026-05-24T11:29:06.389Z","pid":403852,"hostname":"df54c4ecdd90","name":"urateam","component":"Executor","runId":"run-bec82-haiku-default","issueId":"BEC-82","stage":"test","workdir":"/tmp/bec82-workdir","msg":"importing Agent SDK"}
@urateam/core:test: {"level":30,"time":"2026-05-24T11:29:06.390Z","pid":403852,"hostname":"df54c4ecdd90","name":"urateam","component":"Executor","runId":"run-bec82-haiku-default","issueId":"BEC-82","stage":"test","workdir":"/tmp/bec82-workdir","msg":"starting agent query"}
@urateam/core:test: {"level":30,"time":"2026-05-24T11:29:06.390Z","pid":403852,"hostname":"df54c4ecdd90","name":"urateam","component":"Executor","runId":"run-bec82-haiku-default","issueId":"BEC-82","stage":"test","msg":"iterating agent messages"}
@urateam/core:test: {"level":30,"time":"2026-05-24T11:29:06.391Z","pid":403852,"hostname":"df54c4ecdd90","name":"urateam","component":"Executor","runId":"run-bec82-haiku-default","issueId":"BEC-82","stage":"test","inputTokens":0,"outputTokens":0,"turns":1,"msg":"stage completed"}
@urateam/core:test:  ✓ src/__tests__/stage-models.test.ts (10 tests) 94ms
@urateam/core:test: {"level":30,"time":"2026-05-24T11:29:07.237Z","pid":403918,"hostname":"df54c4ecdd90","name":"urateam","component":"GitHubWebhookHandler","prUrl":"https://github.com/org/repo/pull/7","msg":"feedback run already in progress for this PR — skipping"}
@urateam/core:test: {"level":40,"time":"2026-05-24T11:29:07.240Z","pid":403918,"hostname":"df54c4ecdd90","name":"urateam","component":"GitHubWebhookHandler","repoUrl":"https://github.com/org/repo","msg":"no repoConfig found for PR's repo URL"}
@urateam/core:test: {"level":30,"time":"2026-05-24T11:29:07.247Z","pid":403918,"hostname":"df54c4ecdd90","name":"urateam","component":"GitHubWebhookHandler","runId":"run-abc123","prUrl":"https://github.com/org/repo/pull/7","msg":"pr-merged: updated pipeline run auto_merged=true"}
@urateam/core:test: {"level":30,"time":"2026-05-24T11:29:07.254Z","pid":403918,"hostname":"df54c4ecdd90","name":"urateam","component":"GitHubWebhookHandler","runId":"run-abc123","prUrl":"https://github.com/org/repo/pull/7","msg":"pr-merged: updated pipeline run auto_merged=true"}
@urateam/core:test:  ✓ src/__tests__/github-webhook.test.ts (28 tests) 54ms
@urateam/core:test: {"level":30,"time":"2026-05-24T11:29:07.421Z","pid":403912,"hostname":"df54c4ecdd90","name":"urateam","component":"PmAgent:sweep-recovery","recovered":["BEC-1"],"msg":"circuit-breaker recovery sweep cleared issues"}
@urateam/core:test: {"level":30,"time":"2026-05-24T11:29:07.434Z","pid":403912,"hostname":"df54c4ecdd90","name":"urateam","component":"PmAgent:sweep-recovery","recovered":["BEC-1","BEC-2"],"msg":"circuit-breaker recovery sweep cleared issues"}
@urateam/core:test:  ✓ src/__tests__/circuit-breaker-sweep.test.ts (4 tests) 65ms
@urateam/core:test: {"level":30,"time":"2026-05-24T11:29:08.171Z","pid":403952,"hostname":"df54c4ecdd90","name":"urateam","component":"license","tier":"enterprise","customerId":"cust_test","expiresAt":"2026-05-25T11:29:08.000Z","msg":"license key validated"}
@urateam/core:test: {"level":30,"time":"2026-05-24T11:29:08.192Z","pid":403952,"hostname":"df54c4ecdd90","name":"urateam","component":"license","tier":"enterprise","customerId":"cust_test","expiresAt":"2026-05-25T11:29:08.000Z","msg":"license key validated"}
@urateam/core:test: {"level":30,"time":"2026-05-24T11:29:08.198Z","pid":403972,"hostname":"df54c4ecdd90","name":"urateam","component":"WebhookSharedHandlers","prUrl":"https://gitlab.com/org/repo/-/merge_requests/7","msg":"feedback run already in progress for this PR/MR — skipping"}
@urateam/core:test: {"level":30,"time":"2026-05-24T11:29:08.200Z","pid":403972,"hostname":"df54c4ecdd90","name":"urateam","component":"WebhookSharedHandlers","runId":"run-abc123","url":"https://gitlab.com/org/repo/-/merge_requests/7","msg":"merged-event: updated pipeline run auto_merged=true"}
@urateam/core:test: {"level":30,"time":"2026-05-24T11:29:08.201Z","pid":403972,"hostname":"df54c4ecdd90","name":"urateam","component":"WebhookSharedHandlers","runId":"run-abc123","url":"https://gitlab.com/org/repo/-/merge_requests/7","msg":"merged-event: updated pipeline run auto_merged=true"}
@urateam/core:test:  ✓ src/__tests__/gitlab-webhook.test.ts (23 tests) 66ms
@urateam/core:test: {"level":30,"time":"2026-05-24T11:29:08.206Z","pid":403952,"hostname":"df54c4ecdd90","name":"urateam","component":"license","tier":"enterprise","customerId":"cust_test","expiresAt":"2026-05-25T11:29:08.000Z","msg":"license key validated"}
@urateam/core:test:  ✓ src/__tests__/cost/csv.test.ts (3 tests) 63ms
@urateam/core:test: {"level":30,"time":"2026-05-24T11:29:09.137Z","pid":403992,"hostname":"df54c4ecdd90","name":"urateam","component":"PmAgent:promote","issueId":"BEC-50","overlapRisk":"none","msg":"promoted to Todo"}
@urateam/core:test: {"level":30,"time":"2026-05-24T11:29:09.143Z","pid":403992,"hostname":"df54c4ecdd90","name":"urateam","component":"PmAgent:promote","issueId":"BEC-50","msg":"skipped — high conflict risk"}
@urateam/core:test: {"level":30,"time":"2026-05-24T11:29:09.143Z","pid":403992,"hostname":"df54c4ecdd90","name":"urateam","component":"PmAgent:promote","issueId":"BEC-51","overlapRisk":"none","msg":"promoted to Todo"}
@urateam/core:test: {"level":30,"time":"2026-05-24T11:29:09.145Z","pid":403992,"hostname":"df54c4ecdd90","name":"urateam","component":"PmAgent:promote","issueId":"BEC-60","overlapRisk":"none","msg":"promoted to Todo"}
@urateam/core:test: {"level":30,"time":"2026-05-24T11:29:09.146Z","pid":403992,"hostname":"df54c4ecdd90","name":"urateam","component":"PmAgent:promote","issueId":"BEC-61","overlapRisk":"none","msg":"promoted to Todo"}
@urateam/core:test: {"level":30,"time":"2026-05-24T11:29:09.147Z","pid":403992,"hostname":"df54c4ecdd90","name":"urateam","component":"PmAgent:promote","issueId":"BEC-100","overlapRisk":"none","msg":"promoted to Todo"}
@urateam/core:test: {"level":30,"time":"2026-05-24T11:29:09.149Z","pid":403992,"hostname":"df54c4ecdd90","name":"urateam","component":"PmAgent:promote","issueId":"BEC-200","labels":["marketing"],"msg":"skipped promote: no pipeline-matching label"}
@urateam/core:test: {"level":30,"time":"2026-05-24T11:29:09.150Z","pid":403992,"hostname":"df54c4ecdd90","name":"urateam","component":"PmAgent:promote","issueId":"BEC-300","labels":[],"msg":"skipped promote: no pipeline-matching label"}
@urateam/core:test: {"level":30,"time":"2026-05-24T11:29:09.151Z","pid":403992,"hostname":"df54c4ecdd90","name":"urateam","component":"PmAgent:promote","issueId":"BEC-400","overlapRisk":"none","msg":"promoted to Todo"}
@urateam/core:test: {"level":30,"time":"2026-05-24T11:29:09.154Z","pid":403992,"hostname":"df54c4ecdd90","name":"urateam","component":"PmAgent:promote","issueId":"BEC-600","labels":[],"msg":"skipped promote: no pipeline-matching label"}
@urateam/core:test: {"level":30,"time":"2026-05-24T11:29:09.155Z","pid":403992,"hostname":"df54c4ecdd90","name":"urateam","component":"PmAgent:promote","issueId":"BEC-700","labels":["marketing"],"msg":"skipped promote: no pipeline-matching label"}
@urateam/core:test: {"level":30,"time":"2026-05-24T11:29:09.155Z","pid":403992,"hostname":"df54c4ecdd90","name":"urateam","component":"PmAgent:promote","issueId":"BEC-701","overlapRisk":"none","msg":"promoted to Todo"}
@urateam/core:test: {"level":30,"time":"2026-05-24T11:29:09.155Z","pid":403992,"hostname":"df54c4ecdd90","name":"urateam","component":"PmAgent:promote","issueId":"BEC-702","labels":[],"msg":"skipped promote: no pipeline-matching label"}
@urateam/core:test: {"level":40,"time":"2026-05-24T11:29:09.157Z","pid":403992,"hostname":"df54c4ecdd90","name":"urateam","component":"PmAgent:promote","issueId":"BEC-161-A","failureCount":3,"threshold":3,"msg":"skipped promote: circuit-breaker engaged (too many consecutive failures)"}
@urateam/core:test: {"level":40,"time":"2026-05-24T11:29:09.157Z","pid":403992,"hostname":"df54c4ecdd90","name":"urateam","component":"PmAgent:promote","issueId":"BEC-161-A","err":{"type":"TypeError","message":"linearClient.issueLabels is not a function","stack":"TypeError: linearClient.issueLabels is not a function\n    at /home/ura/data/runs/PnXZTHwyAR6qch7obf8pl/worktree/packages/core/src/pm/actions/promote.ts:239:52\n    at promoteReadyIssues (/home/ura/data/runs/PnXZTHwyAR6qch7obf8pl/worktree/packages/core/src/pm/actions/promote.ts:252:11)\n    at processTicksAndRejections (node:internal/process/task_queues:103:5)\n    at /home/ura/data/runs/PnXZTHwyAR6qch7obf8pl/worktree/packages/core/src/__tests__/pm-promote.test.ts:330:23\n    at file:///home/ura/data/runs/PnXZTHwyAR6qch7obf8pl/worktree/node_modules/.pnpm/@vitest+runner@3.2.4/node_modules/@vitest/runner/dist/chunk-hooks.js:752:20"},"msg":"Tier 5 escalation: failed to look up needs-design label"}
@urateam/core:test: {"level":40,"time":"2026-05-24T11:29:09.168Z","pid":403992,"hostname":"df54c4ecdd90","name":"urateam","component":"PmAgent:promote","issueId":"BEC-161-A","label":"needs-design","msg":"Tier 5 escalation: 'needs-design' label not found in Linear — escalation logged but issue not relabeled"}
@urateam/core:test: {"level":40,"time":"2026-05-24T11:29:09.168Z","pid":403992,"hostname":"df54c4ecdd90","name":"urateam","component":"PmAgent:promote","issueId":"BEC-161-A","failureCount":3,"hasError":false,"msg":"Tier 5 escalation: moved issue to needs-design and notified"}
@urateam/core:test: {"level":30,"time":"2026-05-24T11:29:09.170Z","pid":403992,"hostname":"df54c4ecdd90","name":"urateam","component":"PmAgent:promote","issueId":"BEC-161-B","overlapRisk":"none","msg":"promoted to Todo"}
@urateam/core:test: {"level":30,"time":"2026-05-24T11:29:09.170Z","pid":403992,"hostname":"df54c4ecdd90","name":"urateam","component":"PmAgent:promote","issueId":"BEC-161-C","overlapRisk":"none","msg":"promoted to Todo"}
@urateam/core:test: {"level":30,"time":"2026-05-24T11:29:09.171Z","pid":403992,"hostname":"df54c4ecdd90","name":"urateam","component":"PmAgent:promote","issueId":"BEC-161-A","overlapRisk":"none","msg":"promoted to Todo"}
@urateam/core:test: {"level":40,"time":"2026-05-24T11:29:09.186Z","pid":403992,"hostname":"df54c4ecdd90","name":"urateam","component":"PmAgent:promote","issueId":"BEC-236-T","failureCount":3,"threshold":3,"msg":"skipped promote: circuit-breaker engaged (too many consecutive failures)"}
@urateam/core:test: {"level":40,"time":"2026-05-24T11:29:09.190Z","pid":403992,"hostname":"df54c4ecdd90","name":"urateam","component":"PmAgent:promote","issueId":"BEC-236-T","label":"needs-design","msg":"Tier 5 escalation: 'needs-design' label not found in Linear — escalation logged but issue not relabeled"}
@urateam/core:test: {"level":40,"time":"2026-05-24T11:29:09.191Z","pid":403992,"hostname":"df54c4ecdd90","name":"urateam","component":"PmAgent:promote","issueId":"BEC-236-T","failureCount":3,"hasError":true,"msg":"Tier 5 escalation: moved issue to needs-design and notified"}
@urateam/core:test: {"level":40,"time":"2026-05-24T11:29:09.203Z","pid":403992,"hostname":"df54c4ecdd90","name":"urateam","component":"PmAgent:promote","issueId":"BEC-236-U","failureCount":3,"threshold":3,"msg":"skipped promote: circuit-breaker engaged (too many consecutive failures)"}
@urateam/core:test:  ✓ src/__tests__/pm-promote.test.ts (17 tests) 71ms
@urateam/core:test: {"level":30,"time":"2026-05-24T11:29:09.241Z","pid":403993,"hostname":"df54c4ecdd90","name":"urateam","component":"PmAgent:promote","issueId":"BEC-101","overlapRisk":"none","msg":"promoted to Todo"}
@urateam/core:test: {"level":30,"time":"2026-05-24T11:29:09.259Z","pid":403993,"hostname":"df54c4ecdd90","name":"urateam","component":"PmAgent:triage","issueId":"BEC-202","priority":2,"labels":["feature","auto-implement"],"pipelineLabel":"auto-implement","complexity":"small","msg":"triaged issue"}
@urateam/core:test: {"level":30,"time":"2026-05-24T11:29:09.274Z","pid":403993,"hostname":"df54c4ecdd90","name":"urateam","component":"PmAgent:approvals","issueId":"BEC-301","action":"deprioritize","msg":"approval executed"}
@urateam/core:test: {"level":30,"time":"2026-05-24T11:29:09.286Z","pid":403993,"hostname":"df54c4ecdd90","name":"urateam","component":"PmAgent:approvals","issueId":"BEC-401","action":"cancel","msg":"approval executed"}
@urateam/core:test:  ✓ src/__tests__/pm-action-audit-events.test.ts (4 tests) 72ms
@urateam/core:test: [SlackAlerts] Failed to send alert: Error: network down
@urateam/core:test:  ✓ src/__tests__/slack-alerts.test.ts (18 tests) 56ms
@urateam/core:test:  ✓ src/__tests__/audit-immutability.test.ts (4 tests) 58ms
@urateam/core:test:  ✓ src/__tests__/db-review-model-runs.test.ts (4 tests) 41ms
@urateam/core:test: {"level":50,"time":"2026-05-24T11:29:10.357Z","pid":404104,"hostname":"df54c4ecdd90","name":"urateam","component":"git","args":["worktree","prune"],"cwd":"/tmp/prune-base-cJeMoe/worktree-style","stderr":"fatal: not a git repository: /tmp/some-real-gitdir\n","msg":"git worktree failed"}
@urateam/core:test:  ✓ src/__tests__/prune-worktrees-in-repo-dirs.test.ts (4 tests) 43ms
@urateam/core:test: {"level":30,"time":"2026-05-24T11:29:11.000Z","pid":404111,"hostname":"df54c4ecdd90","name":"urateam","component":"Executor","runId":"run-first-resumable","issueId":"BEC-227","stage":"reproduce","authMethod":"mounted-session","msg":"Claude auth method resolved"}
@urateam/core:test: {"level":30,"time":"2026-05-24T11:29:11.001Z","pid":404111,"hostname":"df54c4ecdd90","name":"urateam","component":"Executor","runId":"run-first-resumable","issueId":"BEC-227","stage":"reproduce","workdir":"/tmp/bec227-workdir","msg":"importing Agent SDK"}
@urateam/core:test: {"level":30,"time":"2026-05-24T11:29:11.002Z","pid":404111,"hostname":"df54c4ecdd90","name":"urateam","component":"Executor","runId":"run-first-resumable","issueId":"BEC-227","stage":"reproduce","workdir":"/tmp/bec227-workdir","msg":"starting agent query"}
@urateam/core:test: {"level":30,"time":"2026-05-24T11:29:11.003Z","pid":404111,"hostname":"df54c4ecdd90","name":"urateam","component":"Executor","runId":"run-first-resumable","issueId":"BEC-227","stage":"reproduce","msg":"iterating agent messages"}
@urateam/core:test: {"level":30,"time":"2026-05-24T11:29:11.005Z","pid":404111,"hostname":"df54c4ecdd90","name":"urateam","component":"Executor","runId":"run-first-resumable","issueId":"BEC-227","stage":"reproduce","inputTokens":0,"outputTokens":0,"turns":1,"msg":"stage completed"}
@urateam/core:test: {"level":30,"time":"2026-05-24T11:29:11.019Z","pid":404111,"hostname":"df54c4ecdd90","name":"urateam","component":"Executor","runId":"run-non-first-resumable","issueId":"BEC-227","stage":"implement","authMethod":"mounted-session","msg":"Claude auth method resolved"}
@urateam/core:test: {"level":30,"time":"2026-05-24T11:29:11.021Z","pid":404111,"hostname":"df54c4ecdd90","name":"urateam","component":"Executor","runId":"run-non-first-resumable","issueId":"BEC-227","stage":"implement","workdir":"/tmp/bec227-workdir","msg":"importing Agent SDK"}
@urateam/core:test: {"level":30,"time":"2026-05-24T11:29:11.022Z","pid":404111,"hostname":"df54c4ecdd90","name":"urateam","component":"Executor","runId":"run-non-first-resumable","issueId":"BEC-227","stage":"implement","workdir":"/tmp/bec227-workdir","msg":"starting agent query"}
@urateam/core:test: {"level":40,"time":"2026-05-24T11:29:11.024Z","pid":404111,"hostname":"df54c4ecdd90","name":"urateam","component":"SessionResolver","err":"ENOENT: no such file or directory, open '/home/ura/.claude/projects/-tmp-bec227-workdir/uuid-1.jsonl'","stage":"implement","msg":"failed to count prior session messages — emitting resumed event with count=0"}
@urateam/core:test: {"level":30,"time":"2026-05-24T11:29:11.026Z","pid":404111,"hostname":"df54c4ecdd90","name":"urateam","component":"Executor","runId":"run-non-first-resumable","issueId":"BEC-227","stage":"implement","msg":"iterating agent messages"}
@urateam/core:test: {"level":30,"time":"2026-05-24T11:29:11.027Z","pid":404111,"hostname":"df54c4ecdd90","name":"urateam","component":"Executor","runId":"run-non-first-resumable","issueId":"BEC-227","stage":"implement","inputTokens":0,"outputTokens":0,"turns":1,"msg":"stage completed"}
@urateam/core:test: {"level":30,"time":"2026-05-24T11:29:11.037Z","pid":404111,"hostname":"df54c4ecdd90","name":"urateam","component":"Executor","runId":"run-flag-off","issueId":"BEC-227","stage":"implement","authMethod":"mounted-session","msg":"Claude auth method resolved"}
@urateam/core:test: {"level":30,"time":"2026-05-24T11:29:11.038Z","pid":404111,"hostname":"df54c4ecdd90","name":"urateam","component":"Executor","runId":"run-flag-off","issueId":"BEC-227","stage":"implement","workdir":"/tmp/bec227-workdir","msg":"importing Agent SDK"}
@urateam/core:test: {"level":30,"time":"2026-05-24T11:29:11.038Z","pid":404111,"hostname":"df54c4ecdd90","name":"urateam","component":"license","tier":"oss","msg":"no license key set — running in OSS mode"}
@urateam/core:test: {"level":30,"time":"2026-05-24T11:29:11.039Z","pid":404111,"hostname":"df54c4ecdd90","name":"urateam","component":"Executor","runId":"run-flag-off","issueId":"BEC-227","stage":"implement","workdir":"/tmp/bec227-workdir","msg":"starting agent query"}
@urateam/core:test: {"level":30,"time":"2026-05-24T11:29:11.039Z","pid":404111,"hostname":"df54c4ecdd90","name":"urateam","component":"Executor","runId":"run-flag-off","issueId":"BEC-227","stage":"implement","msg":"iterating agent messages"}
@urateam/core:test: {"level":30,"time":"2026-05-24T11:29:11.040Z","pid":404111,"hostname":"df54c4ecdd90","name":"urateam","component":"Executor","runId":"run-flag-off","issueId":"BEC-227","stage":"implement","inputTokens":0,"outputTokens":0,"turns":1,"msg":"stage completed"}
@urateam/core:test:  ✓ src/__tests__/execute-stage-session-opts.test.ts (3 tests) 72ms
@urateam/core:test: {"level":40,"time":"2026-05-24T11:29:11.288Z","pid":404157,"hostname":"df54c4ecdd90","name":"urateam","component":"license","reason":"bad-signature","msg":"license key invalid — running in OSS mode"}
@urateam/core:test: {"level":30,"time":"2026-05-24T11:29:11.303Z","pid":404157,"hostname":"df54c4ecdd90","name":"urateam","component":"license","tier":"oss","msg":"no license key set — running in OSS mode"}
@urateam/core:test:  ✓ src/__tests__/license-audit-event.test.ts (2 tests) 33ms
@urateam/core:test:  ✓ src/__tests__/db-release-decisions.test.ts (3 tests) 70ms
@urateam/core:test: {"level":40,"time":"2026-05-24T11:29:12.231Z","pid":404201,"hostname":"df54c4ecdd90","name":"urateam","component":"SessionResolver","err":"ENOENT: no such file or directory, open '/fake/path/session.jsonl'","stage":"implement","msg":"failed to count prior session messages — emitting resumed event with count=0"}
@urateam/core:test: {"level":40,"time":"2026-05-24T11:29:12.280Z","pid":404201,"hostname":"df54c4ecdd90","name":"urateam","component":"SessionResolver","err":"ENOENT: no such file or directory, open '/fake/path/session.jsonl'","stage":"review:reuse","msg":"failed to count prior session messages — emitting resumed event with count=0"}
@urateam/core:test:  ✓ src/__tests__/session-resolver.test.ts (6 tests) 72ms
@urateam/core:test: {"level":30,"time":"2026-05-24T11:29:12.791Z","pid":404221,"hostname":"df54c4ecdd90","name":"urateam","component":"PmAgent:triage","issueId":"BEC-99","priority":2,"labels":["bug","backend"],"pipelineLabel":"bug","complexity":"small","msg":"triaged issue"}
@urateam/core:test: {"level":40,"time":"2026-05-24T11:29:12.797Z","pid":404221,"hostname":"df54c4ecdd90","name":"urateam","component":"PmAgent:triage","issueId":"BEC-100","responsePreview":"not valid json at all","msg":"invalid Claude JSON, skipping triage"}
@urateam/core:test: {"level":30,"time":"2026-05-24T11:29:12.798Z","pid":404221,"hostname":"df54c4ecdd90","name":"urateam","component":"PmAgent:triage","issueId":"BEC-0","priority":3,"labels":["feature","auto-implement"],"pipelineLabel":"auto-implement","complexity":"small","msg":"triaged issue"}
@urateam/core:test: {"level":30,"time":"2026-05-24T11:29:12.798Z","pid":404221,"hostname":"df54c4ecdd90","name":"urateam","component":"PmAgent:triage","issueId":"BEC-1","priority":3,"labels":["feature","auto-implement"],"pipelineLabel":"auto-implement","complexity":"small","msg":"triaged issue"}
@urateam/core:test: {"level":30,"time":"2026-05-24T11:29:12.799Z","pid":404221,"hostname":"df54c4ecdd90","name":"urateam","component":"PmAgent:triage","issueId":"BEC-2","priority":3,"labels":["feature","auto-implement"],"pipelineLabel":"auto-implement","complexity":"small","msg":"triaged issue"}
@urateam/core:test: {"level":30,"time":"2026-05-24T11:29:12.799Z","pid":404221,"hostname":"df54c4ecdd90","name":"urateam","component":"PmAgent:triage","issueId":"BEC-3","priority":3,"labels":["feature","auto-implement"],"pipelineLabel":"auto-implement","complexity":"small","msg":"triaged issue"}
@urateam/core:test: {"level":30,"time":"2026-05-24T11:29:12.799Z","pid":404221,"hostname":"df54c4ecdd90","name":"urateam","component":"PmAgent:triage","issueId":"BEC-4","priority":3,"labels":["feature","auto-implement"],"pipelineLabel":"auto-implement","complexity":"small","msg":"triaged issue"}
@urateam/core:test: {"level":30,"time":"2026-05-24T11:29:12.799Z","pid":404221,"hostname":"df54c4ecdd90","name":"urateam","component":"PmAgent:triage","issueId":"BEC-5","priority":3,"labels":["feature","auto-implement"],"pipelineLabel":"auto-implement","complexity":"small","msg":"triaged issue"}
@urateam/core:test: {"level":30,"time":"2026-05-24T11:29:12.800Z","pid":404221,"hostname":"df54c4ecdd90","name":"urateam","component":"PmAgent:triage","issueId":"BEC-6","priority":3,"labels":["feature","auto-implement"],"pipelineLabel":"auto-implement","complexity":"small","msg":"triaged issue"}
@urateam/core:test: {"level":30,"time":"2026-05-24T11:29:12.800Z","pid":404221,"hostname":"df54c4ecdd90","name":"urateam","component":"PmAgent:triage","issueId":"BEC-7","priority":3,"labels":["feature","auto-implement"],"pipelineLabel":"auto-implement","complexity":"small","msg":"triaged issue"}
@urateam/core:test: {"level":30,"time":"2026-05-24T11:29:12.800Z","pid":404221,"hostname":"df54c4ecdd90","name":"urateam","component":"PmAgent:triage","issueId":"BEC-8","priority":3,"labels":["feature","auto-implement"],"pipelineLabel":"auto-implement","complexity":"small","msg":"triaged issue"}
@urateam/core:test: {"level":30,"time":"2026-05-24T11:29:12.800Z","pid":404221,"hostname":"df54c4ecdd90","name":"urateam","component":"PmAgent:triage","issueId":"BEC-9","priority":3,"labels":["feature","auto-implement"],"pipelineLabel":"auto-implement","complexity":"small","msg":"triaged issue"}
@urateam/core:test: {"level":30,"time":"2026-05-24T11:29:12.801Z","pid":404221,"hostname":"df54c4ecdd90","name":"urateam","component":"PmAgent:triage","issueId":"BEC-200","priority":3,"labels":["feature","auto-implement"],"pipelineLabel":"auto-implement","complexity":"small","msg":"triaged issue"}
@urateam/core:test: {"level":30,"time":"2026-05-24T11:29:12.801Z","pid":404221,"hostname":"df54c4ecdd90","name":"urateam","component":"PmAgent:triage","issueId":"BEC-201","priority":3,"labels":["feature","auto-implement"],"pipelineLabel":"auto-implement","complexity":"small","msg":"triaged issue"}
@urateam/core:test: {"level":30,"time":"2026-05-24T11:29:12.801Z","pid":404221,"hostname":"df54c4ecdd90","name":"urateam","component":"PmAgent:triage","issueId":"BEC-202","priority":3,"labels":["feature","auto-implement"],"pipelineLabel":"auto-implement","complexity":"small","msg":"triaged issue"}
@urateam/core:test: {"level":30,"time":"2026-05-24T11:29:12.801Z","pid":404221,"hostname":"df54c4ecdd90","name":"urateam","component":"PmAgent:triage","issueId":"BEC-203","priority":3,"labels":["feature","auto-implement"],"pipelineLabel":"auto-implement","complexity":"small","msg":"triaged issue"}
@urateam/core:test: {"level":30,"time":"2026-05-24T11:29:12.801Z","pid":404221,"hostname":"df54c4ecdd90","name":"urateam","component":"PmAgent:triage","issueId":"BEC-204","priority":3,"labels":["feature","auto-implement"],"pipelineLabel":"auto-implement","complexity":"small","msg":"triaged issue"}
@urateam/core:test: {"level":30,"time":"2026-05-24T11:29:12.801Z","pid":404221,"hostname":"df54c4ecdd90","name":"urateam","component":"PmAgent:triage","issueId":"BEC-205","priority":3,"labels":["feature","auto-implement"],"pipelineLabel":"auto-implement","complexity":"small","msg":"triaged issue"}
@urateam/core:test: {"level":30,"time":"2026-05-24T11:29:12.802Z","pid":404221,"hostname":"df54c4ecdd90","name":"urateam","component":"PmAgent:triage","issueId":"BEC-300","priority":3,"labels":["feature","auto-implement"],"pipelineLabel":"auto-implement","complexity":"small","msg":"triaged issue"}
@urateam/core:test: {"level":30,"time":"2026-05-24T11:29:12.802Z","pid":404221,"hostname":"df54c4ecdd90","name":"urateam","component":"PmAgent:triage","issueId":"BEC-301","priority":3,"labels":["feature","auto-implement"],"pipelineLabel":"auto-implement","complexity":"small","msg":"triaged issue"}
@urateam/core:test: {"level":30,"time":"2026-05-24T11:29:12.802Z","pid":404221,"hostname":"df54c4ecdd90","name":"urateam","component":"PmAgent:triage","issueId":"BEC-302","priority":3,"labels":["feature","auto-implement"],"pipelineLabel":"auto-implement","complexity":"small","msg":"triaged issue"}
@urateam/core:test: {"level":30,"time":"2026-05-24T11:29:12.803Z","pid":404221,"hostname":"df54c4ecdd90","name":"urateam","component":"PmAgent:triage","issueId":"BEC-303","priority":3,"labels":["feature","auto-implement"],"pipelineLabel":"auto-implement","complexity":"small","msg":"triaged issue"}
@urateam/core:test: {"level":30,"time":"2026-05-24T11:29:12.803Z","pid":404221,"hostname":"df54c4ecdd90","name":"urateam","component":"PmAgent:triage","issueId":"BEC-304","priority":3,"labels":["feature","auto-implement"],"pipelineLabel":"auto-implement","complexity":"small","msg":"triaged issue"}
@urateam/core:test: {"level":30,"time":"2026-05-24T11:29:12.803Z","pid":404221,"hostname":"df54c4ecdd90","name":"urateam","component":"PmAgent:triage","issueId":"BEC-305","priority":3,"labels":["feature","auto-implement"],"pipelineLabel":"auto-implement","complexity":"small","msg":"triaged issue"}
@urateam/core:test: {"level":50,"time":"2026-05-24T11:29:12.804Z","pid":404221,"hostname":"df54c4ecdd90","name":"urateam","component":"PmAgent:triage","issueId":"BEC-401","err":{"type":"Error","message":"429 Too Many Requests: Claude API rate limit exceeded","stack":"Error: 429 Too Many Requests: Claude API rate limit exceeded\n    at /home/ura/data/runs/PnXZTHwyAR6qch7obf8pl/worktree/packages/core/src/__tests__/pm-triage.test.ts:204:15\n    at mockCall (file:///home/ura/data/runs/PnXZTHwyAR6qch7obf8pl/worktree/node_modules/.pnpm/@vitest+spy@3.2.4/node_modules/@vitest/spy/dist/index.js:96:15)\n    at spy (file:///home/ura/data/runs/PnXZTHwyAR6qch7obf8pl/worktree/node_modules/.pnpm/tinyspy@4.0.4/node_modules/tinyspy/dist/index.js:47:80)\n    at /home/ura/data/runs/PnXZTHwyAR6qch7obf8pl/worktree/packages/core/src/pm/actions/triage.ts:188:32\n    at Array.map (<anonymous>)\n    at runInBatches (/home/ura/data/runs/PnXZTHwyAR6qch7obf8pl/worktree/packages/core/src/pm/actions/triage.ts:83:50)\n    at triageNewIssues (/home/ura/data/runs/PnXZTHwyAR6qch7obf8pl/worktree/packages/core/src/pm/actions/triage.ts:110:26)\n    at processTicksAndRejections (node:internal/process/task_queues:103:5)\n    at /home/ura/data/runs/PnXZTHwyAR6qch7obf8pl/worktree/packages/core/src/__tests__/pm-triage.test.ts:209:21\n    at file:///home/ura/data/runs/PnXZTHwyAR6qch7obf8pl/worktree/node_modules/.pnpm/@vitest+runner@3.2.4/node_modules/@vitest/runner/dist/chunk-hooks.js:752:20"},"msg":"failed to triage issue"}
@urateam/core:test: {"level":30,"time":"2026-05-24T11:29:12.810Z","pid":404221,"hostname":"df54c4ecdd90","name":"urateam","component":"PmAgent:triage","issueId":"BEC-400","priority":2,"labels":["bug"],"pipelineLabel":"bug","complexity":"small","msg":"triaged issue"}
@urateam/core:test: {"level":30,"time":"2026-05-24T11:29:12.810Z","pid":404221,"hostname":"df54c4ecdd90","name":"urateam","component":"PmAgent:triage","issueId":"BEC-402","priority":2,"labels":["bug"],"pipelineLabel":"bug","complexity":"small","msg":"triaged issue"}
@urateam/core:test: {"level":30,"time":"2026-05-24T11:29:12.810Z","pid":404221,"hostname":"df54c4ecdd90","name":"urateam","component":"PmAgent:triage","issueId":"BEC-403","priority":2,"labels":["bug"],"pipelineLabel":"bug","complexity":"small","msg":"triaged issue"}
@urateam/core:test: {"level":30,"time":"2026-05-24T11:29:12.811Z","pid":404221,"hostname":"df54c4ecdd90","name":"urateam","component":"PmAgent:triage","issueId":"BEC-500","pipelineLabel":"needs-design","msg":"triaged observer-origin issue (skipped Claude classification)"}
@urateam/core:test: {"level":30,"time":"2026-05-24T11:29:12.813Z","pid":404221,"hostname":"df54c4ecdd90","name":"urateam","component":"PmAgent:triage","issueId":"BEC-501","priority":2,"labels":["bug"],"pipelineLabel":"bug","complexity":"small","msg":"triaged issue"}
@urateam/core:test: {"level":30,"time":"2026-05-24T11:29:12.814Z","pid":404221,"hostname":"df54c4ecdd90","name":"urateam","component":"PmAgent:triage","issueId":"BEC-502","pipelineLabel":"needs-design","msg":"triaged observer-origin issue (skipped Claude classification)"}
@urateam/core:test: {"level":30,"time":"2026-05-24T11:29:12.815Z","pid":404221,"hostname":"df54c4ecdd90","name":"urateam","component":"PmAgent:triage","issueId":"BEC-V1D","priority":2,"labels":["feature","auto-implement"],"pipelineLabel":"auto-implement","complexity":"small","msg":"triaged issue"}
@urateam/core:test:  ✓ src/__tests__/pm-triage.test.ts (10 tests) 31ms
@urateam/core:test: {"level":30,"time":"2026-05-24T11:29:13.215Z","pid":404245,"hostname":"df54c4ecdd90","name":"urateam","component":"Executor","runId":"run-bec231-stage2-recreate","issueId":"BEC-231","stage":"implement","authMethod":"mounted-session","msg":"Claude auth method resolved"}
@urateam/core:test: {"level":30,"time":"2026-05-24T11:29:13.216Z","pid":404245,"hostname":"df54c4ecdd90","name":"urateam","component":"Executor","runId":"run-bec231-stage2-recreate","issueId":"BEC-231","stage":"implement","workdir":"/tmp/bec231-workdir","msg":"importing Agent SDK"}
@urateam/core:test: {"level":30,"time":"2026-05-24T11:29:13.218Z","pid":404245,"hostname":"df54c4ecdd90","name":"urateam","component":"Executor","runId":"run-bec231-stage2-recreate","issueId":"BEC-231","stage":"implement","workdir":"/tmp/bec231-workdir","msg":"starting agent query"}
@urateam/core:test: {"level":30,"time":"2026-05-24T11:29:13.218Z","pid":404245,"hostname":"df54c4ecdd90","name":"urateam","component":"Executor","runId":"run-bec231-stage2-recreate","issueId":"BEC-231","stage":"implement","msg":"iterating agent messages"}
@urateam/core:test: {"level":30,"time":"2026-05-24T11:29:13.220Z","pid":404245,"hostname":"df54c4ecdd90","name":"urateam","component":"Executor","runId":"run-bec231-stage2-recreate","issueId":"BEC-231","stage":"implement","inputTokens":0,"outputTokens":0,"turns":1,"msg":"stage completed"}
@urateam/core:test: {"level":30,"time":"2026-05-24T11:29:13.230Z","pid":404245,"hostname":"df54c4ecdd90","name":"urateam","component":"Executor","runId":"run-bec231-restarted","issueId":"BEC-231","stage":"implement","authMethod":"mounted-session","msg":"Claude auth method resolved"}
@urateam/core:test: {"level":30,"time":"2026-05-24T11:29:13.230Z","pid":404245,"hostname":"df54c4ecdd90","name":"urateam","component":"Executor","runId":"run-bec231-restarted","issueId":"BEC-231","stage":"implement","workdir":"/tmp/bec231-workdir","msg":"importing Agent SDK"}
@urateam/core:test: {"level":30,"time":"2026-05-24T11:29:13.231Z","pid":404245,"hostname":"df54c4ecdd90","name":"urateam","component":"Executor","runId":"run-bec231-restarted","issueId":"BEC-231","stage":"implement","workdir":"/tmp/bec231-workdir","msg":"starting agent query"}
@urateam/core:test: {"level":40,"time":"2026-05-24T11:29:13.233Z","pid":404245,"hostname":"df54c4ecdd90","name":"urateam","component":"SessionResolver","err":"ENOENT: no such file or directory, open '/home/ura/.claude/projects/-tmp-bec231-workdir/uuid-bec231-existing.jsonl'","stage":"implement","msg":"failed to count prior session messages — emitting resumed event with count=0"}
@urateam/core:test: {"level":30,"time":"2026-05-24T11:29:13.234Z","pid":404245,"hostname":"df54c4ecdd90","name":"urateam","component":"Executor","runId":"run-bec231-restarted","issueId":"BEC-231","stage":"implement","msg":"iterating agent messages"}
@urateam/core:test: {"level":30,"time":"2026-05-24T11:29:13.235Z","pid":404245,"hostname":"df54c4ecdd90","name":"urateam","component":"Executor","runId":"run-bec231-restarted","issueId":"BEC-231","stage":"implement","inputTokens":0,"outputTokens":0,"turns":1,"msg":"stage completed"}
@urateam/core:test:  ✓ src/__tests__/session-lazy-creation.test.ts (2 tests) 49ms
@urateam/core:test: {"level":30,"time":"2026-05-24T11:29:13.238Z","pid":404245,"hostname":"df54c4ecdd90","name":"urateam","component":"license","tier":"oss","msg":"no license key set — running in OSS mode"}
@urateam/core:test: {"level":30,"time":"2026-05-24T11:29:13.587Z","pid":404265,"hostname":"df54c4ecdd90","name":"urateam","component":"WebhookSharedHandlers","prUrl":"https://bitbucket.org/myworkspace/myrepo/pull-requests/7","msg":"feedback run already in progress for this PR/MR — skipping"}
@urateam/core:test: {"level":30,"time":"2026-05-24T11:29:13.598Z","pid":404265,"hostname":"df54c4ecdd90","name":"urateam","component":"WebhookSharedHandlers","runId":"run-abc123","url":"https://bitbucket.org/myworkspace/myrepo/pull-requests/7","msg":"merged-event: updated pipeline run auto_merged=true"}
@urateam/core:test: {"level":30,"time":"2026-05-24T11:29:13.600Z","pid":404265,"hostname":"df54c4ecdd90","name":"urateam","component":"WebhookSharedHandlers","runId":"run-abc123","url":"https://bitbucket.org/myworkspace/myrepo/pull-requests/7","msg":"merged-event: updated pipeline run auto_merged=true"}
@urateam/core:test:  ✓ src/__tests__/bitbucket-webhook.test.ts (20 tests) 63ms
@urateam/core:test:  ✓ src/__tests__/fail-on-auto-commit.test.ts (6 tests) 52ms
@urateam/core:test: {"level":30,"time":"2026-05-24T11:29:14.751Z","pid":404309,"hostname":"df54c4ecdd90","name":"urateam","component":"license","tier":"enterprise","customerId":"cust_test","expiresAt":"2026-05-25T11:29:14.000Z","msg":"license key validated"}
@urateam/core:test:  ✓ src/__tests__/rbac-integration.test.ts (1 test) 48ms
@urateam/core:test:  ✓ src/__tests__/db-rbac-schema.test.ts (3 tests) 36ms
@urateam/core:test: {"level":30,"time":"2026-05-24T11:29:15.702Z","pid":404349,"hostname":"df54c4ecdd90","name":"urateam","component":"license","tier":"enterprise","customerId":"cust_test","expiresAt":"2026-05-25T11:29:15.000Z","msg":"license key validated"}
@urateam/core:test: {"level":30,"time":"2026-05-24T11:29:15.714Z","pid":404349,"hostname":"df54c4ecdd90","name":"urateam","component":"license","tier":"enterprise","customerId":"cust_test","expiresAt":"2026-05-25T11:29:15.000Z","msg":"license key validated"}
@urateam/core:test: {"level":40,"time":"2026-05-24T11:29:15.714Z","pid":404349,"hostname":"df54c4ecdd90","name":"urateam","component":"audit.writer","err":{"type":"Error","message":"db down","stack":"Error: db down\n    at Object.values (/home/ura/data/runs/PnXZTHwyAR6qch7obf8pl/worktree/packages/core/src/__tests__/audit/writer.test.ts:41:19)\n    at insertAuditEvent (/home/ura/data/runs/PnXZTHwyAR6qch7obf8pl/worktree/packages/core/src/audit/writer.ts:10:43)\n    at logAuditEvent (/home/ura/data/runs/PnXZTHwyAR6qch7obf8pl/worktree/packages/core/src/audit/writer.ts:57:9)\n    at processTicksAndRejections (node:internal/process/task_queues:103:5)\n    at /home/ura/data/runs/PnXZTHwyAR6qch7obf8pl/worktree/packages/core/src/__tests__/audit/writer.test.ts:45:7\n    at file:///home/ura/data/runs/PnXZTHwyAR6qch7obf8pl/worktree/node_modules/.pnpm/@vitest+runner@3.2.4/node_modules/@vitest/runner/dist/chunk-hooks.js:752:20"},"eventType":"pm.issue_promoted","id":"evt_ab5273ff-f7f2-4d12-a0e8-ebd0105789cb","msg":"audit event write failed"}
@urateam/core:test: {"level":30,"time":"2026-05-24T11:29:15.728Z","pid":404349,"hostname":"df54c4ecdd90","name":"urateam","component":"license","tier":"oss","msg":"no license key set — running in OSS mode"}
@urateam/core:test:  ✓ src/__tests__/audit/writer.test.ts (3 tests) 48ms
@urateam/core:test: {"level":50,"time":"2026-05-24T11:29:16.122Z","pid":404389,"hostname":"df54c4ecdd90","name":"urateam","component":"SlackNotifier","err":{"type":"Error","message":"network error","stack":"Error: network error\n    at /home/ura/data/runs/PnXZTHwyAR6qch7obf8pl/worktree/packages/core/src/__tests__/notifier-slack.test.ts:69:33\n    at file:///home/ura/data/runs/PnXZTHwyAR6qch7obf8pl/worktree/node_modules/.pnpm/@vitest+runner@3.2.4/node_modules/@vitest/runner/dist/chunk-hooks.js:155:11\n    at file:///home/ura/data/runs/PnXZTHwyAR6qch7obf8pl/worktree/node_modules/.pnpm/@vitest+runner@3.2.4/node_modules/@vitest/runner/dist/chunk-hooks.js:752:26\n    at file:///home/ura/data/runs/PnXZTHwyAR6qch7obf8pl/worktree/node_modules/.pnpm/@vitest+runner@3.2.4/node_modules/@vitest/runner/dist/chunk-hooks.js:1897:20\n    at new Promise (<anonymous>)\n    at runWithTimeout (file:///home/ura/data/runs/PnXZTHwyAR6qch7obf8pl/worktree/node_modules/.pnpm/@vitest+runner@3.2.4/node_modules/@vitest/runner/dist/chunk-hooks.js:1863:10)\n    at runTest (file:///home/ura/data/runs/PnXZTHwyAR6qch7obf8pl/worktree/node_modules/.pnpm/@vitest+runner@3.2.4/node_modules/@vitest/runner/dist/chunk-hooks.js:1574:12)\n    at processTicksAndRejections (node:internal/process/task_queues:103:5)\n    at runSuite (file:///home/ura/data/runs/PnXZTHwyAR6qch7obf8pl/worktree/node_modules/.pnpm/@vitest+runner@3.2.4/node_modules/@vitest/runner/dist/chunk-hooks.js:1729:8)\n    at runSuite (file:///home/ura/data/runs/PnXZTHwyAR6qch7obf8pl/worktree/node_modules/.pnpm/@vitest+runner@3.2.4/node_modules/@vitest/runner/dist/chunk-hooks.js:1729:8)"},"msg":"Slack notification failed"}
@urateam/core:test:  ✓ src/__tests__/notifier-slack.test.ts (10 tests) 43ms
@urateam/core:test: {"level":50,"time":"2026-05-24T11:29:16.457Z","pid":404369,"hostname":"df54c4ecdd90","name":"urateam","component":"PmAgent:scheduler","err":{"type":"TypeError","message":"db.select is not a function","stack":"TypeError: db.select is not a function\n    at selectProbeCandidates (/home/ura/data/runs/PnXZTHwyAR6qch7obf8pl/worktree/packages/core/src/pm/actions/select-probe-candidates.ts:47:6)\n    at Object.tick (/home/ura/data/runs/PnXZTHwyAR6qch7obf8pl/worktree/packages/core/src/pm/scheduler.ts:353:38)\n    at processTicksAndRejections (node:internal/process/task_queues:103:5)\n    at /home/ura/data/runs/PnXZTHwyAR6qch7obf8pl/worktree/packages/core/src/__tests__/pm-scheduler.test.ts:107:5\n    at file:///home/ura/data/runs/PnXZTHwyAR6qch7obf8pl/worktree/node_modules/.pnpm/@vitest+runner@3.2.4/node_modules/@vitest/runner/dist/chunk-hooks.js:752:20"},"msg":"selectProbeCandidates failed"}
@urateam/core:test: {"level":50,"time":"2026-05-24T11:29:16.467Z","pid":404369,"hostname":"df54c4ecdd90","name":"urateam","component":"PmAgent:scheduler","err":{"type":"TypeError","message":"db.select is not a function","stack":"TypeError: db.select is not a function\n    at sweepRecoveredCircuitBreakers (/home/ura/data/runs/PnXZTHwyAR6qch7obf8pl/worktree/packages/core/src/pm/actions/sweep-recovered-circuit-breakers.ts:39:6)\n    at Object.tick (/home/ura/data/runs/PnXZTHwyAR6qch7obf8pl/worktree/packages/core/src/pm/scheduler.ts:369:19)\n    at processTicksAndRejections (node:internal/process/task_queues:103:5)\n    at /home/ura/data/runs/PnXZTHwyAR6qch7obf8pl/worktree/packages/core/src/__tests__/pm-scheduler.test.ts:107:5\n    at file:///home/ura/data/runs/PnXZTHwyAR6qch7obf8pl/worktree/node_modules/.pnpm/@vitest+runner@3.2.4/node_modules/@vitest/runner/dist/chunk-hooks.js:752:20"},"msg":"sweepRecoveredCircuitBreakers failed"}
@urateam/core:test: {"level":30,"time":"2026-05-24T11:29:16.469Z","pid":404369,"hostname":"df54c4ecdd90","name":"urateam","component":"license","tier":"pro","customerId":"cust_test","expiresAt":"2026-05-25T11:29:16.000Z","msg":"license key validated"}
@urateam/core:test: {"level":30,"time":"2026-05-24T11:29:16.471Z","pid":404369,"hostname":"df54c4ecdd90","name":"urateam","component":"PmAgent:scheduler","triaged":0,"promoted":0,"errors":2,"msg":"tick complete"}
@urateam/core:test: {"level":50,"time":"2026-05-24T11:29:16.474Z","pid":404369,"hostname":"df54c4ecdd90","name":"urateam","component":"PmAgent:scheduler","err":{"type":"TypeError","message":"db.select is not a function","stack":"TypeError: db.select is not a function\n    at selectProbeCandidates (/home/ura/data/runs/PnXZTHwyAR6qch7obf8pl/worktree/packages/core/src/pm/actions/select-probe-candidates.ts:47:6)\n    at Object.tick (/home/ura/data/runs/PnXZTHwyAR6qch7obf8pl/worktree/packages/core/src/pm/scheduler.ts:353:38)\n    at processTicksAndRejections (node:internal/process/task_queues:103:5)\n    at /home/ura/data/runs/PnXZTHwyAR6qch7obf8pl/worktree/packages/core/src/__tests__/pm-scheduler.test.ts:116:5\n    at file:///home/ura/data/runs/PnXZTHwyAR6qch7obf8pl/worktree/node_modules/.pnpm/@vitest+runner@3.2.4/node_modules/@vitest/runner/dist/chunk-hooks.js:752:20"},"msg":"selectProbeCandidates failed"}
@urateam/core:test: {"level":50,"time":"2026-05-24T11:29:16.474Z","pid":404369,"hostname":"df54c4ecdd90","name":"urateam","component":"PmAgent:scheduler","err":{"type":"TypeError","message":"db.select is not a function","stack":"TypeError: db.select is not a function\n    at sweepRecoveredCircuitBreakers (/home/ura/data/runs/PnXZTHwyAR6qch7obf8pl/worktree/packages/core/src/pm/actions/sweep-recovered-circuit-breakers.ts:39:6)\n    at Object.tick (/home/ura/data/runs/PnXZTHwyAR6qch7obf8pl/worktree/packages/core/src/pm/scheduler.ts:369:19)\n    at processTicksAndRejections (node:internal/process/task_queues:103:5)\n    at /home/ura/data/runs/PnXZTHwyAR6qch7obf8pl/worktree/packages/core/src/__tests__/pm-scheduler.test.ts:116:5\n    at file:///home/ura/data/runs/PnXZTHwyAR6qch7obf8pl/worktree/node_modules/.pnpm/@vitest+runner@3.2.4/node_modules/@vitest/runner/dist/chunk-hooks.js:752:20"},"msg":"sweepRecoveredCircuitBreakers failed"}
@urateam/core:test: {"level":30,"time":"2026-05-24T11:29:16.475Z","pid":404369,"hostname":"df54c4ecdd90","name":"urateam","component":"license","tier":"pro","customerId":"cust_test","expiresAt":"2026-05-25T11:29:16.000Z","msg":"license key validated"}
@urateam/core:test: {"level":30,"time":"2026-05-24T11:29:16.475Z","pid":404369,"hostname":"df54c4ecdd90","name":"urateam","component":"PmAgent:scheduler","triaged":0,"promoted":0,"errors":2,"msg":"tick complete"}
@urateam/core:test: {"level":50,"time":"2026-05-24T11:29:16.476Z","pid":404369,"hostname":"df54c4ecdd90","name":"urateam","component":"PmAgent:scheduler","err":{"type":"TypeError","message":"db.select is not a function","stack":"TypeError: db.select is not a function\n    at selectProbeCandidates (/home/ura/data/runs/PnXZTHwyAR6qch7obf8pl/worktree/packages/core/src/pm/actions/select-probe-candidates.ts:47:6)\n    at Object.tick (/home/ura/data/runs/PnXZTHwyAR6qch7obf8pl/worktree/packages/core/src/pm/scheduler.ts:353:38)\n    at processTicksAndRejections (node:internal/process/task_queues:103:5)\n    at /home/ura/data/runs/PnXZTHwyAR6qch7obf8pl/worktree/packages/core/src/__tests__/pm-scheduler.test.ts:117:5\n    at file:///home/ura/data/runs/PnXZTHwyAR6qch7obf8pl/worktree/node_modules/.pnpm/@vitest+runner@3.2.4/node_modules/@vitest/runner/dist/chunk-hooks.js:752:20"},"msg":"selectProbeCandidates failed"}
@urateam/core:test: {"level":50,"time":"2026-05-24T11:29:16.476Z","pid":404369,"hostname":"df54c4ecdd90","name":"urateam","component":"PmAgent:scheduler","err":{"type":"TypeError","message":"db.select is not a function","stack":"TypeError: db.select is not a function\n    at sweepRecoveredCircuitBreakers (/home/ura/data/runs/PnXZTHwyAR6qch7obf8pl/worktree/packages/core/src/pm/actions/sweep-recovered-circuit-breakers.ts:39:6)\n    at Object.tick (/home/ura/data/runs/PnXZTHwyAR6qch7obf8pl/worktree/packages/core/src/pm/scheduler.ts:369:19)\n    at processTicksAndRejections (node:internal/process/task_queues:103:5)\n    at /home/ura/data/runs/PnXZTHwyAR6qch7obf8pl/worktree/packages/core/src/__tests__/pm-scheduler.test.ts:117:5\n    at file:///home/ura/data/runs/PnXZTHwyAR6qch7obf8pl/worktree/node_modules/.pnpm/@vitest+runner@3.2.4/node_modules/@vitest/runner/dist/chunk-hooks.js:752:20"},"msg":"sweepRecoveredCircuitBreakers failed"}
@urateam/core:test: {"level":30,"time":"2026-05-24T11:29:16.477Z","pid":404369,"hostname":"df54c4ecdd90","name":"urateam","component":"PmAgent:scheduler","triaged":0,"promoted":0,"errors":2,"msg":"tick complete"}
@urateam/core:test: {"level":40,"time":"2026-05-24T11:29:16.478Z","pid":404369,"hostname":"df54c4ecdd90","name":"urateam","component":"audit.writer","err":{"type":"TypeError","message":"db.insert is not a function","stack":"TypeError: db.insert is not a function\n    at insertAuditEvent (/home/ura/data/runs/PnXZTHwyAR6qch7obf8pl/worktree/packages/core/src/audit/writer.ts:10:23)\n    at logAuditEventUnchecked (/home/ura/data/runs/PnXZTHwyAR6qch7obf8pl/worktree/packages/core/src/audit/writer.ts:79:9)\n    at Object.tick (/home/ura/data/runs/PnXZTHwyAR6qch7obf8pl/worktree/packages/core/src/pm/scheduler.ts:222:18)\n    at processTicksAndRejections (node:internal/process/task_queues:103:5)\n    at /home/ura/data/runs/PnXZTHwyAR6qch7obf8pl/worktree/packages/core/src/__tests__/pm-scheduler.test.ts:134:5\n    at file:///home/ura/data/runs/PnXZTHwyAR6qch7obf8pl/worktree/node_modules/.pnpm/@vitest+runner@3.2.4/node_modules/@vitest/runner/dist/chunk-hooks.js:752:20"},"eventType":"budget.run_refused","id":"evt_17bf1050-1c20-4ad3-b57a-e0145ff44b39","msg":"audit event write failed"}
@urateam/core:test: {"level":50,"time":"2026-05-24T11:29:16.479Z","pid":404369,"hostname":"df54c4ecdd90","name":"urateam","component":"PmAgent:scheduler","err":{"type":"TypeError","message":"db.select is not a function","stack":"TypeError: db.select is not a function\n    at selectProbeCandidates (/home/ura/data/runs/PnXZTHwyAR6qch7obf8pl/worktree/packages/core/src/pm/actions/select-probe-candidates.ts:47:6)\n    at Object.tick (/home/ura/data/runs/PnXZTHwyAR6qch7obf8pl/worktree/packages/core/src/pm/scheduler.ts:353:38)\n    at processTicksAndRejections (node:internal/process/task_queues:103:5)\n    at /home/ura/data/runs/PnXZTHwyAR6qch7obf8pl/worktree/packages/core/src/__tests__/pm-scheduler.test.ts:134:5\n    at file:///home/ura/data/runs/PnXZTHwyAR6qch7obf8pl/worktree/node_modules/.pnpm/@vitest+runner@3.2.4/node_modules/@vitest/runner/dist/chunk-hooks.js:752:20"},"msg":"selectProbeCandidates failed"}
@urateam/core:test: {"level":50,"time":"2026-05-24T11:29:16.480Z","pid":404369,"hostname":"df54c4ecdd90","name":"urateam","component":"PmAgent:scheduler","err":{"type":"TypeError","message":"db.select is not a function","stack":"TypeError: db.select is not a function\n    at sweepRecoveredCircuitBreakers (/home/ura/data/runs/PnXZTHwyAR6qch7obf8pl/worktree/packages/core/src/pm/actions/sweep-recovered-circuit-breakers.ts:39:6)\n    at Object.tick (/home/ura/data/runs/PnXZTHwyAR6qch7obf8pl/worktree/packages/core/src/pm/scheduler.ts:369:19)\n    at processTicksAndRejections (node:internal/process/task_queues:103:5)\n    at /home/ura/data/runs/PnXZTHwyAR6qch7obf8pl/worktree/packages/core/src/__tests__/pm-scheduler.test.ts:134:5\n    at file:///home/ura/data/runs/PnXZTHwyAR6qch7obf8pl/worktree/node_modules/.pnpm/@vitest+runner@3.2.4/node_modules/@vitest/runner/dist/chunk-hooks.js:752:20"},"msg":"sweepRecoveredCircuitBreakers failed"}
@urateam/core:test: {"level":30,"time":"2026-05-24T11:29:16.480Z","pid":404369,"hostname":"df54c4ecdd90","name":"urateam","component":"license","tier":"pro","customerId":"cust_test","expiresAt":"2026-05-25T11:29:16.000Z","msg":"license key validated"}
@urateam/core:test: {"level":30,"time":"2026-05-24T11:29:16.481Z","pid":404369,"hostname":"df54c4ecdd90","name":"urateam","component":"PmAgent:scheduler","triaged":0,"promoted":0,"errors":2,"msg":"tick complete"}
@urateam/core:test: {"level":40,"time":"2026-05-24T11:29:16.482Z","pid":404369,"hostname":"df54c4ecdd90","name":"urateam","component":"audit.writer","err":{"type":"TypeError","message":"db.insert is not a function","stack":"TypeError: db.insert is not a function\n    at insertAuditEvent (/home/ura/data/runs/PnXZTHwyAR6qch7obf8pl/worktree/packages/core/src/audit/writer.ts:10:23)\n    at logAuditEventUnchecked (/home/ura/data/runs/PnXZTHwyAR6qch7obf8pl/worktree/packages/core/src/audit/writer.ts:79:9)\n    at Object.tick (/home/ura/data/runs/PnXZTHwyAR6qch7obf8pl/worktree/packages/core/src/pm/scheduler.ts:222:18)\n    at processTicksAndRejections (node:internal/process/task_queues:103:5)\n    at /home/ura/data/runs/PnXZTHwyAR6qch7obf8pl/worktree/packages/core/src/__tests__/pm-scheduler.test.ts:146:5\n    at file:///home/ura/data/runs/PnXZTHwyAR6qch7obf8pl/worktree/node_modules/.pnpm/@vitest+runner@3.2.4/node_modules/@vitest/runner/dist/chunk-hooks.js:752:20"},"eventType":"budget.run_refused","id":"evt_deafb904-5bdf-424f-a330-57728d8ce3e1","msg":"audit event write failed"}
@urateam/core:test: {"level":50,"time":"2026-05-24T11:29:16.482Z","pid":404369,"hostname":"df54c4ecdd90","name":"urateam","component":"PmAgent:scheduler","err":{"type":"TypeError","message":"db.select is not a function","stack":"TypeError: db.select is not a function\n    at selectProbeCandidates (/home/ura/data/runs/PnXZTHwyAR6qch7obf8pl/worktree/packages/core/src/pm/actions/select-probe-candidates.ts:47:6)\n    at Object.tick (/home/ura/data/runs/PnXZTHwyAR6qch7obf8pl/worktree/packages/core/src/pm/scheduler.ts:353:38)\n    at processTicksAndRejections (node:internal/process/task_queues:103:5)\n    at /home/ura/data/runs/PnXZTHwyAR6qch7obf8pl/worktree/packages/core/src/__tests__/pm-scheduler.test.ts:146:5\n    at file:///home/ura/data/runs/PnXZTHwyAR6qch7obf8pl/worktree/node_modules/.pnpm/@vitest+runner@3.2.4/node_modules/@vitest/runner/dist/chunk-hooks.js:752:20"},"msg":"selectProbeCandidates failed"}
@urateam/core:test: {"level":50,"time":"2026-05-24T11:29:16.483Z","pid":404369,"hostname":"df54c4ecdd90","name":"urateam","component":"PmAgent:scheduler","err":{"type":"TypeError","message":"db.select is not a function","stack":"TypeError: db.select is not a function\n    at sweepRecoveredCircuitBreakers (/home/ura/data/runs/PnXZTHwyAR6qch7obf8pl/worktree/packages/core/src/pm/actions/sweep-recovered-circuit-breakers.ts:39:6)\n    at Object.tick (/home/ura/data/runs/PnXZTHwyAR6qch7obf8pl/worktree/packages/core/src/pm/scheduler.ts:369:19)\n    at processTicksAndRejections (node:internal/process/task_queues:103:5)\n    at /home/ura/data/runs/PnXZTHwyAR6qch7obf8pl/worktree/packages/core/src/__tests__/pm-scheduler.test.ts:146:5\n    at file:///home/ura/data/runs/PnXZTHwyAR6qch7obf8pl/worktree/node_modules/.pnpm/@vitest+runner@3.2.4/node_modules/@vitest/runner/dist/chunk-hooks.js:752:20"},"msg":"sweepRecoveredCircuitBreakers failed"}
@urateam/core:test: {"level":30,"time":"2026-05-24T11:29:16.484Z","pid":404369,"hostname":"df54c4ecdd90","name":"urateam","component":"license","tier":"pro","customerId":"cust_test","expiresAt":"2026-05-25T11:29:16.000Z","msg":"license key validated"}
@urateam/core:test: {"level":30,"time":"2026-05-24T11:29:16.484Z","pid":404369,"hostname":"df54c4ecdd90","name":"urateam","component":"PmAgent:scheduler","triaged":1,"promoted":0,"errors":2,"msg":"tick complete"}
@urateam/core:test: {"level":40,"time":"2026-05-24T11:29:16.488Z","pid":404369,"hostname":"df54c4ecdd90","name":"urateam","component":"audit.writer","err":{"type":"TypeError","message":"db.insert is not a function","stack":"TypeError: db.insert is not a function\n    at insertAuditEvent (/home/ura/data/runs/PnXZTHwyAR6qch7obf8pl/worktree/packages/core/src/audit/writer.ts:10:23)\n    at logAuditEventUnchecked (/home/ura/data/runs/PnXZTHwyAR6qch7obf8pl/worktree/packages/core/src/audit/writer.ts:79:9)\n    at Object.tick (/home/ura/data/runs/PnXZTHwyAR6qch7obf8pl/worktree/packages/core/src/pm/scheduler.ts:222:18)\n    at processTicksAndRejections (node:internal/process/task_queues:103:5)\n    at /home/ura/data/runs/PnXZTHwyAR6qch7obf8pl/worktree/packages/core/src/__tests__/pm-scheduler.test.ts:160:5\n    at file:///home/ura/data/runs/PnXZTHwyAR6qch7obf8pl/worktree/node_modules/.pnpm/@vitest+runner@3.2.4/node_modules/@vitest/runner/dist/chunk-hooks.js:752:20"},"eventType":"budget.run_refused","id":"evt_20835d8f-d246-4d45-85e7-2881888a2da2","msg":"audit event write failed"}
@urateam/core:test: {"level":50,"time":"2026-05-24T11:29:16.489Z","pid":404369,"hostname":"df54c4ecdd90","name":"urateam","component":"PmAgent:scheduler","err":{"type":"TypeError","message":"db.select is not a function","stack":"TypeError: db.select is not a function\n    at selectProbeCandidates (/home/ura/data/runs/PnXZTHwyAR6qch7obf8pl/worktree/packages/core/src/pm/actions/select-probe-candidates.ts:47:6)\n    at Object.tick (/home/ura/data/runs/PnXZTHwyAR6qch7obf8pl/worktree/packages/core/src/pm/scheduler.ts:353:38)\n    at processTicksAndRejections (node:internal/process/task_queues:103:5)\n    at /home/ura/data/runs/PnXZTHwyAR6qch7obf8pl/worktree/packages/core/src/__tests__/pm-scheduler.test.ts:160:5\n    at file:///home/ura/data/runs/PnXZTHwyAR6qch7obf8pl/worktree/node_modules/.pnpm/@vitest+runner@3.2.4/node_modules/@vitest/runner/dist/chunk-hooks.js:752:20"},"msg":"selectProbeCandidates failed"}
@urateam/core:test: {"level":50,"time":"2026-05-24T11:29:16.489Z","pid":404369,"hostname":"df54c4ecdd90","name":"urateam","component":"PmAgent:scheduler","err":{"type":"TypeError","message":"db.select is not a function","stack":"TypeError: db.select is not a function\n    at sweepRecoveredCircuitBreakers (/home/ura/data/runs/PnXZTHwyAR6qch7obf8pl/worktree/packages/core/src/pm/actions/sweep-recovered-circuit-breakers.ts:39:6)\n    at Object.tick (/home/ura/data/runs/PnXZTHwyAR6qch7obf8pl/worktree/packages/core/src/pm/scheduler.ts:369:19)\n    at processTicksAndRejections (node:internal/process/task_queues:103:5)\n    at /home/ura/data/runs/PnXZTHwyAR6qch7obf8pl/worktree/packages/core/src/__tests__/pm-scheduler.test.ts:160:5\n    at file:///home/ura/data/runs/PnXZTHwyAR6qch7obf8pl/worktree/node_modules/.pnpm/@vitest+runner@3.2.4/node_modules/@vitest/runner/dist/chunk-hooks.js:752:20"},"msg":"sweepRecoveredCircuitBreakers failed"}
@urateam/core:test: {"level":50,"time":"2026-05-24T11:29:16.489Z","pid":404369,"hostname":"df54c4ecdd90","name":"urateam","component":"PmAgent:scheduler","err":{"type":"Error","message":"Linear API down","stack":"Error: Linear API down\n    at /home/ura/data/runs/PnXZTHwyAR6qch7obf8pl/worktree/packages/core/src/__tests__/pm-scheduler.test.ts:157:51\n    at file:///home/ura/data/runs/PnXZTHwyAR6qch7obf8pl/worktree/node_modules/.pnpm/@vitest+runner@3.2.4/node_modules/@vitest/runner/dist/chunk-hooks.js:155:11\n    at file:///home/ura/data/runs/PnXZTHwyAR6qch7obf8pl/worktree/node_modules/.pnpm/@vitest+runner@3.2.4/node_modules/@vitest/runner/dist/chunk-hooks.js:752:26\n    at file:///home/ura/data/runs/PnXZTHwyAR6qch7obf8pl/worktree/node_modules/.pnpm/@vitest+runner@3.2.4/node_modules/@vitest/runner/dist/chunk-hooks.js:1897:20\n    at new Promise (<anonymous>)\n    at runWithTimeout (file:///home/ura/data/runs/PnXZTHwyAR6qch7obf8pl/worktree/node_modules/.pnpm/@vitest+runner@3.2.4/node_modules/@vitest/runner/dist/chunk-hooks.js:1863:10)\n    at runTest (file:///home/ura/data/runs/PnXZTHwyAR6qch7obf8pl/worktree/node_modules/.pnpm/@vitest+runner@3.2.4/node_modules/@vitest/runner/dist/chunk-hooks.js:1574:12)\n    at processTicksAndRejections (node:internal/process/task_queues:103:5)\n    at runSuite (file:///home/ura/data/runs/PnXZTHwyAR6qch7obf8pl/worktree/node_modules/.pnpm/@vitest+runner@3.2.4/node_modules/@vitest/runner/dist/chunk-hooks.js:1729:8)\n    at runSuite (file:///home/ura/data/runs/PnXZTHwyAR6qch7obf8pl/worktree/node_modules/.pnpm/@vitest+runner@3.2.4/node_modules/@vitest/runner/dist/chunk-hooks.js:1729:8)"},"msg":"triage failed"}
@urateam/core:test: {"level":30,"time":"2026-05-24T11:29:16.490Z","pid":404369,"hostname":"df54c4ecdd90","name":"urateam","component":"license","tier":"pro","customerId":"cust_test","expiresAt":"2026-05-25T11:29:16.000Z","msg":"license key validated"}
@urateam/core:test: {"level":30,"time":"2026-05-24T11:29:16.490Z","pid":404369,"hostname":"df54c4ecdd90","name":"urateam","component":"PmAgent:scheduler","triaged":0,"promoted":0,"errors":3,"msg":"tick complete"}
@urateam/core:test: {"level":40,"time":"2026-05-24T11:29:16.492Z","pid":404369,"hostname":"df54c4ecdd90","name":"urateam","component":"audit.writer","err":{"type":"TypeError","message":"db.insert is not a function","stack":"TypeError: db.insert is not a function\n    at insertAuditEvent (/home/ura/data/runs/PnXZTHwyAR6qch7obf8pl/worktree/packages/core/src/audit/writer.ts:10:23)\n    at logAuditEventUnchecked (/home/ura/data/runs/PnXZTHwyAR6qch7obf8pl/worktree/packages/core/src/audit/writer.ts:79:9)\n    at Object.tick (/home/ura/data/runs/PnXZTHwyAR6qch7obf8pl/worktree/packages/core/src/pm/scheduler.ts:222:18)\n    at processTicksAndRejections (node:internal/process/task_queues:103:5)\n    at /home/ura/data/runs/PnXZTHwyAR6qch7obf8pl/worktree/packages/core/src/__tests__/pm-scheduler.test.ts:193:7\n    at file:///home/ura/data/runs/PnXZTHwyAR6qch7obf8pl/worktree/node_modules/.pnpm/@vitest+runner@3.2.4/node_modules/@vitest/runner/dist/chunk-hooks.js:752:20"},"eventType":"budget.run_refused","id":"evt_d0b762b6-b89a-4f35-b1b2-1a4f79a4a3ee","msg":"audit event write failed"}
@urateam/core:test: {"level":50,"time":"2026-05-24T11:29:16.492Z","pid":404369,"hostname":"df54c4ecdd90","name":"urateam","component":"PmAgent:scheduler","err":{"type":"TypeError","message":"db.select is not a function","stack":"TypeError: db.select is not a function\n    at selectProbeCandidates (/home/ura/data/runs/PnXZTHwyAR6qch7obf8pl/worktree/packages/core/src/pm/actions/select-probe-candidates.ts:47:6)\n    at Object.tick (/home/ura/data/runs/PnXZTHwyAR6qch7obf8pl/worktree/packages/core/src/pm/scheduler.ts:353:38)\n    at processTicksAndRejections (node:internal/process/task_queues:103:5)\n    at /home/ura/data/runs/PnXZTHwyAR6qch7obf8pl/worktree/packages/core/src/__tests__/pm-scheduler.test.ts:193:7\n    at file:///home/ura/data/runs/PnXZTHwyAR6qch7obf8pl/worktree/node_modules/.pnpm/@vitest+runner@3.2.4/node_modules/@vitest/runner/dist/chunk-hooks.js:752:20"},"msg":"selectProbeCandidates failed"}
@urateam/core:test: {"level":50,"time":"2026-05-24T11:29:16.493Z","pid":404369,"hostname":"df54c4ecdd90","name":"urateam","component":"PmAgent:scheduler","err":{"type":"TypeError","message":"db.select is not a function","stack":"TypeError: db.select is not a function\n    at sweepRecoveredCircuitBreakers (/home/ura/data/runs/PnXZTHwyAR6qch7obf8pl/worktree/packages/core/src/pm/actions/sweep-recovered-circuit-breakers.ts:39:6)\n    at Object.tick (/home/ura/data/runs/PnXZTHwyAR6qch7obf8pl/worktree/packages/core/src/pm/scheduler.ts:369:19)\n    at processTicksAndRejections (node:internal/process/task_queues:103:5)\n    at /home/ura/data/runs/PnXZTHwyAR6qch7obf8pl/worktree/packages/core/src/__tests__/pm-scheduler.test.ts:193:7\n    at file:///home/ura/data/runs/PnXZTHwyAR6qch7obf8pl/worktree/node_modules/.pnpm/@vitest+runner@3.2.4/node_modules/@vitest/runner/dist/chunk-hooks.js:752:20"},"msg":"sweepRecoveredCircuitBreakers failed"}
@urateam/core:test: {"level":50,"time":"2026-05-24T11:29:16.493Z","pid":404369,"hostname":"df54c4ecdd90","name":"urateam","component":"PmAgent:scheduler","err":{"type":"Error","message":"Linear API down","stack":"Error: Linear API down\n    at /home/ura/data/runs/PnXZTHwyAR6qch7obf8pl/worktree/packages/core/src/__tests__/pm-scheduler.test.ts:157:51\n    at file:///home/ura/data/runs/PnXZTHwyAR6qch7obf8pl/worktree/node_modules/.pnpm/@vitest+runner@3.2.4/node_modules/@vitest/runner/dist/chunk-hooks.js:155:11\n    at file:///home/ura/data/runs/PnXZTHwyAR6qch7obf8pl/worktree/node_modules/.pnpm/@vitest+runner@3.2.4/node_modules/@vitest/runner/dist/chunk-hooks.js:752:26\n    at file:///home/ura/data/runs/PnXZTHwyAR6qch7obf8pl/worktree/node_modules/.pnpm/@vitest+runner@3.2.4/node_modules/@vitest/runner/dist/chunk-hooks.js:1897:20\n    at new Promise (<anonymous>)\n    at runWithTimeout (file:///home/ura/data/runs/PnXZTHwyAR6qch7obf8pl/worktree/node_modules/.pnpm/@vitest+runner@3.2.4/node_modules/@vitest/runner/dist/chunk-hooks.js:1863:10)\n    at runTest (file:///home/ura/data/runs/PnXZTHwyAR6qch7obf8pl/worktree/node_modules/.pnpm/@vitest+runner@3.2.4/node_modules/@vitest/runner/dist/chunk-hooks.js:1574:12)\n    at processTicksAndRejections (node:internal/process/task_queues:103:5)\n    at runSuite (file:///home/ura/data/runs/PnXZTHwyAR6qch7obf8pl/worktree/node_modules/.pnpm/@vitest+runner@3.2.4/node_modules/@vitest/runner/dist/chunk-hooks.js:1729:8)\n    at runSuite (file:///home/ura/data/runs/PnXZTHwyAR6qch7obf8pl/worktree/node_modules/.pnpm/@vitest+runner@3.2.4/node_modules/@vitest/runner/dist/chunk-hooks.js:1729:8)"},"msg":"triage failed"}
@urateam/core:test: {"level":30,"time":"2026-05-24T11:29:16.493Z","pid":404369,"hostname":"df54c4ecdd90","name":"urateam","component":"PmAgent:scheduler","msg":"PM Agent is paused — skipping start-todo, recover-stuck, promote, deprioritize, and cancel"}
@urateam/core:test: {"level":30,"time":"2026-05-24T11:29:16.494Z","pid":404369,"hostname":"df54c4ecdd90","name":"urateam","component":"license","tier":"pro","customerId":"cust_test","expiresAt":"2026-05-25T11:29:16.000Z","msg":"license key validated"}
@urateam/core:test: {"level":30,"time":"2026-05-24T11:29:16.494Z","pid":404369,"hostname":"df54c4ecdd90","name":"urateam","component":"PmAgent:scheduler","triaged":0,"promoted":0,"errors":3,"msg":"tick complete"}
@urateam/core:test: {"level":40,"time":"2026-05-24T11:29:16.496Z","pid":404369,"hostname":"df54c4ecdd90","name":"urateam","component":"audit.writer","err":{"type":"TypeError","message":"db.insert is not a function","stack":"TypeError: db.insert is not a function\n    at insertAuditEvent (/home/ura/data/runs/PnXZTHwyAR6qch7obf8pl/worktree/packages/core/src/audit/writer.ts:10:23)\n    at logAuditEventUnchecked (/home/ura/data/runs/PnXZTHwyAR6qch7obf8pl/worktree/packages/core/src/audit/writer.ts:79:9)\n    at Object.tick (/home/ura/data/runs/PnXZTHwyAR6qch7obf8pl/worktree/packages/core/src/pm/scheduler.ts:222:18)\n    at processTicksAndRejections (node:internal/process/task_queues:103:5)\n    at /home/ura/data/runs/PnXZTHwyAR6qch7obf8pl/worktree/packages/core/src/__tests__/pm-scheduler.test.ts:219:7\n    at file:///home/ura/data/runs/PnXZTHwyAR6qch7obf8pl/worktree/node_modules/.pnpm/@vitest+runner@3.2.4/node_modules/@vitest/runner/dist/chunk-hooks.js:752:20"},"eventType":"budget.run_refused","id":"evt_e847ade5-ea2d-40d4-909f-5d01896ec02b","msg":"audit event write failed"}
@urateam/core:test: {"level":50,"time":"2026-05-24T11:29:16.497Z","pid":404369,"hostname":"df54c4ecdd90","name":"urateam","component":"PmAgent:scheduler","err":{"type":"TypeError","message":"db.select is not a function","stack":"TypeError: db.select is not a function\n    at selectProbeCandidates (/home/ura/data/runs/PnXZTHwyAR6qch7obf8pl/worktree/packages/core/src/pm/actions/select-probe-candidates.ts:47:6)\n    at Object.tick (/home/ura/data/runs/PnXZTHwyAR6qch7obf8pl/worktree/packages/core/src/pm/scheduler.ts:353:38)\n    at processTicksAndRejections (node:internal/process/task_queues:103:5)\n    at /home/ura/data/runs/PnXZTHwyAR6qch7obf8pl/worktree/packages/core/src/__tests__/pm-scheduler.test.ts:219:7\n    at file:///home/ura/data/runs/PnXZTHwyAR6qch7obf8pl/worktree/node_modules/.pnpm/@vitest+runner@3.2.4/node_modules/@vitest/runner/dist/chunk-hooks.js:752:20"},"msg":"selectProbeCandidates failed"}
@urateam/core:test: {"level":50,"time":"2026-05-24T11:29:16.497Z","pid":404369,"hostname":"df54c4ecdd90","name":"urateam","component":"PmAgent:scheduler","err":{"type":"TypeError","message":"db.select is not a function","stack":"TypeError: db.select is not a function\n    at sweepRecoveredCircuitBreakers (/home/ura/data/runs/PnXZTHwyAR6qch7obf8pl/worktree/packages/core/src/pm/actions/sweep-recovered-circuit-breakers.ts:39:6)\n    at Object.tick (/home/ura/data/runs/PnXZTHwyAR6qch7obf8pl/worktree/packages/core/src/pm/scheduler.ts:369:19)\n    at processTicksAndRejections (node:internal/process/task_queues:103:5)\n    at /home/ura/data/runs/PnXZTHwyAR6qch7obf8pl/worktree/packages/core/src/__tests__/pm-scheduler.test.ts:219:7\n    at file:///home/ura/data/runs/PnXZTHwyAR6qch7obf8pl/worktree/node_modules/.pnpm/@vitest+runner@3.2.4/node_modules/@vitest/runner/dist/chunk-hooks.js:752:20"},"msg":"sweepRecoveredCircuitBreakers failed"}
@urateam/core:test: {"level":50,"time":"2026-05-24T11:29:16.497Z","pid":404369,"hostname":"df54c4ecdd90","name":"urateam","component":"PmAgent:scheduler","err":{"type":"Error","message":"Linear API down","stack":"Error: Linear API down\n    at /home/ura/data/runs/PnXZTHwyAR6qch7obf8pl/worktree/packages/core/src/__tests__/pm-scheduler.test.ts:157:51\n    at file:///home/ura/data/runs/PnXZTHwyAR6qch7obf8pl/worktree/node_modules/.pnpm/@vitest+runner@3.2.4/node_modules/@vitest/runner/dist/chunk-hooks.js:155:11\n    at file:///home/ura/data/runs/PnXZTHwyAR6qch7obf8pl/worktree/node_modules/.pnpm/@vitest+runner@3.2.4/node_modules/@vitest/runner/dist/chunk-hooks.js:752:26\n    at file:///home/ura/data/runs/PnXZTHwyAR6qch7obf8pl/worktree/node_modules/.pnpm/@vitest+runner@3.2.4/node_modules/@vitest/runner/dist/chunk-hooks.js:1897:20\n    at new Promise (<anonymous>)\n    at runWithTimeout (file:///home/ura/data/runs/PnXZTHwyAR6qch7obf8pl/worktree/node_modules/.pnpm/@vitest+runner@3.2.4/node_modules/@vitest/runner/dist/chunk-hooks.js:1863:10)\n    at runTest (file:///home/ura/data/runs/PnXZTHwyAR6qch7obf8pl/worktree/node_modules/.pnpm/@vitest+runner@3.2.4/node_modules/@vitest/runner/dist/chunk-hooks.js:1574:12)\n    at processTicksAndRejections (node:internal/process/task_queues:103:5)\n    at runSuite (file:///home/ura/data/runs/PnXZTHwyAR6qch7obf8pl/worktree/node_modules/.pnpm/@vitest+runner@3.2.4/node_modules/@vitest/runner/dist/chunk-hooks.js:1729:8)\n    at runSuite (file:///home/ura/data/runs/PnXZTHwyAR6qch7obf8pl/worktree/node_modules/.pnpm/@vitest+runner@3.2.4/node_modules/@vitest/runner/dist/chunk-hooks.js:1729:8)"},"msg":"triage failed"}
@urateam/core:test: {"level":30,"time":"2026-05-24T11:29:16.497Z","pid":404369,"hostname":"df54c4ecdd90","name":"urateam","component":"PmAgent:scheduler","msg":"PM Agent is paused — skipping start-todo, recover-stuck, promote, deprioritize, and cancel"}
@urateam/core:test: {"level":30,"time":"2026-05-24T11:29:16.498Z","pid":404369,"hostname":"df54c4ecdd90","name":"urateam","component":"license","tier":"pro","customerId":"cust_test","expiresAt":"2026-05-25T11:29:16.000Z","msg":"license key validated"}
@urateam/core:test: {"level":30,"time":"2026-05-24T11:29:16.498Z","pid":404369,"hostname":"df54c4ecdd90","name":"urateam","component":"PmAgent:scheduler","triaged":0,"promoted":0,"errors":3,"msg":"tick complete"}
@urateam/core:test: {"level":40,"time":"2026-05-24T11:29:16.499Z","pid":404369,"hostname":"df54c4ecdd90","name":"urateam","component":"audit.writer","err":{"type":"TypeError","message":"db.insert is not a function","stack":"TypeError: db.insert is not a function\n    at insertAuditEvent (/home/ura/data/runs/PnXZTHwyAR6qch7obf8pl/worktree/packages/core/src/audit/writer.ts:10:23)\n    at logAuditEventUnchecked (/home/ura/data/runs/PnXZTHwyAR6qch7obf8pl/worktree/packages/core/src/audit/writer.ts:79:9)\n    at Object.tick (/home/ura/data/runs/PnXZTHwyAR6qch7obf8pl/worktree/packages/core/src/pm/scheduler.ts:222:18)\n    at processTicksAndRejections (node:internal/process/task_queues:103:5)\n    at /home/ura/data/runs/PnXZTHwyAR6qch7obf8pl/worktree/packages/core/src/__tests__/pm-scheduler.test.ts:228:7\n    at file:///home/ura/data/runs/PnXZTHwyAR6qch7obf8pl/worktree/node_modules/.pnpm/@vitest+runner@3.2.4/node_modules/@vitest/runner/dist/chunk-hooks.js:752:20"},"eventType":"budget.run_refused","id":"evt_626b6906-5f67-45f4-9b63-8ac75908ae09","msg":"audit event write failed"}
@urateam/core:test: {"level":50,"time":"2026-05-24T11:29:16.500Z","pid":404369,"hostname":"df54c4ecdd90","name":"urateam","component":"PmAgent:scheduler","err":{"type":"TypeError","message":"db.select is not a function","stack":"TypeError: db.select is not a function\n    at selectProbeCandidates (/home/ura/data/runs/PnXZTHwyAR6qch7obf8pl/worktree/packages/core/src/pm/actions/select-probe-candidates.ts:47:6)\n    at Object.tick (/home/ura/data/runs/PnXZTHwyAR6qch7obf8pl/worktree/packages/core/src/pm/scheduler.ts:353:38)\n    at processTicksAndRejections (node:internal/process/task_queues:103:5)\n    at /home/ura/data/runs/PnXZTHwyAR6qch7obf8pl/worktree/packages/core/src/__tests__/pm-scheduler.test.ts:228:7\n    at file:///home/ura/data/runs/PnXZTHwyAR6qch7obf8pl/worktree/node_modules/.pnpm/@vitest+runner@3.2.4/node_modules/@vitest/runner/dist/chunk-hooks.js:752:20"},"msg":"selectProbeCandidates failed"}
@urateam/core:test: {"level":50,"time":"2026-05-24T11:29:16.500Z","pid":404369,"hostname":"df54c4ecdd90","name":"urateam","component":"PmAgent:scheduler","err":{"type":"TypeError","message":"db.select is not a function","stack":"TypeError: db.select is not a function\n    at sweepRecoveredCircuitBreakers (/home/ura/data/runs/PnXZTHwyAR6qch7obf8pl/worktree/packages/core/src/pm/actions/sweep-recovered-circuit-breakers.ts:39:6)\n    at Object.tick (/home/ura/data/runs/PnXZTHwyAR6qch7obf8pl/worktree/packages/core/src/pm/scheduler.ts:369:19)\n    at processTicksAndRejections (node:internal/process/task_queues:103:5)\n    at /home/ura/data/runs/PnXZTHwyAR6qch7obf8pl/worktree/packages/core/src/__tests__/pm-scheduler.test.ts:228:7\n    at file:///home/ura/data/runs/PnXZTHwyAR6qch7obf8pl/worktree/node_modules/.pnpm/@vitest+runner@3.2.4/node_modules/@vitest/runner/dist/chunk-hooks.js:752:20"},"msg":"sweepRecoveredCircuitBreakers failed"}
@urateam/core:test: {"level":50,"time":"2026-05-24T11:29:16.501Z","pid":404369,"hostname":"df54c4ecdd90","name":"urateam","component":"PmAgent:scheduler","err":{"type":"Error","message":"Linear API down","stack":"Error: Linear API down\n    at /home/ura/data/runs/PnXZTHwyAR6qch7obf8pl/worktree/packages/core/src/__tests__/pm-scheduler.test.ts:157:51\n    at file:///home/ura/data/runs/PnXZTHwyAR6qch7obf8pl/worktree/node_modules/.pnpm/@vitest+runner@3.2.4/node_modules/@vitest/runner/dist/chunk-hooks.js:155:11\n    at file:///home/ura/data/runs/PnXZTHwyAR6qch7obf8pl/worktree/node_modules/.pnpm/@vitest+runner@3.2.4/node_modules/@vitest/runner/dist/chunk-hooks.js:752:26\n    at file:///home/ura/data/runs/PnXZTHwyAR6qch7obf8pl/worktree/node_modules/.pnpm/@vitest+runner@3.2.4/node_modules/@vitest/runner/dist/chunk-hooks.js:1897:20\n    at new Promise (<anonymous>)\n    at runWithTimeout (file:///home/ura/data/runs/PnXZTHwyAR6qch7obf8pl/worktree/node_modules/.pnpm/@vitest+runner@3.2.4/node_modules/@vitest/runner/dist/chunk-hooks.js:1863:10)\n    at runTest (file:///home/ura/data/runs/PnXZTHwyAR6qch7obf8pl/worktree/node_modules/.pnpm/@vitest+runner@3.2.4/node_modules/@vitest/runner/dist/chunk-hooks.js:1574:12)\n    at processTicksAndRejections (node:internal/process/task_queues:103:5)\n    at runSuite (file:///home/ura/data/runs/PnXZTHwyAR6qch7obf8pl/worktree/node_modules/.pnpm/@vitest+runner@3.2.4/node_modules/@vitest/runner/dist/chunk-hooks.js:1729:8)\n    at runSuite (file:///home/ura/data/runs/PnXZTHwyAR6qch7obf8pl/worktree/node_modules/.pnpm/@vitest+runner@3.2.4/node_modules/@vitest/runner/dist/chunk-hooks.js:1729:8)"},"msg":"triage failed"}
@urateam/core:test: {"level":30,"time":"2026-05-24T11:29:16.501Z","pid":404369,"hostname":"df54c4ecdd90","name":"urateam","component":"PmAgent:scheduler","msg":"PM Agent is paused — skipping start-todo, recover-stuck, promote, deprioritize, and cancel"}
@urateam/core:test: {"level":30,"time":"2026-05-24T11:29:16.501Z","pid":404369,"hostname":"df54c4ecdd90","name":"urateam","component":"license","tier":"pro","customerId":"cust_test","expiresAt":"2026-05-25T11:29:16.000Z","msg":"license key validated"}
@urateam/core:test: {"level":30,"time":"2026-05-24T11:29:16.501Z","pid":404369,"hostname":"df54c4ecdd90","name":"urateam","component":"PmAgent:scheduler","triaged":0,"promoted":0,"errors":3,"msg":"tick complete"}
@urateam/core:test: {"level":50,"time":"2026-05-24T11:29:16.501Z","pid":404369,"hostname":"df54c4ecdd90","name":"urateam","component":"PmAgent:scheduler","err":{"type":"TypeError","message":"db.select is not a function","stack":"TypeError: db.select is not a function\n    at selectProbeCandidates (/home/ura/data/runs/PnXZTHwyAR6qch7obf8pl/worktree/packages/core/src/pm/actions/select-probe-candidates.ts:47:6)\n    at Object.tick (/home/ura/data/runs/PnXZTHwyAR6qch7obf8pl/worktree/packages/core/src/pm/scheduler.ts:353:38)\n    at processTicksAndRejections (node:internal/process/task_queues:103:5)\n    at /home/ura/data/runs/PnXZTHwyAR6qch7obf8pl/worktree/packages/core/src/__tests__/pm-scheduler.test.ts:235:7\n    at file:///home/ura/data/runs/PnXZTHwyAR6qch7obf8pl/worktree/node_modules/.pnpm/@vitest+runner@3.2.4/node_modules/@vitest/runner/dist/chunk-hooks.js:752:20"},"msg":"selectProbeCandidates failed"}
@urateam/core:test: {"level":50,"time":"2026-05-24T11:29:16.502Z","pid":404369,"hostname":"df54c4ecdd90","name":"urateam","component":"PmAgent:scheduler","err":{"type":"TypeError","message":"db.select is not a function","stack":"TypeError: db.select is not a function\n    at sweepRecoveredCircuitBreakers (/home/ura/data/runs/PnXZTHwyAR6qch7obf8pl/worktree/packages/core/src/pm/actions/sweep-recovered-circuit-breakers.ts:39:6)\n    at Object.tick (/home/ura/data/runs/PnXZTHwyAR6qch7obf8pl/worktree/packages/core/src/pm/scheduler.ts:369:19)\n    at processTicksAndRejections (node:internal/process/task_queues:103:5)\n    at /home/ura/data/runs/PnXZTHwyAR6qch7obf8pl/worktree/packages/core/src/__tests__/pm-scheduler.test.ts:235:7\n    at file:///home/ura/data/runs/PnXZTHwyAR6qch7obf8pl/worktree/node_modules/.pnpm/@vitest+runner@3.2.4/node_modules/@vitest/runner/dist/chunk-hooks.js:752:20"},"msg":"sweepRecoveredCircuitBreakers failed"}
@urateam/core:test: {"level":50,"time":"2026-05-24T11:29:16.502Z","pid":404369,"hostname":"df54c4ecdd90","name":"urateam","component":"PmAgent:scheduler","err":{"type":"Error","message":"Linear API down","stack":"Error: Linear API down\n    at /home/ura/data/runs/PnXZTHwyAR6qch7obf8pl/worktree/packages/core/src/__tests__/pm-scheduler.test.ts:157:51\n    at file:///home/ura/data/runs/PnXZTHwyAR6qch7obf8pl/worktree/node_modules/.pnpm/@vitest+runner@3.2.4/node_modules/@vitest/runner/dist/chunk-hooks.js:155:11\n    at file:///home/ura/data/runs/PnXZTHwyAR6qch7obf8pl/worktree/node_modules/.pnpm/@vitest+runner@3.2.4/node_modules/@vitest/runner/dist/chunk-hooks.js:752:26\n    at file:///home/ura/data/runs/PnXZTHwyAR6qch7obf8pl/worktree/node_modules/.pnpm/@vitest+runner@3.2.4/node_modules/@vitest/runner/dist/chunk-hooks.js:1897:20\n    at new Promise (<anonymous>)\n    at runWithTimeout (file:///home/ura/data/runs/PnXZTHwyAR6qch7obf8pl/worktree/node_modules/.pnpm/@vitest+runner@3.2.4/node_modules/@vitest/runner/dist/chunk-hooks.js:1863:10)\n    at runTest (file:///home/ura/data/runs/PnXZTHwyAR6qch7obf8pl/worktree/node_modules/.pnpm/@vitest+runner@3.2.4/node_modules/@vitest/runner/dist/chunk-hooks.js:1574:12)\n    at processTicksAndRejections (node:internal/process/task_queues:103:5)\n    at runSuite (file:///home/ura/data/runs/PnXZTHwyAR6qch7obf8pl/worktree/node_modules/.pnpm/@vitest+runner@3.2.4/node_modules/@vitest/runner/dist/chunk-hooks.js:1729:8)\n    at runSuite (file:///home/ura/data/runs/PnXZTHwyAR6qch7obf8pl/worktree/node_modules/.pnpm/@vitest+runner@3.2.4/node_modules/@vitest/runner/dist/chunk-hooks.js:1729:8)"},"msg":"triage failed"}
@urateam/core:test: {"level":30,"time":"2026-05-24T11:29:16.502Z","pid":404369,"hostname":"df54c4ecdd90","name":"urateam","component":"PmAgent:scheduler","triaged":0,"promoted":0,"errors":3,"msg":"tick complete"}
@urateam/core:test:  ✓ src/__tests__/pm-scheduler.test.ts (8 tests) 53ms
@urateam/core:test:  ✓ src/__tests__/tech-stack.test.ts (8 tests) 55ms
@urateam/core:test:  ✓ src/__tests__/decisions-store.test.ts (4 tests) 43ms
@urateam/core:test: {"level":30,"time":"2026-05-24T11:29:17.221Z","pid":404453,"hostname":"df54c4ecdd90","name":"urateam","component":"gh-linear-sync","count":1,"repo":"owner/repo","msg":"fetched open GitHub issues"}
@urateam/core:test: {"level":30,"time":"2026-05-24T11:29:17.223Z","pid":404453,"hostname":"df54c4ecdd90","name":"urateam","component":"gh-linear-sync","ghNumber":10,"linearId":"BEC-200","msg":"created Linear ticket for GH issue"}
@urateam/core:test: {"level":30,"time":"2026-05-24T11:29:17.223Z","pid":404453,"hostname":"df54c4ecdd90","name":"urateam","component":"gh-linear-sync","processed":1,"created":1,"skipped":0,"closed":0,"errors":[],"msg":"gh-linear-sync complete"}
@urateam/core:test: {"level":30,"time":"2026-05-24T11:29:17.224Z","pid":404453,"hostname":"df54c4ecdd90","name":"urateam","component":"gh-linear-sync","count":1,"repo":"owner/repo","msg":"fetched open GitHub issues"}
@urateam/core:test: {"level":30,"time":"2026-05-24T11:29:17.224Z","pid":404453,"hostname":"df54c4ecdd90","name":"urateam","component":"gh-linear-sync","ghNumber":42,"linearId":"BEC-100","msg":"GH issue already synced to Linear — skipping"}
@urateam/core:test: {"level":30,"time":"2026-05-24T11:29:17.225Z","pid":404453,"hostname":"df54c4ecdd90","name":"urateam","component":"gh-linear-sync","processed":1,"created":0,"skipped":1,"closed":0,"errors":[],"msg":"gh-linear-sync complete"}
@urateam/core:test: {"level":30,"time":"2026-05-24T11:29:17.225Z","pid":404453,"hostname":"df54c4ecdd90","name":"urateam","component":"gh-linear-sync","count":1,"repo":"owner/repo","msg":"fetched open GitHub issues"}
@urateam/core:test: {"level":30,"time":"2026-05-24T11:29:17.225Z","pid":404453,"hostname":"df54c4ecdd90","name":"urateam","component":"gh-linear-sync","ghNumber":42,"linearId":"BEC-100","msg":"GH issue already synced to Linear — skipping"}
@urateam/core:test: {"level":30,"time":"2026-05-24T11:29:17.225Z","pid":404453,"hostname":"df54c4ecdd90","name":"urateam","component":"gh-linear-sync","processed":1,"created":0,"skipped":1,"closed":0,"errors":[],"msg":"gh-linear-sync complete"}
@urateam/core:test: {"level":30,"time":"2026-05-24T11:29:17.228Z","pid":404453,"hostname":"df54c4ecdd90","name":"urateam","component":"gh-linear-sync","count":1,"repo":"owner/repo","msg":"fetched open GitHub issues"}
@urateam/core:test: {"level":30,"time":"2026-05-24T11:29:17.228Z","pid":404453,"hostname":"df54c4ecdd90","name":"urateam","component":"gh-linear-sync","ghNumber":42,"linearId":"BEC-200","msg":"created Linear ticket for GH issue"}
@urateam/core:test: {"level":30,"time":"2026-05-24T11:29:17.228Z","pid":404453,"hostname":"df54c4ecdd90","name":"urateam","component":"gh-linear-sync","processed":1,"created":1,"skipped":0,"closed":0,"errors":[],"msg":"gh-linear-sync complete"}
@urateam/core:test: {"level":30,"time":"2026-05-24T11:29:17.229Z","pid":404453,"hostname":"df54c4ecdd90","name":"urateam","component":"gh-linear-sync","count":1,"repo":"owner/repo","msg":"fetched open GitHub issues"}
@urateam/core:test: {"level":30,"time":"2026-05-24T11:29:17.229Z","pid":404453,"hostname":"df54c4ecdd90","name":"urateam","component":"gh-linear-sync","ghNumber":42,"title":"Some bug report","dryRun":true,"msg":"[dry-run] would create Linear ticket"}
@urateam/core:test: {"level":30,"time":"2026-05-24T11:29:17.229Z","pid":404453,"hostname":"df54c4ecdd90","name":"urateam","component":"gh-linear-sync","processed":1,"created":1,"skipped":0,"closed":0,"errors":[],"msg":"gh-linear-sync complete"}
@urateam/core:test: {"level":30,"time":"2026-05-24T11:29:17.229Z","pid":404453,"hostname":"df54c4ecdd90","name":"urateam","component":"gh-linear-sync","count":1,"repo":"owner/repo","msg":"fetched open GitHub issues"}
@urateam/core:test: {"level":30,"time":"2026-05-24T11:29:17.229Z","pid":404453,"hostname":"df54c4ecdd90","name":"urateam","component":"gh-linear-sync","ghNumber":42,"linearId":"BEC-100","msg":"GH issue already synced to Linear — skipping"}
@urateam/core:test: {"level":30,"time":"2026-05-24T11:29:17.230Z","pid":404453,"hostname":"df54c4ecdd90","name":"urateam","component":"gh-linear-sync","ghNumber":42,"linearId":"BEC-100","dryRun":false,"msg":"closed GH issue (Linear ticket is Done)"}
@urateam/core:test: {"level":30,"time":"2026-05-24T11:29:17.230Z","pid":404453,"hostname":"df54c4ecdd90","name":"urateam","component":"gh-linear-sync","processed":1,"created":0,"skipped":1,"closed":1,"errors":[],"msg":"gh-linear-sync complete"}
@urateam/core:test: {"level":30,"time":"2026-05-24T11:29:17.230Z","pid":404453,"hostname":"df54c4ecdd90","name":"urateam","component":"gh-linear-sync","count":1,"repo":"owner/repo","msg":"fetched open GitHub issues"}
@urateam/core:test: {"level":30,"time":"2026-05-24T11:29:17.230Z","pid":404453,"hostname":"df54c4ecdd90","name":"urateam","component":"gh-linear-sync","ghNumber":42,"linearId":"BEC-100","msg":"GH issue already synced to Linear — skipping"}
@urateam/core:test: {"level":30,"time":"2026-05-24T11:29:17.230Z","pid":404453,"hostname":"df54c4ecdd90","name":"urateam","component":"gh-linear-sync","processed":1,"created":0,"skipped":1,"closed":0,"errors":[],"msg":"gh-linear-sync complete"}
@urateam/core:test: {"level":30,"time":"2026-05-24T11:29:17.231Z","pid":404453,"hostname":"df54c4ecdd90","name":"urateam","component":"gh-linear-sync","count":1,"repo":"owner/repo","msg":"fetched open GitHub issues"}
@urateam/core:test: {"level":30,"time":"2026-05-24T11:29:17.231Z","pid":404453,"hostname":"df54c4ecdd90","name":"urateam","component":"gh-linear-sync","ghNumber":42,"linearId":"BEC-100","msg":"GH issue already synced to Linear — skipping"}
@urateam/core:test: {"level":30,"time":"2026-05-24T11:29:17.231Z","pid":404453,"hostname":"df54c4ecdd90","name":"urateam","component":"gh-linear-sync","ghNumber":42,"linearId":"BEC-100","dryRun":true,"msg":"closed GH issue (Linear ticket is Done)"}
@urateam/core:test: {"level":30,"time":"2026-05-24T11:29:17.231Z","pid":404453,"hostname":"df54c4ecdd90","name":"urateam","component":"gh-linear-sync","processed":1,"created":0,"skipped":1,"closed":1,"errors":[],"msg":"gh-linear-sync complete"}
@urateam/core:test: {"level":30,"time":"2026-05-24T11:29:17.232Z","pid":404453,"hostname":"df54c4ecdd90","name":"urateam","component":"gh-linear-sync","count":2,"repo":"owner/repo","msg":"fetched open GitHub issues"}
@urateam/core:test: {"level":30,"time":"2026-05-24T11:29:17.232Z","pid":404453,"hostname":"df54c4ecdd90","name":"urateam","component":"gh-linear-sync","ghNumber":1,"linearId":"BEC-1","msg":"created Linear ticket for GH issue"}
@urateam/core:test: {"level":50,"time":"2026-05-24T11:29:17.232Z","pid":404453,"hostname":"df54c4ecdd90","name":"urateam","component":"gh-linear-sync","err":{"type":"Error","message":"API rate limit","stack":"Error: API rate limit\n    at /home/ura/data/runs/PnXZTHwyAR6qch7obf8pl/worktree/packages/core/src/__tests__/gh-linear-sync.test.ts:406:30\n    at file:///home/ura/data/runs/PnXZTHwyAR6qch7obf8pl/worktree/node_modules/.pnpm/@vitest+runner@3.2.4/node_modules/@vitest/runner/dist/chunk-hooks.js:155:11\n    at file:///home/ura/data/runs/PnXZTHwyAR6qch7obf8pl/worktree/node_modules/.pnpm/@vitest+runner@3.2.4/node_modules/@vitest/runner/dist/chunk-hooks.js:752:26\n    at file:///home/ura/data/runs/PnXZTHwyAR6qch7obf8pl/worktree/node_modules/.pnpm/@vitest+runner@3.2.4/node_modules/@vitest/runner/dist/chunk-hooks.js:1897:20\n    at new Promise (<anonymous>)\n    at runWithTimeout (file:///home/ura/data/runs/PnXZTHwyAR6qch7obf8pl/worktree/node_modules/.pnpm/@vitest+runner@3.2.4/node_modules/@vitest/runner/dist/chunk-hooks.js:1863:10)\n    at runTest (file:///home/ura/data/runs/PnXZTHwyAR6qch7obf8pl/worktree/node_modules/.pnpm/@vitest+runner@3.2.4/node_modules/@vitest/runner/dist/chunk-hooks.js:1574:12)\n    at processTicksAndRejections (node:internal/process/task_queues:103:5)\n    at runSuite (file:///home/ura/data/runs/PnXZTHwyAR6qch7obf8pl/worktree/node_modules/.pnpm/@vitest+runner@3.2.4/node_modules/@vitest/runner/dist/chunk-hooks.js:1729:8)\n    at runSuite (file:///home/ura/data/runs/PnXZTHwyAR6qch7obf8pl/worktree/node_modules/.pnpm/@vitest+runner@3.2.4/node_modules/@vitest/runner/dist/chunk-hooks.js:1729:8)"},"ghNumber":2,"msg":"failed to sync GH issue"}
@urateam/core:test: {"level":30,"time":"2026-05-24T11:29:17.241Z","pid":404453,"hostname":"df54c4ecdd90","name":"urateam","component":"gh-linear-sync","processed":2,"created":1,"skipped":0,"closed":0,"errors":["GH#2: API rate limit"],"msg":"gh-linear-sync complete"}
@urateam/core:test: {"level":30,"time":"2026-05-24T11:29:17.242Z","pid":404453,"hostname":"df54c4ecdd90","name":"urateam","component":"gh-linear-sync","count":0,"repo":"owner/repo","msg":"fetched open GitHub issues"}
@urateam/core:test: {"level":30,"time":"2026-05-24T11:29:17.243Z","pid":404453,"hostname":"df54c4ecdd90","name":"urateam","component":"gh-linear-sync","processed":0,"created":0,"skipped":0,"closed":0,"errors":[],"msg":"gh-linear-sync complete"}
@urateam/core:test: {"level":30,"time":"2026-05-24T11:29:17.246Z","pid":404453,"hostname":"df54c4ecdd90","name":"urateam","component":"gh-linear-sync","count":3,"repo":"owner/repo","msg":"fetched open GitHub issues"}
@urateam/core:test: {"level":30,"time":"2026-05-24T11:29:17.247Z","pid":404453,"hostname":"df54c4ecdd90","name":"urateam","component":"gh-linear-sync","ghNumber":1,"linearId":"BEC-200","msg":"created Linear ticket for GH issue"}
@urateam/core:test: {"level":30,"time":"2026-05-24T11:29:17.247Z","pid":404453,"hostname":"df54c4ecdd90","name":"urateam","component":"gh-linear-sync","ghNumber":3,"linearId":"BEC-200","msg":"created Linear ticket for GH issue"}
@urateam/core:test: {"level":30,"time":"2026-05-24T11:29:17.247Z","pid":404453,"hostname":"df54c4ecdd90","name":"urateam","component":"gh-linear-sync","ghNumber":2,"linearId":"BEC-200","msg":"created Linear ticket for GH issue"}
@urateam/core:test: {"level":30,"time":"2026-05-24T11:29:17.247Z","pid":404453,"hostname":"df54c4ecdd90","name":"urateam","component":"gh-linear-sync","processed":3,"created":3,"skipped":0,"closed":0,"errors":[],"msg":"gh-linear-sync complete"}
@urateam/core:test: {"level":30,"time":"2026-05-24T11:29:17.247Z","pid":404453,"hostname":"df54c4ecdd90","name":"urateam","component":"gh-linear-sync","count":0,"repo":"owner/repo","msg":"fetched open GitHub issues"}
@urateam/core:test: {"level":30,"time":"2026-05-24T11:29:17.247Z","pid":404453,"hostname":"df54c4ecdd90","name":"urateam","component":"gh-linear-sync","processed":0,"created":0,"skipped":0,"closed":0,"errors":[],"msg":"gh-linear-sync complete"}
@urateam/core:test: {"level":30,"time":"2026-05-24T11:29:17.248Z","pid":404453,"hostname":"df54c4ecdd90","name":"urateam","component":"gh-linear-sync","count":3,"repo":"owner/repo","msg":"fetched open GitHub issues"}
@urateam/core:test: {"level":30,"time":"2026-05-24T11:29:17.248Z","pid":404453,"hostname":"df54c4ecdd90","name":"urateam","component":"gh-linear-sync","ghNumber":12,"linearId":"BEC-50","msg":"GH issue already synced to Linear — skipping"}
@urateam/core:test: {"level":30,"time":"2026-05-24T11:29:17.249Z","pid":404453,"hostname":"df54c4ecdd90","name":"urateam","component":"gh-linear-sync","ghNumber":10,"linearId":"BEC-200","msg":"created Linear ticket for GH issue"}
@urateam/core:test: {"level":30,"time":"2026-05-24T11:29:17.249Z","pid":404453,"hostname":"df54c4ecdd90","name":"urateam","component":"gh-linear-sync","ghNumber":11,"linearId":"BEC-200","msg":"created Linear ticket for GH issue"}
@urateam/core:test: {"level":30,"time":"2026-05-24T11:29:17.249Z","pid":404453,"hostname":"df54c4ecdd90","name":"urateam","component":"gh-linear-sync","processed":3,"created":2,"skipped":1,"closed":0,"errors":[],"msg":"gh-linear-sync complete"}
@urateam/core:test: {"level":30,"time":"2026-05-24T11:29:17.250Z","pid":404453,"hostname":"df54c4ecdd90","name":"urateam","component":"gh-linear-sync","count":2,"repo":"owner/repo","msg":"fetched open GitHub issues"}
@urateam/core:test: {"level":30,"time":"2026-05-24T11:29:17.250Z","pid":404453,"hostname":"df54c4ecdd90","name":"urateam","component":"gh-linear-sync","ghNumber":20,"linearId":"BEC-X","msg":"created Linear ticket for GH issue"}
@urateam/core:test: {"level":30,"time":"2026-05-24T11:29:17.250Z","pid":404453,"hostname":"df54c4ecdd90","name":"urateam","component":"gh-linear-sync","ghNumber":21,"linearId":"BEC-X","msg":"created Linear ticket for GH issue"}
@urateam/core:test: {"level":30,"time":"2026-05-24T11:29:17.250Z","pid":404453,"hostname":"df54c4ecdd90","name":"urateam","component":"gh-linear-sync","processed":2,"created":2,"skipped":0,"closed":0,"errors":[],"msg":"gh-linear-sync complete"}
@urateam/core:test:  ✓ src/__tests__/gh-linear-sync.test.ts (25 tests) 49ms
@urateam/core:test:  ✓ src/__tests__/token-budget.test.ts (14 tests) 41ms
@urateam/core:test: {"level":50,"time":"2026-05-24T11:29:17.637Z","pid":404493,"hostname":"df54c4ecdd90","name":"urateam","component":"git","args":["diff","--name-only","--diff-filter=A","origin/main...HEAD"],"cwd":"/tmp","stderr":"warning: Not a git repository. Use --no-index to compare two paths outside a working tree\nusage: git diff --no-index [<options>] <path> <path> [<pathspec>...]\n\nDiff output format options\n    -p, --pat","msg":"git diff failed"}
@urateam/core:test: {"level":50,"time":"2026-05-24T11:29:17.641Z","pid":404493,"hostname":"df54c4ecdd90","name":"urateam","component":"git","args":["status","--porcelain"],"cwd":"/tmp","stderr":"fatal: not a git repository (or any of the parent directories): .git\n","msg":"git status failed"}
@urateam/core:test:  ✓ src/__tests__/scratch-file-guard.test.ts (21 tests) 35ms
@urateam/core:test: {"level":30,"time":"2026-05-24T11:29:17.998Z","pid":404513,"hostname":"df54c4ecdd90","name":"urateam","component":"AuthMonitor","authMethod":"mounted-session","msg":"AuthMonitor: checking Claude auth validity"}
@urateam/core:test: {"level":30,"time":"2026-05-24T11:29:18.001Z","pid":404513,"hostname":"df54c4ecdd90","name":"urateam","component":"AuthMonitor","authMethod":"oauth-token","msg":"AuthMonitor: checking Claude auth validity"}
@urateam/core:test: {"level":30,"time":"2026-05-24T11:29:18.002Z","pid":404513,"hostname":"df54c4ecdd90","name":"urateam","component":"AuthMonitor","authMethod":"oauth-token","msg":"AuthMonitor: checking Claude auth validity"}
@urateam/core:test: {"level":30,"time":"2026-05-24T11:29:18.002Z","pid":404513,"hostname":"df54c4ecdd90","name":"urateam","component":"AuthMonitor","authMethod":"mounted-session","msg":"AuthMonitor: checking Claude auth validity"}
@urateam/core:test: {"level":30,"time":"2026-05-24T11:29:18.003Z","pid":404513,"hostname":"df54c4ecdd90","name":"urateam","component":"AuthMonitor","authMethod":"mounted-session","msg":"AuthMonitor: checking Claude auth validity"}
@urateam/core:test: {"level":30,"time":"2026-05-24T11:29:18.006Z","pid":404513,"hostname":"df54c4ecdd90","name":"urateam","component":"AuthMonitor","authMethod":"oauth-token","msg":"AuthMonitor: checking Claude auth validity"}
@urateam/core:test: {"level":30,"time":"2026-05-24T11:29:18.007Z","pid":404513,"hostname":"df54c4ecdd90","name":"urateam","component":"AuthMonitor","authMethod":"oauth-token","msg":"AuthMonitor: checking Claude auth validity"}
@urateam/core:test: {"level":50,"time":"2026-05-24T11:29:18.007Z","pid":404513,"hostname":"df54c4ecdd90","name":"urateam","component":"AuthMonitor","msg":"AuthMonitor: CLAUDE_CODE_OAUTH_TOKEN has expired or been revoked. Run `claude setup-token` to regenerate the token, update CLAUDE_CODE_OAUTH_TOKEN in your env, and restart the container. See deploy/CLAUDE_AUTH.md."}
@urateam/core:test: {"level":30,"time":"2026-05-24T11:29:18.008Z","pid":404513,"hostname":"df54c4ecdd90","name":"urateam","component":"AuthMonitor","authMethod":"oauth-token","msg":"AuthMonitor: checking Claude auth validity"}
@urateam/core:test:  ✓ src/__tests__/util-linear.test.ts (16 tests) 34ms
@urateam/core:test: {"level":50,"time":"2026-05-24T11:29:18.009Z","pid":404513,"hostname":"df54c4ecdd90","name":"urateam","component":"AuthMonitor","msg":"AuthMonitor: CLAUDE_CODE_OAUTH_TOKEN has expired or been revoked. Run `claude setup-token` to regenerate the token, update CLAUDE_CODE_OAUTH_TOKEN in your env, and restart the container. See deploy/CLAUDE_AUTH.md."}
@urateam/core:test: {"level":30,"time":"2026-05-24T11:29:18.011Z","pid":404513,"hostname":"df54c4ecdd90","name":"urateam","component":"AuthMonitor","authMethod":"oauth-token","msg":"AuthMonitor: checking Claude auth validity"}
@urateam/core:test: {"level":50,"time":"2026-05-24T11:29:18.011Z","pid":404513,"hostname":"df54c4ecdd90","name":"urateam","component":"AuthMonitor","msg":"AuthMonitor: CLAUDE_CODE_OAUTH_TOKEN has expired or been revoked. Run `claude setup-token` to regenerate the token, update CLAUDE_CODE_OAUTH_TOKEN in your env, and restart the container. See deploy/CLAUDE_AUTH.md."}
@urateam/core:test: {"level":30,"time":"2026-05-24T11:29:18.011Z","pid":404513,"hostname":"df54c4ecdd90","name":"urateam","component":"AuthMonitor","authMethod":"oauth-token","msg":"AuthMonitor: checking Claude auth validity"}
@urateam/core:test: {"level":30,"time":"2026-05-24T11:29:18.011Z","pid":404513,"hostname":"df54c4ecdd90","name":"urateam","component":"AuthMonitor","authMethod":"mounted-session","msg":"AuthMonitor: checking Claude auth validity"}
@urateam/core:test: {"level":30,"time":"2026-05-24T11:29:18.012Z","pid":404513,"hostname":"df54c4ecdd90","name":"urateam","component":"AuthMonitor","authMethod":"mounted-session","msg":"AuthMonitor: checking Claude auth validity"}
@urateam/core:test: {"level":30,"time":"2026-05-24T11:29:18.012Z","pid":404513,"hostname":"df54c4ecdd90","name":"urateam","component":"AuthMonitor","authMethod":"mounted-session","msg":"AuthMonitor: checking Claude auth validity"}
@urateam/core:test: {"level":50,"time":"2026-05-24T11:29:18.012Z","pid":404513,"hostname":"df54c4ecdd90","name":"urateam","component":"AuthMonitor","msg":"AuthMonitor: mounted Claude session expired. Run `claude login` in the container, or switch to CLAUDE_CODE_OAUTH_TOKEN (see deploy/CLAUDE_AUTH.md)"}
@urateam/core:test: {"level":30,"time":"2026-05-24T11:29:18.014Z","pid":404513,"hostname":"df54c4ecdd90","name":"urateam","component":"AuthMonitor","authMethod":"mounted-session","msg":"AuthMonitor: checking Claude auth validity"}
@urateam/core:test: {"level":50,"time":"2026-05-24T11:29:18.014Z","pid":404513,"hostname":"df54c4ecdd90","name":"urateam","component":"AuthMonitor","msg":"AuthMonitor: mounted Claude session expired. Run `claude login` in the container, or switch to CLAUDE_CODE_OAUTH_TOKEN (see deploy/CLAUDE_AUTH.md)"}
@urateam/core:test: {"level":30,"time":"2026-05-24T11:29:18.014Z","pid":404513,"hostname":"df54c4ecdd90","name":"urateam","component":"AuthMonitor","authMethod":"mounted-session","msg":"AuthMonitor: checking Claude auth validity"}
@urateam/core:test: {"level":50,"time":"2026-05-24T11:29:18.014Z","pid":404513,"hostname":"df54c4ecdd90","name":"urateam","component":"AuthMonitor","msg":"AuthMonitor: mounted Claude session expired. Run `claude login` in the container, or switch to CLAUDE_CODE_OAUTH_TOKEN (see deploy/CLAUDE_AUTH.md)"}
@urateam/core:test: {"level":30,"time":"2026-05-24T11:29:18.015Z","pid":404513,"hostname":"df54c4ecdd90","name":"urateam","component":"AuthMonitor","authMethod":"mounted-session","msg":"AuthMonitor: checking Claude auth validity"}
@urateam/core:test: {"level":50,"time":"2026-05-24T11:29:18.015Z","pid":404513,"hostname":"df54c4ecdd90","name":"urateam","component":"AuthMonitor","msg":"AuthMonitor: mounted Claude session expired. Run `claude login` in the container, or switch to CLAUDE_CODE_OAUTH_TOKEN (see deploy/CLAUDE_AUTH.md)"}
@urateam/core:test: {"level":40,"time":"2026-05-24T11:29:18.016Z","pid":404513,"hostname":"df54c4ecdd90","name":"urateam","component":"AuthMonitor","err":{"type":"Error","message":"network error","stack":"Error: network error\n    at /home/ura/data/runs/PnXZTHwyAR6qch7obf8pl/worktree/packages/core/src/__tests__/auth-monitor.test.ts:291:44\n    at file:///home/ura/data/runs/PnXZTHwyAR6qch7obf8pl/worktree/node_modules/.pnpm/@vitest+runner@3.2.4/node_modules/@vitest/runner/dist/chunk-hooks.js:155:11\n    at file:///home/ura/data/runs/PnXZTHwyAR6qch7obf8pl/worktree/node_modules/.pnpm/@vitest+runner@3.2.4/node_modules/@vitest/runner/dist/chunk-hooks.js:752:26\n    at file:///home/ura/data/runs/PnXZTHwyAR6qch7obf8pl/worktree/node_modules/.pnpm/@vitest+runner@3.2.4/node_modules/@vitest/runner/dist/chunk-hooks.js:1897:20\n    at new Promise (<anonymous>)\n    at runWithTimeout (file:///home/ura/data/runs/PnXZTHwyAR6qch7obf8pl/worktree/node_modules/.pnpm/@vitest+runner@3.2.4/node_modules/@vitest/runner/dist/chunk-hooks.js:1863:10)\n    at runTest (file:///home/ura/data/runs/PnXZTHwyAR6qch7obf8pl/worktree/node_modules/.pnpm/@vitest+runner@3.2.4/node_modules/@vitest/runner/dist/chunk-hooks.js:1574:12)\n    at processTicksAndRejections (node:internal/process/task_queues:103:5)\n    at runSuite (file:///home/ura/data/runs/PnXZTHwyAR6qch7obf8pl/worktree/node_modules/.pnpm/@vitest+runner@3.2.4/node_modules/@vitest/runner/dist/chunk-hooks.js:1729:8)\n    at runSuite (file:///home/ura/data/runs/PnXZTHwyAR6qch7obf8pl/worktree/node_modules/.pnpm/@vitest+runner@3.2.4/node_modules/@vitest/runner/dist/chunk-hooks.js:1729:8)"},"msg":"AuthMonitor: failed to post Slack alert"}
@urateam/core:test: {"level":30,"time":"2026-05-24T11:29:18.021Z","pid":404513,"hostname":"df54c4ecdd90","name":"urateam","component":"AuthMonitor","authMethod":"mounted-session","msg":"AuthMonitor: checking Claude auth validity"}
@urateam/core:test: {"level":50,"time":"2026-05-24T11:29:18.021Z","pid":404513,"hostname":"df54c4ecdd90","name":"urateam","component":"AuthMonitor","msg":"AuthMonitor: mounted Claude session expired. Run `claude login` in the container, or switch to CLAUDE_CODE_OAUTH_TOKEN (see deploy/CLAUDE_AUTH.md)"}
@urateam/core:test: {"level":30,"time":"2026-05-24T11:29:18.022Z","pid":404513,"hostname":"df54c4ecdd90","name":"urateam","component":"AuthMonitor","authMethod":"mounted-session","msg":"AuthMonitor: checking Claude auth validity"}
@urateam/core:test: {"level":50,"time":"2026-05-24T11:29:18.022Z","pid":404513,"hostname":"df54c4ecdd90","name":"urateam","component":"AuthMonitor","msg":"AuthMonitor: mounted Claude session expired. Run `claude login` in the container, or switch to CLAUDE_CODE_OAUTH_TOKEN (see deploy/CLAUDE_AUTH.md)"}
@urateam/core:test: {"level":30,"time":"2026-05-24T11:29:18.022Z","pid":404513,"hostname":"df54c4ecdd90","name":"urateam","component":"AuthMonitor","authMethod":"mounted-session","msg":"AuthMonitor: checking Claude auth validity"}
@urateam/core:test: {"level":30,"time":"2026-05-24T11:29:18.023Z","pid":404513,"hostname":"df54c4ecdd90","name":"urateam","component":"AuthMonitor","authMethod":"mounted-session","msg":"AuthMonitor: checking Claude auth validity"}
@urateam/core:test: {"level":30,"time":"2026-05-24T11:29:18.023Z","pid":404513,"hostname":"df54c4ecdd90","name":"urateam","component":"AuthMonitor","authMethod":"mounted-session","msg":"AuthMonitor: checking Claude auth validity"}
@urateam/core:test: {"level":30,"time":"2026-05-24T11:29:18.024Z","pid":404513,"hostname":"df54c4ecdd90","name":"urateam","component":"AuthMonitor","authMethod":"oauth-token","msg":"AuthMonitor: checking Claude auth validity"}
@urateam/core:test: {"level":30,"time":"2026-05-24T11:29:18.024Z","pid":404513,"hostname":"df54c4ecdd90","name":"urateam","component":"AuthMonitor","authMethod":"oauth-token","msg":"AuthMonitor: checking Claude auth validity"}
@urateam/core:test: {"level":30,"time":"2026-05-24T11:29:18.024Z","pid":404513,"hostname":"df54c4ecdd90","name":"urateam","component":"AuthMonitor","authMethod":"oauth-token","msg":"AuthMonitor: checking Claude auth validity"}
@urateam/core:test: {"level":50,"time":"2026-05-24T11:29:18.024Z","pid":404513,"hostname":"df54c4ecdd90","name":"urateam","component":"AuthMonitor","msg":"AuthMonitor: CLAUDE_CODE_OAUTH_TOKEN has expired or been revoked. Run `claude setup-token` to regenerate the token, update CLAUDE_CODE_OAUTH_TOKEN in your env, and restart the container. See deploy/CLAUDE_AUTH.md."}
@urateam/core:test: {"level":30,"time":"2026-05-24T11:29:18.025Z","pid":404513,"hostname":"df54c4ecdd90","name":"urateam","component":"AuthMonitor","authMethod":"mounted-session","msg":"AuthMonitor: checking Claude auth validity"}
@urateam/core:test: {"level":50,"time":"2026-05-24T11:29:18.025Z","pid":404513,"hostname":"df54c4ecdd90","name":"urateam","component":"AuthMonitor","msg":"AuthMonitor: mounted Claude session expired. Run `claude login` in the container, or switch to CLAUDE_CODE_OAUTH_TOKEN (see deploy/CLAUDE_AUTH.md)"}
@urateam/core:test:  ✓ src/__tests__/auth-monitor.test.ts (29 tests) 37ms
@urateam/core:test: {"level":50,"time":"2026-05-24T11:29:18.398Z","pid":404561,"hostname":"df54c4ecdd90","name":"urateam","component":"DiscordNotifier","err":{"type":"Error","message":"network error","stack":"Error: network error\n    at /home/ura/data/runs/PnXZTHwyAR6qch7obf8pl/worktree/packages/core/src/__tests__/notifier-discord.test.ts:102:33\n    at file:///home/ura/data/runs/PnXZTHwyAR6qch7obf8pl/worktree/node_modules/.pnpm/@vitest+runner@3.2.4/node_modules/@vitest/runner/dist/chunk-hooks.js:155:11\n    at file:///home/ura/data/runs/PnXZTHwyAR6qch7obf8pl/worktree/node_modules/.pnpm/@vitest+runner@3.2.4/node_modules/@vitest/runner/dist/chunk-hooks.js:752:26\n    at file:///home/ura/data/runs/PnXZTHwyAR6qch7obf8pl/worktree/node_modules/.pnpm/@vitest+runner@3.2.4/node_modules/@vitest/runner/dist/chunk-hooks.js:1897:20\n    at new Promise (<anonymous>)\n    at runWithTimeout (file:///home/ura/data/runs/PnXZTHwyAR6qch7obf8pl/worktree/node_modules/.pnpm/@vitest+runner@3.2.4/node_modules/@vitest/runner/dist/chunk-hooks.js:1863:10)\n    at runTest (file:///home/ura/data/runs/PnXZTHwyAR6qch7obf8pl/worktree/node_modules/.pnpm/@vitest+runner@3.2.4/node_modules/@vitest/runner/dist/chunk-hooks.js:1574:12)\n    at processTicksAndRejections (node:internal/process/task_queues:103:5)\n    at runSuite (file:///home/ura/data/runs/PnXZTHwyAR6qch7obf8pl/worktree/node_modules/.pnpm/@vitest+runner@3.2.4/node_modules/@vitest/runner/dist/chunk-hooks.js:1729:8)\n    at runSuite (file:///home/ura/data/runs/PnXZTHwyAR6qch7obf8pl/worktree/node_modules/.pnpm/@vitest+runner@3.2.4/node_modules/@vitest/runner/dist/chunk-hooks.js:1729:8)"},"msg":"Discord notification failed"}
@urateam/core:test:  ✓ src/__tests__/notifier-discord.test.ts (10 tests) 41ms
@urateam/core:test: {"level":30,"time":"2026-05-24T11:29:19.040Z","pid":404555,"hostname":"df54c4ecdd90","name":"urateam","component":"PmAgent:startTodo","totalTodo":1,"orphanedCount":1,"maxPerTick":5,"msg":"found Todo issues with no active pipeline run"}
@urateam/core:test: {"level":30,"time":"2026-05-24T11:29:19.045Z","pid":404555,"hostname":"df54c4ecdd90","name":"urateam","component":"PmAgent:startTodo","identifier":"BEC-200","pipeline":"auto-implement","msg":"started pipeline for orphaned Todo issue"}
@urateam/core:test: {"level":30,"time":"2026-05-24T11:29:19.051Z","pid":404555,"hostname":"df54c4ecdd90","name":"urateam","component":"PmAgent:startTodo","identifier":"BEC-200","msg":"skipping — recent completed/failed pipeline run exists"}
@urateam/core:test: {"level":30,"time":"2026-05-24T11:29:19.052Z","pid":404555,"hostname":"df54c4ecdd90","name":"urateam","component":"PmAgent:startTodo","totalTodo":1,"orphanedCount":1,"maxPerTick":5,"msg":"found Todo issues with no active pipeline run"}
@urateam/core:test: {"level":30,"time":"2026-05-24T11:29:19.052Z","pid":404555,"hostname":"df54c4ecdd90","name":"urateam","component":"PmAgent:startTodo","identifier":"BEC-200","labels":["unknown-label"],"msg":"no pipeline match — skipping"}
@urateam/core:test: {"level":30,"time":"2026-05-24T11:29:19.053Z","pid":404555,"hostname":"df54c4ecdd90","name":"urateam","component":"PmAgent:startTodo","started":0,"skipped":[{"id":"BEC-200","reason":"no pipeline config matches labels"}],"msg":"startTodoIssues summary"}
@urateam/core:test: {"level":30,"time":"2026-05-24T11:29:19.054Z","pid":404555,"hostname":"df54c4ecdd90","name":"urateam","component":"PmAgent:startTodo","totalTodo":1,"orphanedCount":1,"maxPerTick":5,"msg":"found Todo issues with no active pipeline run"}
@urateam/core:test: {"level":40,"time":"2026-05-24T11:29:19.054Z","pid":404555,"hostname":"df54c4ecdd90","name":"urateam","component":"PmAgent:startTodo","identifier":"BEC-200","teamId":"unknown-team","projectId":"unknown-proj","pipelineLabel":"auto-implement","msg":"no repo mapping — skipping (checked labelPattern and teamId/projectId keys)"}
@urateam/core:test: {"level":30,"time":"2026-05-24T11:29:19.054Z","pid":404555,"hostname":"df54c4ecdd90","name":"urateam","component":"PmAgent:startTodo","started":0,"skipped":[{"id":"BEC-200","reason":"no repo config for label \"auto-implement\" (team unknown-team)"}],"msg":"startTodoIssues summary"}
@urateam/core:test: {"level":30,"time":"2026-05-24T11:29:19.055Z","pid":404555,"hostname":"df54c4ecdd90","name":"urateam","component":"PmAgent:startTodo","totalTodo":3,"orphanedCount":3,"maxPerTick":2,"msg":"found Todo issues with no active pipeline run"}
@urateam/core:test: {"level":30,"time":"2026-05-24T11:29:19.056Z","pid":404555,"hostname":"df54c4ecdd90","name":"urateam","component":"PmAgent:startTodo","identifier":"BEC-201","pipeline":"auto-implement","msg":"started pipeline for orphaned Todo issue"}
@urateam/core:test: {"level":30,"time":"2026-05-24T11:29:19.056Z","pid":404555,"hostname":"df54c4ecdd90","name":"urateam","component":"PmAgent:startTodo","identifier":"BEC-202","pipeline":"auto-implement","msg":"started pipeline for orphaned Todo issue"}
@urateam/core:test: {"level":30,"time":"2026-05-24T11:29:19.057Z","pid":404555,"hostname":"df54c4ecdd90","name":"urateam","component":"PmAgent:startTodo","totalTodo":2,"orphanedCount":2,"maxPerTick":5,"msg":"found Todo issues with no active pipeline run"}
@urateam/core:test: {"level":50,"time":"2026-05-24T11:29:19.058Z","pid":404555,"hostname":"df54c4ecdd90","name":"urateam","component":"PmAgent:startTodo","identifier":"BEC-301","err":{"type":"Error","message":"clone failed","stack":"Error: clone failed\n    at /home/ura/data/runs/PnXZTHwyAR6qch7obf8pl/worktree/packages/core/src/__tests__/start-todo.test.ts:217:32\n    at file:///home/ura/data/runs/PnXZTHwyAR6qch7obf8pl/worktree/node_modules/.pnpm/@vitest+runner@3.2.4/node_modules/@vitest/runner/dist/chunk-hooks.js:155:11\n    at file:///home/ura/data/runs/PnXZTHwyAR6qch7obf8pl/worktree/node_modules/.pnpm/@vitest+runner@3.2.4/node_modules/@vitest/runner/dist/chunk-hooks.js:752:26\n    at file:///home/ura/data/runs/PnXZTHwyAR6qch7obf8pl/worktree/node_modules/.pnpm/@vitest+runner@3.2.4/node_modules/@vitest/runner/dist/chunk-hooks.js:1897:20\n    at new Promise (<anonymous>)\n    at runWithTimeout (file:///home/ura/data/runs/PnXZTHwyAR6qch7obf8pl/worktree/node_modules/.pnpm/@vitest+runner@3.2.4/node_modules/@vitest/runner/dist/chunk-hooks.js:1863:10)\n    at runTest (file:///home/ura/data/runs/PnXZTHwyAR6qch7obf8pl/worktree/node_modules/.pnpm/@vitest+runner@3.2.4/node_modules/@vitest/runner/dist/chunk-hooks.js:1574:12)\n    at processTicksAndRejections (node:internal/process/task_queues:103:5)\n    at runSuite (file:///home/ura/data/runs/PnXZTHwyAR6qch7obf8pl/worktree/node_modules/.pnpm/@vitest+runner@3.2.4/node_modules/@vitest/runner/dist/chunk-hooks.js:1729:8)\n    at runSuite (file:///home/ura/data/runs/PnXZTHwyAR6qch7obf8pl/worktree/node_modules/.pnpm/@vitest+runner@3.2.4/node_modules/@vitest/runner/dist/chunk-hooks.js:1729:8)"},"msg":"failed to start pipeline for Todo issue"}
@urateam/core:test: {"level":30,"time":"2026-05-24T11:29:19.066Z","pid":404555,"hostname":"df54c4ecdd90","name":"urateam","component":"PmAgent:startTodo","identifier":"BEC-302","pipeline":"auto-implement","msg":"started pipeline for orphaned Todo issue"}
@urateam/core:test: {"level":30,"time":"2026-05-24T11:29:19.066Z","pid":404555,"hostname":"df54c4ecdd90","name":"urateam","component":"PmAgent:startTodo","started":1,"skipped":[{"id":"BEC-301","reason":"clone failed"}],"msg":"startTodoIssues summary"}
@urateam/core:test: {"level":30,"time":"2026-05-24T11:29:19.068Z","pid":404555,"hostname":"df54c4ecdd90","name":"urateam","component":"PmAgent:startTodo","totalTodo":1,"orphanedCount":1,"maxPerTick":5,"msg":"found Todo issues with no active pipeline run"}
@urateam/core:test: {"level":30,"time":"2026-05-24T11:29:19.068Z","pid":404555,"hostname":"df54c4ecdd90","name":"urateam","component":"PmAgent:startTodo","identifier":"BEC-200","pipeline":"observer-fix","msg":"started pipeline for orphaned Todo issue"}
@urateam/core:test: {"level":30,"time":"2026-05-24T11:29:19.070Z","pid":404555,"hostname":"df54c4ecdd90","name":"urateam","component":"PmAgent:startTodo","totalTodo":1,"orphanedCount":1,"maxPerTick":5,"msg":"found Todo issues with no active pipeline run"}
@urateam/core:test: {"level":30,"time":"2026-05-24T11:29:19.070Z","pid":404555,"hostname":"df54c4ecdd90","name":"urateam","component":"PmAgent:startTodo","identifier":"BEC-200","pipeline":"auto-implement","msg":"started pipeline for orphaned Todo issue"}
@urateam/core:test: {"level":30,"time":"2026-05-24T11:29:19.071Z","pid":404555,"hostname":"df54c4ecdd90","name":"urateam","component":"PmAgent:startTodo","totalTodo":1,"orphanedCount":1,"maxPerTick":5,"msg":"found Todo issues with no active pipeline run"}
@urateam/core:test: {"level":30,"time":"2026-05-24T11:29:19.071Z","pid":404555,"hostname":"df54c4ecdd90","name":"urateam","component":"PmAgent:startTodo","identifier":"BEC-200","pipeline":"auto-implement","msg":"started pipeline for orphaned Todo issue"}
@urateam/core:test: {"level":30,"time":"2026-05-24T11:29:19.072Z","pid":404555,"hostname":"df54c4ecdd90","name":"urateam","component":"PmAgent:startTodo","totalTodo":1,"orphanedCount":1,"maxPerTick":5,"msg":"found Todo issues with no active pipeline run"}
@urateam/core:test: {"level":40,"time":"2026-05-24T11:29:19.072Z","pid":404555,"hostname":"df54c4ecdd90","name":"urateam","component":"PmAgent:startTodo","identifier":"BEC-200","teamId":"unknown-team","projectId":"proj-1","pipelineLabel":"auto-implement","msg":"no repo mapping — skipping (checked labelPattern and teamId/projectId keys)"}
@urateam/core:test: {"level":30,"time":"2026-05-24T11:29:19.072Z","pid":404555,"hostname":"df54c4ecdd90","name":"urateam","component":"PmAgent:startTodo","started":0,"skipped":[{"id":"BEC-200","reason":"no repo config for label \"auto-implement\" (team unknown-team)"}],"msg":"startTodoIssues summary"}
@urateam/core:test: {"level":30,"time":"2026-05-24T11:29:19.073Z","pid":404555,"hostname":"df54c4ecdd90","name":"urateam","component":"PmAgent:startTodo","totalTodo":1,"orphanedCount":1,"maxPerTick":5,"msg":"found Todo issues with no active pipeline run"}
@urateam/core:test: {"level":40,"time":"2026-05-24T11:29:19.073Z","pid":404555,"hostname":"df54c4ecdd90","name":"urateam","component":"PmAgent:startTodo","identifier":"BEC-161-T1","failureCount":3,"threshold":3,"msg":"circuit-breaker engaged — skipping start"}
@urateam/core:test: {"level":40,"time":"2026-05-24T11:29:19.075Z","pid":404555,"hostname":"df54c4ecdd90","name":"urateam","component":"audit.writer","err":{"type":"TypeError","message":"db.insert is not a function","stack":"TypeError: db.insert is not a function\n    at insertAuditEvent (/home/ura/data/runs/PnXZTHwyAR6qch7obf8pl/worktree/packages/core/src/audit/writer.ts:10:23)\n    at logAuditEventUnchecked (/home/ura/data/runs/PnXZTHwyAR6qch7obf8pl/worktree/packages/core/src/audit/writer.ts:79:9)\n    at startTodoIssues (/home/ura/data/runs/PnXZTHwyAR6qch7obf8pl/worktree/packages/core/src/pm/actions/start-todo.ts:159:14)\n    at processTicksAndRejections (node:internal/process/task_queues:103:5)\n    at /home/ura/data/runs/PnXZTHwyAR6qch7obf8pl/worktree/packages/core/src/__tests__/start-todo.test.ts:403:23\n    at file:///home/ura/data/runs/PnXZTHwyAR6qch7obf8pl/worktree/node_modules/.pnpm/@vitest+runner@3.2.4/node_modules/@vitest/runner/dist/chunk-hooks.js:752:20"},"eventType":"pm.skipped_circuit_breaker","id":"evt_54261e21-4f2c-4e9f-bcec-a2de822a6d71","msg":"audit event write failed"}
@urateam/core:test: {"level":30,"time":"2026-05-24T11:29:19.076Z","pid":404555,"hostname":"df54c4ecdd90","name":"urateam","component":"PmAgent:startTodo","started":0,"skipped":[{"id":"BEC-161-T1","reason":"circuit-breaker: 3 consecutive failed runs (threshold 3)"}],"msg":"startTodoIssues summary"}
@urateam/core:test: {"level":30,"time":"2026-05-24T11:29:19.078Z","pid":404555,"hostname":"df54c4ecdd90","name":"urateam","component":"PmAgent:startTodo","totalTodo":1,"orphanedCount":1,"maxPerTick":5,"msg":"found Todo issues with no active pipeline run"}
@urateam/core:test: {"level":30,"time":"2026-05-24T11:29:19.078Z","pid":404555,"hostname":"df54c4ecdd90","name":"urateam","component":"PmAgent:startTodo","identifier":"BEC-161-T2","pipeline":"auto-implement","msg":"started pipeline for orphaned Todo issue"}
@urateam/core:test: {"level":30,"time":"2026-05-24T11:29:19.080Z","pid":404555,"hostname":"df54c4ecdd90","name":"urateam","component":"PmAgent:startTodo","totalTodo":1,"orphanedCount":1,"maxPerTick":5,"msg":"found Todo issues with no active pipeline run"}
@urateam/core:test: {"level":30,"time":"2026-05-24T11:29:19.080Z","pid":404555,"hostname":"df54c4ecdd90","name":"urateam","component":"PmAgent:startTodo","identifier":"BEC-161-T3","pipeline":"auto-implement","msg":"started pipeline for orphaned Todo issue"}
@urateam/core:test: {"level":30,"time":"2026-05-24T11:29:19.081Z","pid":404555,"hostname":"df54c4ecdd90","name":"urateam","component":"PmAgent:startTodo","totalTodo":1,"orphanedCount":1,"maxPerTick":5,"msg":"found Todo issues with no active pipeline run"}
@urateam/core:test: {"level":30,"time":"2026-05-24T11:29:19.081Z","pid":404555,"hostname":"df54c4ecdd90","name":"urateam","component":"PmAgent:startTodo","identifier":"BEC-161-T1","pipeline":"auto-implement","msg":"started pipeline for orphaned Todo issue"}
@urateam/core:test:  ✓ src/__tests__/start-todo.test.ts (16 tests) 51ms
@urateam/core:test:  ✓ src/__tests__/circuit-breaker-recover.test.ts (3 tests) 43ms
@urateam/core:test: {"level":30,"time":"2026-05-24T11:29:20.133Z","pid":404615,"hostname":"df54c4ecdd90","name":"urateam","component":"audit.retention","retentionDays":365,"cutoff":"2025-05-24T11:29:20.132Z","deleted":1,"msg":"audit log pruned"}
@urateam/core:test: {"level":30,"time":"2026-05-24T11:29:20.147Z","pid":404615,"hostname":"df54c4ecdd90","name":"urateam","component":"audit.retention","retentionDays":365,"cutoff":"2025-05-24T11:29:20.147Z","deleted":0,"msg":"audit log pruned"}
@urateam/core:test:  ✓ src/__tests__/audit/retention.test.ts (2 tests) 46ms
@urateam/core:test: {"level":50,"time":"2026-05-24T11:29:20.679Z","pid":404635,"hostname":"df54c4ecdd90","name":"urateam","component":"PmAgent:scheduler","err":{"type":"TypeError","message":"db.select is not a function","stack":"TypeError: db.select is not a function\n    at selectProbeCandidates (/home/ura/data/runs/PnXZTHwyAR6qch7obf8pl/worktree/packages/core/src/pm/actions/select-probe-candidates.ts:47:6)\n    at Object.tick (/home/ura/data/runs/PnXZTHwyAR6qch7obf8pl/worktree/packages/core/src/pm/scheduler.ts:353:38)\n    at processTicksAndRejections (node:internal/process/task_queues:103:5)\n    at /home/ura/data/runs/PnXZTHwyAR6qch7obf8pl/worktree/packages/core/src/__tests__/reproduce-bec91-stuck-in-progress.test.ts:177:5\n    at file:///home/ura/data/runs/PnXZTHwyAR6qch7obf8pl/worktree/node_modules/.pnpm/@vitest+runner@3.2.4/node_modules/@vitest/runner/dist/chunk-hooks.js:752:20"},"msg":"selectProbeCandidates failed"}
@urateam/core:test: {"level":50,"time":"2026-05-24T11:29:20.689Z","pid":404635,"hostname":"df54c4ecdd90","name":"urateam","component":"PmAgent:scheduler","err":{"type":"TypeError","message":"db.select is not a function","stack":"TypeError: db.select is not a function\n    at sweepRecoveredCircuitBreakers (/home/ura/data/runs/PnXZTHwyAR6qch7obf8pl/worktree/packages/core/src/pm/actions/sweep-recovered-circuit-breakers.ts:39:6)\n    at Object.tick (/home/ura/data/runs/PnXZTHwyAR6qch7obf8pl/worktree/packages/core/src/pm/scheduler.ts:369:19)\n    at processTicksAndRejections (node:internal/process/task_queues:103:5)\n    at /home/ura/data/runs/PnXZTHwyAR6qch7obf8pl/worktree/packages/core/src/__tests__/reproduce-bec91-stuck-in-progress.test.ts:177:5\n    at file:///home/ura/data/runs/PnXZTHwyAR6qch7obf8pl/worktree/node_modules/.pnpm/@vitest+runner@3.2.4/node_modules/@vitest/runner/dist/chunk-hooks.js:752:20"},"msg":"sweepRecoveredCircuitBreakers failed"}
@urateam/core:test: {"level":30,"time":"2026-05-24T11:29:20.691Z","pid":404635,"hostname":"df54c4ecdd90","name":"urateam","component":"license","tier":"oss","msg":"no license key set — running in OSS mode"}
@urateam/core:test: {"level":30,"time":"2026-05-24T11:29:20.691Z","pid":404635,"hostname":"df54c4ecdd90","name":"urateam","component":"PmAgent:scheduler","triaged":0,"promoted":0,"errors":2,"msg":"tick complete"}
@urateam/core:test: {"level":50,"time":"2026-05-24T11:29:20.692Z","pid":404635,"hostname":"df54c4ecdd90","name":"urateam","component":"PmAgent:scheduler","err":{"type":"TypeError","message":"db.select is not a function","stack":"TypeError: db.select is not a function\n    at selectProbeCandidates (/home/ura/data/runs/PnXZTHwyAR6qch7obf8pl/worktree/packages/core/src/pm/actions/select-probe-candidates.ts:47:6)\n    at Object.tick (/home/ura/data/runs/PnXZTHwyAR6qch7obf8pl/worktree/packages/core/src/pm/scheduler.ts:353:38)\n    at processTicksAndRejections (node:internal/process/task_queues:103:5)\n    at /home/ura/data/runs/PnXZTHwyAR6qch7obf8pl/worktree/packages/core/src/__tests__/reproduce-bec91-stuck-in-progress.test.ts:237:5\n    at file:///home/ura/data/runs/PnXZTHwyAR6qch7obf8pl/worktree/node_modules/.pnpm/@vitest+runner@3.2.4/node_modules/@vitest/runner/dist/chunk-hooks.js:752:20"},"msg":"selectProbeCandidates failed"}
@urateam/core:test: {"level":50,"time":"2026-05-24T11:29:20.693Z","pid":404635,"hostname":"df54c4ecdd90","name":"urateam","component":"PmAgent:scheduler","err":{"type":"TypeError","message":"db.select is not a function","stack":"TypeError: db.select is not a function\n    at sweepRecoveredCircuitBreakers (/home/ura/data/runs/PnXZTHwyAR6qch7obf8pl/worktree/packages/core/src/pm/actions/sweep-recovered-circuit-breakers.ts:39:6)\n    at Object.tick (/home/ura/data/runs/PnXZTHwyAR6qch7obf8pl/worktree/packages/core/src/pm/scheduler.ts:369:19)\n    at processTicksAndRejections (node:internal/process/task_queues:103:5)\n    at /home/ura/data/runs/PnXZTHwyAR6qch7obf8pl/worktree/packages/core/src/__tests__/reproduce-bec91-stuck-in-progress.test.ts:237:5\n    at file:///home/ura/data/runs/PnXZTHwyAR6qch7obf8pl/worktree/node_modules/.pnpm/@vitest+runner@3.2.4/node_modules/@vitest/runner/dist/chunk-hooks.js:752:20"},"msg":"sweepRecoveredCircuitBreakers failed"}
@urateam/core:test: {"level":30,"time":"2026-05-24T11:29:20.694Z","pid":404635,"hostname":"df54c4ecdd90","name":"urateam","component":"PmAgent:scheduler","triaged":0,"promoted":0,"errors":2,"msg":"tick complete"}
@urateam/core:test:  ✓ src/__tests__/reproduce-bec91-stuck-in-progress.test.ts (6 tests) 30ms
@urateam/core:test:  ✓ src/__tests__/pm-slack.test.ts (27 tests) 39ms
@urateam/core:test: {"level":30,"time":"2026-05-24T11:29:21.712Z","pid":404675,"hostname":"df54c4ecdd90","name":"urateam","component":"license","tier":"enterprise","customerId":"cust_test","expiresAt":"2026-05-25T11:29:21.000Z","msg":"license key validated"}
@urateam/core:test:  ✓ src/__tests__/audit/audit-e2e.test.ts (1 test) 34ms
@urateam/core:test:  ✓ src/__tests__/db-sso-schema.test.ts (2 tests) 34ms
@urateam/core:test:  ✓ src/__tests__/db-cost-rollups-schema.test.ts (2 tests) 28ms
@urateam/core:test: {"level":30,"time":"2026-05-24T11:29:23.044Z","pid":404735,"hostname":"df54c4ecdd90","name":"urateam","component":"license","tier":"enterprise","customerId":"cust_test","expiresAt":"2026-05-25T11:29:23.000Z","msg":"license key validated"}
@urateam/core:test: {"level":30,"time":"2026-05-24T11:29:23.048Z","pid":404735,"hostname":"df54c4ecdd90","name":"urateam","component":"license","tier":"enterprise","customerId":"cust_test","expiresAt":"2026-05-25T11:29:23.000Z","msg":"license key validated"}
@urateam/core:test: {"level":30,"time":"2026-05-24T11:29:23.050Z","pid":404735,"hostname":"df54c4ecdd90","name":"urateam","component":"license","tier":"enterprise","customerId":"cust_test","expiresAt":"2026-05-25T11:29:23.000Z","msg":"license key validated"}
@urateam/core:test: {"level":30,"time":"2026-05-24T11:29:23.051Z","pid":404735,"hostname":"df54c4ecdd90","name":"urateam","component":"license","tier":"enterprise","customerId":"cust_test","expiresAt":"2026-05-25T11:29:23.000Z","msg":"license key validated"}
@urateam/core:test: {"level":30,"time":"2026-05-24T11:29:23.052Z","pid":404735,"hostname":"df54c4ecdd90","name":"urateam","component":"license","tier":"enterprise","customerId":"cust_test","expiresAt":"2026-05-25T11:29:23.000Z","msg":"license key validated"}
@urateam/core:test: {"level":30,"time":"2026-05-24T11:29:23.053Z","pid":404735,"hostname":"df54c4ecdd90","name":"urateam","component":"license","tier":"enterprise","customerId":"cust_test","expiresAt":"2026-05-25T11:29:23.000Z","msg":"license key validated"}
@urateam/core:test: {"level":30,"time":"2026-05-24T11:29:23.054Z","pid":404735,"hostname":"df54c4ecdd90","name":"urateam","component":"license","tier":"enterprise","customerId":"cust_test","expiresAt":"2026-05-25T11:29:23.000Z","msg":"license key validated"}
@urateam/core:test: {"level":30,"time":"2026-05-24T11:29:23.055Z","pid":404735,"hostname":"df54c4ecdd90","name":"urateam","component":"license","tier":"enterprise","customerId":"cust_test","expiresAt":"2026-05-25T11:29:23.000Z","msg":"license key validated"}
@urateam/core:test: {"level":30,"time":"2026-05-24T11:29:23.057Z","pid":404735,"hostname":"df54c4ecdd90","name":"urateam","component":"license","tier":"enterprise","customerId":"cust_test","expiresAt":"2026-05-25T11:29:23.000Z","msg":"license key validated"}
@urateam/core:test: {"level":30,"time":"2026-05-24T11:29:23.058Z","pid":404735,"hostname":"df54c4ecdd90","name":"urateam","component":"license","tier":"enterprise","customerId":"cust_test","expiresAt":"2026-05-25T11:29:23.000Z","msg":"license key validated"}
@urateam/core:test: {"level":30,"time":"2026-05-24T11:29:23.059Z","pid":404735,"hostname":"df54c4ecdd90","name":"urateam","component":"license","tier":"enterprise","customerId":"cust_test","expiresAt":"2026-05-25T11:29:23.000Z","msg":"license key validated"}
@urateam/core:test: {"level":30,"time":"2026-05-24T11:29:23.060Z","pid":404735,"hostname":"df54c4ecdd90","name":"urateam","component":"license","tier":"enterprise","customerId":"cust_test","expiresAt":"2026-05-25T11:29:23.000Z","msg":"license key validated"}
@urateam/core:test: {"level":30,"time":"2026-05-24T11:29:23.061Z","pid":404735,"hostname":"df54c4ecdd90","name":"urateam","component":"license","tier":"enterprise","customerId":"cust_test","expiresAt":"2026-05-25T11:29:23.000Z","msg":"license key validated"}
@urateam/core:test: {"level":30,"time":"2026-05-24T11:29:23.061Z","pid":404735,"hostname":"df54c4ecdd90","name":"urateam","component":"license","tier":"enterprise","customerId":"cust_test","expiresAt":"2026-05-25T11:29:23.000Z","msg":"license key validated"}
@urateam/core:test: {"level":30,"time":"2026-05-24T11:29:23.062Z","pid":404735,"hostname":"df54c4ecdd90","name":"urateam","component":"license","tier":"enterprise","customerId":"cust_test","expiresAt":"2026-05-25T11:29:23.000Z","msg":"license key validated"}
@urateam/core:test: {"level":30,"time":"2026-05-24T11:29:23.063Z","pid":404735,"hostname":"df54c4ecdd90","name":"urateam","component":"license","tier":"enterprise","customerId":"cust_test","expiresAt":"2026-05-25T11:29:23.000Z","msg":"license key validated"}
@urateam/core:test: {"level":30,"time":"2026-05-24T11:29:23.064Z","pid":404735,"hostname":"df54c4ecdd90","name":"urateam","component":"license","tier":"enterprise","customerId":"cust_test","expiresAt":"2026-05-25T11:29:23.000Z","msg":"license key validated"}
@urateam/core:test: {"level":30,"time":"2026-05-24T11:29:23.065Z","pid":404735,"hostname":"df54c4ecdd90","name":"urateam","component":"license","tier":"enterprise","customerId":"cust_test","expiresAt":"2026-05-25T11:29:23.000Z","msg":"license key validated"}
@urateam/core:test: {"level":30,"time":"2026-05-24T11:29:23.066Z","pid":404735,"hostname":"df54c4ecdd90","name":"urateam","component":"license","tier":"enterprise","customerId":"cust_test","expiresAt":"2026-05-25T11:29:23.000Z","msg":"license key validated"}
@urateam/core:test: {"level":30,"time":"2026-05-24T11:29:23.066Z","pid":404735,"hostname":"df54c4ecdd90","name":"urateam","component":"license","tier":"enterprise","customerId":"cust_test","expiresAt":"2026-05-25T11:29:23.000Z","msg":"license key validated"}
@urateam/core:test: {"level":30,"time":"2026-05-24T11:29:23.067Z","pid":404735,"hostname":"df54c4ecdd90","name":"urateam","component":"license","tier":"enterprise","customerId":"cust_test","expiresAt":"2026-05-25T11:29:23.000Z","msg":"license key validated"}
@urateam/core:test: {"level":30,"time":"2026-05-24T11:29:23.068Z","pid":404735,"hostname":"df54c4ecdd90","name":"urateam","component":"license","tier":"enterprise","customerId":"cust_test","expiresAt":"2026-05-25T11:29:23.000Z","msg":"license key validated"}
@urateam/core:test: {"level":30,"time":"2026-05-24T11:29:23.069Z","pid":404735,"hostname":"df54c4ecdd90","name":"urateam","component":"license","tier":"enterprise","customerId":"cust_test","expiresAt":"2026-05-25T11:29:23.000Z","msg":"license key validated"}
@urateam/core:test: {"level":30,"time":"2026-05-24T11:29:23.069Z","pid":404735,"hostname":"df54c4ecdd90","name":"urateam","component":"license","tier":"enterprise","customerId":"cust_test","expiresAt":"2026-05-25T11:29:23.000Z","msg":"license key validated"}
@urateam/core:test: {"level":30,"time":"2026-05-24T11:29:23.070Z","pid":404735,"hostname":"df54c4ecdd90","name":"urateam","component":"license","tier":"enterprise","customerId":"cust_test","expiresAt":"2026-05-25T11:29:23.000Z","msg":"license key validated"}
@urateam/core:test: {"level":30,"time":"2026-05-24T11:29:23.071Z","pid":404735,"hostname":"df54c4ecdd90","name":"urateam","component":"license","tier":"enterprise","customerId":"cust_test","expiresAt":"2026-05-25T11:29:23.000Z","msg":"license key validated"}
@urateam/core:test: {"level":30,"time":"2026-05-24T11:29:23.072Z","pid":404735,"hostname":"df54c4ecdd90","name":"urateam","component":"license","tier":"enterprise","customerId":"cust_test","expiresAt":"2026-05-25T11:29:23.000Z","msg":"license key validated"}
@urateam/core:test: {"level":30,"time":"2026-05-24T11:29:23.073Z","pid":404735,"hostname":"df54c4ecdd90","name":"urateam","component":"license","tier":"enterprise","customerId":"cust_test","expiresAt":"2026-05-25T11:29:23.000Z","msg":"license key validated"}
@urateam/core:test: {"level":30,"time":"2026-05-24T11:29:23.074Z","pid":404735,"hostname":"df54c4ecdd90","name":"urateam","component":"license","tier":"enterprise","customerId":"cust_test","expiresAt":"2026-05-25T11:29:23.000Z","msg":"license key validated"}
@urateam/core:test: {"level":30,"time":"2026-05-24T11:29:23.075Z","pid":404735,"hostname":"df54c4ecdd90","name":"urateam","component":"license","tier":"enterprise","customerId":"cust_test","expiresAt":"2026-05-25T11:29:23.000Z","msg":"license key validated"}
@urateam/core:test:  ✓ src/__tests__/rbac/matrix.test.ts (30 tests) 41ms
@urateam/core:test:  ✓ src/__tests__/pm-types.test.ts (21 tests) 20ms
@urateam/core:test:  ✓ src/__tests__/notifier.test.ts (11 tests) 33ms
@urateam/core:test:  ✓ src/__tests__/auth/user-role-round-trip.test.ts (2 tests) 31ms
@urateam/core:test:  ✓ src/__tests__/decisions-table-migration.test.ts (2 tests) 31ms
@urateam/core:test:  ✓ src/__tests__/session-resume-flag.test.ts (4 tests) 33ms
@urateam/core:test: {"level":30,"time":"2026-05-24T11:29:25.460Z","pid":404855,"hostname":"df54c4ecdd90","name":"urateam","component":"Executor","runId":"run-bec231-retry-create","issueId":"BEC-227","stage":"implement","authMethod":"mounted-session","msg":"Claude auth method resolved"}
@urateam/core:test: {"level":30,"time":"2026-05-24T11:29:25.462Z","pid":404855,"hostname":"df54c4ecdd90","name":"urateam","component":"Executor","runId":"run-bec231-retry-create","issueId":"BEC-227","stage":"implement","workdir":"/nonexistent/path/bec231","msg":"importing Agent SDK"}
@urateam/core:test: {"level":30,"time":"2026-05-24T11:29:25.462Z","pid":404855,"hostname":"df54c4ecdd90","name":"urateam","component":"Executor","runId":"run-bec231-retry-create","issueId":"BEC-227","stage":"implement","workdir":"/nonexistent/path/bec231","msg":"starting agent query"}
@urateam/core:test: {"level":30,"time":"2026-05-24T11:29:25.463Z","pid":404855,"hostname":"df54c4ecdd90","name":"urateam","component":"Executor","runId":"run-bec231-retry-create","issueId":"BEC-227","stage":"implement","msg":"iterating agent messages"}
@urateam/core:test: {"level":30,"time":"2026-05-24T11:29:25.466Z","pid":404855,"hostname":"df54c4ecdd90","name":"urateam","component":"Executor","runId":"run-bec231-retry-create","issueId":"BEC-227","stage":"implement","inputTokens":0,"outputTokens":0,"turns":1,"msg":"stage completed"}
@urateam/core:test:  ✓ src/__tests__/session-resume-fallback.test.ts (1 test) 30ms
@urateam/core:test:  ✓ src/__tests__/pipeline/pr-change-summary.test.ts (17 tests) 25ms
@urateam/core:test:  ✓ src/__tests__/db-audit-schema.test.ts (2 tests) 35ms
@urateam/core:test: {"level":40,"time":"2026-05-24T11:29:26.611Z","pid":404902,"hostname":"df54c4ecdd90","name":"urateam","component":"PmAgent:promote","issueId":"BEC-700","failureCount":5,"threshold":3,"msg":"skipped promote: circuit-breaker engaged (too many consecutive failures)"}
@urateam/core:test: {"level":40,"time":"2026-05-24T11:29:26.612Z","pid":404902,"hostname":"df54c4ecdd90","name":"urateam","component":"PmAgent:promote","issueId":"BEC-700","failureCount":5,"hasError":true,"msg":"Tier 5 escalation: moved issue to needs-design and notified"}
@urateam/core:test: {"level":40,"time":"2026-05-24T11:29:26.618Z","pid":404902,"hostname":"df54c4ecdd90","name":"urateam","component":"PmAgent:promote","issueId":"BEC-700","failureCount":3,"threshold":3,"msg":"skipped promote: circuit-breaker engaged (too many consecutive failures)"}
@urateam/core:test: {"level":40,"time":"2026-05-24T11:29:26.618Z","pid":404902,"hostname":"df54c4ecdd90","name":"urateam","component":"PmAgent:promote","issueId":"BEC-700","failureCount":3,"hasError":false,"msg":"Tier 5 escalation: moved issue to needs-design and notified"}
@urateam/core:test: {"level":40,"time":"2026-05-24T11:29:26.619Z","pid":404902,"hostname":"df54c4ecdd90","name":"urateam","component":"PmAgent:promote","issueId":"BEC-700","failureCount":3,"threshold":3,"msg":"skipped promote: circuit-breaker engaged (too many consecutive failures)"}
@urateam/core:test: {"level":40,"time":"2026-05-24T11:29:26.619Z","pid":404902,"hostname":"df54c4ecdd90","name":"urateam","component":"PmAgent:promote","issueId":"BEC-700","failureCount":3,"hasError":true,"msg":"Tier 5 escalation: moved issue to needs-design and notified"}
@urateam/core:test: {"level":40,"time":"2026-05-24T11:29:26.624Z","pid":404902,"hostname":"df54c4ecdd90","name":"urateam","component":"PmAgent:promote","issueId":"BEC-701","failureCount":5,"threshold":3,"msg":"skipped promote: circuit-breaker engaged (too many consecutive failures)"}
@urateam/core:test: {"level":30,"time":"2026-05-24T11:29:26.625Z","pid":404902,"hostname":"df54c4ecdd90","name":"urateam","component":"PmAgent:promote","issueId":"BEC-700","overlapRisk":"none","msg":"promoted to Todo"}
@urateam/core:test: {"level":40,"time":"2026-05-24T11:29:26.626Z","pid":404902,"hostname":"df54c4ecdd90","name":"urateam","component":"PmAgent:promote","issueId":"BEC-700","failureCount":3,"threshold":3,"msg":"skipped promote: circuit-breaker engaged (too many consecutive failures)"}
@urateam/core:test: {"level":40,"time":"2026-05-24T11:29:26.627Z","pid":404902,"hostname":"df54c4ecdd90","name":"urateam","component":"PmAgent:promote","issueId":"BEC-700","failureCount":3,"hasError":true,"msg":"Tier 5 escalation: moved issue to needs-design and notified"}
@urateam/core:test: {"level":40,"time":"2026-05-24T11:29:26.627Z","pid":404902,"hostname":"df54c4ecdd90","name":"urateam","component":"PmAgent:promote","issueId":"BEC-700","failureCount":3,"threshold":3,"msg":"skipped promote: circuit-breaker engaged (too many consecutive failures)"}
@urateam/core:test: {"level":40,"time":"2026-05-24T11:29:26.627Z","pid":404902,"hostname":"df54c4ecdd90","name":"urateam","component":"PmAgent:promote","issueId":"BEC-700","label":"needs-design","msg":"Tier 5 escalation: 'needs-design' label not found in Linear — escalation logged but issue not relabeled"}
@urateam/core:test: {"level":40,"time":"2026-05-24T11:29:26.627Z","pid":404902,"hostname":"df54c4ecdd90","name":"urateam","component":"PmAgent:promote","issueId":"BEC-700","failureCount":3,"hasError":true,"msg":"Tier 5 escalation: moved issue to needs-design and notified"}
@urateam/core:test:  ✓ src/__tests__/pm-escalation.test.ts (7 tests) 21ms
@urateam/core:test: {"level":30,"time":"2026-05-24T11:29:26.968Z","pid":404942,"hostname":"df54c4ecdd90","name":"urateam","component":"pipeline.control-signals","runId":"run-1","mode":"graceful","previous":null,"msg":"stop signal recorded"}
@urateam/core:test: {"level":30,"time":"2026-05-24T11:29:26.971Z","pid":404942,"hostname":"df54c4ecdd90","name":"urateam","component":"pipeline.control-signals","runId":"run-2","mode":"cancel","previous":null,"msg":"stop signal recorded"}
@urateam/core:test: {"level":30,"time":"2026-05-24T11:29:26.971Z","pid":404942,"hostname":"df54c4ecdd90","name":"urateam","component":"pipeline.control-signals","runId":"run-3","mode":"graceful","previous":null,"msg":"stop signal recorded"}
@urateam/core:test: {"level":30,"time":"2026-05-24T11:29:26.972Z","pid":404942,"hostname":"df54c4ecdd90","name":"urateam","component":"pipeline.control-signals","runId":"run-3","mode":"cancel","previous":"graceful","msg":"stop signal recorded"}
@urateam/core:test: {"level":30,"time":"2026-05-24T11:29:26.972Z","pid":404942,"hostname":"df54c4ecdd90","name":"urateam","component":"pipeline.control-signals","runId":"run-4","mode":"cancel","previous":null,"msg":"stop signal recorded"}
@urateam/core:test: {"level":30,"time":"2026-05-24T11:29:26.973Z","pid":404942,"hostname":"df54c4ecdd90","name":"urateam","component":"pipeline.control-signals","runId":"run-5","mode":"cancel","previous":null,"msg":"stop signal recorded"}
@urateam/core:test: {"level":30,"time":"2026-05-24T11:29:26.974Z","pid":404942,"hostname":"df54c4ecdd90","name":"urateam","component":"pipeline.control-signals","runId":"run-6","mode":"cancel","previous":null,"msg":"stop signal recorded"}
@urateam/core:test: {"level":30,"time":"2026-05-24T11:29:26.974Z","pid":404942,"hostname":"df54c4ecdd90","name":"urateam","component":"pipeline.control-signals","runId":"run-7","mode":"graceful","previous":null,"msg":"stop signal recorded"}
@urateam/core:test: {"level":30,"time":"2026-05-24T11:29:26.975Z","pid":404942,"hostname":"df54c4ecdd90","name":"urateam","component":"pipeline.control-signals","runId":"run-8","mode":"cancel","previous":null,"msg":"stop signal recorded"}
@urateam/core:test: {"level":30,"time":"2026-05-24T11:29:26.976Z","pid":404942,"hostname":"df54c4ecdd90","name":"urateam","component":"pipeline.control-signals","runId":"run-9","mode":"cancel","previous":null,"msg":"stop signal recorded"}
@urateam/core:test: {"level":30,"time":"2026-05-24T11:29:26.977Z","pid":404942,"hostname":"df54c4ecdd90","name":"urateam","component":"pipeline.control-signals","runId":"run-a","mode":"cancel","previous":null,"msg":"stop signal recorded"}
@urateam/core:test: {"level":30,"time":"2026-05-24T11:29:26.978Z","pid":404942,"hostname":"df54c4ecdd90","name":"urateam","component":"pipeline.control-signals","runId":"run-b","mode":"graceful","previous":null,"msg":"stop signal recorded"}
@urateam/core:test: {"level":30,"time":"2026-05-24T11:29:26.978Z","pid":404942,"hostname":"df54c4ecdd90","name":"urateam","component":"pipeline.control-signals","runId":"run-d","mode":"cancel","previous":null,"msg":"stop signal recorded"}
@urateam/core:test: {"level":40,"time":"2026-05-24T11:29:26.979Z","pid":404942,"hostname":"df54c4ecdd90","name":"urateam","component":"pipeline.control-signals","runId":"run-d","err":{"type":"Error","message":"boom","stack":"Error: boom\n    at /home/ura/data/runs/PnXZTHwyAR6qch7obf8pl/worktree/packages/core/src/__tests__/control-signals.test.ts:88:13\n    at requestStop (/home/ura/data/runs/PnXZTHwyAR6qch7obf8pl/worktree/packages/core/src/pipeline/control-signals.ts:54:11)\n    at /home/ura/data/runs/PnXZTHwyAR6qch7obf8pl/worktree/packages/core/src/__tests__/control-signals.test.ts:91:5\n    at file:///home/ura/data/runs/PnXZTHwyAR6qch7obf8pl/worktree/node_modules/.pnpm/@vitest+runner@3.2.4/node_modules/@vitest/runner/dist/chunk-hooks.js:155:11\n    at file:///home/ura/data/runs/PnXZTHwyAR6qch7obf8pl/worktree/node_modules/.pnpm/@vitest+runner@3.2.4/node_modules/@vitest/runner/dist/chunk-hooks.js:752:26\n    at file:///home/ura/data/runs/PnXZTHwyAR6qch7obf8pl/worktree/node_modules/.pnpm/@vitest+runner@3.2.4/node_modules/@vitest/runner/dist/chunk-hooks.js:1897:20\n    at new Promise (<anonymous>)\n    at runWithTimeout (file:///home/ura/data/runs/PnXZTHwyAR6qch7obf8pl/worktree/node_modules/.pnpm/@vitest+runner@3.2.4/node_modules/@vitest/runner/dist/chunk-hooks.js:1863:10)\n    at runTest (file:///home/ura/data/runs/PnXZTHwyAR6qch7obf8pl/worktree/node_modules/.pnpm/@vitest+runner@3.2.4/node_modules/@vitest/runner/dist/chunk-hooks.js:1574:12)\n    at processTicksAndRejections (node:internal/process/task_queues:103:5)"},"msg":"stop listener threw"}
@urateam/core:test:  ✓ src/__tests__/control-signals.test.ts (11 tests) 24ms
@urateam/core:test:  ✓ src/__tests__/recover-stuck.test.ts (16 tests) 22ms
@urateam/core:test:  ✓ src/__tests__/db-migration-agent-session-id.test.ts (2 tests) 27ms
@urateam/core:test: {"level":40,"time":"2026-05-24T11:29:28.325Z","pid":405015,"hostname":"df54c4ecdd90","name":"urateam","component":"TestQuality","filePath":"/nonexistent.test.ts","msg":"test-quality: could not read file — skipping"}
@urateam/core:test: {"level":30,"time":"2026-05-24T11:29:28.329Z","pid":405015,"hostname":"df54c4ecdd90","name":"urateam","component":"TestQuality","testFileCount":1,"msg":"test-quality: analysing test files"}
@urateam/core:test: {"level":40,"time":"2026-05-24T11:29:28.329Z","pid":405015,"hostname":"df54c4ecdd90","name":"urateam","component":"TestQuality","file":"/worktree/src/__tests__/server.test.ts","trivialRatio":1,"trivialAssertions":3,"behavioralAssertions":0,"stubAssertions":0,"testsWithoutBehavioralAssertion":3,"msg":"test-quality: flagged file with low-quality assertions"}
@urateam/core:test: {"level":40,"time":"2026-05-24T11:29:28.329Z","pid":405015,"hostname":"df54c4ecdd90","name":"urateam","component":"TestQuality","violationCount":1,"msg":"test-quality: test quality violations found — added as warnings to handoff"}
@urateam/core:test: {"level":30,"time":"2026-05-24T11:29:28.329Z","pid":405015,"hostname":"df54c4ecdd90","name":"urateam","component":"TestQuality","testFileCount":1,"msg":"test-quality: analysing test files"}
@urateam/core:test: {"level":30,"time":"2026-05-24T11:29:28.330Z","pid":405015,"hostname":"df54c4ecdd90","name":"urateam","component":"TestQuality","msg":"test-quality: all test files passed assertion quality check"}
@urateam/core:test: {"level":30,"time":"2026-05-24T11:29:28.331Z","pid":405015,"hostname":"df54c4ecdd90","name":"urateam","component":"TestQuality","testFileCount":1,"msg":"test-quality: analysing test files"}
@urateam/core:test: {"level":40,"time":"2026-05-24T11:29:28.331Z","pid":405015,"hostname":"df54c4ecdd90","name":"urateam","component":"TestQuality","file":"/worktree/foo.test.ts","trivialRatio":1,"trivialAssertions":1,"behavioralAssertions":0,"stubAssertions":0,"testsWithoutBehavioralAssertion":1,"msg":"test-quality: flagged file with low-quality assertions"}
@urateam/core:test: {"level":40,"time":"2026-05-24T11:29:28.331Z","pid":405015,"hostname":"df54c4ecdd90","name":"urateam","component":"TestQuality","violationCount":1,"msg":"test-quality: test quality violations found — added as warnings to handoff"}
@urateam/core:test: {"level":30,"time":"2026-05-24T11:29:28.333Z","pid":405015,"hostname":"df54c4ecdd90","name":"urateam","component":"TestQuality","testFileCount":1,"msg":"test-quality: analysing test files"}
@urateam/core:test: {"level":40,"time":"2026-05-24T11:29:28.333Z","pid":405015,"hostname":"df54c4ecdd90","name":"urateam","component":"TestQuality","file":"/worktree/nav.test.tsx","trivialRatio":0.4,"trivialAssertions":4,"behavioralAssertions":6,"stubAssertions":4,"testsWithoutBehavioralAssertion":4,"msg":"test-quality: flagged file with low-quality assertions"}
@urateam/core:test: {"level":40,"time":"2026-05-24T11:29:28.333Z","pid":405015,"hostname":"df54c4ecdd90","name":"urateam","component":"TestQuality","violationCount":1,"msg":"test-quality: test quality violations found — added as warnings to handoff"}
@urateam/core:test: {"level":30,"time":"2026-05-24T11:29:28.333Z","pid":405015,"hostname":"df54c4ecdd90","name":"urateam","component":"TestQuality","testFileCount":1,"msg":"test-quality: analysing test files"}
@urateam/core:test: {"level":40,"time":"2026-05-24T11:29:28.334Z","pid":405015,"hostname":"df54c4ecdd90","name":"urateam","component":"TestQuality","file":"/worktree/x.test.ts","trivialRatio":0.6666666666666666,"trivialAssertions":2,"behavioralAssertions":1,"stubAssertions":2,"testsWithoutBehavioralAssertion":2,"msg":"test-quality: flagged file with low-quality assertions"}
@urateam/core:test: {"level":40,"time":"2026-05-24T11:29:28.334Z","pid":405015,"hostname":"df54c4ecdd90","name":"urateam","component":"TestQuality","violationCount":1,"msg":"test-quality: test quality violations found — added as warnings to handoff"}
@urateam/core:test: {"level":30,"time":"2026-05-24T11:29:28.334Z","pid":405015,"hostname":"df54c4ecdd90","name":"urateam","component":"TestQuality","testFileCount":1,"msg":"test-quality: analysing test files"}
@urateam/core:test: {"level":40,"time":"2026-05-24T11:29:28.334Z","pid":405015,"hostname":"df54c4ecdd90","name":"urateam","component":"TestQuality","file":"/worktree/y.test.ts","trivialRatio":1,"trivialAssertions":1,"behavioralAssertions":0,"stubAssertions":1,"testsWithoutBehavioralAssertion":1,"msg":"test-quality: flagged file with low-quality assertions"}
@urateam/core:test: {"level":40,"time":"2026-05-24T11:29:28.334Z","pid":405015,"hostname":"df54c4ecdd90","name":"urateam","component":"TestQuality","violationCount":1,"msg":"test-quality: test quality violations found — added as warnings to handoff"}
@urateam/core:test: {"level":30,"time":"2026-05-24T11:29:28.335Z","pid":405015,"hostname":"df54c4ecdd90","name":"urateam","component":"TestQuality","testFileCount":1,"msg":"test-quality: analysing test files"}
@urateam/core:test: {"level":30,"time":"2026-05-24T11:29:28.335Z","pid":405015,"hostname":"df54c4ecdd90","name":"urateam","component":"TestQuality","msg":"test-quality: all test files passed assertion quality check"}
@urateam/core:test: {"level":30,"time":"2026-05-24T11:29:28.335Z","pid":405015,"hostname":"df54c4ecdd90","name":"urateam","component":"TestQuality","testFileCount":1,"msg":"test-quality: analysing test files"}
@urateam/core:test: {"level":40,"time":"2026-05-24T11:29:28.335Z","pid":405015,"hostname":"df54c4ecdd90","name":"urateam","component":"TestQuality","file":"/worktree/mixed.test.ts","trivialRatio":0.25,"trivialAssertions":1,"behavioralAssertions":3,"stubAssertions":1,"testsWithoutBehavioralAssertion":1,"msg":"test-quality: flagged file with low-quality assertions"}
@urateam/core:test: {"level":40,"time":"2026-05-24T11:29:28.335Z","pid":405015,"hostname":"df54c4ecdd90","name":"urateam","component":"TestQuality","violationCount":1,"msg":"test-quality: test quality violations found — added as warnings to handoff"}
@urateam/core:test: {"level":30,"time":"2026-05-24T11:29:28.336Z","pid":405015,"hostname":"df54c4ecdd90","name":"urateam","component":"TestQuality","testFileCount":1,"msg":"test-quality: analysing test files"}
@urateam/core:test: {"level":40,"time":"2026-05-24T11:29:28.336Z","pid":405015,"hostname":"df54c4ecdd90","name":"urateam","component":"TestQuality","file":"/worktree/server.test.ts","trivialRatio":1,"trivialAssertions":13,"behavioralAssertions":0,"stubAssertions":0,"testsWithoutBehavioralAssertion":13,"msg":"test-quality: flagged file with low-quality assertions"}
@urateam/core:test: {"level":40,"time":"2026-05-24T11:29:28.336Z","pid":405015,"hostname":"df54c4ecdd90","name":"urateam","component":"TestQuality","violationCount":1,"msg":"test-quality: test quality violations found — added as warnings to handoff"}
@urateam/core:test:  ✓ src/__tests__/pm-budget.test.ts (9 tests) 27ms
@urateam/core:test:  ✓ src/__tests__/test-quality.test.ts (34 tests) 27ms
@urateam/core:test:  ✓ src/__tests__/pr-description.test.ts (51 tests) 27ms
@urateam/core:test: {"level":30,"time":"2026-05-24T11:29:29.161Z","pid":405036,"hostname":"df54c4ecdd90","name":"urateam","component":"GitHubWebhookHandler","runId":"run-bec186","prUrl":"https://github.com/org/repo/pull/235","msg":"pr-merged: updated pipeline run auto_merged=true"}
@urateam/core:test: {"level":30,"time":"2026-05-24T11:29:29.168Z","pid":405036,"hostname":"df54c4ecdd90","name":"urateam","component":"GitHubWebhookHandler","runId":"run-bec186","prUrl":"https://github.com/org/repo/pull/235","msg":"pr-merged: updated pipeline run auto_merged=true"}
@urateam/core:test: {"level":30,"time":"2026-05-24T11:29:29.170Z","pid":405036,"hostname":"df54c4ecdd90","name":"urateam","component":"GitHubWebhookHandler","runId":"run-bec186","prUrl":"https://github.com/org/repo/pull/235","msg":"pr-merged: updated pipeline run auto_merged=true"}
@urateam/core:test: {"level":30,"time":"2026-05-24T11:29:29.181Z","pid":405036,"hostname":"df54c4ecdd90","name":"urateam","component":"GitHubWebhookHandler","runId":"run-bec186","prUrl":"https://github.com/org/repo/pull/235","msg":"pr-merged: updated pipeline run auto_merged=true"}
@urateam/core:test:  ✓ src/__tests__/bec-186-repro.test.ts (7 tests) 34ms
@urateam/core:test:  ✓ src/__tests__/openrouter-client.test.ts (8 tests) 21ms
@urateam/core:test: {"level":50,"time":"2026-05-24T11:29:29.876Z","pid":405075,"hostname":"df54c4ecdd90","name":"urateam","component":"PmAgent:scheduler","err":{"type":"TypeError","message":"actions.recoverRetriableRuns is not a function","stack":"TypeError: actions.recoverRetriableRuns is not a function\n    at Object.tick (/home/ura/data/runs/PnXZTHwyAR6qch7obf8pl/worktree/packages/core/src/pm/scheduler.ts:283:29)\n    at processTicksAndRejections (node:internal/process/task_queues:103:5)\n    at testActionSkippedWhenPaused (/home/ura/data/runs/PnXZTHwyAR6qch7obf8pl/worktree/packages/core/src/__tests__/reproduce-bec62.test.ts:79:5)\n    at /home/ura/data/runs/PnXZTHwyAR6qch7obf8pl/worktree/packages/core/src/__tests__/reproduce-bec62.test.ts:87:5\n    at file:///home/ura/data/runs/PnXZTHwyAR6qch7obf8pl/worktree/node_modules/.pnpm/@vitest+runner@3.2.4/node_modules/@vitest/runner/dist/chunk-hooks.js:752:20"},"msg":"recovery sweep failed"}
@urateam/core:test: {"level":50,"time":"2026-05-24T11:29:29.886Z","pid":405075,"hostname":"df54c4ecdd90","name":"urateam","component":"PmAgent:scheduler","err":{"type":"TypeError","message":"db.select is not a function","stack":"TypeError: db.select is not a function\n    at selectProbeCandidates (/home/ura/data/runs/PnXZTHwyAR6qch7obf8pl/worktree/packages/core/src/pm/actions/select-probe-candidates.ts:47:6)\n    at Object.tick (/home/ura/data/runs/PnXZTHwyAR6qch7obf8pl/worktree/packages/core/src/pm/scheduler.ts:353:38)\n    at processTicksAndRejections (node:internal/process/task_queues:103:5)\n    at testActionSkippedWhenPaused (/home/ura/data/runs/PnXZTHwyAR6qch7obf8pl/worktree/packages/core/src/__tests__/reproduce-bec62.test.ts:79:5)\n    at /home/ura/data/runs/PnXZTHwyAR6qch7obf8pl/worktree/packages/core/src/__tests__/reproduce-bec62.test.ts:87:5\n    at file:///home/ura/data/runs/PnXZTHwyAR6qch7obf8pl/worktree/node_modules/.pnpm/@vitest+runner@3.2.4/node_modules/@vitest/runner/dist/chunk-hooks.js:752:20"},"msg":"selectProbeCandidates failed"}
@urateam/core:test: {"level":50,"time":"2026-05-24T11:29:29.887Z","pid":405075,"hostname":"df54c4ecdd90","name":"urateam","component":"PmAgent:scheduler","err":{"type":"TypeError","message":"db.select is not a function","stack":"TypeError: db.select is not a function\n    at sweepRecoveredCircuitBreakers (/home/ura/data/runs/PnXZTHwyAR6qch7obf8pl/worktree/packages/core/src/pm/actions/sweep-recovered-circuit-breakers.ts:39:6)\n    at Object.tick (/home/ura/data/runs/PnXZTHwyAR6qch7obf8pl/worktree/packages/core/src/pm/scheduler.ts:369:19)\n    at processTicksAndRejections (node:internal/process/task_queues:103:5)\n    at testActionSkippedWhenPaused (/home/ura/data/runs/PnXZTHwyAR6qch7obf8pl/worktree/packages/core/src/__tests__/reproduce-bec62.test.ts:79:5)\n    at /home/ura/data/runs/PnXZTHwyAR6qch7obf8pl/worktree/packages/core/src/__tests__/reproduce-bec62.test.ts:87:5\n    at file:///home/ura/data/runs/PnXZTHwyAR6qch7obf8pl/worktree/node_modules/.pnpm/@vitest+runner@3.2.4/node_modules/@vitest/runner/dist/chunk-hooks.js:752:20"},"msg":"sweepRecoveredCircuitBreakers failed"}
@urateam/core:test: {"level":30,"time":"2026-05-24T11:29:29.888Z","pid":405075,"hostname":"df54c4ecdd90","name":"urateam","component":"PmAgent:scheduler","msg":"PM Agent is paused — skipping start-todo, recover-stuck, promote, deprioritize, and cancel"}
@urateam/core:test: {"level":30,"time":"2026-05-24T11:29:29.888Z","pid":405075,"hostname":"df54c4ecdd90","name":"urateam","component":"license","tier":"oss","msg":"no license key set — running in OSS mode"}
@urateam/core:test: {"level":30,"time":"2026-05-24T11:29:29.888Z","pid":405075,"hostname":"df54c4ecdd90","name":"urateam","component":"PmAgent:scheduler","triaged":0,"promoted":0,"errors":3,"msg":"tick complete"}
@urateam/core:test: {"level":50,"time":"2026-05-24T11:29:29.890Z","pid":405075,"hostname":"df54c4ecdd90","name":"urateam","component":"PmAgent:scheduler","err":{"type":"TypeError","message":"actions.recoverRetriableRuns is not a function","stack":"TypeError: actions.recoverRetriableRuns is not a function\n    at Object.tick (/home/ura/data/runs/PnXZTHwyAR6qch7obf8pl/worktree/packages/core/src/pm/scheduler.ts:283:29)\n    at processTicksAndRejections (node:internal/process/task_queues:103:5)\n    at testActionSkippedWhenPaused (/home/ura/data/runs/PnXZTHwyAR6qch7obf8pl/worktree/packages/core/src/__tests__/reproduce-bec62.test.ts:79:5)\n    at /home/ura/data/runs/PnXZTHwyAR6qch7obf8pl/worktree/packages/core/src/__tests__/reproduce-bec62.test.ts:91:5\n    at file:///home/ura/data/runs/PnXZTHwyAR6qch7obf8pl/worktree/node_modules/.pnpm/@vitest+runner@3.2.4/node_modules/@vitest/runner/dist/chunk-hooks.js:752:20"},"msg":"recovery sweep failed"}
@urateam/core:test: {"level":50,"time":"2026-05-24T11:29:29.890Z","pid":405075,"hostname":"df54c4ecdd90","name":"urateam","component":"PmAgent:scheduler","err":{"type":"TypeError","message":"db.select is not a function","stack":"TypeError: db.select is not a function\n    at selectProbeCandidates (/home/ura/data/runs/PnXZTHwyAR6qch7obf8pl/worktree/packages/core/src/pm/actions/select-probe-candidates.ts:47:6)\n    at Object.tick (/home/ura/data/runs/PnXZTHwyAR6qch7obf8pl/worktree/packages/core/src/pm/scheduler.ts:353:38)\n    at processTicksAndRejections (node:internal/process/task_queues:103:5)\n    at testActionSkippedWhenPaused (/home/ura/data/runs/PnXZTHwyAR6qch7obf8pl/worktree/packages/core/src/__tests__/reproduce-bec62.test.ts:79:5)\n    at /home/ura/data/runs/PnXZTHwyAR6qch7obf8pl/worktree/packages/core/src/__tests__/reproduce-bec62.test.ts:91:5\n    at file:///home/ura/data/runs/PnXZTHwyAR6qch7obf8pl/worktree/node_modules/.pnpm/@vitest+runner@3.2.4/node_modules/@vitest/runner/dist/chunk-hooks.js:752:20"},"msg":"selectProbeCandidates failed"}
@urateam/core:test: {"level":50,"time":"2026-05-24T11:29:29.891Z","pid":405075,"hostname":"df54c4ecdd90","name":"urateam","component":"PmAgent:scheduler","err":{"type":"TypeError","message":"db.select is not a function","stack":"TypeError: db.select is not a function\n    at sweepRecoveredCircuitBreakers (/home/ura/data/runs/PnXZTHwyAR6qch7obf8pl/worktree/packages/core/src/pm/actions/sweep-recovered-circuit-breakers.ts:39:6)\n    at Object.tick (/home/ura/data/runs/PnXZTHwyAR6qch7obf8pl/worktree/packages/core/src/pm/scheduler.ts:369:19)\n    at processTicksAndRejections (node:internal/process/task_queues:103:5)\n    at testActionSkippedWhenPaused (/home/ura/data/runs/PnXZTHwyAR6qch7obf8pl/worktree/packages/core/src/__tests__/reproduce-bec62.test.ts:79:5)\n    at /home/ura/data/runs/PnXZTHwyAR6qch7obf8pl/worktree/packages/core/src/__tests__/reproduce-bec62.test.ts:91:5\n    at file:///home/ura/data/runs/PnXZTHwyAR6qch7obf8pl/worktree/node_modules/.pnpm/@vitest+runner@3.2.4/node_modules/@vitest/runner/dist/chunk-hooks.js:752:20"},"msg":"sweepRecoveredCircuitBreakers failed"}
@urateam/core:test: {"level":30,"time":"2026-05-24T11:29:29.891Z","pid":405075,"hostname":"df54c4ecdd90","name":"urateam","component":"PmAgent:scheduler","msg":"PM Agent is paused — skipping start-todo, recover-stuck, promote, deprioritize, and cancel"}
@urateam/core:test: {"level":30,"time":"2026-05-24T11:29:29.891Z","pid":405075,"hostname":"df54c4ecdd90","name":"urateam","component":"PmAgent:scheduler","triaged":0,"promoted":0,"errors":3,"msg":"tick complete"}
@urateam/core:test: {"level":50,"time":"2026-05-24T11:29:29.892Z","pid":405075,"hostname":"df54c4ecdd90","name":"urateam","component":"PmAgent:scheduler","err":{"type":"TypeError","message":"actions.recoverRetriableRuns is not a function","stack":"TypeError: actions.recoverRetriableRuns is not a function\n    at Object.tick (/home/ura/data/runs/PnXZTHwyAR6qch7obf8pl/worktree/packages/core/src/pm/scheduler.ts:283:29)\n    at processTicksAndRejections (node:internal/process/task_queues:103:5)\n    at testActionSkippedWhenPaused (/home/ura/data/runs/PnXZTHwyAR6qch7obf8pl/worktree/packages/core/src/__tests__/reproduce-bec62.test.ts:79:5)\n    at /home/ura/data/runs/PnXZTHwyAR6qch7obf8pl/worktree/packages/core/src/__tests__/reproduce-bec62.test.ts:95:5\n    at file:///home/ura/data/runs/PnXZTHwyAR6qch7obf8pl/worktree/node_modules/.pnpm/@vitest+runner@3.2.4/node_modules/@vitest/runner/dist/chunk-hooks.js:752:20"},"msg":"recovery sweep failed"}
@urateam/core:test: {"level":50,"time":"2026-05-24T11:29:29.892Z","pid":405075,"hostname":"df54c4ecdd90","name":"urateam","component":"PmAgent:scheduler","err":{"type":"TypeError","message":"db.select is not a function","stack":"TypeError: db.select is not a function\n    at selectProbeCandidates (/home/ura/data/runs/PnXZTHwyAR6qch7obf8pl/worktree/packages/core/src/pm/actions/select-probe-candidates.ts:47:6)\n    at Object.tick (/home/ura/data/runs/PnXZTHwyAR6qch7obf8pl/worktree/packages/core/src/pm/scheduler.ts:353:38)\n    at processTicksAndRejections (node:internal/process/task_queues:103:5)\n    at testActionSkippedWhenPaused (/home/ura/data/runs/PnXZTHwyAR6qch7obf8pl/worktree/packages/core/src/__tests__/reproduce-bec62.test.ts:79:5)\n    at /home/ura/data/runs/PnXZTHwyAR6qch7obf8pl/worktree/packages/core/src/__tests__/reproduce-bec62.test.ts:95:5\n    at file:///home/ura/data/runs/PnXZTHwyAR6qch7obf8pl/worktree/node_modules/.pnpm/@vitest+runner@3.2.4/node_modules/@vitest/runner/dist/chunk-hooks.js:752:20"},"msg":"selectProbeCandidates failed"}
@urateam/core:test: {"level":50,"time":"2026-05-24T11:29:29.892Z","pid":405075,"hostname":"df54c4ecdd90","name":"urateam","component":"PmAgent:scheduler","err":{"type":"TypeError","message":"db.select is not a function","stack":"TypeError: db.select is not a function\n    at sweepRecoveredCircuitBreakers (/home/ura/data/runs/PnXZTHwyAR6qch7obf8pl/worktree/packages/core/src/pm/actions/sweep-recovered-circuit-breakers.ts:39:6)\n    at Object.tick (/home/ura/data/runs/PnXZTHwyAR6qch7obf8pl/worktree/packages/core/src/pm/scheduler.ts:369:19)\n    at processTicksAndRejections (node:internal/process/task_queues:103:5)\n    at testActionSkippedWhenPaused (/home/ura/data/runs/PnXZTHwyAR6qch7obf8pl/worktree/packages/core/src/__tests__/reproduce-bec62.test.ts:79:5)\n    at /home/ura/data/runs/PnXZTHwyAR6qch7obf8pl/worktree/packages/core/src/__tests__/reproduce-bec62.test.ts:95:5\n    at file:///home/ura/data/runs/PnXZTHwyAR6qch7obf8pl/worktree/node_modules/.pnpm/@vitest+runner@3.2.4/node_modules/@vitest/runner/dist/chunk-hooks.js:752:20"},"msg":"sweepRecoveredCircuitBreakers failed"}
@urateam/core:test: {"level":30,"time":"2026-05-24T11:29:29.893Z","pid":405075,"hostname":"df54c4ecdd90","name":"urateam","component":"PmAgent:scheduler","msg":"PM Agent is paused — skipping start-todo, recover-stuck, promote, deprioritize, and cancel"}
@urateam/core:test: {"level":30,"time":"2026-05-24T11:29:29.893Z","pid":405075,"hostname":"df54c4ecdd90","name":"urateam","component":"PmAgent:scheduler","triaged":0,"promoted":0,"errors":3,"msg":"tick complete"}
@urateam/core:test: {"level":50,"time":"2026-05-24T11:29:29.894Z","pid":405075,"hostname":"df54c4ecdd90","name":"urateam","component":"PmAgent:scheduler","err":{"type":"TypeError","message":"actions.recoverRetriableRuns is not a function","stack":"TypeError: actions.recoverRetriableRuns is not a function\n    at Object.tick (/home/ura/data/runs/PnXZTHwyAR6qch7obf8pl/worktree/packages/core/src/pm/scheduler.ts:283:29)\n    at processTicksAndRejections (node:internal/process/task_queues:103:5)\n    at /home/ura/data/runs/PnXZTHwyAR6qch7obf8pl/worktree/packages/core/src/__tests__/reproduce-bec62.test.ts:102:5\n    at file:///home/ura/data/runs/PnXZTHwyAR6qch7obf8pl/worktree/node_modules/.pnpm/@vitest+runner@3.2.4/node_modules/@vitest/runner/dist/chunk-hooks.js:752:20"},"msg":"recovery sweep failed"}
@urateam/core:test: {"level":50,"time":"2026-05-24T11:29:29.894Z","pid":405075,"hostname":"df54c4ecdd90","name":"urateam","component":"PmAgent:scheduler","err":{"type":"TypeError","message":"db.select is not a function","stack":"TypeError: db.select is not a function\n    at selectProbeCandidates (/home/ura/data/runs/PnXZTHwyAR6qch7obf8pl/worktree/packages/core/src/pm/actions/select-probe-candidates.ts:47:6)\n    at Object.tick (/home/ura/data/runs/PnXZTHwyAR6qch7obf8pl/worktree/packages/core/src/pm/scheduler.ts:353:38)\n    at processTicksAndRejections (node:internal/process/task_queues:103:5)\n    at /home/ura/data/runs/PnXZTHwyAR6qch7obf8pl/worktree/packages/core/src/__tests__/reproduce-bec62.test.ts:102:5\n    at file:///home/ura/data/runs/PnXZTHwyAR6qch7obf8pl/worktree/node_modules/.pnpm/@vitest+runner@3.2.4/node_modules/@vitest/runner/dist/chunk-hooks.js:752:20"},"msg":"selectProbeCandidates failed"}
@urateam/core:test: {"level":50,"time":"2026-05-24T11:29:29.894Z","pid":405075,"hostname":"df54c4ecdd90","name":"urateam","component":"PmAgent:scheduler","err":{"type":"TypeError","message":"db.select is not a function","stack":"TypeError: db.select is not a function\n    at sweepRecoveredCircuitBreakers (/home/ura/data/runs/PnXZTHwyAR6qch7obf8pl/worktree/packages/core/src/pm/actions/sweep-recovered-circuit-breakers.ts:39:6)\n    at Object.tick (/home/ura/data/runs/PnXZTHwyAR6qch7obf8pl/worktree/packages/core/src/pm/scheduler.ts:369:19)\n    at processTicksAndRejections (node:internal/process/task_queues:103:5)\n    at /home/ura/data/runs/PnXZTHwyAR6qch7obf8pl/worktree/packages/core/src/__tests__/reproduce-bec62.test.ts:102:5\n    at file:///home/ura/data/runs/PnXZTHwyAR6qch7obf8pl/worktree/node_modules/.pnpm/@vitest+runner@3.2.4/node_modules/@vitest/runner/dist/chunk-hooks.js:752:20"},"msg":"sweepRecoveredCircuitBreakers failed"}
@urateam/core:test: {"level":30,"time":"2026-05-24T11:29:29.894Z","pid":405075,"hostname":"df54c4ecdd90","name":"urateam","component":"PmAgent:scheduler","msg":"PM Agent is paused — skipping start-todo, recover-stuck, promote, deprioritize, and cancel"}
@urateam/core:test: {"level":30,"time":"2026-05-24T11:29:29.894Z","pid":405075,"hostname":"df54c4ecdd90","name":"urateam","component":"PmAgent:scheduler","triaged":0,"promoted":0,"errors":3,"msg":"tick complete"}
@urateam/core:test:  ✓ src/__tests__/reproduce-bec62.test.ts (5 tests) 24ms
@urateam/core:test:  ✓ src/__tests__/pipeline/pr-cost-summary.test.ts (6 tests) 25ms
@urateam/core:test: {"level":40,"time":"2026-05-24T11:29:30.651Z","pid":405115,"hostname":"df54c4ecdd90","name":"urateam","component":"PmAgent:recoverStuck","count":50,"msg":"stuck-issue query may be truncated — consider pagination"}
@urateam/core:test: {"level":30,"time":"2026-05-24T11:29:30.655Z","pid":405115,"hostname":"df54c4ecdd90","name":"urateam","component":"PmAgent:recoverStuck","totalInProgress":50,"stuckCount":50,"rateLimitedTo":5,"msg":"stuck In Progress issues detected"}
@urateam/core:test: {"level":30,"time":"2026-05-24T11:29:30.655Z","pid":405115,"hostname":"df54c4ecdd90","name":"urateam","component":"PmAgent:recoverStuck","identifier":"BEC-100","previousState":"In Progress","lastRunStatus":null,"targetState":"Backlog","inReviewOverride":false,"recoveredLongRunning":false,"msg":"auto-recovered stuck In Progress issue"}
@urateam/core:test: {"level":30,"time":"2026-05-24T11:29:30.655Z","pid":405115,"hostname":"df54c4ecdd90","name":"urateam","component":"PmAgent:recoverStuck","identifier":"BEC-101","previousState":"In Progress","lastRunStatus":null,"targetState":"Backlog","inReviewOverride":false,"recoveredLongRunning":false,"msg":"auto-recovered stuck In Progress issue"}
@urateam/core:test: {"level":30,"time":"2026-05-24T11:29:30.655Z","pid":405115,"hostname":"df54c4ecdd90","name":"urateam","component":"PmAgent:recoverStuck","identifier":"BEC-102","previousState":"In Progress","lastRunStatus":null,"targetState":"Backlog","inReviewOverride":false,"recoveredLongRunning":false,"msg":"auto-recovered stuck In Progress issue"}
@urateam/core:test: {"level":30,"time":"2026-05-24T11:29:30.655Z","pid":405115,"hostname":"df54c4ecdd90","name":"urateam","component":"PmAgent:recoverStuck","identifier":"BEC-103","previousState":"In Progress","lastRunStatus":null,"targetState":"Backlog","inReviewOverride":false,"recoveredLongRunning":false,"msg":"auto-recovered stuck In Progress issue"}
@urateam/core:test: {"level":30,"time":"2026-05-24T11:29:30.655Z","pid":405115,"hostname":"df54c4ecdd90","name":"urateam","component":"PmAgent:recoverStuck","identifier":"BEC-104","previousState":"In Progress","lastRunStatus":null,"targetState":"Backlog","inReviewOverride":false,"recoveredLongRunning":false,"msg":"auto-recovered stuck In Progress issue"}
@urateam/core:test: {"level":30,"time":"2026-05-24T11:29:30.658Z","pid":405115,"hostname":"df54c4ecdd90","name":"urateam","component":"PmAgent:recoverStuck","totalInProgress":3,"stuckCount":3,"rateLimitedTo":3,"msg":"stuck In Progress issues detected"}
@urateam/core:test: {"level":30,"time":"2026-05-24T11:29:30.658Z","pid":405115,"hostname":"df54c4ecdd90","name":"urateam","component":"PmAgent:recoverStuck","identifier":"BEC-100","previousState":"In Progress","lastRunStatus":null,"targetState":"Backlog","inReviewOverride":false,"recoveredLongRunning":false,"msg":"auto-recovered stuck In Progress issue"}
@urateam/core:test: {"level":30,"time":"2026-05-24T11:29:30.658Z","pid":405115,"hostname":"df54c4ecdd90","name":"urateam","component":"PmAgent:recoverStuck","identifier":"BEC-101","previousState":"In Progress","lastRunStatus":null,"targetState":"Backlog","inReviewOverride":false,"recoveredLongRunning":false,"msg":"auto-recovered stuck In Progress issue"}
@urateam/core:test: {"level":30,"time":"2026-05-24T11:29:30.658Z","pid":405115,"hostname":"df54c4ecdd90","name":"urateam","component":"PmAgent:recoverStuck","identifier":"BEC-102","previousState":"In Progress","lastRunStatus":null,"targetState":"Backlog","inReviewOverride":false,"recoveredLongRunning":false,"msg":"auto-recovered stuck In Progress issue"}
@urateam/core:test: {"level":50,"time":"2026-05-24T11:29:30.662Z","pid":405115,"hostname":"df54c4ecdd90","name":"urateam","component":"PmAgent:scheduler","err":{"type":"TypeError","message":"db.select is not a function","stack":"TypeError: db.select is not a function\n    at selectProbeCandidates (/home/ura/data/runs/PnXZTHwyAR6qch7obf8pl/worktree/packages/core/src/pm/actions/select-probe-candidates.ts:47:6)\n    at Object.tick (/home/ura/data/runs/PnXZTHwyAR6qch7obf8pl/worktree/packages/core/src/pm/scheduler.ts:353:38)\n    at processTicksAndRejections (node:internal/process/task_queues:103:5)\n    at /home/ura/data/runs/PnXZTHwyAR6qch7obf8pl/worktree/packages/core/src/__tests__/reproduce-bec113-pagination-warning.test.ts:258:5\n    at file:///home/ura/data/runs/PnXZTHwyAR6qch7obf8pl/worktree/node_modules/.pnpm/@vitest+runner@3.2.4/node_modules/@vitest/runner/dist/chunk-hooks.js:752:20"},"msg":"selectProbeCandidates failed"}
@urateam/core:test: {"level":50,"time":"2026-05-24T11:29:30.671Z","pid":405115,"hostname":"df54c4ecdd90","name":"urateam","component":"PmAgent:scheduler","err":{"type":"TypeError","message":"db.select is not a function","stack":"TypeError: db.select is not a function\n    at sweepRecoveredCircuitBreakers (/home/ura/data/runs/PnXZTHwyAR6qch7obf8pl/worktree/packages/core/src/pm/actions/sweep-recovered-circuit-breakers.ts:39:6)\n    at Object.tick (/home/ura/data/runs/PnXZTHwyAR6qch7obf8pl/worktree/packages/core/src/pm/scheduler.ts:369:19)\n    at processTicksAndRejections (node:internal/process/task_queues:103:5)\n    at /home/ura/data/runs/PnXZTHwyAR6qch7obf8pl/worktree/packages/core/src/__tests__/reproduce-bec113-pagination-warning.test.ts:258:5\n    at file:///home/ura/data/runs/PnXZTHwyAR6qch7obf8pl/worktree/node_modules/.pnpm/@vitest+runner@3.2.4/node_modules/@vitest/runner/dist/chunk-hooks.js:752:20"},"msg":"sweepRecoveredCircuitBreakers failed"}
@urateam/core:test: {"level":30,"time":"2026-05-24T11:29:30.672Z","pid":405115,"hostname":"df54c4ecdd90","name":"urateam","component":"license","tier":"oss","msg":"no license key set — running in OSS mode"}
@urateam/core:test: {"level":30,"time":"2026-05-24T11:29:30.672Z","pid":405115,"hostname":"df54c4ecdd90","name":"urateam","component":"PmAgent:scheduler","triaged":0,"promoted":0,"errors":2,"msg":"tick complete"}
@urateam/core:test:  ✓ src/__tests__/reproduce-bec113-pagination-warning.test.ts (4 tests) 26ms
@urateam/core:test: {"level":30,"time":"2026-05-24T11:29:30.929Z","pid":405155,"hostname":"df54c4ecdd90","name":"urateam","component":"license","tier":"enterprise","customerId":"cust_e2e","expiresAt":"2026-06-23T11:29:30.000Z","msg":"license key validated"}
@urateam/core:test:  ✓ src/__tests__/license-end-to-end.test.ts (1 test) 32ms
@urateam/core:test: {"level":30,"time":"2026-05-24T11:29:31.380Z","pid":405195,"hostname":"df54c4ecdd90","name":"urateam","component":"ExtractHandoff","stage":"implement","msg":"building handoff from git diff"}
@urateam/core:test: {"level":40,"time":"2026-05-24T11:29:31.388Z","pid":405195,"hostname":"df54c4ecdd90","name":"urateam","component":"git","args":"status","err":"spawn git ENOENT","msg":"git command failed (non-fatal)"}
@urateam/core:test: {"level":50,"time":"2026-05-24T11:29:31.389Z","pid":405195,"hostname":"df54c4ecdd90","name":"urateam","component":"git","args":["diff","--stat","HEAD"],"cwd":"/tmp/nowhere","stderr":"","msg":"git diff failed"}
@urateam/core:test: {"level":30,"time":"2026-05-24T11:29:31.389Z","pid":405195,"hostname":"df54c4ecdd90","name":"urateam","component":"ExtractHandoff","stage":"implement","filesChanged":0,"msg":"handoff built"}
@urateam/core:test: {"level":30,"time":"2026-05-24T11:29:31.392Z","pid":405195,"hostname":"df54c4ecdd90","name":"urateam","component":"ExtractHandoff","stage":"implement","msg":"building handoff from git diff"}
@urateam/core:test: {"level":40,"time":"2026-05-24T11:29:31.396Z","pid":405195,"hostname":"df54c4ecdd90","name":"urateam","component":"git","args":"status","err":"spawn git ENOENT","msg":"git command failed (non-fatal)"}
@urateam/core:test: {"level":50,"time":"2026-05-24T11:29:31.396Z","pid":405195,"hostname":"df54c4ecdd90","name":"urateam","component":"git","args":["diff","--stat","HEAD"],"cwd":"/tmp/nowhere","stderr":"","msg":"git diff failed"}
@urateam/core:test: {"level":30,"time":"2026-05-24T11:29:31.396Z","pid":405195,"hostname":"df54c4ecdd90","name":"urateam","component":"ExtractHandoff","stage":"implement","filesChanged":0,"msg":"handoff built"}
@urateam/core:test:  ✓ src/__tests__/extract-handoff-decisions.test.ts (2 tests) 22ms
@urateam/core:test: {"level":30,"time":"2026-05-24T11:29:31.528Z","pid":405175,"hostname":"df54c4ecdd90","name":"urateam","component":"PmAgent:triage","issueId":"BEC-100","priority":2,"labels":["feature","auto-implement"],"pipelineLabel":"auto-implement","complexity":"small","msg":"triaged issue"}
@urateam/core:test: {"level":30,"time":"2026-05-24T11:29:31.534Z","pid":405175,"hostname":"df54c4ecdd90","name":"urateam","component":"PmAgent:triage","issueId":"BEC-100","priority":2,"labels":["feature","auto-implement"],"pipelineLabel":"auto-implement","complexity":"small","msg":"triaged issue"}
@urateam/core:test: {"level":40,"time":"2026-05-24T11:29:31.535Z","pid":405175,"hostname":"df54c4ecdd90","name":"urateam","component":"PmAgent:triage","issueId":"BEC-101","openQuestionsCount":2,"msg":"Tier 4 open-questions routing: ticket forced to needs-design (Claude flagged unanswered questions)"}
@urateam/core:test: {"level":30,"time":"2026-05-24T11:29:31.535Z","pid":405175,"hostname":"df54c4ecdd90","name":"urateam","component":"PmAgent:triage","issueId":"BEC-101","priority":3,"labels":["feature","needs-design"],"pipelineLabel":"needs-design","complexity":"small","msg":"triaged issue"}
@urateam/core:test: {"level":40,"time":"2026-05-24T11:29:31.536Z","pid":405175,"hostname":"df54c4ecdd90","name":"urateam","component":"PmAgent:triage","issueId":"BEC-101","openQuestionsCount":1,"msg":"Tier 4 open-questions routing: ticket forced to needs-design (Claude flagged unanswered questions)"}
@urateam/core:test: {"level":30,"time":"2026-05-24T11:29:31.537Z","pid":405175,"hostname":"df54c4ecdd90","name":"urateam","component":"PmAgent:triage","issueId":"BEC-101","priority":3,"labels":["feature","needs-design"],"pipelineLabel":"needs-design","complexity":"small","msg":"triaged issue"}
@urateam/core:test: {"level":40,"time":"2026-05-24T11:29:31.538Z","pid":405175,"hostname":"df54c4ecdd90","name":"urateam","component":"PmAgent:triage","issueId":"BEC-101","openQuestionsCount":1,"msg":"Tier 4 open-questions routing: ticket forced to needs-design (Claude flagged unanswered questions)"}
@urateam/core:test: {"level":30,"time":"2026-05-24T11:29:31.539Z","pid":405175,"hostname":"df54c4ecdd90","name":"urateam","component":"PmAgent:triage","issueId":"BEC-101","priority":3,"labels":["feature","needs-design"],"pipelineLabel":"needs-design","complexity":"small","msg":"triaged issue"}
@urateam/core:test: {"level":30,"time":"2026-05-24T11:29:31.539Z","pid":405175,"hostname":"df54c4ecdd90","name":"urateam","component":"PmAgent:triage","issueId":"BEC-100","priority":2,"labels":["feature","auto-implement"],"pipelineLabel":"auto-implement","complexity":"small","msg":"triaged issue"}
@urateam/core:test:  ✓ src/__tests__/pm-triage-design-doc.test.ts (6 tests) 19ms
@urateam/core:test:  ✓ src/__tests__/pm-conflict.test.ts (13 tests) 31ms
@urateam/core:test: {"level":30,"time":"2026-05-24T11:29:32.398Z","pid":405238,"hostname":"df54c4ecdd90","name":"urateam","component":"license","tier":"oss","msg":"no license key set — running in OSS mode"}
@urateam/core:test: {"level":30,"time":"2026-05-24T11:29:32.402Z","pid":405238,"hostname":"df54c4ecdd90","name":"urateam","component":"license","tier":"oss","msg":"no license key set — running in OSS mode"}
@urateam/core:test: {"level":30,"time":"2026-05-24T11:29:32.403Z","pid":405238,"hostname":"df54c4ecdd90","name":"urateam","component":"license","tier":"oss","msg":"no license key set — running in OSS mode"}
@urateam/core:test: {"level":30,"time":"2026-05-24T11:29:32.416Z","pid":405238,"hostname":"df54c4ecdd90","name":"urateam","component":"license","tier":"pro","customerId":"cust_test","expiresAt":"2026-05-25T11:29:32.000Z","msg":"license key validated"}
@urateam/core:test: {"level":30,"time":"2026-05-24T11:29:32.418Z","pid":405238,"hostname":"df54c4ecdd90","name":"urateam","component":"license","tier":"enterprise","customerId":"cust_acme","expiresAt":"2026-05-25T11:29:32.000Z","msg":"license key validated"}
@urateam/core:test: {"level":30,"time":"2026-05-24T11:29:32.419Z","pid":405238,"hostname":"df54c4ecdd90","name":"urateam","component":"license","tier":"pro","customerId":"cust_partial","expiresAt":"2026-05-25T11:29:32.000Z","msg":"license key validated"}
@urateam/core:test: {"level":40,"time":"2026-05-24T11:29:32.420Z","pid":405238,"hostname":"df54c4ecdd90","name":"urateam","component":"license","reason":"expired","msg":"license key invalid — running in OSS mode"}
@urateam/core:test: {"level":40,"time":"2026-05-24T11:29:32.422Z","pid":405238,"hostname":"df54c4ecdd90","name":"urateam","component":"license","reason":"wrong-issuer","msg":"license key invalid — running in OSS mode"}
@urateam/core:test: {"level":40,"time":"2026-05-24T11:29:32.423Z","pid":405238,"hostname":"df54c4ecdd90","name":"urateam","component":"license","reason":"bad-signature","msg":"license key invalid — running in OSS mode"}
@urateam/core:test: {"level":40,"time":"2026-05-24T11:29:32.424Z","pid":405238,"hostname":"df54c4ecdd90","name":"urateam","component":"license","reason":"malformed","msg":"license key invalid — running in OSS mode"}
@urateam/core:test: {"level":40,"time":"2026-05-24T11:29:32.424Z","pid":405238,"hostname":"df54c4ecdd90","name":"urateam","component":"license","reason":"malformed","msg":"license key invalid — running in OSS mode"}
@urateam/core:test: {"level":40,"time":"2026-05-24T11:29:32.425Z","pid":405238,"hostname":"df54c4ecdd90","name":"urateam","component":"license","reason":"malformed","msg":"license key invalid — running in OSS mode"}
@urateam/core:test: {"level":40,"time":"2026-05-24T11:29:32.425Z","pid":405238,"hostname":"df54c4ecdd90","name":"urateam","component":"license","reason":"malformed","msg":"license key invalid — running in OSS mode"}
@urateam/core:test: {"level":40,"time":"2026-05-24T11:29:32.425Z","pid":405238,"hostname":"df54c4ecdd90","name":"urateam","component":"license","reason":"malformed","msg":"license key invalid — running in OSS mode"}
@urateam/core:test:  ✓ src/__tests__/license.test.ts (12 tests) 32ms
@urateam/core:test:  ✓ src/__tests__/review/model-health.test.ts (6 tests) 24ms
@urateam/core:test:  ✓ src/__tests__/agentic-deep-review-provider.test.ts (2 tests) 16ms
@urateam/core:test:  ✓ src/__tests__/triage-v2-schema.test.ts (18 tests) 18ms
@urateam/core:test: {"level":30,"time":"2026-05-24T11:29:33.480Z","pid":405305,"hostname":"df54c4ecdd90","name":"urateam","component":"PmAgent:recover","runId":"run-1","issueId":"BEC-100","retryCount":1,"msg":"retriable run requeued for resume"}
@urateam/core:test: {"level":40,"time":"2026-05-24T11:29:33.484Z","pid":405305,"hostname":"df54c4ecdd90","name":"urateam","component":"PmAgent:recover","runId":"run-1","issueId":"BEC-200","retryCount":3,"msg":"retriable run exhausted max retries — marking as failed"}
@urateam/core:test: {"level":50,"time":"2026-05-24T11:29:33.486Z","pid":405305,"hostname":"df54c4ecdd90","name":"urateam","component":"PmAgent:recover","runId":"run-1","issueId":"BEC-300","err":{"type":"Error","message":"resume failed","stack":"Error: resume failed\n    at /home/ura/data/runs/PnXZTHwyAR6qch7obf8pl/worktree/packages/core/src/__tests__/pm-recover.test.ts:85:56\n    at file:///home/ura/data/runs/PnXZTHwyAR6qch7obf8pl/worktree/node_modules/.pnpm/@vitest+runner@3.2.4/node_modules/@vitest/runner/dist/chunk-hooks.js:155:11\n    at file:///home/ura/data/runs/PnXZTHwyAR6qch7obf8pl/worktree/node_modules/.pnpm/@vitest+runner@3.2.4/node_modules/@vitest/runner/dist/chunk-hooks.js:752:26\n    at file:///home/ura/data/runs/PnXZTHwyAR6qch7obf8pl/worktree/node_modules/.pnpm/@vitest+runner@3.2.4/node_modules/@vitest/runner/dist/chunk-hooks.js:1897:20\n    at new Promise (<anonymous>)\n    at runWithTimeout (file:///home/ura/data/runs/PnXZTHwyAR6qch7obf8pl/worktree/node_modules/.pnpm/@vitest+runner@3.2.4/node_modules/@vitest/runner/dist/chunk-hooks.js:1863:10)\n    at runTest (file:///home/ura/data/runs/PnXZTHwyAR6qch7obf8pl/worktree/node_modules/.pnpm/@vitest+runner@3.2.4/node_modules/@vitest/runner/dist/chunk-hooks.js:1574:12)\n    at processTicksAndRejections (node:internal/process/task_queues:103:5)\n    at runSuite (file:///home/ura/data/runs/PnXZTHwyAR6qch7obf8pl/worktree/node_modules/.pnpm/@vitest+runner@3.2.4/node_modules/@vitest/runner/dist/chunk-hooks.js:1729:8)\n    at runSuite (file:///home/ura/data/runs/PnXZTHwyAR6qch7obf8pl/worktree/node_modules/.pnpm/@vitest+runner@3.2.4/node_modules/@vitest/runner/dist/chunk-hooks.js:1729:8)"},"msg":"failed to requeue retriable run — rolled back to retriable"}
@urateam/core:test:  ✓ src/__tests__/pm-recover.test.ts (4 tests) 15ms
@urateam/core:test: {"level":50,"time":"2026-05-24T11:29:33.511Z","pid":405339,"hostname":"df54c4ecdd90","name":"urateam","component":"AuthCheck","msg":"Claude auth check failed — credentials may be expired. Run: claude login"}
@urateam/core:test: {"level":50,"time":"2026-05-24T11:29:33.519Z","pid":405339,"hostname":"df54c4ecdd90","name":"urateam","component":"AuthCheck","msg":"Claude auth check failed — credentials may be expired. Run: claude login"}
@urateam/core:test:  ✓ src/__tests__/auth-check.test.ts (19 tests) 21ms
@urateam/core:test:  ✓ src/__tests__/triage-v2-render.test.ts (17 tests) 16ms
@urateam/core:test: {"level":40,"time":"2026-05-24T11:29:34.279Z","pid":405366,"hostname":"df54c4ecdd90","name":"urateam","component":"audit.writer","err":{"type":"TypeError","message":"db.insert is not a function","stack":"TypeError: db.insert is not a function\n    at insertAuditEvent (/home/ura/data/runs/PnXZTHwyAR6qch7obf8pl/worktree/packages/core/src/audit/writer.ts:10:23)\n    at logAuditEventUnchecked (/home/ura/data/runs/PnXZTHwyAR6qch7obf8pl/worktree/packages/core/src/audit/writer.ts:79:9)\n    at triggerWorkflow (/home/ura/data/runs/PnXZTHwyAR6qch7obf8pl/worktree/packages/core/src/qa/github.ts:114:8)\n    at processTicksAndRejections (node:internal/process/task_queues:103:5)\n    at /home/ura/data/runs/PnXZTHwyAR6qch7obf8pl/worktree/packages/core/src/__tests__/qa-github.test.ts:70:20\n    at file:///home/ura/data/runs/PnXZTHwyAR6qch7obf8pl/worktree/node_modules/.pnpm/@vitest+runner@3.2.4/node_modules/@vitest/runner/dist/chunk-hooks.js:752:20"},"eventType":"qa.run_triggered","id":"evt_e1d3176f-8a3a-4653-98d3-8dae914c28b9","msg":"audit event write failed"}
@urateam/core:test:  ✓ src/__tests__/qa-github.test.ts (10 tests) 24ms
@urateam/core:test:  ✓ src/__tests__/bec-238-repro.test.ts (7 tests) 15ms
@urateam/core:test: {"level":30,"time":"2026-05-24T11:29:34.730Z","pid":405403,"hostname":"df54c4ecdd90","name":"urateam","component":"PmAgent:triage","issueId":"BEC-230-test","priority":2,"labels":["feature","backend","auto-implement"],"pipelineLabel":"auto-implement","complexity":"medium","msg":"triaged issue"}
@urateam/core:test: {"level":30,"time":"2026-05-24T11:29:34.737Z","pid":405403,"hostname":"df54c4ecdd90","name":"urateam","component":"PmAgent:triage","issueId":"BEC-230-prompt-test","priority":2,"labels":["feature","backend","auto-implement"],"pipelineLabel":"auto-implement","complexity":"medium","msg":"triaged issue"}
@urateam/core:test: {"level":30,"time":"2026-05-24T11:29:34.739Z","pid":405403,"hostname":"df54c4ecdd90","name":"urateam","component":"PmAgent:triage","issueId":"BEC-230-no-acs","priority":2,"labels":["feature","backend","auto-implement"],"pipelineLabel":"auto-implement","complexity":"medium","msg":"triaged issue"}
@urateam/core:test:  ✓ src/__tests__/triage-preserve-acs.test.ts (16 tests) 27ms
@urateam/core:test:  ✓ src/__tests__/gitlab.test.ts (17 tests) 19ms
@urateam/core:test: {"level":30,"time":"2026-05-24T11:29:35.339Z","pid":405443,"hostname":"df54c4ecdd90","name":"urateam","component":"PmAgent:deprioritize","issueId":"BEC-80","ageDays":20,"msg":"deprioritize approval requested"}
@urateam/core:test: {"level":30,"time":"2026-05-24T11:29:35.344Z","pid":405443,"hostname":"df54c4ecdd90","name":"urateam","component":"PmAgent:cancel","issueId":"BEC-90","ageDays":35,"stateName":"Backlog","msg":"cancel approval requested"}
@urateam/core:test: {"level":30,"time":"2026-05-24T11:29:35.345Z","pid":405443,"hostname":"df54c4ecdd90","name":"urateam","component":"PmAgent:approvals","issueId":"BEC-80","action":"deprioritize","msg":"approval executed"}
@urateam/core:test: {"level":30,"time":"2026-05-24T11:29:35.348Z","pid":405443,"hostname":"df54c4ecdd90","name":"urateam","component":"PmAgent:approvals","issueId":"BEC-81","action":"cancel","msg":"approval expired"}
@urateam/core:test:  ✓ src/__tests__/pm-approvals.test.ts (4 tests) 15ms
@urateam/core:test: {"level":50,"time":"2026-05-24T11:29:35.414Z","pid":405483,"hostname":"df54c4ecdd90","name":"urateam","component":"Validator","stage":"implement","err":"SDK connection failed","msg":"validation agent failed"}
@urateam/core:test:  ✓ src/__tests__/validate.test.ts (6 tests) 16ms
@urateam/core:test:  ✓ src/__tests__/triage-v2-prompt.test.ts (18 tests) 14ms
@urateam/core:test: {"level":30,"time":"2026-05-24T11:29:36.011Z","pid":405547,"hostname":"df54c4ecdd90","name":"urateam","component":"devcontainer","worktreePath":"/repo","msg":"starting container"}
@urateam/core:test: {"level":30,"time":"2026-05-24T11:29:36.013Z","pid":405547,"hostname":"df54c4ecdd90","name":"urateam","component":"devcontainer","args":["up","--workspace-folder","/repo"],"msg":"devcontainer exec"}
@urateam/core:test: {"level":30,"time":"2026-05-24T11:29:36.014Z","pid":405547,"hostname":"df54c4ecdd90","name":"urateam","component":"devcontainer","worktreePath":"/repo","msg":"starting container"}
@urateam/core:test: {"level":30,"time":"2026-05-24T11:29:36.014Z","pid":405547,"hostname":"df54c4ecdd90","name":"urateam","component":"devcontainer","args":["up","--workspace-folder","/repo"],"msg":"devcontainer exec"}
@urateam/core:test: {"level":30,"time":"2026-05-24T11:29:36.015Z","pid":405547,"hostname":"df54c4ecdd90","name":"urateam","component":"devcontainer","worktreePath":"/repo","workspaceFolder":"/workspaces/my-project","msg":"container started"}
@urateam/core:test: {"level":30,"time":"2026-05-24T11:29:36.015Z","pid":405547,"hostname":"df54c4ecdd90","name":"urateam","component":"devcontainer","worktreePath":"/repo","msg":"starting container"}
@urateam/core:test: {"level":30,"time":"2026-05-24T11:29:36.016Z","pid":405547,"hostname":"df54c4ecdd90","name":"urateam","component":"devcontainer","args":["up","--workspace-folder","/repo"],"msg":"devcontainer exec"}
@urateam/core:test: {"level":30,"time":"2026-05-24T11:29:36.016Z","pid":405547,"hostname":"df54c4ecdd90","name":"urateam","component":"devcontainer","worktreePath":"/repo","workspaceFolder":"/workspaces/worktree","msg":"container started"}
@urateam/core:test:  ✓ src/__tests__/devcontainer.test.ts (8 tests) 12ms
@urateam/core:test:  ✓ src/__tests__/prompt-injection.test.ts (31 tests) 12ms
@urateam/core:test: {"level":30,"time":"2026-05-24T11:29:36.361Z","pid":405567,"hostname":"df54c4ecdd90","name":"urateam","component":"PmAgent:conflict-detector","issueId":"LOW","priority":3,"msg":"deferring issue — file conflict with higher-priority assignment"}
@urateam/core:test: {"level":30,"time":"2026-05-24T11:29:36.364Z","pid":405567,"hostname":"df54c4ecdd90","name":"urateam","component":"PmAgent:conflict-detector","issueId":"B","priority":2,"msg":"deferring issue — file conflict with higher-priority assignment"}
@urateam/core:test: {"level":30,"time":"2026-05-24T11:29:36.364Z","pid":405567,"hostname":"df54c4ecdd90","name":"urateam","component":"PmAgent:conflict-detector","issueId":"NOPRIORITY","priority":0,"msg":"deferring issue — file conflict with higher-priority assignment"}
@urateam/core:test:  ✓ src/__tests__/conflict-detector.test.ts (23 tests) 18ms
@urateam/core:test:  ✓ src/__tests__/sanitizer.test.ts (27 tests) 16ms
@urateam/core:test:  ✓ src/__tests__/typecheck-gate.test.ts (12 tests) 14ms
@urateam/core:test:  ✓ src/__tests__/qa-eval.test.ts (8 tests) 8ms
@urateam/core:test: {"level":30,"time":"2026-05-24T11:29:37.189Z","pid":405627,"hostname":"df54c4ecdd90","name":"urateam","component":"license","tier":"enterprise","customerId":"cust_test","expiresAt":"2026-05-25T11:29:37.000Z","msg":"license key validated"}
@urateam/core:test: {"level":30,"time":"2026-05-24T11:29:37.193Z","pid":405627,"hostname":"df54c4ecdd90","name":"urateam","component":"license","tier":"enterprise","customerId":"cust_test","expiresAt":"2026-05-25T11:29:37.000Z","msg":"license key validated"}
@urateam/core:test: {"level":30,"time":"2026-05-24T11:29:37.194Z","pid":405627,"hostname":"df54c4ecdd90","name":"urateam","component":"license","tier":"enterprise","customerId":"cust_test","expiresAt":"2026-05-25T11:29:37.000Z","msg":"license key validated"}
@urateam/core:test: {"level":30,"time":"2026-05-24T11:29:37.195Z","pid":405627,"hostname":"df54c4ecdd90","name":"urateam","component":"license","tier":"enterprise","customerId":"cust_test","expiresAt":"2026-05-25T11:29:37.000Z","msg":"license key validated"}
@urateam/core:test:  ✓ src/__tests__/cost/per-run-multi-model.test.ts (4 tests) 16ms
@urateam/core:test:  ✓ src/__tests__/qa-audit-events.test.ts (4 tests) 9ms
@urateam/core:test:  ✓ src/__tests__/recover-stuck-bec184.test.ts (7 tests) 19ms
@urateam/core:test: {"level":30,"time":"2026-05-24T11:29:38.289Z","pid":405707,"hostname":"df54c4ecdd90","name":"urateam","component":"PmAgent:deprioritize","issueId":"DEP-0","ageDays":20,"msg":"deprioritize approval requested"}
@urateam/core:test: {"level":30,"time":"2026-05-24T11:29:38.290Z","pid":405707,"hostname":"df54c4ecdd90","name":"urateam","component":"PmAgent:deprioritize","issueId":"DEP-1","ageDays":20,"msg":"deprioritize approval requested"}
@urateam/core:test: {"level":30,"time":"2026-05-24T11:29:38.290Z","pid":405707,"hostname":"df54c4ecdd90","name":"urateam","component":"PmAgent:deprioritize","issueId":"DEP-2","ageDays":20,"msg":"deprioritize approval requested"}
@urateam/core:test: {"level":30,"time":"2026-05-24T11:29:38.290Z","pid":405707,"hostname":"df54c4ecdd90","name":"urateam","component":"PmAgent:deprioritize","issueId":"DEP-3","ageDays":20,"msg":"deprioritize approval requested"}
@urateam/core:test: {"level":30,"time":"2026-05-24T11:29:38.290Z","pid":405707,"hostname":"df54c4ecdd90","name":"urateam","component":"PmAgent:deprioritize","issueId":"DEP-4","ageDays":20,"msg":"deprioritize approval requested"}
@urateam/core:test: stdout | src/__tests__/repro-bec58-n-plus-one.test.ts > BEC-58 fix: deprioritizeStaleIssues — batch SELECT > issues exactly 1 batch SELECT for N issues (not N individual queries)
@urateam/core:test: deprioritize: 5 issues → 1 SELECT queries (expected: 1 batch SELECT)
@urateam/core:test: 
@urateam/core:test: {"level":30,"time":"2026-05-24T11:29:38.294Z","pid":405707,"hostname":"df54c4ecdd90","name":"urateam","component":"PmAgent:cancel","issueId":"BLG-0","ageDays":35,"stateName":"Backlog","msg":"cancel approval requested"}
@urateam/core:test: {"level":30,"time":"2026-05-24T11:29:38.294Z","pid":405707,"hostname":"df54c4ecdd90","name":"urateam","component":"PmAgent:cancel","issueId":"BLG-1","ageDays":35,"stateName":"Backlog","msg":"cancel approval requested"}
@urateam/core:test: {"level":30,"time":"2026-05-24T11:29:38.294Z","pid":405707,"hostname":"df54c4ecdd90","name":"urateam","component":"PmAgent:cancel","issueId":"BLG-2","ageDays":35,"stateName":"Backlog","msg":"cancel approval requested"}
@urateam/core:test: {"level":30,"time":"2026-05-24T11:29:38.295Z","pid":405707,"hostname":"df54c4ecdd90","name":"urateam","component":"PmAgent:cancel","issueId":"BLG-3","ageDays":35,"stateName":"Backlog","msg":"cancel approval requested"}
@urateam/core:test: {"level":30,"time":"2026-05-24T11:29:38.295Z","pid":405707,"hostname":"df54c4ecdd90","name":"urateam","component":"PmAgent:cancel","issueId":"ICE-0","ageDays":35,"stateName":"Icebox","msg":"cancel approval requested"}
@urateam/core:test: {"level":30,"time":"2026-05-24T11:29:38.295Z","pid":405707,"hostname":"df54c4ecdd90","name":"urateam","component":"PmAgent:cancel","issueId":"ICE-1","ageDays":35,"stateName":"Icebox","msg":"cancel approval requested"}
@urateam/core:test: {"level":30,"time":"2026-05-24T11:29:38.295Z","pid":405707,"hostname":"df54c4ecdd90","name":"urateam","component":"PmAgent:cancel","issueId":"ICE-2","ageDays":35,"stateName":"Icebox","msg":"cancel approval requested"}
@urateam/core:test: stdout | src/__tests__/repro-bec58-n-plus-one.test.ts > BEC-58 fix: cancelAbandonedIssues — batch SELECT > issues exactly 1 batch SELECT covering all issues across Backlog and Icebox
@urateam/core:test: cancel: 7 issues across 2 states → 1 SELECT queries (expected: 1 batch SELECT)
@urateam/core:test: 
@urateam/core:test:  ✓ src/__tests__/repro-bec58-n-plus-one.test.ts (4 tests) 12ms
@urateam/core:test: {"level":30,"time":"2026-05-24T11:29:38.587Z","pid":405727,"hostname":"df54c4ecdd90","name":"urateam","component":"license","tier":"enterprise","customerId":"cust_test","expiresAt":"2026-05-25T11:29:38.000Z","msg":"license key validated"}
@urateam/core:test: {"level":30,"time":"2026-05-24T11:29:38.591Z","pid":405727,"hostname":"df54c4ecdd90","name":"urateam","component":"license","tier":"enterprise","customerId":"cust_test","expiresAt":"2026-05-25T11:29:38.000Z","msg":"license key validated"}
@urateam/core:test: {"level":30,"time":"2026-05-24T11:29:38.592Z","pid":405727,"hostname":"df54c4ecdd90","name":"urateam","component":"license","tier":"enterprise","customerId":"cust_test","expiresAt":"2026-05-25T11:29:38.000Z","msg":"license key validated"}
@urateam/core:test: {"level":30,"time":"2026-05-24T11:29:38.593Z","pid":405727,"hostname":"df54c4ecdd90","name":"urateam","component":"license","tier":"enterprise","customerId":"cust_test","expiresAt":"2026-05-25T11:29:38.000Z","msg":"license key validated"}
@urateam/core:test:  ✓ src/__tests__/cost/per-run.test.ts (4 tests) 14ms
@urateam/core:test:  ✓ src/__tests__/types.test.ts (12 tests) 19ms
@urateam/core:test:  ✓ src/__tests__/auth/sso-config.test.ts (12 tests) 19ms
@urateam/core:test:  ✓ src/__tests__/executor.test.ts (21 tests) 20ms
@urateam/core:test:  ✓ src/__tests__/policy/reviewer-gate.test.ts (14 tests) 11ms
@urateam/core:test:  ✓ src/__tests__/pipeline-config.test.ts (20 tests) 17ms
@urateam/core:test:  ✓ src/__tests__/triage-v2-prediction-emission.test.ts (10 tests) 13ms
@urateam/core:test: {"level":30,"time":"2026-05-24T11:29:40.683Z","pid":405847,"hostname":"df54c4ecdd90","name":"urateam","component":"PmAgent:deprioritize","issueId":"BEC-100","ageDays":20,"msg":"deprioritize approval requested"}
@urateam/core:test: {"level":30,"time":"2026-05-24T11:29:40.684Z","pid":405847,"hostname":"df54c4ecdd90","name":"urateam","component":"PmAgent:deprioritize","issueId":"BEC-101","ageDays":20,"msg":"deprioritize approval requested"}
@urateam/core:test: {"level":30,"time":"2026-05-24T11:29:40.684Z","pid":405847,"hostname":"df54c4ecdd90","name":"urateam","component":"PmAgent:deprioritize","issueId":"BEC-102","ageDays":20,"msg":"deprioritize approval requested"}
@urateam/core:test: {"level":30,"time":"2026-05-24T11:29:40.684Z","pid":405847,"hostname":"df54c4ecdd90","name":"urateam","component":"PmAgent:deprioritize","issueId":"BEC-103","ageDays":20,"msg":"deprioritize approval requested"}
@urateam/core:test: {"level":30,"time":"2026-05-24T11:29:40.684Z","pid":405847,"hostname":"df54c4ecdd90","name":"urateam","component":"PmAgent:deprioritize","issueId":"BEC-104","ageDays":20,"msg":"deprioritize approval requested"}
@urateam/core:test: stdout | src/__tests__/pm-approvals-n1.repro.test.ts > BEC-58 fix — deprioritize batch SELECT > fires exactly one batch SELECT for all issues (not one per issue)
@urateam/core:test: deprioritize: issued 1 SELECT queries for 5 issues
@urateam/core:test: 
@urateam/core:test: {"level":30,"time":"2026-05-24T11:29:40.688Z","pid":405847,"hostname":"df54c4ecdd90","name":"urateam","component":"PmAgent:cancel","issueId":"BEC-200","ageDays":35,"stateName":"Backlog","msg":"cancel approval requested"}
@urateam/core:test: {"level":30,"time":"2026-05-24T11:29:40.688Z","pid":405847,"hostname":"df54c4ecdd90","name":"urateam","component":"PmAgent:cancel","issueId":"BEC-201","ageDays":35,"stateName":"Backlog","msg":"cancel approval requested"}
@urateam/core:test: {"level":30,"time":"2026-05-24T11:29:40.689Z","pid":405847,"hostname":"df54c4ecdd90","name":"urateam","component":"PmAgent:cancel","issueId":"BEC-202","ageDays":35,"stateName":"Backlog","msg":"cancel approval requested"}
@urateam/core:test: {"level":30,"time":"2026-05-24T11:29:40.689Z","pid":405847,"hostname":"df54c4ecdd90","name":"urateam","component":"PmAgent:cancel","issueId":"BEC-210","ageDays":35,"stateName":"Icebox","msg":"cancel approval requested"}
@urateam/core:test: {"level":30,"time":"2026-05-24T11:29:40.689Z","pid":405847,"hostname":"df54c4ecdd90","name":"urateam","component":"PmAgent:cancel","issueId":"BEC-211","ageDays":35,"stateName":"Icebox","msg":"cancel approval requested"}
@urateam/core:test: {"level":30,"time":"2026-05-24T11:29:40.690Z","pid":405847,"hostname":"df54c4ecdd90","name":"urateam","component":"PmAgent:cancel","issueId":"BEC-212","ageDays":35,"stateName":"Icebox","msg":"cancel approval requested"}
@urateam/core:test: {"level":30,"time":"2026-05-24T11:29:40.690Z","pid":405847,"hostname":"df54c4ecdd90","name":"urateam","component":"PmAgent:cancel","issueId":"BEC-213","ageDays":35,"stateName":"Icebox","msg":"cancel approval requested"}
@urateam/core:test: stdout | src/__tests__/pm-approvals-n1.repro.test.ts > BEC-58 fix — cancel batch SELECT > fires exactly one batch SELECT covering both Backlog and Icebox issues
@urateam/core:test: cancel: issued 1 SELECT queries for 7 issues
@urateam/core:test: 
@urateam/core:test: stdout | src/__tests__/pm-approvals-n1.repro.test.ts > BEC-58 fix — cancel batch SELECT > dedup still works: skips issues that already have a pending approval
@urateam/core:test: dedup test: 1 SELECT queries fired (expected 1 after fix)
@urateam/core:test: 
@urateam/core:test:  ✓ src/__tests__/pm-approvals-n1.repro.test.ts (3 tests) 16ms
@urateam/core:test:  ✓ src/__tests__/release-manager-github.test.ts (8 tests) 16ms
@urateam/core:test: {"level":30,"time":"2026-05-24T11:29:41.304Z","pid":405927,"hostname":"df54c4ecdd90","name":"urateam","component":"executor.profiles","stage":"test","profile":{"tools":["Read","Write","Edit","Bash","Glob","Grep"],"maxInputTokens":80000,"maxTurns":75,"model":"claude-haiku-4-5"},"msg":"URATEAM_AGENT_PROFILES override applied"}
@urateam/core:test: {"level":30,"time":"2026-05-24T11:29:41.307Z","pid":405927,"hostname":"df54c4ecdd90","name":"urateam","component":"executor.profiles","stage":"test","profile":{"tools":["Read","Bash"],"maxInputTokens":30000,"maxTurns":50,"model":"claude-sonnet-4-6"},"msg":"URATEAM_AGENT_PROFILES override applied"}
@urateam/core:test: {"level":40,"time":"2026-05-24T11:29:41.308Z","pid":405927,"hostname":"df54c4ecdd90","name":"urateam","component":"executor.profiles","stage":"flarble","knownStages":["triage","reproduce","implement","test","review"],"msg":"URATEAM_AGENT_PROFILES override targets unknown stage — ignoring"}
@urateam/core:test: {"level":40,"time":"2026-05-24T11:29:41.308Z","pid":405927,"hostname":"df54c4ecdd90","name":"urateam","component":"executor.profiles","stage":"test","field":"maxInputTokens","got":"lots","ceiling":500000,"msg":"URATEAM_AGENT_PROFILES override: maxInputTokens must be a positive integer ≤ ceiling — ignoring this field"}
@urateam/core:test: {"level":40,"time":"2026-05-24T11:29:41.308Z","pid":405927,"hostname":"df54c4ecdd90","name":"urateam","component":"executor.profiles","stage":"test","field":"model","got":"","msg":"URATEAM_AGENT_PROFILES override: model must be a non-empty string — ignoring this field"}
@urateam/core:test: {"level":30,"time":"2026-05-24T11:29:41.309Z","pid":405927,"hostname":"df54c4ecdd90","name":"urateam","component":"executor.profiles","stage":"test","profile":{"tools":["Read","Write","Edit","Bash","Glob","Grep"],"maxInputTokens":30000,"maxTurns":75,"model":"claude-haiku-4-5"},"msg":"URATEAM_AGENT_PROFILES override applied"}
@urateam/core:test: {"level":40,"time":"2026-05-24T11:29:41.309Z","pid":405927,"hostname":"df54c4ecdd90","name":"urateam","component":"executor.profiles","stage":"test","field":"maxInputTokens","got":-1,"ceiling":500000,"msg":"URATEAM_AGENT_PROFILES override: maxInputTokens must be a positive integer ≤ ceiling — ignoring this field"}
@urateam/core:test: {"level":40,"time":"2026-05-24T11:29:41.309Z","pid":405927,"hostname":"df54c4ecdd90","name":"urateam","component":"executor.profiles","stage":"test","field":"maxTurns","got":0,"ceiling":500,"msg":"URATEAM_AGENT_PROFILES override: maxTurns must be a positive integer ≤ ceiling — ignoring this field"}
@urateam/core:test: {"level":30,"time":"2026-05-24T11:29:41.309Z","pid":405927,"hostname":"df54c4ecdd90","name":"urateam","component":"executor.profiles","stage":"test","profile":{"tools":["Read","Write","Edit","Bash","Glob","Grep"],"maxInputTokens":30000,"maxTurns":50,"model":"claude-haiku-4-5"},"msg":"URATEAM_AGENT_PROFILES override applied"}
@urateam/core:test: {"level":40,"time":"2026-05-24T11:29:41.310Z","pid":405927,"hostname":"df54c4ecdd90","name":"urateam","component":"executor.profiles","err":"Expected property name or '}' in JSON at position 1 (line 1 column 2)","msg":"URATEAM_AGENT_PROFILES is not valid JSON — falling back to defaults"}
@urateam/core:test: {"level":40,"time":"2026-05-24T11:29:41.311Z","pid":405927,"hostname":"df54c4ecdd90","name":"urateam","component":"executor.profiles","msg":"URATEAM_AGENT_PROFILES must be a JSON object keyed by stage name — falling back to defaults"}
@urateam/core:test: {"level":40,"time":"2026-05-24T11:29:41.311Z","pid":405927,"hostname":"df54c4ecdd90","name":"urateam","component":"executor.profiles","msg":"URATEAM_AGENT_PROFILES must be a JSON object keyed by stage name — falling back to defaults"}
@urateam/core:test: {"level":40,"time":"2026-05-24T11:29:41.312Z","pid":405927,"hostname":"df54c4ecdd90","name":"urateam","component":"executor.profiles","stage":"test","got":"string","msg":"URATEAM_AGENT_PROFILES per-stage value must be an object — ignoring"}
@urateam/core:test: {"level":30,"time":"2026-05-24T11:29:41.312Z","pid":405927,"hostname":"df54c4ecdd90","name":"urateam","component":"executor.profiles","stage":"implement","profile":{"tools":["Read","Write","Edit","Bash","Glob","Grep"],"maxInputTokens":100000,"maxTurns":75,"model":"claude-sonnet-4-6"},"msg":"URATEAM_AGENT_PROFILES override applied"}
@urateam/core:test: {"level":30,"time":"2026-05-24T11:29:41.312Z","pid":405927,"hostname":"df54c4ecdd90","name":"urateam","component":"executor.profiles","stage":"test","profile":{"tools":["Read","Write","Edit","Bash","Glob","Grep"],"maxInputTokens":30000,"maxTurns":50,"model":"claude-haiku-4-5"},"msg":"URATEAM_AGENT_PROFILES override applied"}
@urateam/core:test:  ✓ src/__tests__/agent-profiles.test.ts (12 tests) 15ms
@urateam/core:test: {"level":30,"time":"2026-05-24T11:29:41.732Z","pid":405887,"hostname":"df54c4ecdd90","name":"urateam","component":"license","tier":"pro","customerId":"cust_test","expiresAt":"2026-05-25T11:29:41.000Z","msg":"license key validated"}
@urateam/core:test: {"level":30,"time":"2026-05-24T11:29:41.735Z","pid":405887,"hostname":"df54c4ecdd90","name":"urateam","component":"license","tier":"enterprise","customerId":"cust_test","expiresAt":"2026-05-25T11:29:41.000Z","msg":"license key validated"}
@urateam/core:test:  ✓ src/__tests__/cost-license.test.ts (3 tests) 10ms
@urateam/core:test:  ✓ src/__tests__/auto-deep-review.test.ts (21 tests) 19ms
@urateam/core:test:  ✓ src/__tests__/validate-review-models.test.ts (9 tests) 13ms
@urateam/core:test:  ✓ src/__tests__/triage-v2-prediction.test.ts (8 tests) 9ms
@urateam/core:test:  ✓ src/__tests__/audit/policy-events.test.ts (4 tests) 7ms
@urateam/core:test:  ✓ src/__tests__/decisions-parser.test.ts (6 tests) 10ms
@urateam/core:test:  ✓ src/__tests__/cost-types.test.ts (7 tests) 11ms
@urateam/core:test: {"level":40,"time":"2026-05-24T11:29:43.353Z","pid":406047,"hostname":"df54c4ecdd90","name":"urateam","component":"review.provider","var":"REVIEW_MODELS_MAX_OUTPUT_TOKENS","value":"0","msg":"REVIEW_MODELS_MAX_OUTPUT_TOKENS is not a positive integer — treating as unset (model provider default applies)"}
@urateam/core:test: {"level":40,"time":"2026-05-24T11:29:43.355Z","pid":406047,"hostname":"df54c4ecdd90","name":"urateam","component":"review.provider","var":"REVIEW_MODELS_MAX_OUTPUT_TOKENS","value":"-1","msg":"REVIEW_MODELS_MAX_OUTPUT_TOKENS is not a positive integer — treating as unset (model provider default applies)"}
@urateam/core:test: {"level":40,"time":"2026-05-24T11:29:43.355Z","pid":406047,"hostname":"df54c4ecdd90","name":"urateam","component":"review.provider","var":"REVIEW_MODELS_MAX_OUTPUT_TOKENS","value":"lots","msg":"REVIEW_MODELS_MAX_OUTPUT_TOKENS is not a positive integer — treating as unset (model provider default applies)"}
@urateam/core:test: {"level":40,"time":"2026-05-24T11:29:43.357Z","pid":406047,"hostname":"df54c4ecdd90","name":"urateam","component":"review.provider","var":"REVIEW_MODELS_MAX_OUTPUT_TOKENS","value":10,"floor":256,"msg":"REVIEW_MODELS_MAX_OUTPUT_TOKENS is below the sane floor — model responses will likely be truncated mid-finding and produce zero parseable output. Consider setting it to at least 1024."}
@urateam/core:test:  ✓ src/__tests__/review-provider-registry.test.ts (15 tests) 15ms
@urateam/core:test:  ✓ src/__tests__/templates.test.ts (14 tests) 10ms
@urateam/core:test:  ✓ src/__tests__/audit/projection.test.ts (6 tests) 9ms
@urateam/core:test:  ✓ src/__tests__/validate-run-mode.test.ts (3 tests) 15ms
@urateam/core:test:  ✓ src/__tests__/policy-types.test.ts (5 tests) 11ms
@urateam/core:test:  ✓ src/__tests__/spec-vs-impl-gate.test.ts (16 tests) 11ms
@urateam/core:test:  ✓ src/__tests__/mcp-resolver.test.ts (10 tests) 11ms
@urateam/core:test:  ✓ src/__tests__/qa-config.test.ts (8 tests) 12ms
@urateam/core:test:  ✓ src/__tests__/error-classifier.test.ts (20 tests) 9ms
@urateam/core:test: {"level":50,"time":"2026-05-24T11:29:44.933Z","pid":406247,"hostname":"df54c4ecdd90","name":"urateam","component":"AuthCheck","msg":"Claude auth check failed — credentials may be expired. Run: claude login"}
@urateam/core:test:  ✓ src/__tests__/resolve-claude-auth.test.ts (9 tests) 14ms
@urateam/core:test:  ✓ src/__tests__/circuit-breaker-config.test.ts (5 tests) 6ms
@urateam/core:test:  ✓ src/__tests__/audit/events.test.ts (5 tests) 11ms
@urateam/core:test:  ✓ src/__tests__/review-prompt.test.ts (8 tests) 15ms
@urateam/core:test:  ✓ src/__tests__/release-manager-triggers.test.ts (12 tests) 10ms
@urateam/core:test:  ✓ src/__tests__/assembler.test.ts (5 tests) 8ms
@urateam/core:test:  ✓ src/__tests__/cost/rates.test.ts (7 tests) 7ms
@urateam/core:test:  ✓ src/__tests__/executor/review-feedback-prompt.test.ts (5 tests) 6ms
@urateam/core:test:  ✓ src/__tests__/select-repo-config.test.ts (13 tests) 10ms
@urateam/core:test:  ✓ src/__tests__/decision-artifact-schema.test.ts (7 tests) 12ms
@urateam/core:test:  ✓ src/__tests__/reproduce-bec184-long-running.test.ts (3 tests) 13ms
@urateam/core:test:  ✓ src/__tests__/policy/auto-merge-reviewer-gate.test.ts (3 tests) 12ms
@urateam/core:test:  ✓ src/__tests__/session-store.test.ts (4 tests) 8ms
@urateam/core:test:  ✓ src/__tests__/surgical-review-fix-prompt.test.ts (6 tests) 7ms
@urateam/core:test:  ✓ src/__tests__/release-manager-decide.test.ts (11 tests) 9ms
@urateam/core:test:  ✓ src/__tests__/webhook.test.ts (7 tests) 8ms
@urateam/core:test:  ✓ src/__tests__/audit/sso-events.test.ts (3 tests) 7ms
@urateam/core:test: {"level":40,"time":"2026-05-24T11:29:48.304Z","pid":406573,"hostname":"df54c4ecdd90","name":"urateam","component":"pipeline.config","envValue":"lots","var":"URATEAM_DEEP_REVIEW_PASSES","msg":"URATEAM_DEEP_REVIEW_PASSES must be a non-negative integer — ignoring"}
@urateam/core:test: {"level":40,"time":"2026-05-24T11:29:48.305Z","pid":406573,"hostname":"df54c4ecdd90","name":"urateam","component":"pipeline.config","envValue":"-1","var":"URATEAM_DEEP_REVIEW_PASSES","msg":"URATEAM_DEEP_REVIEW_PASSES must be a non-negative integer — ignoring"}
@urateam/core:test: {"level":40,"time":"2026-05-24T11:29:48.305Z","pid":406573,"hostname":"df54c4ecdd90","name":"urateam","component":"pipeline.config","envValue":"","var":"URATEAM_DEEP_REVIEW_PASSES","msg":"URATEAM_DEEP_REVIEW_PASSES must be a non-negative integer — ignoring"}
@urateam/core:test: {"level":40,"time":"2026-05-24T11:29:48.305Z","pid":406573,"hostname":"df54c4ecdd90","name":"urateam","component":"pipeline.config","envValue":"1.5","var":"URATEAM_DEEP_REVIEW_PASSES","msg":"URATEAM_DEEP_REVIEW_PASSES must be a non-negative integer — ignoring"}
@urateam/core:test: {"level":40,"time":"2026-05-24T11:29:48.305Z","pid":406573,"hostname":"df54c4ecdd90","name":"urateam","component":"pipeline.config","envValue":"1e2","var":"URATEAM_DEEP_REVIEW_PASSES","msg":"URATEAM_DEEP_REVIEW_PASSES must be a non-negative integer — ignoring"}
@urateam/core:test:  ✓ src/__tests__/deep-review-passes-override.test.ts (7 tests) 10ms
@urateam/core:test:  ✓ src/__tests__/release-manager-config.test.ts (6 tests) 9ms
@urateam/core:test:  ✓ src/__tests__/release-manager-audit-events.test.ts (6 tests) 10ms
@urateam/core:test:  ✓ src/__tests__/policy/path-gate.test.ts (6 tests) 10ms
@urateam/core:test:  ✓ src/__tests__/audit/rbac-events.test.ts (4 tests) 7ms
@urateam/core:test:  ✓ src/__tests__/release-manager-versioning.test.ts (11 tests) 7ms
@urateam/core:test:  ✓ src/__tests__/license-public-key.test.ts (1 test) 8ms
@urateam/core:test:  ✓ src/__tests__/audit-events-tunnel.test.ts (5 tests) 8ms
@urateam/core:test:  ✓ src/__tests__/policy/cost-gate.test.ts (5 tests) 7ms
@urateam/core:test:  ✓ src/__tests__/audit-types.test.ts (3 tests) 7ms
@urateam/core:test:  ✓ src/__tests__/circuit-breaker-events.test.ts (3 tests) 7ms
@urateam/core:test: {"level":40,"time":"2026-05-24T11:29:50.290Z","pid":406794,"hostname":"df54c4ecdd90","name":"urateam","component":"pipeline.config","envValue":"yes","var":"URATEAM_AUTO_MERGE","msg":"URATEAM_AUTO_MERGE must be 'true' or 'false' — ignoring"}
@urateam/core:test: {"level":40,"time":"2026-05-24T11:29:50.291Z","pid":406794,"hostname":"df54c4ecdd90","name":"urateam","component":"pipeline.config","envValue":"1","var":"URATEAM_AUTO_MERGE","msg":"URATEAM_AUTO_MERGE must be 'true' or 'false' — ignoring"}
@urateam/core:test: {"level":40,"time":"2026-05-24T11:29:50.291Z","pid":406794,"hostname":"df54c4ecdd90","name":"urateam","component":"pipeline.config","envValue":"on","var":"URATEAM_AUTO_MERGE","msg":"URATEAM_AUTO_MERGE must be 'true' or 'false' — ignoring"}
@urateam/core:test: {"level":40,"time":"2026-05-24T11:29:50.291Z","pid":406794,"hostname":"df54c4ecdd90","name":"urateam","component":"pipeline.config","envValue":"","var":"URATEAM_AUTO_MERGE","msg":"URATEAM_AUTO_MERGE must be 'true' or 'false' — ignoring"}
@urateam/core:test: {"level":40,"time":"2026-05-24T11:29:50.292Z","pid":406794,"hostname":"df54c4ecdd90","name":"urateam","component":"pipeline.config","envValue":"0","var":"URATEAM_AUTO_MERGE","msg":"URATEAM_AUTO_MERGE must be 'true' or 'false' — ignoring"}
@urateam/core:test: {"level":40,"time":"2026-05-24T11:29:50.292Z","pid":406794,"hostname":"df54c4ecdd90","name":"urateam","component":"pipeline.config","envValue":"no","var":"URATEAM_AUTO_MERGE","msg":"URATEAM_AUTO_MERGE must be 'true' or 'false' — ignoring"}
@urateam/core:test:  ✓ src/__tests__/auto-merge-override.test.ts (7 tests) 9ms
@urateam/core:test:  ✓ src/__tests__/audit-session-events.test.ts (4 tests) 7ms
@urateam/core:test:  ✓ src/__tests__/session-policy.test.ts (11 tests) 7ms
@urateam/core:test:  ✓ src/__tests__/preflight-claude-auth.test.ts (3 tests) 6ms
@urateam/core:test:  ✓ src/__tests__/audit-events-service.test.ts (2 tests) 6ms
@urateam/core:test:  ✓ src/__tests__/ralph-handoff-suppression.test.ts (3 tests) 6ms
@urateam/core:test:  ✓ src/__tests__/session-volume-check.test.ts (2 tests) 6ms
@urateam/core:test:  ✓ src/__tests__/tier-6e-escape-hatch.test.ts (9 tests) 6ms
@urateam/core:test:  ✓ src/__tests__/policy/override.test.ts (5 tests) 7ms
@urateam/core:test:  ✓ src/__tests__/audit-events-linear-oauth.test.ts (2 tests) 5ms
@urateam/core:test:  ✓ src/__tests__/implement-template-decisions.test.ts (3 tests) 7ms
@urateam/core:test:  ✓ src/__tests__/audit-events-config-reloaded.test.ts (2 tests) 6ms
@urateam/core:test:  ✓ src/__tests__/audit/review-model-low-output-ratio-event.test.ts (1 test) 6ms
@urateam/core:test:  ✓ src/__tests__/security.test.ts (5 tests) 5ms
@urateam/core:test: {"level":30,"time":"2026-05-24T11:29:52.744Z","pid":407054,"hostname":"df54c4ecdd90","name":"urateam","component":"license","tier":"oss","msg":"no license key set — running in OSS mode"}
@urateam/core:test:  ✓ src/__tests__/release-manager-license-gate.test.ts (2 tests) 10ms
@urateam/core:test:  ✓ src/__tests__/runner-ralph-feedback-skip.test.ts (4 tests) 5ms
@urateam/core:test:  ✓ src/__tests__/agent-stream-cache-tokens.test.ts (2 tests) 8ms
@urateam/core:test:  ✓ src/__tests__/executor/review-feedback-profile-override.test.ts (4 tests) 5ms
@urateam/core:test:  ✓ src/__tests__/audit/pm-skipped-circuit-breaker-event.test.ts (2 tests) 6ms
@urateam/core:test:  ✓ src/__tests__/policy/pr-reviewer-wiring.test.ts (3 tests) 6ms
@urateam/core:test:  ✓ src/__tests__/zombie-age-default.test.ts (6 tests) 4ms
@urateam/core:test:  ✓ src/__tests__/auth/workos-client.test.ts (1 test) 4ms
@urateam/core:test:  ✓ src/__tests__/bec-185-reproduce.test.ts (0 test) 1ms
@urateam/core:test:  ↓ src/__tests__/db-postgres.test.ts (6 tests | 6 skipped)
@urateam/core:test:  ↓ src/__tests__/executor-integration.test.ts (5 tests | 5 skipped)
@urateam/core:test: 
@urateam/core:test:  Test Files  241 passed | 2 skipped (243)
@urateam/core:test:       Tests  2217 passed | 21 skipped (2238)
@urateam/core:test:    Start at  11:28:15
@urateam/core:test:    Duration  100.76s (transform 4.42s, setup 0ms, collect 92.39s, tests 32.87s, environment 81ms, prepare 28.18s)
@urateam/core:test: 

 Tasks:    7 successful, 7 total
Cached:    5 cached, 7 total
  Time:    1m42.088s 

